ARM GAS  /tmp/ccdAihaT.s 			page 1


   1              		.cpu cortex-m0
   2              		.eabi_attribute 20, 1
   3              		.eabi_attribute 21, 1
   4              		.eabi_attribute 23, 3
   5              		.eabi_attribute 24, 1
   6              		.eabi_attribute 25, 1
   7              		.eabi_attribute 26, 1
   8              		.eabi_attribute 30, 2
   9              		.eabi_attribute 34, 0
  10              		.eabi_attribute 18, 4
  11              		.file	"memstreams.c"
  12              		.section	.gnu.lto_.profile.9efcc5b82a202790,"e",%progbits
  13 0000 789CE360 		.ascii	"x\234\343``\004B \000\000\000]\000\013"
  13      60044220 
  13      0000005D 
  13      000B
  14              		.text
  15              		.section	.gnu.lto_.icf.9efcc5b82a202790,"e",%progbits
  16 0000 789CE360 		.ascii	"x\234\343``d\320a@\000v\206\313_\346\235\345a|\364\350"
  16      6064D061 
  16      40007686 
  16      CB5FE69D 
  16      E5617CF4 
  17 0015 C9762EA6 		.ascii	"\311v.\246\307\273\247\357\342fn:\276\366\036\013\013"
  17      C7BBA7EF 
  17      E2666E3A 
  17      BEF61E0B 
  17      0B
  18 0026 9864BDF7 		.ascii	"\230d\275\367nY#\037\333\222\267\233\216\3603\000\000"
  18      6E59231F 
  18      DB92B79B 
  18      8EF03300 
  18      00
  19 0037 F87515BA 		.ascii	"\370u\025\272"
  20              		.text
  21              		.section	.gnu.lto_.jmpfuncs.9efcc5b82a202790,"e",%progbits
  22 0000 789C854E 		.ascii	"x\234\205NA\012\2000\014K\326nz\333\217\335S\366\025"
  22      410A8030 
  22      0C4BD66E 
  22      7ADB8FDD 
  22      53F615
  23 0013 6F3E6BA6 		.ascii	"o>k\246\"8\0204\020\332\2046d\005q\340AA\"\255u\203"
  23      22381034 
  23      10DA8436 
  23      640571E0 
  23      414122AD 
  24 0029 C840EC69 		.ascii	"\310@\354i6-\374%\024\273%M+\276\221\340\356\2048\204"
  24      362DFC25 
  24      14BB254D 
  24      2BBE91E0 
  24      EE843884 
  25 003d AAA86FED 		.ascii	"\252\250o\355s\212_)\257\223\377\324\354Q\261\352=\267"
  25      738A5F29 
  25      AF93FFD4 
  25      EC51B1EA 
  25      3DB7
  26 004f BB4C1027 		.ascii	"\273L\020'\317\2653\316"
ARM GAS  /tmp/ccdAihaT.s 			page 2


  26      CFB533CE 
  27              		.text
  28              		.section	.gnu.lto_.inline.9efcc5b82a202790,"e",%progbits
  29 0000 789CCD92 		.ascii	"x\234\315\222\275J\003Q\020\205\317\314l\342\305$\260"
  29      BD4A0351 
  29      1085CFCC 
  29      6CE2C524 
  29      B0
  30 0011 A5A0C596 		.ascii	"\245\240\305\226\226>\200\205O\3403\230M\242\245>\201"
  30      963E8085 
  30      4FE03398 
  30      4DA2A53E 
  30      81
  31 0022 6C50040B 		.ascii	"lP\004\013\203ba\345O#\026V\202XX\304@:\033\213\200"
  31      836261E5 
  31      4F231656 
  31      825858C4 
  31      403A1B8B 
  32 0037 58295AD9 		.ascii	"X)Z\331\245\263P\023\235{7\373\243\225\351\234\205\273"
  32      A5B35013 
  32      9D7B37FB 
  32      A395E99C 
  32      85BB
  33 0049 E7CECEE5 		.ascii	"\347\316\316\345|\234\273\006\204yAZE\240\262}\3721"
  33      7C9CBB06 
  33      8479415A 
  33      45A0B27D 
  33      FA31
  34 005b E4651204 		.ascii	"\344e\022\004\004Yp\353\222[\203\311\342\376\355\333"
  34      045970EB 
  34      925B83C9 
  34      E2FEEDDB 
  35 006b 80EB80B9 		.ascii	"\200\353\200\271\350\236}q\235\301\240H\213C\206\227"
  35      E89E7D71 
  35      9DC1A048 
  35      8B438697 
  36 007b 6A7859D7 		.ascii	"jxY\327d]\003\317\251:\312\240\356\316\321@\252\014"
  36      645D03CF 
  36      A93ACAA0 
  36      EECED140 
  36      AA0C
  37 008d 9F130D1F 		.ascii	"\237\023\015\037\354T\210)\313B(\037^\356=\245(1DD#"
  37      EC548829 
  37      CB42281F 
  37      5EEE3DA5 
  37      28314444 
  38 00a2 16712C35 		.ascii	"\026q,5`\342\341\271w\363W\026y\331\272\033\352\251"
  38      60E2E1B9 
  38      77F35716 
  38      79D9BA1B 
  38      EAA9
  39 00b4 315918A5 		.ascii	"1Y\030\245\315\346y[Y<\004\253\007B\255\215\376\243"
  39      CDE6795B 
  39      593C04AB 
  39      0742AD8D 
  39      FEA3
  40 00c6 69C9B108 		.ascii	"i\311\261\010\201\256i\332q\255\245*\017\0124\325i]"
ARM GAS  /tmp/ccdAihaT.s 			page 3


  40      81AE69DA 
  40      71ADA52A 
  40      0F0A34D5 
  40      695D
  41 00d8 C38D1D7F 		.ascii	"\303\215\035\177\200\252eAeGA\324\262}u\377.\241\201"
  41      80AA6541 
  41      654741D4 
  41      B27D75FF 
  41      2EA181
  42 00eb 6F404E57 		.ascii	"o@NWML\335\177\215>\271f\220\357\0076\332\321N7\331"
  42      4D4CDD7F 
  42      8D3EB966 
  42      90EF0736 
  42      DAD14E37 
  43 0100 E9396391 		.ascii	"\3519c\221\005\2765\221\025\213\234\213\217\365\205"
  43      05BE3591 
  43      158B9C8B 
  43      8FF585
  44 010f 18AD9464 		.ascii	"\030\255\224d\000\343F\307\276Ov\252\246\031&j&\233"
  44      00E346C7 
  44      BE4F76AA 
  44      A619266A 
  44      269B
  45 0121 0CB2C920 		.ascii	"\014\262\311 \375>k\321\274\212\345\333]\264\217\367"
  45      FD3E6BD1 
  45      BC8AE5DB 
  45      5DB48FF7 
  46 0131 0B73F4C3 		.ascii	"\013s\364\303\3753\312\202\363\356H\203\300\311}\241"
  46      FD33CA82 
  46      F3EE4883 
  46      C0C97DA1 
  47 0141 A4E2841B 		.ascii	"\244\342\204\033\026\307\3267\207O\277\220"
  47      16C7D637 
  47      874FBF90 
  48              		.text
  49              		.section	.gnu.lto_.pureconst.9efcc5b82a202790,"e",%progbits
  50 0000 789C05C1 		.ascii	"x\234\005\301\301\021\000\020\000\300\260\242\234\277"
  50      C1110010 
  50      00C0B0A2 
  50      9CBF
  51 000e ED3BADE4 		.ascii	"\355;\255\3442x\300!G\316\\i\356\374&\262\003\346"
  51      3278C021 
  51      47CE5C69 
  51      EEFC26B2 
  51      03E6
  52              		.text
  53              		.section	.gnu.lto__put.9efcc5b82a202790,"e",%progbits
  54 0000 789C9552 		.ascii	"x\234\225R\333KTA\030\237\337|g\317\331U\363\037\330"
  54      DB4B5441 
  54      189FDF7C 
  54      67CFD955 
  54      F31FD8
  55 0013 171F0211 		.ascii	"\027\037\002\021b\317B\005\321\205\202\240\327\036\372"
  55      62CF4205 
  55      D18582A0 
  55      D71EFA
  56 0022 0B54165C 		.ascii	"\013T\026\\\332\255\320\236s\326\025\2432\353\241\274"
ARM GAS  /tmp/ccdAihaT.s 			page 4


  56      DAADD09E 
  56      73D615A3 
  56      32EBA1BC 
  57 0032 84EB1164 		.ascii	"\204\353\021d\351\362\320U*\322\362\324Z\271\336\322"
  57      E9F2D055 
  57      2AD2F2D4 
  57      5AB9DED2 
  58 0042 24481F56 		.ascii	"$H\037V\012\014\262\353\223\364\222\365\3159\007\326"
  58      0A0CB2EB 
  58      93F492F5 
  58      CD3907D6 
  59 0052 E8450F73 		.ascii	"\350E\017s>\346\233\231\337\345\373f\302\002\342\001"
  59      3EE69B99 
  59      DFE5FB66 
  59      C202E201 
  60 0062 09B15F08 		.ascii	"\011\261_\010\261\227\177\204\004\244R\352\220\225\011"
  60      B1977F84 
  60      04A452EA 
  60      909509
  61 0071 4B69DC18 		.ascii	"Ki\334\030\330a\250\012z\377a\341\240\241\252\010F\260"
  61      D861A80A 
  61      7AFF61E1 
  61      A0A1AA08 
  61      46B0
  62 0083 6500DE4C 		.ascii	"e\000\336L\205!Z%\031h\305%\352!\224\332r\277\252\272"
  62      85215A25 
  62      1968C525 
  62      EA2194DA 
  62      72BFAABA 
  63 0097 C8210183 		.ascii	"\310!\001\203\323+\223\303\305\012\235\0025\234vf\026"
  63      D32B93C3 
  63      C50A9D02 
  63      359C7666 
  63      16
  64 00a8 47A8EE3A 		.ascii	"G\250\356:#\225\333\323m\016\014\317\251\210CR\364\361"
  64      2395DBD3 
  64      6D0E0CCF 
  64      A9884352 
  64      F4F1
  65 00ba F11144F1 		.ascii	"\361\021D\361\004Q\241?\214\242\216\217/\314\274\273"
  65      0451A13F 
  65      8CA28E8F 
  65      2FCCBCBB 
  66 00ca 6CD11E08 		.ascii	"l\321\036\010\236O\316w\217\205k\363J\265)wz\210\324"
  66      9E4FCE77 
  66      8F856BF3 
  66      4AB52977 
  66      7A88D4
  67 00dd 7687084F 		.ascii	"v\207\010OA\377@y\215\301\317P\313\200\376\216[+D\373"
  67      41FF4079 
  67      8DC1CF50 
  67      CB80FE8E 
  67      5B2B44FB 
  68 00f1 3CF0D4DA 		.ascii	"<\360\324\332\304\270\014\300_\333IU9\354x\314\007\357"
  68      C4B80CC0 
  68      5FDB4955 
  68      39EC78CC 
ARM GAS  /tmp/ccdAihaT.s 			page 5


  68      07EF
  69 0103 8C22EE41 		.ascii	"\214\"\356A\015\206\272\250\025\032\360\361\336\372"
  69      0D86BAA8 
  69      151AF0F1 
  69      DEFA
  70 0111 D56DA6A1 		.ascii	"\325m\246\241\215i;\317ar\233\204\270\3636\344\252\365"
  70      8D693BCF 
  70      61729B84 
  70      B8F336E4 
  70      AAF5
  71 0123 3F67953B 		.ascii	"?g\225;\236\307\243#\325`XH\352@\034\370<\207\220NM"
  71      9EC7A323 
  71      D5605848 
  71      EA401CF8 
  71      3C87904E 
  72 0138 1D2C0E32 		.ascii	"\035,\0162\002\355\247\022>\365\005\022\272x\003\312"
  72      02EDA712 
  72      3EF50512 
  72      BA7803CA 
  73 0148 15A293A4 		.ascii	"\025\242\223\244\237d8YE\333\350\347\256\202\251\265"
  73      9F643859 
  73      45DBE8E7 
  73      AE82A9B5 
  74 0158 7204F6D0 		.ascii	"r\004\366\320\225\375Q\012\353\336Y^\015\356\322\335"
  74      95FD510A 
  74      EBDE595E 
  74      0DEED2DD 
  75 0168 C5EA3C86 		.ascii	"\305\352<\2062\014\251q(\234\243\010^\350\242y/\343"
  75      320CA971 
  75      289CA308 
  75      5EE8A279 
  75      2FE3
  76 017a 2C3F36E3 		.ascii	",?6\343\267\225\277\025A\001y\364\372\326\307\021\367"
  76      B795BF15 
  76      410179F4 
  76      FAD6C711 
  76      F7
  77 018b B88B319F 		.ascii	"\270\2131\237Yn\221\352\245G\245\213\307+\246ZA\373"
  77      596E91EA 
  77      A547A58B 
  77      C72BA65A 
  77      41FB
  78 019d 72615760 		.ascii	"raW`\222\331\274\353\352$*\\\034\370M\345Bz\263A!\264"
  78      92D9BCEB 
  78      EA242A5C 
  78      1CF84DE5 
  78      427AB341 
  79 01b3 253913AF 		.ascii	"%9\023\257=9M\213\011\317y\366~G_\310\3472\230NK\262"
  79      3D394D8B 
  79      09CF79F6 
  79      7E475FC8 
  79      E732984E 
  80 01c9 C2B5E201 		.ascii	"\302\265\342\001\275\266\261K\346\177]\032\254v4\306"
  80      BDB6B14B 
  80      E67F5D1A 
  80      AC7634C6 
  81 01d9 40518B61 		.ascii	"@Q\213a\222\251sT\351\033\354\313Z>ihS\006c\272\025"
ARM GAS  /tmp/ccdAihaT.s 			page 6


  81      92A97354 
  81      E91BECCB 
  81      5A3E6968 
  81      530663BA 
  82 01ee 53E5564C 		.ascii	"S\345VL\373\336\372;\340\263\004D\017\317}\273\031\321"
  82      FBDEFA3B 
  82      E0B30444 
  82      0FCF7DBB 
  82      19D1
  83 0200 66F8D631 		.ascii	"f\370\3261\303\014\254U:\217\300\352&ef\3132o\020gn"
  83      C30CAC55 
  83      3A8FC0EA 
  83      266566CB 
  83      326F1067 
  84 0215 AFC346F9 		.ascii	"\257\303F\371\251|\207\0249\262xy\015\026c\277\314\016"
  84      A97C8714 
  84      39B27879 
  84      0D1663BF 
  84      CC0E
  85 0227 FEF45425 		.ascii	"\376\364T%\316`\016Q\271\332\270\2611\022\002\363\210"
  85      CE600E51 
  85      B9DAB8B1 
  85      311202F3 
  85      88
  86 0238 D2D2A739 		.ascii	"\322\322\2479\360\003D\371\001\012\261;\026\263y\034"
  86      F00344F9 
  86      010AB13B 
  86      16B3791C 
  87 0248 4F349F48 		.ascii	"O4\237H\244\354\303M\311\206\344\321c\366\311\026\273"
  87      A4ECC34D 
  87      C986E4D1 
  87      63F6C916 
  87      BB
  88 0259 A93E65A7 		.ascii	"\251>e\247\222\015v\313\351\346D}\272\305N'\322\301"
  88      920D76CB 
  88      E9E6447D 
  88      BAC54E27 
  88      D2C1
  89 026b 34D62864 		.ascii	"4\326(d\362\024\032\376\002\375{?\023"
  89      F2141AFE 
  89      02FD7B3F 
  89      13
  90              		.text
  91              		.section	.gnu.lto__get.9efcc5b82a202790,"e",%progbits
  92 0000 789C9552 		.ascii	"x\234\225R\315KTQ\024\277\277w\356\274y3\214A\233 \006"
  92      CD4B5451 
  92      14BFBF77 
  92      EEBC7933 
  92      8C419B20 
  93 0015 C2452242 		.ascii	"\302E\"B\315\014T\020\025\024\364\007\264h\325Rc\300"
  93      CD0C5410 
  93      1514F407 
  93      B468D552 
  93      63C0
  94 0027 21ADD056 		.ascii	"!\255\320V\021y\307\011\2454\013*?\300q\004\221\262"
  94      1179C709 
  94      A5340B2A 
ARM GAS  /tmp/ccdAihaT.s 			page 7


  94      3FC07104 
  94      91B2
  95 0039 A02F34C2 		.ascii	"\240/4\302\317\251\351KS\261$J!\255\300EJ\326JZ\224"
  95      CFA9E94B 
  95      53B1244A 
  95      21ADC045 
  95      4AD64A5A 
  96 004e 75CE7BC2 		.ascii	"u\316{\302\024m\362\361\336\345\236s\317\357\343\234"
  96      146DF2F1 
  96      DEE59E73 
  96      CFEFE39C 
  97 005e 771D0575 		.ascii	"w\035\005u\232\224\332\247\224\332\303\037|\012\226"
  97      9A94DAA7 
  97      94DAC31F 
  97      7C0A96
  98 006d 31E6803F 		.ascii	"1\346\200?\351X\226\276\321\261M\233 \275\3738\275_"
  98      E95896BE 
  98      D1B14D9B 
  98      20BDFB38 
  98      BD5F
  99 007f 9B1041AF 		.ascii	"\233\020A\257\035i\300\335\031\007\252\306\"\215\032"
  99      1D69C0DD 
  99      1907AAC6 
  99      228D1A
 100 008e 5CA216C2 		.ascii	"\\\242\026\302\\m\372{\250\2112\244\2409\274:\326;\032"
 100      5C6DFA7B 
 100      A88932A4 
 100      A039BC3A 
 100      D63B1A
 101 00a1 941028E4 		.ascii	"\224\020(\344\260193@%\327\031i\262-\375vG\357\224\011"
 101      B0313933 
 101      4025D719 
 101      69B22DFD 
 101      7647EF94 
 102 00b6 64C8526D 		.ascii	"d\310Rm\\>\2000\372\021V\362`\020%\\>=\361\346\262\237"
 102      5C3E8030 
 102      FA1156F2 
 102      6010255C 
 102      3E3DF1E6 
 103 00cc 7643F17E 		.ascii	"vC\361~\354U\363\210S\334mL\255\311\216w\221\331\232"
 103      EC55F388 
 103      53DC6D4C 
 103      ADC98E77 
 103      91D99A
 104 00df 21C210E8 		.ascii	"!\302\020\350/(\347\030<\214b%\220\366\272\233\013D"
 104      2F28E718 
 104      3C8C6225 
 104      90F6BA9B 
 104      0B44
 105 00f1 7B5DF8F0 		.ascii	"{]\370\360\225\316\021]\324\345\302W\3326%S\246\325"
 105      95CE115D 
 105      D4E5C257 
 105      DA362553 
 105      A6D5
 106 0103 E80CFB1E 		.ascii	"\350\014\373\036\361(v\204\021\363\264\245\372\323\275"
 106      F1287684 
 106      11F3B4A5 
ARM GAS  /tmp/ccdAihaT.s 			page 8


 106      FAD3BD
 107 0112 D56B05B6 		.ascii	"\325k\005\266F\026E\342M\034=\202\315\223R\220\334\235"
 107      461645E2 
 107      4D1C3D82 
 107      CD935290 
 107      DC9D
 108 0124 D7BEAC59 		.ascii	"\327\276\254Y\375Uo\262\313\233\207z\337n,\000+\373"
 108      FD556FB2 
 108      CB9B877A 
 108      DF6E2C00 
 108      2BFB
 109 0136 2C598817 		.ascii	",Y\210\027[\313\342\223\320\346\305r \226\202J\240!"
 109      5BCBE293 
 109      D0E6C572 
 109      2096824A 
 109      A021
 110 0148 4928D540 		.ascii	"I(\325@J\206\240a\262J5\222\345\005I\016\026Q;\370\271"
 110      4A86A061 
 110      B24A3592 
 110      E505490E 
 110      16513BF8 
 111 015d 27678B60 		.ascii	"'g\213`\232\300f\232R_\347\034\231\241\337\355$;{wf"
 111      9AC0669A 
 111      525FE71C 
 111      99A1DFED 
 111      243B7B77 
 112 0172 4337BA92 		.ascii	"C7\272\222\014)\314\220\223&\007\217\245y>Kf\346\037"
 112      0C29CC90 
 112      9326078F 
 112      A5793E4B 
 112      66E61F
 113 0185 DAB1DBC6 		.ascii	"\332\261\333\306;\012 \207n\264z\376\237 \346r\217n"
 113      3B0A2087 
 113      6EB47AFE 
 113      9F20E672 
 113      8F6E
 114 0197 F798AD75 		.ascii	"\367\230\255uR=u\251 T\317\230j\001\347\346s;\327L\246"
 114      523D75A9 
 114      2054CF98 
 114      6A01E7E6 
 114      733BD74C 
 115 01ac A525258D 		.ascii	"\245%%\215P\356b\307O\3127r+\345\367jh]r6\236\273rB"
 115      50EE62C7 
 115      4FCA3772 
 115      2BE5F76A 
 115      685D7236 
 116 01c4 8B17AEF3 		.ascii	"\213\027\256\363\324\375\272\031\237\307\245\231N$Y"
 116      D4FDBA19 
 116      9FC7A599 
 116      4E2459
 117 01d3 A1B9E188 		.ascii	"\241\271\341\210\227\013\3769(\373\237Aun\311\010Lc"
 117      970BFE39 
 117      28FB9F41 
 117      756EC908 
 117      4C63
 118 01e5 54F430C6 		.ascii	"T\3640\306\354\302\331^7\321w\306#\360y#yp\376KO@8\002"
 118      ECC2D95E 
ARM GAS  /tmp/ccdAihaT.s 			page 9


 118      37D177C6 
 118      23F07923 
 118      7970FE4B 
 119 01fd 005E7231 		.ascii	"\000^r1\213\314]\200\324\374W\007\021A\216\347g5\201"
 119      8BCC5D80 
 119      D4FC5707 
 119      11418EE7 
 119      673581
 120 0210 18730BCB 		.ascii	"\030s\013\313\217\372\367}\345\236V\210\375\272\343"
 120      8FFAF77D 
 120      E59E5688 
 120      FDBAE3
 121 021f D2F9FFBE 		.ascii	"\322\371\377\276\014K\245\311\346\364\212+\2654\331"
 121      0C4BA5C9 
 121      E6F48A2B 
 121      B534D9
 122 022e F9CD3562 		.ascii	"\371\3155b\341,&\021\266f\027?\360\240C\324\2774\005"
 122      E12C2611 
 122      B666173F 
 122      F0A043D4 
 122      BF3405
 123 0241 BE3FC8DF 		.ascii	"\276?\310\337\037\245vE\"Q~\217\305\253\216\307+\242"
 123      1FA57645 
 123      22517E8F 
 123      C5AB8EC7 
 123      2BA2
 124 0253 07CB1365 		.ascii	"\007\313\023e\211C\207\243'\252\243\345\245\025\321"
 124      894387A3 
 124      27AAA3E5 
 124      A515D1
 125 0262 8A4459B4 		.ascii	"\212DY\264\372TU\274\264\262:Z\031\257\\\333F\216*+"
 125      FA5455BC 
 125      B4B23A5A 
 125      19AF5CDB 
 125      468E2A2B 
 126 0276 711265BF 		.ascii	"q\022e\277\001Z\2610\357"
 126      015AB130 
 126      EF
 127              		.text
 128              		.section	.gnu.lto__unget.9efcc5b82a202790,"e",%progbits
 129 0000 789C9592 		.ascii	"x\234\225\222\335KTA\030\306\347\231w\316\331\0176\373"
 129      DD4B5441 
 129      18C6E799 
 129      77CED90F 
 129      36FB
 130 0012 03F6C68B 		.ascii	"\003\366\306\213@\274\331\263PATP\320Mw]D\177\200\306"
 130      40BCD9B3 
 130      50415450 
 130      D04D775D 
 130      447F80C6 
 131 0026 824B6E85 		.ascii	"\202Kn\205v\0319\353\312\006\271X\027\225n\270\035K"
 131      761939EB 
 131      CA06B958 
 131      17956EB8 
 131      1D4B
 132 0038 24F2A22F 		.ascii	"$\362\242/\244BMOi\345G\212\025\005Jh\004F\037\224\322"
 132      A4424D4F 
ARM GAS  /tmp/ccdAihaT.s 			page 10


 132      69E5478A 
 132      15054A68 
 132      04461F94 
 133 004d 854484F6 		.ascii	"\205D\204\366\316\236C\"uQ\3039\303\2743\363{\346y\337"
 133      CE9E4322 
 133      7551C339 
 133      C3BC33F3 
 133      7BE679DF 
 134 0061 99B08048 		.ascii	"\231\260\200H\220\020\273\205\020;\371\207% \265\326"
 134      9010BB85 
 134      103BF987 
 134      2520B5D6 
 135 0071 7B43D9B0 		.ascii	"{C\331\260\224\252\243xH\351(}x\337\273G\351\030A\005"
 135      94AAA378 
 135      48E9287D 
 135      78DFBB47 
 135      E9184105 
 136 0085 4B0A288F 		.ascii	"K\012(\217t\030\242I\222B\023\316R;a\276\271\364=\326"
 136      7418A249 
 136      924213CE 
 136      523B61BE 
 136      B9F43DD6 
 137 0099 462E0928 		.ascii	"F.\011(\016\317O\364\215GM\010TrX\310\316\016P\3655"
 137      0ECF4FF4 
 137      8D474D08 
 137      547258C8 
 137      CE0E50F5 
 138 00ae 26B5D7BE 		.ascii	"&\265\327\276l_\356\233\321\021\227\244(\362\366\001"
 138      6C5FEE9B 
 138      D11197A4 
 138      28F2F601 
 139 00be C4D18FB8 		.ascii	"\304\321\217\2700\015\203\250\346\355/\247^\235\013"
 139      300D83A8 
 139      E6ED2FA7 
 139      5E9D0B
 140 00cd D10E081E 		.ascii	"\321\016\010\036O<\2778\034\256\352\321\272Y{o\272I"
 140      4F3CBF38 
 140      1CAEEAD1 
 140      BA597B6F 
 140      BA49
 141 00df 6F7189F0 		.ascii	"oq\211\360\000\264\001\3459\206\207P\305@g\276w\221"
 141      00B401E5 
 141      39868750 
 141      C54067BE 
 141      7791
 142 00f1 6857199E 		.ascii	"hW\031\236\\\031\033\225\001\374\263\205t\314e\307\303"
 142      5C191B95 
 142      01FCB385 
 142      74CC65C7 
 142      C3
 143 0102 3EBC358E 		.ascii	">\2745\216d\031U\214z\250\022\006xw{\365\302&[\031c"
 143      6419558C 
 143      7AA81206 
 143      78777BF5 
 143      C2265B19 
 144 0117 C6CE43D8 		.ascii	"\306\316C\330\\&!n\276\260<\275\272vZ{\323\361+\327"
 144      5C26216E 
ARM GAS  /tmp/ccdAihaT.s 			page 11


 144      BEB03CBD 
 144      BA765A7B 
 144      D3F12BD7 
 145 012b 2B6260CC 		.ascii	"+b`\314\222\246#\356x?w\026w2\004\343\"\012_\260\225"
 145      92A623EE 
 145      783F7716 
 145      773204E3 
 145      220A5FB0 
 146 0140 84495941 		.ascii	"\204IYA{B\024H\372A\226\203Oh\036\37488b\233\023J\004"
 146      7B421448 
 146      FA419683 
 146      4F681EFC 
 146      3838629B 
 147 0157 3EB92DB7 		.ascii	">\271-\2674\0376\025\013\225\235{s\267f+z\320\235e\244"
 147      341F3615 
 147      0B959D7B 
 147      73B7662B 
 147      7AD09D65 
 148 016c D2A57089 		.ascii	"\322\245p\211\347\037\231Ty-\353.\334\267\2237\264\277"
 148      E71F9954 
 148      792DEB2E 
 148      DCB79337 
 148      B4BF
 149 017e 14C1087A 		.ascii	"\024\301\010z\320\341\033\036ER,\242ead\333_\224#\020"
 149      D0E11B1E 
 149      45522CA2 
 149      656164DB 
 149      5F942310 
 150 0192 781C54BA 		.ascii	"x\034T\272@4t\367\365\017\012\334\344:\363_\356\235"
 150      403474F7 
 150      F50F0ADC 
 150      E43AF35F 
 150      EE9D
 151 01a4 F419E963 		.ascii	"\364\031\351c\205\253s9\362\2615n\233\361\204Q\366="
 151      85AB7339 
 151      F2B1356E 
 151      9BF18451 
 151      F63D
 152 01b6 7F0666DF 		.ascii	"\177\006f\337?yL\030\372\351\272\2751$Y\337\317~8\027"
 152      3F794C18 
 152      FAE9BABD 
 152      312459DF 
 152      CF7E3817 
 153 01ca 644FFF95 		.ascii	"dO\377\225\256\215\361\262\236\271\026Lp\272l\376N\276"
 153      AE8DF1B2 
 153      9EB9164C 
 153      70BA6CFE 
 153      4EBE
 154 01dc 68F95A8A 		.ascii	"h\371Z\212\345\202\023.\215\357\017|\376.\200\375Gi"
 154      E582132E 
 154      8DEF0F7C 
 154      FE2E80FD 
 154      4769
 155 01ee BB2A5CC3 		.ascii	"\273*\\\303(L\232\303\360\214\245K\024-\327G\255\337"
 155      284C9AC3 
 155      F08CA54B 
 155      142DD747 
ARM GAS  /tmp/ccdAihaT.s 			page 12


 155      ADDF
 156 0200 D6574851 		.ascii	"\326WHQ\"\213\247W`\261\302\347\351\256\345\210\021"
 156      228BA757 
 156      60B1C2E7 
 156      E9AEE588 
 156      11
 157 0211 94388529 		.ascii	"\2248\205)\304e\377\322\333\015\225\226\\\351i\304\251"
 157      C465FFD2 
 157      DB0D9596 
 157      5CE969C4 
 157      A9
 158 0222 FFDB0CF8 		.ascii	"\377\333\014\370\025`\375\025\010\261=\221p\370;\222"
 158      1560FD15 
 158      08B13D91 
 158      70F83B92 
 159 0232 6A389AAA 		.ascii	"j8\232\252w\366\325\245k\323\007\016:\307\032\235\272"
 159      77F6D5A5 
 159      6BD3070E 
 159      3AC71A9D 
 159      BA
 160 0243 9A7AA73E 		.ascii	"\232z\247>]\3534\236hH\325d\032\235L*\023\014\023\207"
 160      5DEB349E 
 160      6848D564 
 160      1A9D4C2A 
 160      130C1387 
 161 0257 854C1F47 		.ascii	"\205L\037G\355/>_\033\241"
 161      ED2F3E5F 
 161      1BA1
 162              		.text
 163              		.section	.gnu.lto__reads.9efcc5b82a202790,"e",%progbits
 164 0000 789C9592 		.ascii	"x\234\225\222\337KTA\024\307\317w\346\356\336\273i\366"
 164      DF4B5441 
 164      14C7CF77 
 164      E6EEDEBB 
 164      69F6
 165 0012 9E043E04 		.ascii	"\236\004>\004\213\017\355\365\241 \210,\010\242\267"
 165      8B0FEDF5 
 165      A120882C 
 165      08A2B7
 166 0021 A0FE0237 		.ascii	"\240\376\0027\026\\R\023\355\335\331]\333\250\025\013"
 166      165C5213 
 166      EDDDD95D 
 166      DBA8150B 
 167 0031 B235A1F5 		.ascii	"\2625\241\365\032\262Z/\375\242\207~Xn?M\323~bP\017"
 167      1AB25A2F 
 167      FDA2877E 
 167      586E3F4D 
 167      D37E6250 
 168 0046 2B492F46 		.ascii	"+I/F\024\370\024dksf\014\011_\364r\3570\347\314|?\347"
 168      14F81464 
 168      6B73660C 
 168      095FF472 
 168      EF30E7CC 
 169 005d 7C67AE47 		.ascii	"|g\256G\240QI\264\217\210\266\351\017\222 \224R\373"
 169      A05149B4 
 169      8F88B6E9 
 169      0F922094 
ARM GAS  /tmp/ccdAihaT.s 			page 13


 169      52FB
 170 006f DD942700 		.ascii	"\335\224'\0003S\036\250K\240\013\347d\277D9]\370U\335"
 170      33531EA8 
 170      4BA00BE7 
 170      64BF4439 
 170      5DF855DD 
 171 0083 2B03BDD1 		.ascii	"+\003\275\321\321a\337\324\235\311M\034\002u:\354\376"
 171      D161DFD4 
 171      9DC94D1C 
 171      02753AEC 
 171      FE
 172 0094 3878CFA9 		.ascii	"8x\317\251\037U*\255J\375\213{\257dN\035\012\244\240"
 172      1F552AAD 
 172      4AFD8B7B 
 172      AF644E1D 
 172      0AA4A0
 173 00a7 01BDFB01 		.ascii	"\001\275\373\001jq\037\265\304\017\306P\257w\177\230"
 173      6A711FB5 
 173      C40FC650 
 173      AF777F98 
 174 00b7 993DEFCA 		.ascii	"\231=\357\312\335 =\237z\227\037\367\242E\243\374:,"
 174      DD203D9F 
 174      7A971FF7 
 174      A245A3FC 
 174      3A2C
 175 00c9 D5F6404A 		.ascii	"\325\366@J<\204\374O\252sZ\374\010Q-\370\235\233\315"
 175      3C84FC4F 
 175      AA735AFC 
 175      08512DF8 
 175      9D9BCD
 176 00dc 47E41E23 		.ascii	"G\344\036#.\276\3752\037Z\021O\027\215\330\301\370\032"
 176      2EBEFD32 
 176      1F5A114F 
 176      178DD8C1 
 176      F81A
 177 00ee B1A3C525 		.ascii	"\261\243\305%#\376\243\372\3625\262\321\210\027\346"
 177      23FEA3FA 
 177      F235B2D1 
 177      8817E6
 178 00fd 26B2F857 		.ascii	"&\262\370Wy\304\210\005\036\257\021\013-~\202(\261d"
 178      79C48805 
 178      1EAF110B 
 178      2D7E8228 
 178      B164
 179 010f FE56E5E2 		.ascii	"\376V\345\342\346\260\303\276\330\315S\204\3659\022"
 179      E6B0C3BE 
 179      D8CD5384 
 179      F53912
 180 011e DD781F2A 		.ascii	"\335x\037*\251\312\362iUZ\032\301\205\203[\240e!\301"
 180      A9CAF269 
 180      555A1AC1 
 180      85835BA0 
 180      6521C1
 181 0131 83E4C131 		.ascii	"\203\344\3011\200\0207\022\346\301\345\244\307C\004"
 181      80103712 
 181      E6C1E5A4 
 181      C74304
ARM GAS  /tmp/ccdAihaT.s 			page 14


 182 0140 6CAA0ABC 		.ascii	"l\252\012\274^\015\356\221('I\037\277r\240JD=R\330 "
 182      5E0DEE91 
 182      2827491F 
 182      BF72A04A 
 182      443D52D8 
 183 0155 A5836F48 		.ascii	"\245\203oH\217-,\355\344\262\005\011\335No\346g\331"
 183      8F2D2CED 
 183      E4B20509 
 183      DD4E6FE6 
 183      67D9
 184 0167 E34B081B 		.ascii	"\343K\010\033C\245\3177?\325\0241\234\322\212\272@\272"
 184      43A5CF37 
 184      3FD51431 
 184      9CD28ABA 
 184      40BA
 185 0179 0519C133 		.ascii	"\005\031\30136\241\327R\301\334\335p\303ue\227\004\236"
 185      36A1D752 
 185      C1DCDD70 
 185      C3756597 
 185      049E
 186 018b A3884BD6 		.ascii	"\243\210K\326\305\0134\030\364\344\016K\026\033DM\030"
 186      C50B3418 
 186      F4E40E4B 
 186      161B444D 
 186      18
 187 019c 149F035E 		.ascii	"\024\237\003^\032Tf0{&dYR7\252\211\234\\\014SA:&Ue\255"
 187      1A546630 
 187      7B266459 
 187      5237AA89 
 187      9C5C0C53 
 188 01b6 548ED84D 		.ascii	"T\216\330M\241\015\025t0i\012\012.8e\013\336\316^s-"
 188      A10D1574 
 188      30690A0A 
 188      2E38650B 
 188      DECE5E73 
 189 01cb 8B715CF0 		.ascii	"\213q\\\360;\262C5\346\2024\240puz9\322\215t\312\013"
 189      3BB24335 
 189      E68234A0 
 189      70757A39 
 189      D28D74CA 
 190 01e0 A437C0AD 		.ascii	"\2447\300\255\342\025\272\241\373\2516\012'\220\021"
 190      E215BAA1 
 190      FBA9360A 
 190      279011
 191 01ef DBD272A3 		.ascii	"\333\322r\243\305\270\353j)\306\366\247W\355\317\330"
 191      C5B8EB6A 
 191      29C6F6A7 
 191      57EDCFD8 
 192 01ff 6E2E6761 		.ascii	"n.ga)\2361\3542\272|\326\344\326\217}\275\212}\203\006"
 192      299E31EC 
 192      32BA7CD6 
 192      E4D68F7D 
 192      BD8A7D83 
 193 0214 CDA21F48 		.ascii	"\315\242\037H\017\015\367l\265h\207\257.'\261\372\253"
 193      0F0DF76C 
 193      B56887AF 
 193      2E27B1FA 
ARM GAS  /tmp/ccdAihaT.s 			page 15


 193      AB
 194 0225 10ED8AC5 		.ascii	"\020\355\212\305|\375\036Ot\264%Z\374\003\315\311x\362"
 194      7CFD1E4F 
 194      74B4255A 
 194      FC03CDC9 
 194      78F2
 195 0237 F051FF44 		.ascii	"\360Q\377D\247\337\334\324\342\267$\343~\347\311\216"
 195      A7DFDCD4 
 195      E2B724E3 
 195      7EE7C98E 
 196 0247 44536BA7 		.ascii	"DSk\247\337\232h]\231\306\216\221H\266\213x;\332\376"
 196      DF9A685D 
 196      99C68E91 
 196      48B68B78 
 196      3BDAFE
 197 025a 02B68730 		.ascii	"\002\266\2070\036"
 197      1E
 198              		.text
 199              		.section	.gnu.lto__writes.9efcc5b82a202790,"e",%progbits
 200 0000 789C9592 		.ascii	"x\234\225\222\317KTQ\024\307\317\367\336\367\336\274"
 200      CF4B5451 
 200      14C7CFF7 
 200      DEF7DEBC 
 201 0010 51B33F40 		.ascii	"Q\263?@\002\027\201\270\231\347\242@\212~@\233v-\372"
 201      021781B8 
 201      99E7A240 
 201      8A7E409B 
 201      762DFA
 202 0023 0B34061C 		.ascii	"\0134\006\034R\023m\357\235\321&H\261\026\246\011\215"
 202      52136DEF 
 202      9DD12648 
 202      B116A609 
 202      8D
 203 0034 CF90695A 		.ascii	"\317\220iZ\365\213\026\225\246SY\246i\277\304\240\010"
 203      F58B1695 
 203      A65359A6 
 203      69BFC4A0 
 203      08
 204 0045 25778A15 		.ascii	"%w\212\025D\213 \322\316\271o@\302\215\0163\227{\316"
 204      448B20D2 
 204      CEB96F40 
 204      C28D0E33 
 204      977BCE
 205 0058 3D9FEF39 		.ascii	"=\237\3579\337{\307'PA\023\035#\242}\374\203&(c\314"
 205      DF7BC727 
 205      5041131D 
 205      23A27DFC 
 205      83262863 
 206 006d F158DA57 		.ascii	"\361X\332W\200\335\031\037\324\251\320\211\313zPc)\223"
 206      80DD191F 
 206      D4A9D089 
 206      CB7A5063 
 206      2993
 207 007f FB5DD1A7 		.ascii	"\373]\321\247C.t8\354\237}0S&!P\315a\367\307\341GNm"
 207      432E7438 
 207      EC9F7D30 
 207      53262150 
ARM GAS  /tmp/ccdAihaT.s 			page 16


 207      CD61F7C7 
 208 0097 C1988C29 		.ascii	"\301\230\214)\016N\034\271\321u\341d\250\025\015q\365"
 208      0E4E1CB9 
 208      D175E164 
 208      A8150D71 
 208      F5
 209 00a8 18AAF018 		.ascii	"\030\252\360\030U$\037\214\243\226\253\027\346\027\257"
 209      55241F8C 
 209      A396AB17 
 209      E617AF
 210 00b7 C4743D88 		.ascii	"\304t=\210\367\263\357\007&\375\232\274%\327G\265\331"
 210      F7B3EF07 
 210      26FD9ABC 
 210      25D747B5 
 210      D9
 211 00c8 1F6A8D27 		.ascii	"\037j\215'\320\377\241\234cx\0025\014\374\351Y\034\210"
 211      D0FFA19C 
 211      63780235 
 211      0CFCE959 
 211      1C88
 212 00da EBC316CE 		.ascii	"\353\303\026\316\277\373\272\342\226\340\251\233\026"
 212      BFFBBAE2 
 212      96E0A99B 
 212      16
 213 00e7 7630B90D 		.ascii	"v0\271\015v\030.Z\370\257\351\037\250\324G-\274\272"
 213      76182E5A 
 213      F8AFE91F 
 213      A8D4472D 
 213      BCBA
 214 00f9 3C9D4509 		.ascii	"<\235E\011\376R\260\260\302\323m\260b\370\031jH\220"
 214      FE52B0B0 
 214      C2D36DB0 
 214      62F8196A 
 214      4890
 215 010b 957B1B57 		.ascii	"\225{\033W\367x\216\370\0227\317\341\361=\022\335\371"
 215      F7788EF8 
 215      1237CFE1 
 215      F13D12DD 
 215      F9
 216 011c E016CDC6 		.ascii	"\340\026\315\306\346ES\374U\300\262\273\027\214\271"
 216      E64553FC 
 216      55C0B2BB 
 216      178CB9
 217 012b 4A162D8B 		.ascii	"J\026-\213c\005\\\336z\236,1I\372\262\304!\246\312!"
 217      63055CDE 
 217      7A9E2C31 
 217      49FAB2C4 
 217      21A6CA21 
 218 013f E7159019 		.ascii	"\347\025\220\031\211z4\361\365\033\007\246H\324\253"
 218      897A34F1 
 218      F51B07A6 
 218      48D4AB
 219 014e 5514A439 		.ascii	"U\024\2449XCf|u\355\200\264\315i\3608}]?\226|y\204\230"
 219      5843667C 
 219      75ED80B4 
 219      CD69F038 
 219      7D5D3F96 
ARM GAS  /tmp/ccdAihaT.s 			page 17


 220 0166 3554FC7C 		.ascii	"5T\374|\367Se\036\243i&\252C\355\347t\034Sb\202\317"
 220      F753651E 
 220      A36926AA 
 220      43EDE774 
 220      1C536282 
 221 017b D2E1F243 		.ascii	"\322\341\362C\257\356\266\211\216\024^ \217k\221\213"
 221      AFEEB689 
 221      8E145E20 
 221      8F6B918B 
 222 018b 97A8B3D2 		.ascii	"\227\250\263\3223\211HY\355Rj\332J\311=\340\225\225"
 222      33894859 
 222      ED526ADA 
 222      4AC93DE0 
 222      9595
 223 019d EA1ACE0E 		.ascii	"\352\032\316\016\271\221\226\346AYQ\222?=\312i\307\246"
 223      B99196E6 
 223      41595192 
 223      3F3DCA69 
 223      C7A6
 224 01af CA232BEB 		.ascii	"\312#+\353\207\242\"wW\015=\314\330\206J\032\316F\015"
 224      87A22277 
 224      570D3DCC 
 224      D8864A1A 
 224      CE460D
 225 01c2 EF67574B 		.ascii	"\357gWK\015EN\032\256#;Ri\037\210\005r\267\3466\343"
 225      0D454E1A 
 225      AE233B52 
 225      691F8805 
 225      72B7E636 
 226 01d7 DDC8A4FD 		.ascii	"\335\310\244\375P\307\207dT\274F7\310\226W\360T\241"
 226      50C78764 
 226      54BC4637 
 226      C89657F0 
 226      54A1
 227 01e9 2E8B46FA 		.ascii	".\213F\372V\037\311\304v4RB\354\317m\331\237\217\246"
 227      561FC9C4 
 227      76345242 
 227      ECCF6DD9 
 227      9F8FA6
 228 01fc B99E45A4 		.ascii	"\271\236E\244\342[\3031\221^\272ds;\227}\263%\373\026"
 228      E25BC331 
 228      915EBA64 
 228      733B977D 
 228      B325FB16 
 229 0210 75AC45DF 		.ascii	"u\254E\337\221\031\031[(I;\362t=\032[\177\025\242\203"
 229      9119195B 
 229      28493BF2 
 229      743D1A5B 
 229      7F15A283 
 230 0224 8944C0DF 		.ascii	"\211D\300\337\263\311\366\326dsp\242)\325\230:u:8\327"
 230      B3C9F6D6 
 230      647370A2 
 230      29D5983A 
 230      753A38D7 
 231 0238 11343534 		.ascii	"\021454\007\315\251\306\240\343|{\262\241\245#hI\266"
 231      07CDA9C6 
 231      A0E37C7B 
ARM GAS  /tmp/ccdAihaT.s 			page 18


 231      B2A1A523 
 231      6849B6
 232 024b 94B68933 		.ascii	"\224\266\2113\244Rm\252\261\015\255\377\000\011\376"
 232      A4526DAA 
 232      B10DADFF 
 232      0009FE
 233 025a 3037     		.ascii	"07"
 234              		.text
 235              		.section	.gnu.lto_msObjectInit.9efcc5b82a202790,"e",%progbits
 236 0000 789C9D92 		.ascii	"x\234\235\222\317KTQ\024\307\357\367\3357\357=\315\211"
 236      CF4B5451 
 236      14C7EFF7 
 236      DD37EF3D 
 236      CD89
 237 0012 162D2209 		.ascii	"\026-\"\011\\\004\203\033\337l\202\026-\002\027\011"
 237      5C04831B 
 237      DF6C8216 
 237      2D021709 
 238 0022 2D5AF417 		.ascii	"-Z\364\0278\361\304!'\303\251M\004\336\031\307\204\014"
 238      38F1C421 
 238      27C3A94D 
 238      04DE19C7 
 238      840C
 239 0034 5D64A881 		.ascii	"]d\250\201=\311&w\375\000\027\225\315\364\232R\363W"
 239      3DC92677 
 239      FD001795 
 239      CDF49A52 
 239      F357
 240 0046 3FAC812C 		.ascii	"?\254\201,P\250\260\222\320\320 -\323\316\2753Qa\233"
 240      50A8B092 
 240      D0D0202D 
 240      D3CEBD33 
 240      51619B
 241 0059 E6F12EDC 		.ascii	"\346\361.\334s\337\371~\316\367\235s-\006\226\346\214"
 241      73DFF97E 
 241      CEF79D73 
 241      2D0696E6 
 241      8C
 242 006a 1D648CED 		.ascii	"\035d\214\355\242\005\316\240\011!\366\2331K\003\324"
 242      A205CEA0 
 242      0921F69B 
 242      314B03D4 
 243 007a 4E58608D 		.ascii	"NX`\215\032\032\321\316;92-s\267\265\362~\372\"\274"
 243      1A1AD1CE 
 243      3B39322D 
 243      73B7B5F2 
 243      7EFA22BC 
 244 008e CE97E619 		.ascii	"\316\227\346\031\321\274\303%@7\255\334\203;(\247\274"
 244      D1BCC325 
 244      4037ADDC 
 244      833B28A7 
 244      BC
 245 009f 9978CF4A 		.ascii	"\231x\317JI\033w9\240S\330160Z,C\015e\024./f\307\213"
 245      491B7739 
 245      A053D831 
 245      36305A2C 
 245      430D6514 
ARM GAS  /tmp/ccdAihaT.s 			page 19


 246 00b8 F85E30DA 		.ascii	"\370^0\332o\314y\256?\220\024\".\274\211+\\\354v9G\012"
 246      6FCC79AE 
 246      3F901422 
 246      2EBC892B 
 246      5CEC7639 
 247 00ce 9C90B88B 		.ascii	"\234\220\270\213R\014\242\2241:#t\032\001\022\364'\006"
 247      520CA294 
 247      313A2374 
 247      1A0112F4 
 247      2706
 248 00e0 A78BF83E 		.ascii	"\247\213\370>%\036y\235\356(\311\213\327\222J\254\343"
 248      251E799D 
 248      EE28C98B 
 248      D7924AAC 
 248      E3
 249 00f1 DE26B14E 		.ascii	"\336&\261NbO\211/\307\262\343~^\251\304\347\007\274"
 249      624F892F 
 249      C7B2E37E 
 249      5EA9C4E7 
 249      07BC
 250 0103 6E332F5E 		.ascii	"n3/^\270\264\275\257IT\271\334\207\373\233\344>\222"
 250      B8B4BDAF 
 250      4954B9DC 
 250      87FB9BE4 
 250      3E92
 251 0115 6794FC6B 		.ascii	"g\224\374k\177fH\347UJ>\374\371S\363/\343k9\343><\370"
 251      7F6648E7 
 251      554A3EFC 
 251      F953F32F 
 251      E36B39E3 
 252 012c A7F82102 		.ascii	"\247\370!\002LJ\336\334\\\277\3407\364|\2730\004\203"
 252      4C4ADEDC 
 252      5CBFE037 
 252      F47CBB30 
 252      0483
 253 013e 06C0D8F5 		.ascii	"\006\300\330\365)\237'\3267Z\204\367.\211\325\003[\250"
 253      299F27D6 
 253      375A84F7 
 253      2E89D503 
 253      5BA8
 254 0150 F5F4AB3A 		.ascii	"\365\364\253:\244g\003\262\264\205\034\243\2253\331"
 254      A46703B2 
 254      B4851CA3 
 254      9533D9
 255 015f 7A1DC263 		.ascii	"z\035\302c\354\034\327rA\214\202y\304;\316\376H\235"
 255      EC1CD772 
 255      418C8279 
 255      C43BCEFE 
 255      489D
 256 0171 9650AAD4 		.ascii	"\226P\252\324\326\2648c\311\206s\345\325{uczk\022}1"
 256      D6B43863 
 256      C98673E5 
 256      D57B7563 
 256      7A6B127D 
 257 0186 CAEFDDE9 		.ascii	"\312\357\335\351r\243\207&1,\015\322\307\230;{\313\010"
 257      72A38726 
 257      312C0DD2 
ARM GAS  /tmp/ccdAihaT.s 			page 20


 257      C7983B7B 
 257      CB08
 258 0198 5E93AC32 		.ascii	"^\223\2542\227\233\030A\022]9\207\217\020\374\023f*"
 258      979B1841 
 258      125D3987 
 258      8F10FC13 
 258      662A
 259 01aa D8E097D4 		.ascii	"\330\340\227\324|Q\002\361\030\215\336\354\223\211t"
 259      7C5102F1 
 259      188DDEEC 
 259      938974
 260 01b9 382B9626 		.ascii	"8+\226&\213e\205m.\2670\206\0040\232\347/\277\037J["
 260      8B65856D 
 260      2EB73086 
 260      04309AE7 
 260      2FBF1F4A 
 261 01ce 32BF8B8A 		.ascii	"2\277\213\212_\205\304\214S\011\302OP\232t~\361\343"
 261      5F85C48C 
 261      5309C24F 
 261      509A747E 
 261      F1E3
 262 01e0 CA5B33EF 		.ascii	"\312[3\357\374?\254\352\230TVe\017\361\030\301\036\032"
 262      FC3FACEA 
 262      98545665 
 262      0FF118C1 
 262      1E1A
 263 01f2 B4A2AD16 		.ascii	"\264\242\255\026B\363\341\211\242i\222\366T\322\214"
 263      42F3E189 
 263      A26992F6 
 263      54D28C
 264 0201 1CED5B61 		.ascii	"\034\355[a\264g\212&\333\203)I\263$m\351\303\367\302"
 264      B4678A26 
 264      DB832949 
 264      B3246DE9 
 264      C3F7C2
 265 0214 68CF154D 		.ascii	"h\317\025M\227\264\027\177\017\305\007\206,\251\026"
 265      97B4177F 
 265      0FC50786 
 265      2CA916
 266 0223 10EF5D6E 		.ascii	"\020\357]n\207\272U\362i\345\370}W\030\333SQa\323{\324"
 266      87BA55F2 
 266      69E5F87D 
 266      5718DB53 
 266      5161D37B 
 267 0238 6938E6D4 		.ascii	"i8\346\324\331\225\265\341P\370\320a\273>j\327V\327"
 267      D995B5E1 
 267      50F8D061 
 267      BB3E6AD7 
 267      56D7
 268 024a D975E190 		.ascii	"\331u\341\220\035=\321\340TG\242v\304\211\344\267\025"
 268      1D3DD1E0 
 268      5447A276 
 268      C489E4B7 
 268      15
 269 025b 47188F44 		.ascii	"G\030\217D\217\033\241\22355N\203\036\015\237r\270S"
 269      8F1BA193 
 269      35354E83 
ARM GAS  /tmp/ccdAihaT.s 			page 21


 269      1E0D9F72 
 269      B853
 270 026d 1FFD0909 		.ascii	"\037\375\011\011\302R\010"
 270      C25208
 271              		.text
 272              		.section	.gnu.lto_vmt.9efcc5b82a202790,"e",%progbits
 273 0000 789CE360 		.ascii	"x\234\343``d\270\305\300\300`\316\000\001\323\231\031"
 273      6064B8C5 
 273      C0C060CE 
 273      0001D399 
 273      19
 274 0011 E7AE38F3 		.ascii	"\347\2568\363\237\263\205\261\251\261\243\241\341A\367"
 274      9FB385B1 
 274      A9B1A3A1 
 274      E141F7
 275 0020 19E695CC 		.ascii	"\031\346\225\314\363\231\031f2cJ.x\3073\237\231q&3#"
 275      F3991966 
 275      32634A2E 
 275      78C7339F 
 275      99712633 
 276 0035 A6CC361E 		.ascii	"\246\3146\036\260\036&L\231o@\323\230f23c\312l\002\312"
 276      B01E264C 
 276      996F40D3 
 276      98663233 
 276      63CA6C02 
 277 004a 30CF6466 		.ascii	"0\317df\001\313\034\177\377\366\012c\037P\204\205\021"
 277      01CB1C7F 
 277      FFF60A63 
 277      1F508485 
 277      11
 278 005b C45DB6B8 		.ascii	"\304]\266\270\347\015\213\345\366\206\216\005\015\011"
 278      E70D8BE5 
 278      F6868E05 
 278      0D09
 279 0069 F3995967 		.ascii	"\363\231Yg030\356g\224\236\301\314\310\270\217\261\205"
 279      303330EE 
 279      67949EC1 
 279      CCC8B88F 
 279      B185
 280 007b 71063313 		.ascii	"q\0063\023\343^0\315\314\270\007L\2630\356\006\323\254"
 280      E35E30CD 
 280      CCB8074C 
 280      B330EE06 
 280      D3AC
 281 008d 8CBB8034 		.ascii	"\214\273\2004\003\343\001FK\006S==} \312N-\312K\315"
 281      03E30146 
 281      4B06533D 
 281      3D7D20CA 
 281      4E2DCA4B 
 282 00a2 D177CEC8 		.ascii	"\321w\316\310L\312\364\017\326\317/\326\317H\314\321"
 282      4CCAF40F 
 282      D6CF2FD6 
 282      CF48CCD1 
 283 00b2 CFC94CD2 		.ascii	"\317\311L\322/.)JM\314-\326\317M\315\2052\365\222\031"
 283      2F2E294A 
 283      4DCC2DD6 
 283      CF4DCD85 
ARM GAS  /tmp/ccdAihaT.s 			page 22


 283      32F59219 
 284 00c6 0034B85D 		.ascii	"\0004\270])"
 284      29
 285              		.text
 286              		.section	.gnu.lto_.symbol_nodes.9efcc5b82a202790,"e",%progbits
 287 0000 789C75CF 		.ascii	"x\234u\317\311\015\2000\014D\321\031\022\226.\220\250"
 287      C90D8030 
 287      0C44D119 
 287      12962E90 
 287      A8
 288 0011 042A734A 		.ascii	"\004*sJ\240\004\312@\334h\200\032X\002\224\001f\021"
 288      A004CA40 
 288      DC68801A 
 288      58029401 
 288      6611
 289 0023 1287FC93 		.ascii	"\022\207\374\223\245g\037\234\201\330\241E3\005N\263"
 289      A5671F9C 
 289      81D8A145 
 289      33054EB3 
 290 0033 AC074080 		.ascii	"\254\007@\200\266\351]\242|\341Ba\020=%\012\342D1A\034"
 290      B6E95DA2 
 290      7CE14261 
 290      103D250A 
 290      E2443141 
 291 0048 2936881B 		.ascii	")6\210\033%\376a\347\252\207\342\225p\005`\270S\222"
 291      25FE61E7 
 291      AA87E295 
 291      700560B8 
 291      5392
 292 005a E32DBFF7 		.ascii	"\343-\277\367\240O\224J&}n=\215\375F\234\"\"B\347"
 292      A04F944A 
 292      267D6E3D 
 292      8DFD469C 
 292      222242E7 
 293              		.text
 294              		.section	.gnu.lto_.refs.9efcc5b82a202790,"e",%progbits
 295 0000 789C05C1 		.ascii	"x\234\005\301\301\021\0000\010\3030\307\005\216w\367"
 295      C1110030 
 295      08C330C7 
 295      058E77F7 
 296 0010 1F166909 		.ascii	"\037\026i\011\037H;\351\261|b\224\003\004\224\000J"
 296      1F483BE9 
 296      B17C6294 
 296      03049400 
 296      4A
 297              		.text
 298              		.section	.gnu.lto_.decls.9efcc5b82a202790,"e",%progbits
 299 0000 789C9D56 		.ascii	"x\234\235VkTT\327\025\276\373\236a\006\206\001\\jc\272"
 299      6B5454D7 
 299      15BEFB9E 
 299      61068601 
 299      5C6A63BA 
 300 0014 30AB9A85 		.ascii	"0\253\232\205]}\004G\215m\343\237\256\256\225\037M\177"
 300      5D7D0447 
 300      8D6DE39F 
 300      AEAE951F 
 300      4D7F
ARM GAS  /tmp/ccdAihaT.s 			page 23


 301 0026 A4FE307D 		.ascii	"\244\3760}\370#\241<.0)3Pf\310\243\277\256\362P\021"
 301      F823A13C 
 301      2E302933 
 301      5066C8A3 
 301      BFAEF250 
 302 003b 15C117A2 		.ascii	"\025\301\027\242\240\200\202\240\010\301\304\" \003"
 302      A08082A0 
 302      08C1C422 
 302      2003
 303 0049 280F253A 		.ascii	"(\017%:\242\202\202 \222\004T\"\370@P\024\350>\347\334"
 303      A2828220 
 303      92045422 
 303      F8405014 
 303      E83EE7DC 
 304 005d 19EE0C60 		.ascii	"\031\356\014`W\275\260\347\336\263\317\336\337\371\366"
 304      57BDB0E7 
 304      DEB3CFDE 
 304      DFF9F6
 305 006c 3EFBEE7B 		.ascii	">\373\356{\274\005\020\376\026 \010\003 \010\275\242"
 305      BC0510FE 
 305      16200803 
 305      2008BDA2 
 306 007c 204CE1E5 		.ascii	" L\341\345-\010\302\025\024-J\024J-J=J#J3J\217\300/"
 306      2D08C215 
 306      142D4A14 
 306      4A2D4A3D 
 306      4A234A33 
 307 0094 1DCA20CA 		.ascii	"\035\312 \3120\312#\2241\224\011\252G\254E(\370/\274"
 307      30CA2394 
 307      319409AA 
 307      47AC4528 
 307      F82FBC
 308 00a7 0382DBD5 		.ascii	"\003\202\333\325\201c=\336\347\243,D\271\247Zc\275\262"
 308      81633DDE 
 308      E7A32C44 
 308      B9A75A63 
 308      BDB2
 309 00b9 0EC5EF56 		.ascii	"\016\305\357V\326#(7P:Q\272\004\2169(\314\274n\277\006"
 309      D6232837 
 309      503A51BA 
 309      048E3928 
 309      CCBC6EBF 
 310 00ce 2EC56C57 		.ascii	".\305lW\341\016\317\202\373\335\377\211+z`>\232\005"
 310      E10ECF82 
 310      FBDDFF89 
 310      2B7A603E 
 310      9A05
 311 00e0 73D803B3 		.ascii	"s\330\003\263Q\301\254W0\235x\301h\367.\314\344**\271"
 311      51C1AC57 
 311      309D78C1 
 311      68F72ECC 
 311      E42A2AB9 
 312 00f4 5E0433B1 		.ascii	"^\0043\261_\240\316w\026\354\346Y\370\252\361\3259\246"
 312      5FA0CE77 
 312      16ECE659 
 312      F8AAF1D5 
 312      39A6
ARM GAS  /tmp/ccdAihaT.s 			page 24


 313 0106 F81373E0 		.ascii	"\370\023s\340\007\340\244\017\336\243Uk\364\010\323"
 313      07E0A40F 
 313      DEA3556B 
 313      F408D3
 314 0115 F5417157 		.ascii	"\365AqW\243\337\257Q\274\360\271C\301t\342\267+y\321"
 314      A3DFAF51 
 314      BCF0B943 
 314      C174E2B7 
 314      2B79D1
 315 0128 CD511FEB 		.ascii	"\315Q\037\353E^wo\241>\020\345g(K\201s\247\230t\356"
 315      455E776F 
 315      A13E10E5 
 315      67284B81 
 315      73A79874 
 316 013d E778FF15 		.ascii	"\347x\377\025\3122\224 \224_\240\374RY\217\346\233\356"
 316      CA329420 
 316      945FA0FC 
 316      52598FE6 
 316      9BEE
 317 014f E3A0305D 		.ascii	"\343\2400]\217\236\327^\002\366\336m\317\311v\002\213"
 317      8F9ED75E 
 317      02F6DE6D 
 317      CFC97602 
 317      8B
 318 0160 F5300538 		.ascii	"\3650\0058n\032~p\015\370\230N\347n\2559\242#\"{\376"
 318      6E1A7E70 
 318      0DF8984E 
 318      E76EAD39 
 318      A223227B 
 319 0175 A17D6B9B 		.ascii	"\241}k\233\227\361\204\314/\357X\001\252\201L#\035\313"
 319      97F184CC 
 319      2FEF5801 
 319      AA814C23 
 319      1DCB
 320 0187 2D3AE747 		.ascii	"-:\347G\376\300L\007/\333+|\365\233ey\243,\347\313\344"
 320      FEC04C07 
 320      2FDB2B7C 
 320      F59B6579 
 320      A32CE7CB 
 321 019c 4D01DE0D 		.ascii	"M\001\336\015\204\025\201\002\234\005\006]\003F\250"
 321      84158102 
 321      9C05065D 
 321      0346A8
 322 01ab 82403803 		.ascii	"\202@8\003\250\253\005=\272\364l<\370\314\200\013\317"
 322      A8AB053D 
 322      BAF46C3C 
 322      F8CC800B 
 322      CF
 323 01bc D7830687 		.ascii	"\327\203\006\207\273.\234j\321\343p\241\036\226\340"
 323      BB2E9C6A 
 323      D1E370A1 
 323      1E96E0
 324 01cb 70F2EBFD 		.ascii	"p\362\353\375E\032C*\005<\224(\373|@\235\240\016\021"
 324      451A432A 
 324      053C9428 
 324      FB7C409D 
 324      A00E11
ARM GAS  /tmp/ccdAihaT.s 			page 25


 325 01de EC882040 		.ascii	"\354\210 @=\030\004~C\333\352\224\211\263:t]\217!\341"
 325      3D18047E 
 325      43DBEA94 
 325      89B33A74 
 325      5D8F21E1 
 326 01f2 15A08A6A 		.ascii	"\025\240\212j=\217\252\340\371\360i\003\371\200=_\037"
 326      3D8FAAE0 
 326      F9F06903 
 326      F9803D5F 
 326      1F
 327 0203 DEBB49E4 		.ascii	"\336\273I\344T\031\262\340\202\205\363\300<(\331s\250"
 327      5419B2E0 
 327      8285F3C0 
 327      3C28D973 
 327      A8
 328 0214 6BA0BA46 		.ascii	"k\240\272FF\366XAC\253+\276\244W\307\207\346\375c\225"
 328      46F65841 
 328      43AB2BBE 
 328      A457C787 
 328      E6FD6395 
 329 0228 2F4435FB 		.ascii	"/D5\373&7\366\315\234}3c\177\370\272c#\360<\314\303"
 329      2637F6CD 
 329      9C7D3363 
 329      7FF8BA63 
 329      23F03CCC 
 330 023d 61EDD49E 		.ascii	"a\355\324\236Z\015\037z\343p\254\260\376\274\206\254"
 330      5A0D1F7A 
 330      E370ACB0 
 330      FEBC86AC 
 331 024d 65CCF336 		.ascii	"e\314\3636\\\277\350G\326\261\347\302\244\252\233>\344"
 331      5CBFE847 
 331      D6B1E7C2 
 331      A4AA9B3E 
 331      E4
 332 025e EFEC79E7 		.ascii	"\357\354y\347T\3015\037\022\302\236\333\252K.\371\223"
 332      54C1351F 
 332      12C29EDB 
 332      AA4B2EF9 
 332      93
 333 026f 70F65CB1 		.ascii	"p\366\\\261\343\304\210f\301Ne\377d`\005\007\227\221"
 333      E3C48866 
 333      C14E65FF 
 333      64600507 
 333      9791
 334 0281 B1031650 		.ascii	"\261\003\026P\312\312F>t\354\353\3269\355\222\346\266"
 334      CACA463E 
 334      74ECEBD6 
 334      39ED92E6 
 334      B6
 335 0292 DB78B020 		.ascii	"\333x\260 \331\240\216\352\012NOG\325\306\242B\273["
 335      D9A08EEA 
 335      0A4E4F47 
 335      D5C6A242 
 335      BB5B
 336 02a4 530FBEF7 		.ascii	"S\017\276\367\347!,\304\341\275\306\354~?\276\263\207"
 336      E7212CC4 
 336      E1BDC6EC 
ARM GAS  /tmp/ccdAihaT.s 			page 26


 336      7E3FBEB3 
 336      87
 337 02b5 68C58D64 		.ascii	"h\305\215dv\336\366'q\224\2426\253h\240\026 ((hAPP\036"
 337      76DEF627 
 337      7194A236 
 337      AB68A016 
 337      20282868 
 338 02cd 05B64FE5 		.ascii	"\005\266O\345\004e5\246\310\351u@S\017\327\221\305M"
 338      046535A6 
 338      C8E97540 
 338      530FD791 
 338      C54D
 339 02df B7655AD8 		.ascii	"\267eZ\330\357J\374\341\016\215Y\213\363\023\345\346"
 339      EF4AFCE1 
 339      0E8D598B 
 339      F313E5E6 
 340 02ef 7FD0F5E1 		.ascii	"\177\320\365\341\322\014s\243\273\365\245,\355~\331"
 340      D20C73A3 
 340      BBF5A52C 
 340      ED7ED9
 341 02fe 9EA465E0 		.ascii	"\236\244e\340\2553\254/\270\300Y:\322i\3324\002\\C\203"
 341      AD33AC2F 
 341      B8C0593A 
 341      D269DA34 
 341      025C4383 
 342 0312 AB6CEA26 		.ascii	"\253l\352&\317\010t@\020t\241\334@\351Di\207 \232%\276"
 342      CF087440 
 342      1074A1DC 
 342      40E94469 
 342      87209A25 
 343 0327 8803900E 		.ascii	"\210\003\220\016]\340\342\034\013\324A\240\233-\326"
 343      5DE0E21C 
 343      0BD441A0 
 343      9B2DD6
 344 0336 317C3B3B 		.ascii	"1|;;uf\212Y\333]\334\336\341MN\000\333\331\3143\345"
 344      75668A59 
 344      DB5DDCDE 
 344      E14D4E00 
 344      DBD9CC33 
 345 034b 855E0B66 		.ascii	"\205^\013f\245\010\267\024\234W\260D\204\256\314\216"
 345      A508B714 
 345      9C57B044 
 345      84AECC8E 
 346 035b E7DEEABD 		.ascii	"\347\336\352\275\354v[\272\207Wh\017\253\320\344\243"
 346      EC765BBA 
 346      8757680F 
 346      ABD0E4A3 
 347 036b B94D7007 		.ascii	"\271Mp\007n\003m\217\000\343^ \320?\372\303K\205\336"
 347      6E036D8F 
 347      00E35E20 
 347      D03FFAC3 
 347      4B85DE
 348 037e 813E5399 		.ascii	"\201>S\231r^@/\305NP\232\236S\307o\323\317\364.*(\242"
 348      725E402F 
 348      C54E509A 
 348      9E53C76F 
 348      D3CFF42E 
ARM GAS  /tmp/ccdAihaT.s 			page 27


 349 0395 D26280FB 		.ascii	"\322b\200\373pt6TA\363yP\346\225Kp.\"L\323\342\030T"
 349      70743654 
 349      41F37950 
 349      E6954B70 
 349      2E224CD3 
 350 03ac 252A6BAA 		.ascii	"%*k\252=`\006\343i@\301\005\352\274\300\325\373j+\016"
 350      3D6006E3 
 350      6940C105 
 350      EABCC0D5 
 350      FB6A2B0E 
 351 03c0 3ABCFBA0 		.ascii	":\274\373\240w\003f\337q\273z\261 \374$}\011\237j\252"
 351      770366DF 
 351      71BB7AB1 
 351      20FC247D 
 351      099F6AAA 
 352 03d4 39702E80 		.ascii	"9p.\200\264\361\215j\271\234\232\350\257\301\210X\377"
 352      B4F18D6A 
 352      B99C9AE8 
 352      AFC18858 
 352      FF
 353 03e5 4AD0505D 		.ascii	"J\320P]qjE\201\201\351\242\014\320\007L\227r>\275\312"
 353      716A4581 
 353      81E9A20C 
 353      D0074C97 
 353      723EBDCA 
 354 03f9 8FBF32A2 		.ascii	"\217\2772\242\252',\344=\341i\335\001\007\355\011Z\336"
 354      AA272CE4 
 354      3DE169DD 
 354      0107ED09 
 354      5ADE
 355 040b E074A86A 		.ascii	"\340t\250j\337\333\364;\256\241E\360\005j:\322\256v"
 355      DFDBF43B 
 355      AEA145F0 
 355      056A3AD2 
 355      AE76
 356 041d 6949075F 		.ascii	"iI\007_w<\353e9\353W\362\214&w\027\230\033-\217\001"
 356      773CEB65 
 356      39EB57F2 
 356      8C267717 
 356      981B2D8F 
 357 0432 D4F5F38E 		.ascii	"\324\365\363\216u.\373l\253\357\242\335\254\242\022"
 357      752EFB6C 
 357      ABEFA2DD 
 357      ACA212
 358 0441 E57922DC 		.ascii	"\345y\"\334C\276?\340\374\367\254\036\356\303\"\001"
 358      43BE3FE0 
 358      FCF7AC1E 
 358      EEC32201 
 359 0451 BE43AE2C 		.ascii	"\276C\256,\304\234\262c#\344\355C\262\275W\266\017W"
 359      C49CB263 
 359      23E4ED43 
 359      B2BD57B6 
 359      0F57
 360 0463 BDB3AFFA 		.ascii	"\275\263\257\372\256,\3535\324\010\313\2048;\006}\026"
 360      AE2CEB35 
 360      D408CB84 
 360      383B067D 
ARM GAS  /tmp/ccdAihaT.s 			page 28


 360      16
 361 0474 A01743C4 		.ascii	"\240\027C\304\322\271C\023;\010o\243wR_I\2627\311\344"
 361      D2B94313 
 361      3B086FA3 
 361      77525F49 
 361      B237C9E4 
 362 0488 DF98D2E3 		.ascii	"\337\230\322\343/\312\364\316d\360\374l\312<>\241\231"
 362      2FCAF4CE 
 362      64F0FC6C 
 362      CA3C3EA1 
 362      99
 363 0499 9BCA10A5 		.ascii	"\233\312\020\245\362\300I\345e\352\205\235~\012\225"
 363      F2C049E5 
 363      65EA859D 
 363      7E0A95
 364 04a8 FB3FC557 		.ascii	"\373?\305W\033\033\264,R#\370QE\345GO*\303\214\312\341"
 364      1B1BB42C 
 364      5223F851 
 364      45E5474F 
 364      2AC38CCA 
 365 04bd FAC19A00 		.ascii	"\372\301\232\000\262\217S\2713\326Y\354\257@\325\007"
 365      B28F53B9 
 365      33D659EC 
 365      AF40D507 
 366 04cd BAA06854 		.ascii	"\272\240hT\017UP\017=\241\0361\250\306\256\201\347Z"
 366      0F55500F 
 366      3DA11E31 
 366      A8C6AE81 
 366      E75A
 367 04df 92CBA12A 		.ascii	"\222\313\241*Kw\267\023\026U\243k\333\363*\213\206\200"
 367      4B77B713 
 367      1655A36B 
 367      DBF32A8B 
 367      8680
 368 04f1 E9E8DBFE 		.ascii	"\351\350\333\376D\331\367\311g\375\256Z\030\341\272"
 368      44D9F7C9 
 368      67FDAE5A 
 368      18E1BA
 369 0500 A765179F 		.ascii	"\247e\027\237\372\253\343ot\213\177\224\306\377\324"
 369      FAABE36F 
 369      748B7F94 
 369      C6FFD4
 370 050f 19FF48CD 		.ascii	"\031\377H\315\177\252A!}i\214\270X\243\025<V\261~\354"
 370      7FAA4121 
 370      7D698CB8 
 370      58A3153C 
 370      56B17EEC 
 371 0523 C97A8CB1 		.ascii	"\311z\214\261\276Z\\\035M\216\316M\272\324\361l7'\215"
 371      BE5A5C1D 
 371      4D8ECE4D 
 371      BAD4F16C 
 371      37278D
 372 0536 1F2B78CE 		.ascii	"\037+x\316\011:\272\013\353\264N\322\343\\\267C\336"
 372      093ABA0B 
 372      EBB44ED2 
 372      E35CB743 
 372      DE
ARM GAS  /tmp/ccdAihaT.s 			page 29


 373 0547 95A49F9B 		.ascii	"\225\244\237\233\364KJ\372\205\223tz\366\300c\215Bz"
 373      F44B4AFA 
 373      8593747A 
 373      F6C0638D 
 373      427A
 374 0559 FC089177 		.ascii	"\374\010\221w\241\327<j\003\317T\224\237yR\236`\224"
 374      A1D73C6A 
 374      03CF5494 
 374      9F79529E 
 374      6094
 375 056b 73F6644C 		.ascii	"s\366dL\372\222\322\2719\0277\337\270\251q\351\2468"
 375      FA92D2B9 
 375      391737DF 
 375      B8A971E9 
 375      A638
 376 057d BFE1F1D6 		.ascii	"\277\341\361\326\"\215+\373\262\310\224]\311\345\333"
 376      228D2BFB 
 376      B2C8945D 
 376      C9E5DB
 377 058c C1F30329 		.ascii	"\301\363\003)\300FQ\375\325K\255/\311\367\232\361\025"
 377      C04651FD 
 377      D54BAD2F 
 377      C9F79AF1 
 377      15
 378 059d A55DD6DD 		.ascii	"\245]\326\335\256\241\356XW\200\272\243&\212\352\216"
 378      AEA1EE58 
 378      5780BAA3 
 378      268AEA8E 
 379 05ad 9A242A5F 		.ascii	"\232$*_\307\256\201\316$?\306\004U\260\20139>~e\210"
 379      C7AE81CE 
 379      243FC604 
 379      55B08133 
 379      393E7E65 
 380 05c2 A8D317FD 		.ascii	"\250\323\027\375\206*{)\"f/YT\262''\325e\3531{\275\230"
 380      862A7B29 
 380      22662F59 
 380      54B22727 
 380      D565EB31 
 381 05d9 BDFE1C83 		.ascii	"\275\376\034\203k\313\321\012&U\371\233\364\314\337"
 381      6BCBD10A 
 381      2655F99B 
 381      F4CCDF
 382 05e8 2691E62F 		.ascii	"&\221\346/\273\270\252BK\252x\376\276=yo\253\226\324"
 382      BBB8AA42 
 382      4BAA78FE 
 382      BE3D796F 
 382      AB96D4
 383 05fb F3415976 		.ascii	"\363AYv\377\005\0352\203-\"\341K\225m\260\027\372\221"
 383      FF051D32 
 383      832D22E1 
 383      4B956DB0 
 383      17FA91
 384 060e 263E9D77 		.ascii	"&>\235w$\247\315\207No\305iH\345\304g\333\200+\205\031"
 384      24A7CD87 
 384      4E6FC569 
 384      48E5C467 
 384      DB802B85 
ARM GAS  /tmp/ccdAihaT.s 			page 30


 385 0623 F922D399 		.ascii	"\371\"\323\231\014\260\215\333e\014U\267\270\336\363"
 385      0CB08DDB 
 385      650C55B7 
 385      B8DEF3
 386 0632 ED5CD79E 		.ascii	"\355\\\327\236\2306\352\277\364\262\230+{\263\325j\262"
 386      9836EABF 
 386      F4B2982B 
 386      7BB3D56A 
 386      B2
 387 0643 EE55F03D 		.ascii	"\356U\360=J\027\2272\315h\337\266L\035\271\302\327\177"
 387      4A179732 
 387      CD68DFB6 
 387      4C1DB9C2 
 387      D77F
 388 0655 94FBE428 		.ascii	"\224\373\344(-;\310\020\361\314C\263A\353\377VV\265"
 388      2D3BC810 
 388      F1CC43B3 
 388      41EBFF56 
 388      56B5
 389 0667 17B9C92D 		.ascii	"\027\271\311-J\366\0268X\000\273(\303L\276\312\355\276"
 389      4AF61638 
 389      5800BB28 
 389      C34CBECA 
 389      EDBE
 390 0679 D46B3A75 		.ascii	"\324k:uj\221\200\222Z\330\215&\260\207fw\2073\273\365"
 390      6A918092 
 390      5AD88D26 
 390      B0876677 
 390      8733BBF5 
 391 068d 87A6C668 		.ascii	"\207\246\306hC\351\305\362\274|\353\367\231\015)v\207"
 391      43E9C5F2 
 391      BC7CEBF7 
 391      990D2976 
 391      87
 392 069e 2C93B2B7 		.ascii	",\223\262\267\250\035l\026\225\374B\032u\335,\362\363"
 392      A81D6C16 
 392      95FC421A 
 392      75DD2CF2 
 392      F3
 393 06af 30EC65A9 		.ascii	"0\354e\251=\361MZ\266\216w\3617qx\301\361\370\241\201"
 393      3DF14D5A 
 393      B68E77F1 
 393      377178C1 
 393      F1F8A181 
 394 06c3 77713B3D 		.ascii	"wq;=\370\234\354\316\333\354Gj\011?\2349\252\237\350"
 394      F89CECCE 
 394      DBEC476A 
 394      093F9C39 
 394      AA9FE8
 395 06d6 D5E5425B 		.ascii	"\325\345B[\326t\271d;\313ej\370I\217\2014p\247oZ\316"
 395      D674B964 
 395      3BCB656A 
 395      F8498F81 
 395      3470A76F 
 396 06ec 8CF9A89D 		.ascii	"\214\371\250\235\356\2739\035t:\015\245\234\351\366"
 396      EEBB391D 
 396      743A0DA5 
ARM GAS  /tmp/ccdAihaT.s 			page 31


 396      9CE9F6
 397 06fb 274DDCE9 		.ascii	"'M\334\351\\}\307\200\227\332i\324\315)\327\351t}\240"
 397      5C7DC780 
 397      97DA69D4 
 397      CD29D7E9 
 397      747DA0
 398 070e 72D497B4 		.ascii	"r\324\227\264r\247\221\364\373\247A\355\364\322\315"
 398      72A791F4 
 398      FBA741ED 
 398      F4D2CD
 399 071d E9B0D3A9 		.ascii	"\351\260\323\251\264\355\356S\221\264q\247\304\362\362"
 399      B4EDEE53 
 399      91B471A7 
 399      C4F2F2
 400 072c 360DE963 		.ascii	"6\015\351c\003]KF\206C\257\034\355\\g\273\367N\237\222"
 400      035D4B46 
 400      8643AF1C 
 400      ED5C67BB 
 400      F74E9F92 
 401 0740 E52D06CA 		.ascii	"\345-\006\312\024\016`.\013\305\377}8B\202\2203\207"
 401      140E602E 
 401      0BC5FF7D 
 401      38428290 
 401      3387
 402 0752 EDCAC019 		.ascii	"\355\312\300\031g\256\274\031\246\306Y\317tYb \354\023"
 402      67AEBC19 
 402      A6C659CF 
 402      74596220 
 402      EC13
 403 0764 03F941B7 		.ascii	"\003\371A\267\220\277\312pT\014\202b\224#(\005(E(\307"
 403      90BFCA70 
 403      540C8262 
 403      94232805 
 403      284528C7 
 404 0778 44CFA31D 		.ascii	"D\317\243\035n\016\354\237\261\214\347\301\224\231\322"
 404      6E0EEC9F 
 404      B18CE7C1 
 404      9499D2
 405 0787 40F3E730 		.ascii	"@\363\3470\365\014\024\223\012\207fg\357<\005N\332\207"
 405      F50C1493 
 405      0A876667 
 405      EF3C054E 
 405      DA87
 406 0799 D20CCE83 		.ascii	"\322\014\316\203_\322k\305A\277t\362\305-^\313\362e"
 406      5FD26BC5 
 406      41BF74F2 
 406      C52D5ECB 
 406      F265
 407 07ab 879D7EBF 		.ascii	"\207\235~\277W\034\330\225,\313\363\241\004}/\361\376"
 407      571CD895 
 407      2CCBF3A1 
 407      047D2FF1 
 407      FE
 408 07bc E1021598 		.ascii	"\341\002\025\230\346\023\372N\036\027\227\241\353Dk"
 408      E613FA4E 
 408      1E1797A1 
 408      EB446B
ARM GAS  /tmp/ccdAihaT.s 			page 32


 409 07cb 43A5AFBA 		.ascii	"C\245\257\272."
 409      2E
 410 07d0 E85B314D 		.ascii	"\350[1M\366\004\253\013z\233\2437\214\036y\361\265\316"
 410      F604AB0B 
 410      7A9BA337 
 410      8C1E79F1 
 410      B5CE
 411 07e2 E9BF01FD 		.ascii	"\351\277\001\375?}C\345nR\252j8\255v\222\177aNbNJ\305"
 411      3F7D43E5 
 411      6E52AA6A 
 411      38AD7692 
 411      7F614E62 
 412 07f9 D95DA3D5 		.ascii	"\331]\243\325\256\370V\263\027\023\015\277\352\254l"
 412      AEF856B3 
 412      17130DBF 
 412      EAAC6C
 413 0808 E087AE72 		.ascii	"\340\207\256r\364.\343\336\251\333N\356\360~U\033\250"
 413      F42EE3DE 
 413      A9DB4EEE 
 413      F07E551B 
 413      A8
 414 0819 A06DE02B 		.ascii	"\240m\340+\326\006\3503}_[\037\215\020u\254%n\033s\212"
 414      D606E833 
 414      7D5F5B1F 
 414      8D1075AC 
 414      256E1B73 
 415 082e C74A6FAB 		.ascii	"\307Jo\253\227/7\342\377?\245x\213\024c|?\332\024fZ"
 415      972F37E2 
 415      FF3FA578 
 415      8B14637C 
 415      3FDA1466 
 416 0843 BBCE186B 		.ascii	"\273\316\030k5F\207\306\030cLaF\253-^\0125[\215f\311"
 416      354687C6 
 416      18634C61 
 416      46AB2D5E 
 416      0A355B8D 
 417 0859 AC3C2E0F 		.ascii	"\254<.\017\367\376\343\237\377\262\344\3755k\004]\202"
 417      F7FEE39F 
 417      FFB2E4FD 
 417      356B045D 
 417      82
 418 086a C9627B2F 		.ascii	"\311b{/\304\246\265\232\376-\205\330\210\024k\325\320"
 418      C4A6B59A 
 418      FE2D85D8 
 418      88146BD5 
 418      D0
 419 087b 476D5842 		.ascii	"GmXBd\244\024O>3\333\014\037J\346u\314\361\257\037~"
 419      64A4144F 
 419      3E33DB0C 
 419      1F4AE675 
 419      CCF1AF1F 
 420 0890 A48D8D8C 		.ascii	"\244\215\215\214\264J\266\337\274\306\242\321\002E\212"
 420      B44AB6DF 
 420      BCC6A2D1 
 420      02458A
 421 089f 8DFF9283 		.ascii	"\215\377\222\203\211\253\005\237\320x\363g\277\265\006"
 421      89AB059F 
ARM GAS  /tmp/ccdAihaT.s 			page 33


 421      D078F367 
 421      BFB506
 422 08ae 9B057D78 		.ascii	"\233\005}xl\274M\372\"\330\274B\320\204\304%\330\274"
 422      6CBC4DFA 
 422      22D8BC42 
 422      D084C425 
 422      D8BC
 423 08c0 CCD6A890 		.ascii	"\314\326\250\220\327Z%\034\001\242$\2336$\301\302n\250"
 423      D75A251C 
 423      01A2249B 
 423      3624C1C2 
 423      6EA8
 424 08d2 8DB0EA42 		.ascii	"\215\260\352B>\2177\331$\253\301l]\033\366\251\024n"
 424      3E8F37D9 
 424      24ABC16C 
 424      5D1BF6A9 
 424      146E
 425 08e4 FB93C564 		.ascii	"\373\223\305d\323\242Wx\334\227\232\030)4Rg\211\265"
 425      D3A25778 
 425      DC979A18 
 425      29345267 
 425      89B5
 426 08f6 45C7C77E 		.ascii	"E\307\307~\016+u\221\226%\3268)\0345\026KBL\314\307"
 426      0E2B7591 
 426      9625D638 
 426      291C3516 
 426      4B424CCC 
 427 090b C6E858B3 		.ascii	"\306\350X\263d\2143\331\214Q\341\341\301\3108X2\207"
 427      648C33D9 
 427      8C51E1E1 
 427      C1C83858 
 427      3287
 428 091d 49111152 		.ascii	"I\021\021R\204K\201\246R\260\024\032f\012^\023\274j"
 428      844B81A6 
 428      52B0141A 
 428      660A5E13 
 428      BC6A
 429 092f C5AA15C1 		.ascii	"\305\252\025\301\377Z\025\234\020\027\021j\223\214n"
 429      FF5A159C 
 429      1017116A 
 429      938C6E
 430 093e D3469325 		.ascii	"\323F\223%<&!B\242\274M\226(\314\010A\216\004\343\325"
 430      3C262142 
 430      A2BC4D96 
 430      28CC0841 
 430      8E04E3D5 
 431 0952 509A5E8C 		.ascii	"P\232^\214d\200\311b\265\205Z\302\245\020\236j/\026"
 431      6480C962 
 431      B5855AC2 
 431      A5109E6A 
 431      2F16
 432 0964 C87F0173 		.ascii	"\310\177\001sH/\214"
 432      482F8C
 433              		.text
 434              		.section	.gnu.lto_.symtab.9efcc5b82a202790,"e",%progbits
 435 0000 6D734F62 		.ascii	"msObjectInit\000"
 435      6A656374 
ARM GAS  /tmp/ccdAihaT.s 			page 34


 435      496E6974 
 435      00
 436 000d 00       		.ascii	"\000"
 437 000e 00       		.ascii	"\000"
 438 000f 00       		.ascii	"\000"
 439 0010 00000000 		.ascii	"\000\000\000\000\000\000\000\000"
 439      00000000 
 440 0018 07010000 		.ascii	"\007\001\000\000"
 441              		.text
 442              		.section	.gnu.lto_.opts,"e",%progbits
 443 0000 272D666E 		.ascii	"'-fno-openmp' '-fno-openacc' '-fno-pie' '-mcpu=cort"
 443      6F2D6F70 
 443      656E6D70 
 443      2720272D 
 443      666E6F2D 
 444 0033 65782D6D 		.ascii	"ex-m0' '-mthumb' '-mfloat-abi=soft' '-march=armv6s-"
 444      30272027 
 444      2D6D7468 
 444      756D6227 
 444      20272D6D 
 445 0066 6D272027 		.ascii	"m' '-O2' '-fstack-usage' '-ffunction-sections' '-fd"
 445      2D4F3227 
 445      20272D66 
 445      73746163 
 445      6B2D7573 
 446 0099 6174612D 		.ascii	"ata-sections' '-fno-common' '-flto' '-fshort-enums'"
 446      73656374 
 446      696F6E73 
 446      2720272D 
 446      666E6F2D 
 447 00cc 00       		.ascii	"\000"
 448              		.text
 449              		.comm	__gnu_lto_v1,1,1
 450              		.comm	__gnu_lto_slim,1,1
 451              		.ident	"GCC: (GNU Arm Embedded Toolchain 9-2020-q2-update) 9.3.1 20200408 (release)"
ARM GAS  /tmp/ccdAihaT.s 			page 35


DEFINED SYMBOLS
                            *ABS*:0000000000000000 memstreams.c
                            *COM*:0000000000000001 __gnu_lto_v1
                            *COM*:0000000000000001 __gnu_lto_slim

NO UNDEFINED SYMBOLS
