ARM GAS  /tmp/cc2SFClU.s 			page 1


   1              		.cpu cortex-m3
   2              		.eabi_attribute 20, 1
   3              		.eabi_attribute 21, 1
   4              		.eabi_attribute 23, 3
   5              		.eabi_attribute 24, 1
   6              		.eabi_attribute 25, 1
   7              		.eabi_attribute 26, 1
   8              		.eabi_attribute 30, 2
   9              		.eabi_attribute 34, 1
  10              		.eabi_attribute 18, 4
  11              		.file	"urt_message.c"
  12              		.section	.gnu.lto_.profile.e74a235986fb3051,"e",%progbits
  13 0000 789CE360 		.ascii	"x\234\343``\004B \000\000\000]\000\013"
  13      60044220 
  13      0000005D 
  13      000B
  14              		.text
  15              		.section	.gnu.lto_.icf.e74a235986fb3051,"e",%progbits
  16 0000 789CE360 		.ascii	"x\234\343``d\340`@\000F\206\015K\367\314db\000\000\015"
  16      6064E060 
  16      40004686 
  16      0D4BF7CC 
  16      64620000 
  17 0015 AE02BF   		.ascii	"\256\002\277"
  18              		.text
  19              		.section	.gnu.lto_.jmpfuncs.e74a235986fb3051,"e",%progbits
  20 0000 789CE360 		.ascii	"x\234\343``dX\305\310\300\020\313\000\001\214\014L\214"
  20      606458C5 
  20      C8C010CB 
  20      00018C0C 
  20      4C8C
  21 0012 8CCCF5F3 		.ascii	"\214\314\365\363\231\031\200\230\221\211i:3\343\304"
  21      99198098 
  21      9189693A 
  21      33E3C4
  22 0021 35B7F4FA 		.ascii	"5\267\364\372\230\347331\3261\356b\224f`<\300\302X\007"
  22      98E73333 
  22      31D631EE 
  22      62946660 
  22      3CC0C258 
  23 0036 C40C0C1C 		.ascii	"\304\014\014\034\314@\351\246\346\365\213x\015\364\346"
  23      CC40E9A6 
  23      E6F58B78 
  23      0DF4E6
  24 0045 33332F66 		.ascii	"33/ff\230\301\0146d7\243\001X\031\003\020\377\370\377"
  24      6698C10C 
  24      366437A3 
  24      01581903 
  24      10FFF8FF 
  25 0059 FF3F3F23 		.ascii	"\377??#He_\363\373{\034 \223\200\022\214{\030\245A\030"
  25      48655FF3 
  25      FB7B1C20 
  25      9380128C 
  25      7B18A541 
  26 006e 247E76FF 		.ascii	"$~v\377\367o\354\212\214\363\033f(\314gfe`\334\313\250"
  26      F76FEC8A 
  26      8CF31B66 
ARM GAS  /tmp/cc2SFClU.s 			page 2


  26      28CC6766 
  26      6560DCCB 
  27 0083 08D7FD07 		.ascii	"\010\327\375\007\242\033Y\371\312\307\317\027\261+\312"
  27      A21B59F9 
  27      CAC7CF17 
  27      B12BCA
  28 0092 4194B331 		.ascii	"A\224\26310\356\303\255\034\344\374\256\277SZy@\266"
  28      30EEC3AD 
  28      1CE4FCAE 
  28      BF535A79 
  28      40B6
  29 00a4 B2331E65 		.ascii	"\2623\036e`\334\017\365\300Q\006,>\340\000\373\000("
  29      60DC0FF5 
  29      C051062C 
  29      3EE000FB 
  29      0028
  30 00b6 CC0014DD 		.ascii	"\314\000\024\335|n\366\0356\220('\343\001F\203\031\314"
  30      7C6EF61D 
  30      36902827 
  30      E3014683 
  30      19CC
  31 00c8 4C208F1D 		.ascii	"L \217\035\204z\214\005\3411|>9D\232O\016\343\361\011"
  31      847A8C05 
  31      E1317C3E 
  31      39449A4F 
  31      0EE3F109 
  32 00dc BACB1964 		.ascii	"\272\313\031dT\2135TK5\255\024\022\363\213]\222\322"
  32      548B3554 
  32      4B35AD14 
  32      12F38B5D 
  32      92D2
  33 00ee 1D8B8B53 		.ascii	"\035\213\213S\213J\024\322\0223sRS\030\354\3653\362"
  33      8B4A14D2 
  33      12337352 
  33      5318ECF5 
  33      33F2
  34 0100 7353F50B 		.ascii	"sS\365\0132K\364\035\203]\343\203\034\235]\365\035}"
  34      324BF41D 
  34      835DE383 
  34      1C9D5DF5 
  34      1D7D
  35 0112 3383F275 		.ascii	"3\203\362u\035\013\012\212\365s3SRrR\313\023\213R\365"
  35      1D0B0A8A 
  35      F5733353 
  35      527252CB 
  35      138B52F5 
  36 0126 4B8342F4 		.ascii	"K\203B\364\213\213\222\365K\213J\342sS\213\213\023\323"
  36      8B8B92F5 
  36      4B8B4AE2 
  36      73538B8B 
  36      13D3
  37 0138 53F59219 		.ascii	"S\365\222\031\0000N\226\366"
  37      00304E96 
  37      F6
  38              		.text
  39              		.section	.gnu.lto_.inline.e74a235986fb3051,"e",%progbits
  40 0000 789CE360 		.ascii	"x\234\343``d\250a@\000F\006\006\271s37?cJgdfP\310\237"
ARM GAS  /tmp/cc2SFClU.s 			page 3


  40      6064A861 
  40      40004606 
  40      06B97333 
  40      373F634A 
  41 001a CECCD8D7 		.ascii	"\316\314\330\327\374\376\036G\037\363|f\240\034\343"
  41      FCFE1E47 
  41      1FF37C66 
  41      A01CE3
  42 0029 2E466906 		.ascii	".Fi\006\006\205\002(\015T\314\302\325\320\320p\200)"
  42      06850228 
  42      0D54CCC2 
  42      D5D0D070 
  42      8029
  43 003b 95814100 		.ascii	"\225\201A\000\304`Neb`b`\0012\033\230R\030\004\030\330"
  43      C4604E65 
  43      62606260 
  43      01321B98 
  43      52180418 
  44 0050 80469D61 		.ascii	"\200F\235aNba`\001\031\316\304\015\324\0004\206\225"
  44      4E626160 
  44      0119CEC4 
  44      0DD40034 
  44      8695
  45 0062 0F448385 		.ascii	"\017D\203\205\220\230\014\000e\222\027Y"
  45      90980C00 
  45      65921759 
  46              		.text
  47              		.section	.gnu.lto_.pureconst.e74a235986fb3051,"e",%progbits
  48 0000 789CE360 		.ascii	"x\234\343``d`a`\000\222\263X\000\001\322\000\255"
  48      60646061 
  48      600092B3 
  48      580001D2 
  48      00AD
  49              		.text
  50              		.section	.gnu.lto_urtMessageInit.e74a235986fb3051,"e",%progbits
  51 0000 789C9D55 		.ascii	"x\234\235UmPTU\030>\317=w\357\335]\026,\310\302PZfr"
  51      6D505455 
  51      183ECF3D 
  51      77EFDD5D 
  51      162CC8C2 
  52 0018 88A6DCFD 		.ascii	"\210\246\334\375\321\257\376\024\231\375h\246?\324\177"
  52      D1AFFE14 
  52      99FD68A6 
  52      3FD47F
  53 0027 6783CD68 		.ascii	"g\203\315h \030\026\246\351O^\026\024\007\312\276(\026"
  53      201816A6 
  53      E94F5E16 
  53      1407CABE 
  53      2816
  54 0039 9296440A 		.ascii	"\222\226D\012\313\011\030\032'\024u\205\324$(2\244\\"
  54      CB09181A 
  54      27147585 
  54      D4242832 
  54      A45C
  55 004b 115204D1 		.ascii	"\021R\004\321\3700K\352O\332y\317\335\017H%\206;sg\316"
  55      F8304BEA 
  55      4FDA79CF 
ARM GAS  /tmp/cc2SFClU.s 			page 4


  55      DD0F4825 
  55      863B7367 
  56 0060 39EFFB3C 		.ascii	"9\357\373<\357\373<\347\276\273V\0066\2443\366*c,O\274"
  56      EFFB3CE7 
  56      BEBB5606 
  56      36A433F6 
  56      2A632C4F 
  57 0075 B0322886 		.ascii	"\2602(\206a<\251\227[\025\205O\366\327\247\250\206]"
  57      613CA997 
  57      5B15854F 
  57      F6D7A7A8 
  57      865D
  58 0087 6FE89C7C 		.ascii	"o\350\234|D5\034\\Q\247\233\317\257\026'\226\332\221"
  58      44351C5C 
  58      51A79BCF 
  58      AF162796 
  58      DA91
  59 0099 8F1F1627 		.ascii	"\217\037\026'*\264H\266%\266\322\240GV: W\206\025l\253"
  59      2AB448B6 
  59      25B6D2A0 
  59      47563A20 
  59      5786156C 
  60 00ae C2558BA6 		.ascii	"\302U\213\246c+\336\346u\034=U\223]J\326g\"l\204\352"
  60      632BDEE6 
  60      751C3D55 
  60      935D4AD6 
  60      67226C84 
  61 00c3 3ED4B61B 		.ascii	">\324\266\033\333R\203\234\261z\361\232\017\016 K\344"
  61      DB52839C 
  61      B17AF19A 
  61      0F0E204B 
  61      E4
  62 00d4 8DFA1BFF 		.ascii	"\215\372\033\377v\354\344A\016\250b[\333\367\325I;m"
  62      76ECE441 
  62      0EA8625B 
  62      DBF7D549 
  62      3B6D
  63 00e6 1538C576 		.ascii	"\0258\305vd\240\257.\201?\005&\326}\327g\236\311l1\014"
  63      64A0AF2E 
  63      813F0526 
  63      D67DD767 
  63      9EC96C31 
  64 00fb BF11BAB8 		.ascii	"\277\021\272\270\207\033\017\0069\307!p\301\210n\244"
  64      871B0F06 
  64      39C72170 
  64      C1886EA4 
  65 010b E120D218 		.ascii	"\341 \322\030\023g\202\37102E~\367|\240u\025\177Vb\313"
  65      136782F9 
  65      3032457E 
  65      F77CA075 
  65      157F5662 
  66 0120 CFF50CAA 		.ascii	"\317\365\014\252\021\360\310\247\022\254\342\310-`U"
  66      11F0C8A7 
  66      12ACE2C8 
  66      2D6055
  67 012f 8043C864 		.ascii	"\200C\310d\004\271\320q\343\203DM\215t\214\243\320\204"
  67      04B9D071 
ARM GAS  /tmp/cc2SFClU.s 			page 5


  67      E383444D 
  67      8D748CA3 
  67      D084
  68 0141 958CB59D 		.ascii	"\225\214\265\235\262\204\214\0337\253\214\320d\352'"
  68      B2848C1B 
  68      37AB8CD0 
  68      64EA27
  69 0150 1D89C910 		.ascii	"\035\211\311\0200\213\012\252\351\200\011\256\341\214"
  69      308B0AAA 
  69      E98009AE 
  69      E18C
  70 015e 64AB3042 		.ascii	"d\2530B\214\275\311\025sS.6\023\250\034\353\235\015"
  70      8CBDC915 
  70      73532E36 
  70      13A81CEB 
  70      9D0D
  71 0170 68C4D6C8 		.ascii	"h\304\326\310I\357\316\212\271Q+\351\345`\350\241.\030"
  71      49EFCE8A 
  71      B9512BE9 
  71      E560E8A1 
  71      2E18
  72 0182 6178A7B8 		.ascii	"ax\247\270\031\020\006W\340\357\266\231\000,\004hRX"
  72      19100657 
  72      E0EFB699 
  72      002C0468 
  72      5258
  73 0194 636BFF4D 		.ascii	"ck\377M[%\374\345Vq\322L\255\212\303\341\263\307\007"
  73      5B25FCE5 
  73      5671D24C 
  73      AD8AC3E1 
  73      B3C707
  74 01a7 D1826604 		.ascii	"\321\202f\004\271\216oP\011\364\022\263\210\034xoG\273"
  74      B98E6F50 
  74      09F412B3 
  74      881C786F 
  74      47BB
  75 01b9 E6FE923A 		.ascii	"\346\376\222:r\006\271\025\307DZ@\012\024\301\312\251"
  75      7206B915 
  75      C7445A40 
  75      0A14C1CA 
  75      A9
  76 01ca BD617B2C 		.ascii	"\275a{,h\303q\270\003\2344\343\004\334\262\367\215\361"
  76      68C371B8 
  76      039C34E3 
  76      04DCB2F7 
  76      8DF1
  77 01dc 3E5A6A76 		.ascii	">Zjv\037L\244>lP\360m\254q\325?\274\3531\352[\231F\225"
  77      1F4CA43E 
  77      6C50F06D 
  77      AC71D53F 
  77      BCEB31EA 
  78 01f4 53BAF69F 		.ascii	"S\272\366\237.\355\365\304\211\223\242\255\345\011\350"
  78      2EEDF5C4 
  78      8993A2AD 
  78      E509E8
  79 0203 5B4AC077 		.ascii	"[J\300ww\026\220\200~\022\240\230\261\243\247\303\357"
  79      77169080 
ARM GAS  /tmp/cc2SFClU.s 			page 6


  79      7E12A098 
  79      B1A3A7C3 
  79      EF
  80 0214 73AAB343 		.ascii	"s\252\263C\006\035\030\200\333\274\324\357\005\277H"
  80      061D1880 
  80      DBBCD4EF 
  80      05BF48
  81 0223 1838F2D7 		.ascii	"\0308\362\327\274\236\221\0234\002\"\234H\220\356\336"
  81      BC9E9113 
  81      3402229C 
  81      4890EEDE 
  82 0233 CFBB9208 		.ascii	"\317\273\222\010\022\220\220$\374\200\014\0232hB\366"
  82      12909024 
  82      FC800C13 
  82      326842F6 
  83 0243 8E5FDAAD 		.ascii	"\216_\332\255g(&d\025A\272\256Vw\332\343\220\273\360"
  83      67282664 
  83      1541BAAE 
  83      5677DAE3 
  83      90BBF0
  84 0256 631472CA 		.ascii	"c\024r\312\204T\377S\273M~\356w\343\030\303OH\013\362"
  84      8454FF53 
  84      BB4D7EEE 
  84      77E318C3 
  84      4F480BF2 
  85 026a 64699CA5 		.ascii	"di\234\245\343\235\366\011F\316\361\377qnh\331\316\235"
  85      E39DF609 
  85      46CEF1FF 
  85      716E68D9 
  85      CE9D
  86 027c BEB37329 		.ascii	"\276\263s)\030\226\316E`=\325\333\207\355qw\356\301"
  86      1896CE45 
  86      603DD5DB 
  86      87ED7177 
  86      EEC1
  87 028e CF51777E 		.ascii	"\317Qw~Y\266;g\242R\303\313v\347l\0242B\235.pC\213}"
  87      59B63B67 
  87      A252C3CB 
  87      76E76C14 
  87      32429D2E 
  88 02a6 FF966954 		.ascii	"\377\226iT\336\326\215\325\365t\2658\027q\343\335}\341"
  88      DED68DD5 
  88      F574B538 
  88      1771E3DD 
  88      7DE1
  89 02b8 0DE4EBBD 		.ascii	"\015\344\353\275x\003\243Dt\237$\322\343\303'\006\351"
  89      7803A344 
  89      749F24D2 
  89      E3C32706 
  89      E9
  90 02c9 DA54A0D9 		.ascii	"\332T\240\331Nd\002\020\012\267\237I\022N\225\213\204"
  90      4E640210 
  90      0AB79F49 
  90      124E958B 
  90      84
  91 02da A657C414 		.ascii	"\246W\304\024\247\212\2114G\220~0\202c_\307\335Z\203"
  91      A78A8934 
ARM GAS  /tmp/cc2SFClU.s 			page 7


  91      47907E30 
  91      82635FC7 
  91      DD5A83
  92 02ed 31E9964A 		.ascii	"1\351\226J\303\360+\334\013\347p\215\030\334\363\002"
  92      C3F02BDC 
  92      0BE7708D 
  92      18DCF302 
  93 02fd 25E9EBC7 		.ascii	"%\351\353\307\365\025\320\337\217\013\222\336B\364\343"
  93      F515D0DF 
  93      8F0B92DE 
  93      42F4E3
  94 030c 92FEC4DC 		.ascii	"\222\376\304\334\314\020\210>M\320_\214\3227\344\336"
  94      CC10883E 
  94      4DD05F8C 
  94      D237E4DE 
  95 031c 86DDB924 		.ascii	"\206\335\271$\367ZLHn\315\274\350\375Cm}\266Xp\035&"
  95      F75A4C48 
  95      6ECDBCE8 
  95      FD436D7D 
  95      B658701D 
  96 0331 694474AA 		.ascii	"iDt\252{i\261\254u\242\356\224Y\267\341\362G\025\011"
  96      7B69B1AC 
  96      75A2EE94 
  96      59B7E1F2 
  96      471509
  97 0344 CB9215FC 		.ascii	"\313\222\025\374b\317\230#\306\256\342\262,m%\372+p"
  97      62CF9823 
  97      C6AEE2B2 
  97      2C6D25FA 
  97      2B70
  98 0356 37728729 		.ascii	"7r\207)c\327\212.!\035\277I:\033\321M/\3566]t;\023u"
  98      63D78A2E 
  98      211DBF49 
  98      3A1BD14D 
  98      2FEE365D 
  99 036e A9B12279 		.ascii	"\251\261\"yE\364\263\222\336N\364s\342\363\217\361\005"
  99      45F4B392 
  99      DE4EF473 
  99      E2F38FF1 
  99      05
 100 037f C757C2F7 		.ascii	"\307W\302\367\000\256J\276\204[\214o\332/\246\323\211"
 100      00AE4ABE 
 100      845B8C6F 
 100      DA2FA6D3 
 100      89
 101 0390 DFC97A07 		.ascii	"\337\311z\007U\273\266X\214S\210\371#Z\274u<eE\305\377"
 101      55BBB658 
 101      8C5388F9 
 101      235ABC75 
 101      3C6545C5 
 102 03a5 5CAA783A 		.ascii	"\\\252x:\256S\361D*>\037\221:\013\177S\333[\\\216\032"
 102      AE53F144 
 102      2A3E1F91 
 102      3A0B7F53 
 102      DB5B5C8E 
 103 03ba 3D351CF1 		.ascii	"=5\034\361\1771\306\236p\275\\T\350u\025\347\227\272"
 103      7F31C69E 
ARM GAS  /tmp/cc2SFClU.s 			page 8


 103      70BD5C54 
 103      E87515E7 
 103      97BA
 104 03cc B29FDFB4 		.ascii	"\262\237\337\2649'{\343&W\366s\3719E\217f\027\027\373"
 104      39277BE3 
 104      2657F673 
 104      F939458F 
 104      661717FB 
 105 03e0 5C85F979 		.ascii	"\\\205\371yy\005\336\327<%^WY\316\013._I\256\253\254"
 105      7905DED7 
 105      3C255E57 
 105      59CE0B2E 
 105      5F49AEAB 
 106 03f5 A47473A1 		.ascii	"\244ts\241\327\347\363l\361n\310ezd\251\027{^/(\362"
 106      D7E7F36C 
 106      F16EC865 
 106      7A64A917 
 106      7B5E2F28 
 107 040a E4AD5DEF 		.ascii	"\344\255]\357{h}Y\326\343NO\221\357\351\027\267d\373"
 107      7B687D59 
 107      D6E34E4F 
 107      91EFE917 
 107      B764FB
 108 041d 7CDE9252 		.ascii	"|\336\222R\347K\236\374\002o\036\373\027\201f\276\215"
 108      E74B9EFC 
 108      026F1EFB 
 108      178166BE 
 108      8D
 109              		.text
 110              		.section	.gnu.lto_.symbol_nodes.e74a235986fb3051,"e",%progbits
 111 0000 789CE360 		.ascii	"x\234\343``d\250d\000\002\246\233L\365\014\015@\300"
 111      6064A864 
 111      0002A69B 
 111      4CF50C0D 
 111      40C0
 112 0012 C238E11C 		.ascii	"\3028\341\034\003C=\003\303\256\006G\240$\020\260\336"
 112      03433D03 
 112      C3AE0647 
 112      A02410B0 
 112      DE
 113 0023 62625000 		.ascii	"bbP\000\322\214w\230\352\031\377C\201<X\031\003P\213"
 113      D28C7798 
 113      EA19FF43 
 113      813C5819 
 113      03508B
 114 0036 0350E636 		.ascii	"\003P\3466S=\023V\031f\006\346\246ksL\030[\030\201\254"
 114      533D1356 
 114      196606E6 
 114      A66B734C 
 114      185B1881 
 115 004b 8D13363C 		.ascii	"\215\0236<e`\\\002d2m~vf&#\343\021F\006\000\3776*h"
 115      65605C02 
 115      64326D7E 
 115      76662623 
 115      E3114606 
 116              		.text
 117              		.section	.gnu.lto_.refs.e74a235986fb3051,"e",%progbits
ARM GAS  /tmp/cc2SFClU.s 			page 9


 118 0000 789CE360 		.ascii	"x\234\343``d\340a```f``dbbdabde\000\000\002\000\000"
 118      6064E061 
 118      60606066 
 118      60606462 
 118      62646162 
 119 001b 2B       		.ascii	"+"
 120              		.text
 121              		.section	.gnu.lto_.decls.e74a235986fb3051,"e",%progbits
 122 0000 789C9D3A 		.ascii	"x\234\235:iTT\351\225\365\325WT\025\005U\330b:=c\237"
 122      695454E9 
 122      95F5D557 
 122      54150555 
 122      D8623A3D 
 123 0016 9C4C8E49 		.ascii	"\234L\216I:\347L7\235\351>\223\344dN2===\323=\223N\347"
 123      3AE74C37 
 123      9DE93E93 
 123      E4644E32 
 123      3D3D3DD3 
 124 002e 74F7CC9C 		.ascii	"t\367\314\234\344\307\020\032J\2514[\252\012\333\316"
 124      E4C7101A 
 124      4AA9345B 
 124      AA0ADBCE 
 125 003e 9F14B228 		.ascii	"\237\024\262(*\210\212\262\357\310\216\200\262\357\012"
 125      2A888AB2 
 125      EFC88E80 
 125      B2EF0A
 126 004d B22AE086 		.ascii	"\262*\340\206,\212\200\210\240\002\"\202\200\002s\277"
 126      2C8A8088 
 126      A0022282 
 126      800273BF 
 127 005d A5A8F7A8 		.ascii	"\245\250\367\250W\2463t\177\276w\337\273\367~w\373\356"
 127      57A63374 
 127      7FBE77DF 
 127      BBF77E77 
 127      FBEE
 128 006f 77BF5B4F 		.ascii	"w\277[O-C\262\252\177\220\311FU2\331\347H&\333\200?"
 128      2D43B2AA 
 128      7F90C946 
 128      5532D9E7 
 128      4826DB80 
 129 0084 B94C26BB 		.ascii	"\271L&\273\002C\003c\001\306\036\030J\030\012x\357\004"
 129      02430363 
 129      01C61E18 
 129      4A180A78 
 129      EF04
 130 0096 4307C31D 		.ascii	"C\007\303\035\306\357\340\231\012\220\023\341\036\303"
 130      C6EFE099 
 130      0A9013E1 
 130      1EC3
 131 00a4 FD8FE0FE 		.ascii	"\375\217\340\376\015\030\0129\203\337\205\353?\301\370"
 131      0D180A39 
 131      83DF85EB 
 131      3FC1F8
 132 00b3 0006A0C8 		.ascii	"\000\006\240\310>\"\214\005\177\006\205L\366wp\365\205"
 132      3E228C05 
 132      7F06854C 
 132      F67770F5 
ARM GAS  /tmp/cc2SFClU.s 			page 10


 132      85
 133 00c4 B11DC60E 		.ascii	"\261\035\306\016\301|y@\360\037\200\377\241\234\315"
 133      C17C7940 
 133      F01F80FF 
 133      A19CCD
 134 00d3 5100F07F 		.ascii	"Q\000\360\177\362\271~%g2|,gr\374Z\316d\371W\271M\306"
 134      F2B97E25 
 134      67327C2C 
 134      6772FC5A 
 134      CE64F957 
 135 00ea 4FE44CE6 		.ascii	"O\344L\346\237\303\365\011\\\177\003\327\233p\375-\214"
 135      9FC3F509 
 135      5C7F03D7 
 135      9B70FD2D 
 135      8C
 136 00fb EB30FA60 		.ascii	"\3530\372`\264\301\230\2021\006C'c\262;q\371\211.\017"
 136      B4C19882 
 136      31064327 
 136      63B23B71 
 136      F9892E0F 
 137 010f E0D91C8C 		.ascii	"\340\331\034\214G\334\036\017a<\2061\013c\032\306=\030"
 137      47DC1E0F 
 137      613C8631 
 137      0B631AC6 
 137      3D18
 138 0121 13329BAE 		.ascii	"\0232\233\256\037p}\245t\215\303hd\177\312\262k4F\333"
 138      1F707DA5 
 138      748DC368 
 138      647FCAB2 
 138      6B3446DB 
 139 0135 35480160 		.ascii	"5H\001`lWy\247\006\300\035\032\364]\001\270\235\201"
 139      6C5779A7 
 139      06C01D1A 
 139      F45D01B8 
 139      9D81
 140 0147 1937FAF6 		.ascii	"\0317\372\366#\006n\003\260x\343~\222\033C\266 \002"
 140      23066E03 
 140      B078E37E 
 140      921B43B6 
 140      2002
 141 0159 571E4952 		.ascii	"W\036IR\261\327\257\001xv\340\364m7,Gd\232\372\210\265"
 141      B1D7AF01 
 141      7876E0F4 
 141      6D372C47 
 141      649AFA88 
 142 016e 46F2EAB7 		.ascii	"F\362\352\267\032D\234\351\006\217\332\347f\256#\366"
 142      1A449CE9 
 142      068FDAE7 
 142      66AE23F6 
 143 017e 88602476 		.ascii	"\210`$v$\307\270\340W\351\375\231\244k\213:\217b\013"
 143      24C7B8E0 
 143      57E9FD99 
 143      A46B8B3A 
 143      8F620B
 144 0191 FB531763 		.ascii	"\373S\027c\031jA\330&t\366\312\\\225+\376_\212{c.\356"
 144      196A41D8 
 144      2674F6CA 
ARM GAS  /tmp/cc2SFClU.s 			page 11


 144      5C952BFE 
 144      5F8A7B63 
 145 01a7 805C73D0 		.ascii	"\200\\s\320b\331oI\017\2658\177(Cuh'\252E;e\350\"\242"
 145      62D96F49 
 145      0FB5387F 
 145      28437568 
 145      27AA453B 
 146 01bf DC5B9107 		.ascii	"\334[\221\007\272\000\317\316\3033 \310\014\271\321"
 146      BA00CFCE 
 146      C33320C8 
 146      0CB9D1
 147 01ce ADC57A26 		.ascii	"\255\305z&\326R|\236\033\376\003\275o\3328\325\244`"
 147      D6527C9E 
 147      1BFE03BD 
 147      6FDA38D5 
 147      A460
 148 01e0 D2AB013C 		.ascii	"\322\253\001<Yp\376\205+S\256\231\274\216l>\324\252"
 148      5970FE85 
 148      2B53AE99 
 148      BC8E6C3E 
 148      D4AA
 149 01f2 C1468A1A 		.ascii	"\301F\212\032\027\027wN\215\277\242\367Es\213uD\263"
 149      1717774E 
 149      8DBFA2F7 
 149      45738B75 
 149      44B3
 150 0204 3734E8CF 		.ascii	"74\350\317\002\255\336`Z\035\010\313;\352\202\303\021"
 150      02ADDE60 
 150      5A1D08CB 
 150      3BEA82C3 
 150      11
 151 0215 05466323 		.ascii	"\005Fc#[\224L\324\322P\313+!?\226\241.\220\253\223\310"
 151      5B944CD4 
 151      D250CB2B 
 151      213F96A1 
 151      2E90AB93 
 152 022a DA8B280D 		.ascii	"\332\213(\015\221\265\007\236]\246\262\312\233\312\016"
 152      91B5079E 
 152      5DA6B2CA 
 152      9BCA0E
 153 0239 2629D12E 		.ascii	"&)\321.\367LB\323\374,\377\335\272\352G\026\313\270"
 153      F74C42D3 
 153      FC2CFFDD 
 153      BAEA4716 
 153      CBB8
 154 024b 05A33EA4 		.ascii	"\005\243>\244A\335@s\025\271o2\221!\017\362\317\217"
 154      41DD4073 
 154      15B96F32 
 154      91210FF2 
 154      CF8F
 155 025d E19F63C4 		.ascii	"\341\237c\304p0\211\005\275&\230\344\022' \263\\A\273"
 155      70308905 
 155      BD2698E4 
 155      122720B3 
 155      5C41BB
 156 0270 B83543E6 		.ascii	"\2705C\346n\375=\316g\"\246^\215\271\353\344.M}M\222"
 156      6EFD3DCE 
ARM GAS  /tmp/cc2SFClU.s 			page 12


 156      6722A65E 
 156      8DB9EBE4 
 156      2E4D7D4D 
 157 0285 BA3237EA 		.ascii	"\27227\352\001\306\225\214|~#wL\211k\030P~\263\242Q"
 157      01C6958C 
 157      7C7E2377 
 157      4C896B18 
 157      507EB3A2 
 158 029a 27ED997E 		.ascii	"'\355\231~I\317\304\334Z\251w\301\235\214\372\366\371"
 158      49CFC4DC 
 158      5AA977C1 
 158      9D8CFAF6 
 158      F9
 159 02ab 964239EE 		.ascii	"\226B9\356a@\311\344\370\242\202\211E\376\020\011f\031"
 159      6140C9E4 
 159      F8A28289 
 159      45FE1009 
 159      6619
 160 02bd 1A042E43 		.ascii	"\032\004.CL .Lh\305z1r=\2649%}m\235U\206\206\221+\303"
 160      4C202E4C 
 160      68C57A31 
 160      723DB439 
 160      257D6D9D 
 161 02d7 6BA91A9E 		.ascii	"k\251\032\236\2263_\277M\302\274b\260\237G\275\005\003"
 161      96335FBF 
 161      4DC2BC62 
 161      B09F47BD 
 161      0503
 162 02e9 DC53B6BA 		.ascii	"\334S\266\272\340\212\207\330\334\027\026\022J\235\361"
 162      E08A87D8 
 162      DC171612 
 162      4A9DF1
 163 02f8 04031ECF 		.ascii	"\004\003\036\317_\216t\302\363\014\270\224\025\321\256"
 163      5F8E74C2 
 163      F30CB894 
 163      15D1AE
 164 0307 73E0CF51 		.ascii	"s\340\317Q)\177\242\243\013\027\177\203\017\262%1\321"
 164      297FA2A3 
 164      0B177F83 
 164      0FB22531 
 164      D1
 165 0318 1B5EE38A 		.ascii	"\033^\343\2123)\200\327\226\212k5h\227\325\323wz\336"
 165      332980D7 
 165      968A6B35 
 165      6897D5D3 
 165      777ADE
 166 032b 4E2C9FB2 		.ascii	"N,\237\262X\216\277\206\332\300\321w\201\331\244H\023"
 166      588EBF86 
 166      DAC0D177 
 166      81D9A448 
 166      13
 167 033c E66EE269 		.ascii	"\346n\342iF\260\224\260\343\\\250\345`\250+\032\003"
 167      46B094B0 
 167      E35CA8E5 
 167      60A82B1A 
 167      03
 168 034d FC3B1CDF 		.ascii	"\374;\034\337Q`\304X\230k\033\341}\003\221v\234\023"
ARM GAS  /tmp/cc2SFClU.s 			page 13


 168      5160C458 
 168      986B1BE1 
 168      7D039176 
 168      9C13
 169 035f 1071EFA1 		.ascii	"\020q\357\241]hb\323\275\2159\255\037\342\005&\361s"
 169      5D6862D3 
 169      BD8D39AD 
 169      1FE20526 
 169      F173
 170 0371 4BCE3E77 		.ascii	"K\316>wi\006\367\0351P\347<Z\317&\232\201n02\011us\177"
 170      6906F71D 
 170      3150E73C 
 170      5ACF269A 
 170      816E3032 
 171 0389 FE774E58 		.ascii	"\376wNX\250\264S@3\002\2643p\2652\223\241\372\255\332"
 171      A8B45340 
 171      3302B433 
 171      70B53293 
 171      A1FAADDA 
 172 039d 257F2733 		.ascii	"%\177'3\324\322\361{\342@4\300\321m\306\360\020c\367"
 172      D4D2F17B 
 172      E24034C0 
 172      D16DC6F0 
 172      1063F7
 173 03b0 A76DCFA0 		.ascii	"\247m\317\240\330{\\Q\207\035r\203\2207\3102\233\272"
 173      D87B5C51 
 173      871D7283 
 173      9037C832 
 173      9BBA
 174 03c2 ED2CB3DC 		.ascii	"\355,\263\334u\300\353\346\3706\313\331,-\322\3746 "
 174      75C0EBE6 
 174      F836CBD9 
 174      2C2DD2FC 
 174      3620
 175 03d4 DC229A0F 		.ascii	"\334\"\232\017r\012\242\371\003\320|\016\306#\030\017"
 175      720AA2F9 
 175      03D07C0E 
 175      C623180F 
 176 03e4 613C8631 		.ascii	"a<\2061\013c\232Y\203\2117\231\267\203\211G<\333l'_"
 176      0B639A59 
 176      83893799 
 176      B7838947 
 176      3CDB6C27 
 177 03f9 D356DD53 		.ascii	"\323V\335S^e\272\337\004\364\033\322\272\327\241M\364"
 177      5E65BADF 
 177      04F41BD2 
 177      BAD7A14D 
 177      F4
 178 040a F53401F7 		.ascii	"\3654\001\367v\007\332S|ph\304Dv\215\012\037\305\324"
 178      7607DA53 
 178      7C7068C4 
 178      44768D0A 
 178      1FC5D4
 179 041d BBF1970E 		.ascii	"\273\361\227\016\337tr\227Vr\376\233+\011\234\3667\336"
 179      DF747297 
 179      5672FE9B 
 179      2B099CF6 
ARM GAS  /tmp/cc2SFClU.s 			page 14


 179      37DE
 180 042f 5D7615AE 		.ascii	"]v\025\256\302'\"\031\026\350*$\027\300=\266\221}\335"
 180      C2272219 
 180      16E82A24 
 180      17C03DB6 
 180      917DDD
 181 0442 19A73011 		.ascii	"\031\2470\021*\032\262\263\2248\203\001E\267[\217\252"
 181      2A1AB2B3 
 181      94388301 
 181      45B75B8F 
 181      AA
 182 0453 EDD6FC22 		.ascii	"\355\326\374\"H\262$Z\363\245\255i\265\233xa\216\361"
 182      48B2245A 
 182      F3A5AD69 
 182      B59B7861 
 182      8EF1
 183 0465 8E4CA566 		.ascii	"\216L\245fh\205R=\023I\265l\315\015\375\371\243\321"
 183      6885523D 
 183      1349B56C 
 183      CD0DFDF9 
 183      A3D1
 184 0477 AEB8840B 		.ascii	"\256\270\204\013q\253eD\211\353\030P\371\264<\307\011"
 184      71AB6544 
 184      89EB1850 
 184      F9B43CC7 
 184      09
 185 0488 B73060F5 		.ascii	"\2670`\365\354\361Qg;\361\236\303\264/D\323F\227U?w"
 185      ECF15167 
 185      3BF19EC3 
 185      B42F44D3 
 185      4697553F 
 186 049d C65718D1 		.ascii	"\306W\030\321r\366\254EiG\264fG\364<\265\270F$\353\272"
 186      72F6AC45 
 186      6947B466 
 186      47F43CB5 
 186      B84624EB 
 187 04b2 48D60D2E 		.ascii	"H\326\015.+\256-\254\356v\205\375a\027\337 \236\277"
 187      2BAE2DAC 
 187      EE7685FD 
 187      6117DF20 
 187      9EBF
 188 04c4 5DBCCED2 		.ascii	"]\274\316\322\006\250\203\236\002\337\020\271\344J\261"
 188      06A8839E 
 188      02DF10B9 
 188      E44AB1
 189 04d3 B9592148 		.ascii	"\271Y!HZ+\234\200\270\331\"\337\205\366\313\005q;[\254"
 189      5A2B9C80 
 189      B8D922DF 
 189      85F6CB05 
 189      713B5BAC 
 190 04e7 4CB43487 		.ascii	"L\2644\207)\311\354hU\232\2655\260N\034xX\345\202\327"
 190      29C9EC68 
 190      559AB535 
 190      B04E1C78 
 190      58E582D7 
 191 04fb 98D2B786 		.ascii	"\230\322\267\206\007G\260\273\364\214\241r\311\031Q"
 191      0747B0BB 
ARM GAS  /tmp/cc2SFClU.s 			page 15


 191      F48CA172 
 191      C91951
 192 050a 98DC1D28 		.ascii	"\230\334\035(\243\2364D\272\011\315\020&\2322\\N\003"
 192      A39E3444 
 192      BA09CD10 
 192      269A325C 
 192      4E03
 193 051c 092E249D 		.ascii	"\011.$\235\346t}\3152\372N\200\206\373N\036s&\251\331"
 193      E6747DCD 
 193      32FA4E80 
 193      86FB4E1E 
 193      7326A9D9 
 194 0530 C229E1B9 		.ascii	"\302)\341\271\215\020\012\006\"0\212\220\323\254|?\342"
 194      8D100A06 
 194      22308A90 
 194      D3AC7C3F 
 194      E2
 195 0541 D23AAF5B 		.ascii	"\322:\257[^'i\375\305\371F\276\363\217\222\262\346\306"
 195      5E2769FD 
 195      C5F946BE 
 195      F38F92B2 
 195      E6C6
 196 0553 72C3AA2B 		.ascii	"r\303\252+>\250\240\211:\344\320\352 F\232\235\010\230"
 196      3EA8A089 
 196      3AE4D0EA 
 196      20469A9D 
 196      0898
 197 0565 219AFA2D 		.ascii	"!\232\372-Y\026\014k\345\235\235\350mP\350\020(t\230"
 197      59160C6B 
 197      E59D9DE8 
 197      6D50E810 
 197      287498
 198 0578 B03F22DF 		.ascii	"\260?\"\337\211\242\200\177\202EM\037$X\000\373\361"
 198      89A2807F 
 198      82454D1F 
 198      245800FB 
 198      F1
 199 0589 9FE93D30 		.ascii	"\237\351=0\2756\327\277\240\330\036\303\215\362\317"
 199      BD36D7BF 
 199      A0D81EC3 
 199      8DF2CF
 200 0598 883C4791 		.ascii	"\210<G\221@sPN$\214\226ogb\262{ \230ZxT\340\304\204"
 200      4073504E 
 200      248C966F 
 200      6762B27B 
 200      20985A78 
 201 05b0 FC058079 		.ascii	"\374\005\200ym1\235\032\207\012\306p\005\2172\005/\325"
 201      6D319D1A 
 201      870AC670 
 201      058F3205 
 201      2FD5
 202 05c2 44E7AA19 		.ascii	"D\347\252\031\355/\001\354\276\374bQ\301\024\\&\333"
 202      ED2F01EC 
 202      BEFC6251 
 202      C1145C26 
 202      DB
 203 05d3 DD72FBDD 		.ascii	"\335r\373\335O\267\212r\034D9FE9AD\211a\242\234\240"
ARM GAS  /tmp/cc2SFClU.s 			page 16


 203      4FB78A72 
 203      1C443946 
 203      45394144 
 203      8961A29C 
 204 05e8 A22CD6CC 		.ascii	"\242,\326\314\364)\031\273\203Z\200;/L\256\363\312\351"
 204      F42919BB 
 204      835A803B 
 204      2F4CAEF3 
 204      CAE9
 205 05fa 1699AE35 		.ascii	"\026\231\2565\356t\20637\240\023\300\275\275\371\213"
 205      EE748633 
 205      37A013C0 
 205      BDBDF98B 
 206 060a BC8A3CE8 		.ascii	"\274\212<\350\002pA\335t<\337}-rR\200\014\0359\255\342"
 206      027041DD 
 206      743CDF7D 
 206      2D725280 
 206      0C1D39AD 
 207 061f DB2FA92B 		.ascii	"\333/\251+s\303\352\006\235q\02458j\036\215Z\301\014"
 207      73C3EA06 
 207      9D711435 
 207      386A1E8D 
 207      5AC10C
 208 0632 798378A3 		.ascii	"y\203x\243\277\367y\206\302\241\342\311\\\361$\246\370"
 208      BFF77986 
 208      C2A1E2C9 
 208      5CF124A6 
 208      F8
 209 0643 CCA1B538 		.ascii	"\314\241\2658\267\255\252%\200j\361T\265\024\242Z2U"
 209      B7ADAA25 
 209      806AF154 
 209      B514A25A 
 209      3255
 210 0655 8D547807 		.ascii	"\215Tx\007J\366\261\211\2525d\265\307TEp\255\372\310"
 210      4AF6B189 
 210      AA3564B5 
 210      C7544570 
 210      ADFAC8
 211 0668 EBDE478D 		.ascii	"\353\336G\215\341N\\J\242U\307\331\2244\025\216eR^9"
 211      E14E5C4A 
 211      A255C7D9 
 211      9434158E 
 211      65525E39 
 212 067c 3174C799 		.ascii	"1t\307\231!\377\224\204\374\306\314\204\216\201;\000"
 212      21FF9484 
 212      FCC6CC84 
 212      8E813B00 
 213 068c 9C6E4B9A 		.ascii	"\234nK\232\3242\322t\242\303\203c\335\265Z\234\304H"
 213      D432D274 
 213      A2C38363 
 213      DDB55A9C 
 213      C448
 214 069e 4F264EBE 		.ascii	"O&N\276\206s\025\2422\371\207\366e\362\017YAY\030y\355"
 214      867315A2 
 214      32F987F6 
 214      65F20F59 
 214      41591879 
ARM GAS  /tmp/cc2SFClU.s 			page 17


 215 06b3 6B5CCCB0 		.ascii	"k\\\314\2603K\372\313\234\244\013\254|9\245 \313*\017"
 215      334BFACB 
 215      9CA40BAC 
 215      7C39A520 
 215      CB2A0F
 216 06c6 D4CD65E6 		.ascii	"\324\315e\346H\310]\353\203\244\301\250\333\216\206"
 216      48C85DEB 
 216      83A4C1A8 
 216      DB8E86
 217 06d5 1DD1E0F3 		.ascii	"\035\321\340\363\014\030\\\310\251v\221fU$\311\252a"
 217      0C185CC8 
 217      A9769166 
 217      5524C9AA 
 217      61
 218 06e6 A9FEA20E 		.ascii	"\251\376\242\016_f\324\017'\013\373\345\270\237\001"
 218      5F66D40F 
 218      270BFBE5 
 218      B89F01
 219 06f5 6107123A 		.ascii	"a\007\022:\345v9\256\004\270\224\312\2059\356\334F~"
 219      E57639AE 
 219      04B894CA 
 219      8539EEDC 
 219      467E
 220 0707 04C6A39C 		.ascii	"\004\306\243\234h1m\311\311\216\250\314\216\350T\341"
 220      68316DC9 
 220      C98EA8CC 
 220      8EE854E1 
 221 0717 E514B530 		.ascii	"\345\024\2650#\234\025e\204sr\236\304\313b\257l(\361"
 221      239C1565 
 221      8473729E 
 221      C4CB62AF 
 221      6C28F1
 222 072a 3463BE7C 		.ascii	"4c\276|;\373\262}\252.\007\346\025\"\346\275e\327Bt"
 222      3BFBB27D 
 222      AA2E07E6 
 222      1522E6BD 
 222      65D74274 
 223 073e 78991115 		.ascii	"x\231\021\025w\336\030\305vD\225vDek\325\375\242\034"
 223      77DE18C5 
 223      76449576 
 223      44656BD5 
 223      FDA21C
 224 0751 552592A8 		.ascii	"U%\222\250\332*Q\306\211\204\323\2568\322\2110W\306"
 224      DA2A51C6 
 224      8984D3AE 
 224      38D28930 
 224      57C6
 225 0763 3E9EEE91 		.ascii	">\236\356\221#R\020\355\332%J\214\331`\341,\2600\225"
 225      235210ED 
 225      DA254A8C 
 225      D960E12C 
 225      B03095
 226 0776 AE9627C6 		.ascii	"\256\226'\306\006H\214\2150\352a\324\301h\022\246\345"
 226      06488C8D 
 226      30EA61D4 
 226      C16812A6 
 226      E5
ARM GAS  /tmp/cc2SFClU.s 			page 18


 227 0787 F6021C99 		.ascii	"\366\002\034\231\025\035eI\337\017\013\013\242;\207"
 227      151D6549 
 227      DF0F0B0B 
 227      A23B87
 228 0796 136EAD15 		.ascii	"\023n\255\025\0055\302j.\266d\277\215\212\001\273\320"
 228      0535C26A 
 228      2EB664BF 
 228      8D8A01BB 
 228      D0
 229 07a7 01B6A09A 		.ascii	"\001\266\240\232\312U\261\264\017\232\320\332\253Vz"
 229      CA55B1B4 
 229      0F9AD0DA 
 229      AB567A
 230 07b6 4761D80F 		.ascii	"Ga\330\017\030k\360\003:c\307zk\2552\022\277=\213\326"
 230      186BF003 
 230      3A63C77A 
 230      6BAD3212 
 230      BF3D8BD6 
 231 07ca 2A44EE1A 		.ascii	"*D\356\032;t"
 231      3B74
 232 07d0 5BA54656 		.ascii	"[\245FVcq\342>wiSU\376eS\221\034X\236<\256\303M\324"
 232      6371E23E 
 232      77695355 
 232      FE655391 
 232      1C589E3C 
 233 07e8 FEA8657A 		.ascii	"\376\250ez\342\240\006wR@\376$o\251A\276y\310\032I\330"
 233      E2A00677 
 233      5240FE24 
 233      6FA941BE 
 233      79C81A49 
 234 07fd C184B2EA 		.ascii	"\301\204\262\352\333\372\222\0354=\224\311\262\271X"
 234      DBFA921D 
 234      343D94C9 
 234      B2B958
 235 080c 2EC81901 		.ascii	".\310\031\001\221\245es\356\341\325\213\373\335p?\233"
 235      91A56573 
 235      EEE1D58B 
 235      FBDD703F 
 235      9B
 236 081d 3B2CE35C 		.ascii	";,\343\\\221\312]\232\374\242$\371h\326R5\302\367\030"
 236      91CA5D9A 
 236      FCA224F9 
 236      68D65235 
 236      C2F718
 237 0830 F9BDCC47 		.ascii	"\371\275\314G\337b\231\345\015\262\362\012\206\256\353"
 237      DF6299E5 
 237      0DB2F20A 
 237      86AEEB
 238 083f F043F6EA 		.ascii	"\360C\366\352L\321\363R\015\351\023\220\3127XA\263g"
 238      4CD1F352 
 238      0DE91390 
 238      CA375841 
 238      B367
 239 0851 79ED3957 		.ascii	"y\3559W\374\224\275\217\032\315.\262_\007\3350\347%"
 239      FC94BD8F 
 239      1ACD2EB2 
 239      5F07DD30 
ARM GAS  /tmp/cc2SFClU.s 			page 19


 239      E725
 240 0863 5148373F 		.ascii	"QH7?\257\036v\305\341JJt\356`\375\250\253\035\321e;"
 240      AF1E76C5 
 240      E14A4A74 
 240      EE60FDA8 
 240      AB1DD165 
 241 0878 A2DE9BF5 		.ascii	"\242\336\233\365\327\235\205\353\240Gd\267^\353:\270"
 241      D79D85EB 
 241      A04764B7 
 241      5EEB3AB8 
 242 0888 5DD99DAB 		.ascii	"]\331\235\253\245B\302#\324%\247bF\\\214\251\3232\255"
 242      A542C223 
 242      D425A762 
 242      465C8CA9 
 242      D332AD
 243 089b E4823EC3 		.ascii	"\344\202>\303\016\326gH\356/\351R\177\373$u~\250e\233"
 243      0ED66748 
 243      EE2FE952 
 243      7FFB2475 
 243      7EA8659B 
 244 08af 1CF9BE8A 		.ascii	"\034\371\276\212\256\202\367\257\320$~M\376m\031\352"
 244      AE82F7AF 
 244      D0247E4D 
 244      FE6D19EA 
 245 08bf 033E947D 		.ascii	"\003>\224}\327\213\027\251\012\241\030\360Z \306u\230"
 245      D78B17A9 
 245      0AA118F0 
 245      5A20C675 
 245      98
 246 08d0 93CA4CB6 		.ascii	"\223\312L\266\320\252\330B\027|\222\251\371\254\247"
 246      D0AAD842 
 246      177C92A9 
 246      F9ACA7
 247 08df 7BCA211D 		.ascii	"{\312!\035\272\001\352\012Io\207\327\266\252q*#\355"
 247      BA01EA0A 
 247      496F87D7 
 247      B6AA712A 
 247      23ED
 248 08f1 1AAFFC02 		.ascii	"\032\257\374\002\347\262\373\311\263\241\371j\007G\302"
 248      E7B2FBC9 
 248      B3A1F96A 
 248      0747C2
 249 0900 01B9D491 		.ascii	"\001\271\324\221\260|8\257\316\005\3272\362\316\214"
 249      B07C38AF 
 249      CE05D732 
 249      F2CE8C
 250 090f 92592D6E 		.ascii	"\222Y-nc\300\315\276g\335\256\016\316\342\303r\251\263"
 250      63C0CDBE 
 250      67DDAE0E 
 250      CEE2C372 
 250      A9B3
 251 0921 7857DF93 		.ascii	"xW\337\223\307\326\236\005\331g\236\266\316C\355\331"
 251      C7D69E05 
 251      D9679EB6 
 251      CE43EDD9 
 252 0931 CFD815A7 		.ascii	"\317\330\025\247/\244`<\310\200\261\242\013\221J|\233"
 252      2FA4603C 
ARM GAS  /tmp/cc2SFClU.s 			page 20


 252      C880B1A2 
 252      0B914A7C 
 252      9B
 253 0942 01F98BD1 		.ascii	"\001\371\213\321I|\177&\225T\355\215\356L\035\337\276"
 253      497C7F26 
 253      9554ED8D 
 253      EE4C1DDF 
 253      BE
 254 0953 C9EB4743 		.ascii	"\311\353GC\207\253\020\036g\270\351\027\306\336\304"
 254      87AB101E 
 254      67B8E917 
 254      C6DEC4
 255 0962 53EC3E62 		.ascii	"S\354>b\242x\015\343\031\006\264]\355\2042\177k\234"
 255      A2780DE3 
 255      1906B45D 
 255      ED84327F 
 255      6B9C
 256 0974 DC033927 		.ascii	"\334\0039'Eq\022\331x\306\017?\347\261\365\240\252\335"
 256      457112D9 
 256      78C60F3F 
 256      E7B1F5A0 
 256      AADD
 257 0986 BE1CBE6F 		.ascii	"\276\034\276oG3Z\361\"Qt\254\237\022\305\326\2645\266"
 257      47335AF1 
 257      225174AC 
 257      9F12C5D6 
 257      B435B6
 258 0999 A63A96EE 		.ascii	"\246:\226\356\251\361a\025e\276\324\031W\250\305\307"
 258      A9F16115 
 258      65BED419 
 258      57A8C5C7 
 259 09a9 1870E4F0 		.ascii	"\030p\344\360X\266Jz\177{(\265\277):R\307~A\316\343"
 259      58B64A7A 
 259      7F7B28B5 
 259      BF293A52 
 259      C77E41CE 
 260 09be BCB27EFE 		.ascii	"\274\262~\376\020\367\264DXb\316#2\033\232\000\232\271"
 260      10F7B444 
 260      5862CE23 
 260      321B9A00 
 260      9AB9
 261 09d0 97E6B6F5 		.ascii	"\227\346\266\365d\236\333\036An{`\207.u\252\204D0\016"
 261      649EDB1E 
 261      416E7B60 
 261      872E75AA 
 261      8444300E 
 262 09e4 028C919C 		.ascii	"\002\214\221\234v\217S\020\251\036C\036\233\2011+\252"
 262      768F5310 
 262      A91E431E 
 262      9B81312B 
 262      AA
 263 09f5 C693799A 		.ascii	"\306\223y\232\232\346iJB\034\236:\027\243\032n\273\272"
 263      9AE6694A 
 263      421C9E3A 
 263      17A31A6E 
 263      BBBA
 264 0a07 4BCF73DF 		.ascii	"K\317s\337\361<\244\252\251O\236\321\342\313\324\204"
ARM GAS  /tmp/cc2SFClU.s 			page 21


 264      F13CA4AA 
 264      A94F9ED1 
 264      E2CBD484 
 265 0a17 4EA76756 		.ascii	"N\247gVW\020\022\234\342\357\257\342\264\254\253\026"
 265      5710129C 
 265      E2EFAFE2 
 265      B4ACAB16 
 266 0a27 BAF3CC03 		.ascii	"\272\363\314\003\217\273\300\353)\\\255\314\035\035"
 266      8FBBC0EB 
 266      295CADCC 
 266      1D1D
 267 0a35 376EC37B 		.ascii	"7n\303{r\312\245\231\347)\237|\001&^\202\261\010\343"
 267      72CAA599 
 267      E7299F7C 
 267      01265E82 
 267      B108E3
 268 0a48 9950D1F5 		.ascii	"\231P\321\365\304\035\331\326\323\374\035N\340\3404"
 268      C41DD9D6 
 268      D3FC1D4E 
 268      E0E034
 269 0a57 4FB277E2 		.ascii	"O\262w\342v\206\335\017f\031\265C\267\333\012\207v\262"
 269      7686DD0F 
 269      6619B543 
 269      B7DB0A87 
 269      76B2
 270 0a69 CD8D78E9 		.ascii	"\315\215x\351\211\003\356\326CMit\302\025\255\273\264"
 270      8903EED6 
 270      434D6974 
 270      C215ADBB 
 270      B4
 271 0a7a 2A975FAE 		.ascii	"*\227_\256\012P\237^KZ\320\34205\015\307\214\336\006"
 271      0A509F5E 
 271      4B5AD0E2 
 271      30350DC7 
 271      8CDE06
 272 0a8d 28C4A229 		.ascii	"(\304\242)\240\274\\~\363\260}1 <~\257\000\367\347\326"
 272      A0BC5C7E 
 272      F3B07D31 
 272      203C7EAF 
 272      00F7E7D6 
 273 0aa1 5312DE85 		.ascii	"S\022\336\205^\000\3475\030\353066\215\005.yv\310\351"
 273      5E00E735 
 273      18EB3036 
 273      368D052E 
 273      7976C8E9 
 274 0ab5 CCDD2E28 		.ascii	"\314\335.(\006\216\274\215n\001\301\020'\264\2653\266"
 274      068EBC8D 
 274      6E01C110 
 274      27B4B533 
 274      B6
 275 0ac6 B6172693 		.ascii	"\266\027&\223^\347\355\217A0\301M;\374\255\255\230\236"
 275      5EE7ED8F 
 275      4130C14D 
 275      3BFCADAD 
 275      989E
 276 0ad8 E4D73236 		.ascii	"\344\32726\015\334\311\321m\026\353\220o\355\334\330"
 276      0DDCC9D1 
ARM GAS  /tmp/cc2SFClU.s 			page 22


 276      6D16EB90 
 276      6FEDDCD8 
 277 0ae8 7A31AB0E 		.ascii	"z1\253\016\260\255\356\000\371{\022_=n!\350\313\200"
 277      B0ADEE00 
 277      F97B125F 
 277      3D6E21E8 
 277      CB80
 278 0afa 37C2F1AD 		.ascii	"7\302\361\255F\026Guy\303z\205\033>\313\354yk\243\274"
 278      46164775 
 278      79C37A85 
 278      1B3ECBEC 
 278      796BA3BC 
 279 0b0e D251EF22 		.ascii	"\322Q\357\"\004\377E\343\221>\327\332j\233\03272vyY"
 279      04FF45E3 
 279      913ED7DA 
 279      6A9B1A37 
 279      32767959 
 280 0b22 0B4D583A 		.ascii	"\013MX:[\204b\211l\341TY\020\267\256\243\351\202\257"
 280      5B846289 
 280      6CE15459 
 280      10B7AEA3 
 280      E982AF
 281 0b35 8D9B894E 		.ascii	"\215\233\211N\267\317eGZ,\255!J\264\037\273\243vP\346"
 281      B7CF6547 
 281      5A2CAD21 
 281      4AB41FBB 
 281      A37650E6 
 282 0b49 005CAD62 		.ascii	"\000\\\255bm)\264\200d=\025\237\201\323d\244+j\006i"
 282      6D29B480 
 282      643D159F 
 282      81D364A4 
 282      2B6A0669 
 283 0b5d 4F737C6B 		.ascii	"Os|k\225#C\2316c\211\024M\007\2144\372\216\340\023\301"
 283      95234399 
 283      36638914 
 283      4D078C34 
 283      FA8EE013 
 284 0b72 0E8296E1 		.ascii	"\016\202\226\3410\"aD`\301ZjK\3015\345t\2120\314\232"
 284      30226144 
 284      60C15A6A 
 284      4BC135E5 
 284      748A30CC 
 285 0b87 498444BA 		.ascii	"I\204D\272\230#m\272T\\\304\320\333@\242\363\362\255"
 285      98236DBA 
 285      545CC4D0 
 285      DB40A2F3 
 285      F2AD
 286 0b99 E8997281 		.ascii	"\350\231r\201?\006,\323]\374P\227G\216O5\017\356\355"
 286      3F062CD3 
 286      5DFC5097 
 286      478E4F35 
 286      0FEEED
 287 0bac C5B3CC9E 		.ascii	"\305\263\314\236\341\361\013\025\316x\221\001\261\203"
 287      E1F10B15 
 287      CE789101 
 287      B183
 288 0bba 6DCD3ABB 		.ascii	"m\315:\273\244\177\004\354\032\205\205I\177.:<Ge\327"
ARM GAS  /tmp/cc2SFClU.s 			page 23


 288      A47F04EC 
 288      1A858549 
 288      7F2E3A3C 
 288      4765D7
 289 0bcd D7B1C7CB 		.ascii	"\327\261\307\313\210?\334(\332\271\243EB\036\305|s\030"
 289      883FDC28 
 289      DAB9A345 
 289      421EC57C 
 289      7318
 290 0bdf 1B2F0993 		.ascii	"\033/\011\223\343\003\316T\210\272\326\360J->\305\200"
 290      E303CE54 
 290      88BAD6F0 
 290      4A2D3EC5 
 290      80
 291 0bf0 F4A4811A 		.ascii	"\364\244\201\032\215\235D\307`\246\343b\211ZRrT8\227"
 291      8D9D44C7 
 291      60A6E362 
 291      895A5272 
 291      543897
 292 0c03 11DD499B 		.ascii	"\021\335I\233\212\262\337\273N\330\021\225\237\255\210"
 292      8AB2DFBB 
 292      4ED81195 
 292      9FAD88
 293 0c12 11D545B1 		.ascii	"\021\325E\261\"\361Nr\361pt\334\332\2743\311\002\322"
 293      22F14E72 
 293      F17074DC 
 293      DABC33C9 
 293      02D2
 294 0c24 8D921860 		.ascii	"\215\222\030`|\212\3737\036\374\032'\362\3532o\315\000"
 294      7C8AFB37 
 294      1EFC1A27 
 294      F2EB326F 
 294      CD00
 295 0c36 37DA9A39 		.ascii	"7\332\2329e\357V\341\3364\367*K\222`\033\332$\222@\347"
 295      65EF56E1 
 295      DE34F72A 
 295      4B92601B 
 295      DA249240 
 296 0c4b 5E9D1BDC 		.ascii	"^\235\033\334\337\354\206\253\230\312M\375\347\356)"
 296      DFEC86AB 
 296      98CA4DFD 
 296      E7EE29
 297 0c5a 1D347212 		.ascii	"\0354r\022\244\345#\015\260\027\325\363\374,\034C\002"
 297      A4E5230D 
 297      B017D5F3 
 297      FC2C1C43 
 297      02
 298 0c6b E37EE7D3 		.ascii	"\343~\347\323\022g\334\306Xf_\253\035V\342+\024\300"
 298      1267DCC6 
 298      58665FAB 
 298      1D56E22B 
 298      14C0
 299 0c7d 3989FB1F 		.ascii	"9\211\373\037\271\360&\270\205\344ra\370A\355\202\322"
 299      B9F026B8 
 299      85E47261 
 299      F841ED82 
 299      D2
ARM GAS  /tmp/cc2SFClU.s 			page 24


 300 0c8e 5F16AD6D 		.ascii	"_\026\255mI\302\365\223\314\321m\353\307Cb\371\010R"
 300      49C2F593 
 300      CCD16DEB 
 300      C74362F9 
 300      0852
 301 0ca0 B88CA213 		.ascii	"\270\214\242\023\361SA\374\264M\361\247\327K\356+\360"
 301      F15341FC 
 301      B44DF1A7 
 301      D74BEE2B 
 301      F0
 302 0cb1 80B3A819 		.ascii	"\200\263\250\031\361:oFX\017\347\257\263\303\371\325"
 302      F13A6F46 
 302      580FE7AF 
 302      B3C3F9D5 
 303 0cc1 81076972 		.ascii	"\201\007ir|\207\341>:T\230\300O\347\342\026Q6\246\004"
 303      7C87E13E 
 303      3A5498C0 
 303      4FE7E216 
 303      5136A604 
 304 0cd5 64AA2CBC 		.ascii	"d\252,\274\023ebZ\007\336N\231[P\340yF;p\247\255\023"
 304      1365625A 
 304      07DE4E99 
 304      5B50E079 
 304      463B70A7 
 305 0ceb E1670C38 		.ascii	"\341g\0148;r\250\003\253#(\243\026!\243\\`\224\207\325"
 305      3B72A803 
 305      AB2328A3 
 305      1621A35C 
 305      609487D5 
 306 0cff 34D884AC 		.ascii	"4\330\204\254BN\207\374\017\216`\"\305/@I(E\234\357"
 306      424E87FC 
 306      0F8E6022 
 306      C52F4049 
 306      28459CEF 
 307 0d13 80F849C2 		.ascii	"\200\370I\302\330\003\336\014;H\334\225\3317\220\256"
 307      D803DE0C 
 307      3B48DC95 
 307      D93790AE 
 308 0d23 C3718CDB 		.ascii	"\303q\214\333\301\211\305\006\027\253Na/k{\221\252m"
 308      C189C506 
 308      17AB4E61 
 308      2F6B7B91 
 308      AA6D
 309 0d35 F6420C16 		.ascii	"\366B\014\026F~1\026\266j\316X\027\346\376\361\312~"
 309      467E3116 
 309      B66ACE58 
 309      17E6FEF1 
 309      CA7E
 310 0d47 8453D90C 		.ascii	"\204S\331\014\231\007r\006\324\274\204\245m\227\265"
 310      99077206 
 310      D4BC84A5 
 310      6D97B5
 311 0d56 84EE4815 		.ascii	"\204\356H\025\316bo\255\215\224\355\274\221\322\363"
 311      CE626FAD 
 311      8D94EDBC 
 311      91D2F3
 312 0d65 F4E4829B 		.ascii	"\364\344\202\233\303f\3209\314\232Ag\231f#%\303\255"
ARM GAS  /tmp/cc2SFClU.s 			page 25


 312      C366D039 
 312      CC9A4167 
 312      99662325 
 312      C3AD
 313 0d77 0A5CCC38 		.ascii	"\012\\\3148\365\314\204\037wqP\250\227c\251B\375\314"
 313      F5CC841F 
 313      777150A8 
 313      9763A942 
 313      FDCC
 314 0d89 B1E556AD 		.ascii	"\261\345V\255\255\227\364\032\252\000uJ\301p\205\230"
 314      AD97F41A 
 314      AA00754A 
 314      C1708598 
 315 0d99 4C5689B7 		.ascii	"LV\211\267\263\031\251N\355\261\263\025r\\\315\303\342"
 315      B319A94E 
 315      EDB1B315 
 315      725CCDC3 
 315      E2
 316 0daa 70E97DDE 		.ascii	"p\351}\336/\233\"\375\262\261\274\2360\336Ij\236%\010"
 316      2F9B22FD 
 316      B2B1BC9E 
 316      30DE496A 
 316      9E2508
 317 0dbd FD71977B 		.ascii	"\375q\227{t\370\002\303^\273\177\341\014o\364\015\320"
 317      74F802C3 
 317      5EBB7FE1 
 317      0C6FF40D 
 317      D0
 318 0dce EA3C2DAF 		.ascii	"\352<-\257U\213/\261\227\017{\233\317\271H\005U\275"
 318      558B2FB1 
 318      970F7B9B 
 318      CFB94805 
 318      55BD
 319 0de0 6450952E 		.ascii	"dP\225.]OU\340\353\2146\2440\266T\203\3570\240\376z"
 319      5D4F55E0 
 319      EB8C36A4 
 319      30B65483 
 319      EF30A0FE 
 320 0df5 ED518427 		.ascii	"\355Q\204'\031p\251\372\322]g<\313\200\361\334\210\373"
 320      1970A9FA 
 320      D25D673C 
 320      CB80F1DC 
 320      88FB
 321 0e07 F6BFB59D 		.ascii	"\366\277\265\235\007\376\027D\211-\256\362x\245\006"
 321      07FE1744 
 321      892DAEF2 
 321      78A506
 322 0e16 6F30A2F9 		.ascii	"o0\242\371\326\250N\205]\262n\261#*Z\033\217\325\010"
 322      D6A84E85 
 322      5DB26EB1 
 322      232A5A1B 
 322      8FD508
 323 0e29 63A255B4 		.ascii	"c\242U\264\244/Z\263a\363`\344\200\302a6\224\2416\276"
 323      A42F5AB3 
 323      61F360E4 
 323      80C26136 
 323      94A136BE 
ARM GAS  /tmp/cc2SFClU.s 			page 26


 324 0e3d 56DB61AD 		.ascii	"V\333a\255v\010S\341z\003\356dI\003x\241f\020\240\355"
 324      760853E1 
 324      7A03EE64 
 324      490378A1 
 324      6610A0ED 
 325 0e51 654963B2 		.ascii	"eIc\262\021'1\364\337iP\2234\266\265\376\353N\352\013"
 325      112731F4 
 325      DF695093 
 325      34B6B5FE 
 325      EB4EEA0B 
 326 0e65 E1C7A40E 		.ascii	"\341\307\244\016z\326+9\372c|\334\205\246\256\343\255"
 326      7AD62B39 
 326      FA637CDC 
 326      85A6AEE3 
 326      AD
 327 0e76 F1618EB3 		.ascii	"\361a\216\2637\224\272\\\336\313 \357%\241\274\223\365"
 327      3794BA5C 
 327      DECB20EF 
 327      25A1BC93 
 327      F5
 328 0e87 B89A0960 		.ascii	"\270\232\011`\315\335\335/\315\335\263u\270\316\266"
 328      CDDDDD2F 
 328      CDDDB375 
 328      B8CEB6
 329 0e96 85776149 		.ascii	"\205waI|\236\274\255?ao\347?a\327\256$\034S\343d\027"
 329      7C9EBCAD 
 329      3F616FE7 
 329      3F61D7AE 
 329      241C53E3 
 330 0eac 7EF69AAB 		.ascii	"~\366\232\253E8\227\001\361\373\363\216\350\244\262"
 330      45389701 
 330      F1FBF38E 
 330      E8A4B2
 331 0ebb 0454A9E8 		.ascii	"\004T\251\350\212D\226Hl\212?\255\302U\214:\365nV\244"
 331      8A449648 
 331      6C8A3FAD 
 331      C2558C3A 
 331      F56E56A4 
 332 0ecf 428AFAAA 		.ascii	"B\212\372\252\003\352\250\376g\003\316\270\223Q_-/\213"
 332      03EAA8FE 
 332      6703CEB8 
 332      93515F2D 
 332      2F8B
 333 0ee1 D7E22B0C 		.ascii	"\327\342+\014\230\211z\262\256\302\003\014\030<\360"
 333      98897AB2 
 333      AEC2030C 
 333      183CF0
 334 0ef0 B4CB098F 		.ascii	"\264\313\011\217Q@\361\342\356\322\206\032\361\012\213"
 334      5140F1E2 
 334      EED2861A 
 334      F10A8B
 335 0eff 14A2D538 		.ascii	"\024\242\3258\225\357\016H\203\372a\246A\007\206\223"
 335      95EF0E48 
 335      83FA61A6 
 335      41078693 
 336 0f0f 3CF9C828 		.ascii	"<\371\310(:q\3110\270d\000\306\220\320-\017j0\333Q\011"
 336      3A71C930 
ARM GAS  /tmp/cc2SFClU.s 			page 27


 336      B86400C6 
 336      90D02D0F 
 336      6A30DB51 
 337 0f24 F31B76CC 		.ascii	"\363\033v\314\2676\311\036\234\021\240\337\224\226\205"
 337      B736C91E 
 337      9C11A0DF 
 337      949685
 338 0f33 3B25BFAF 		.ascii	";%\277\257\246\205o\207\357\002\230\022\331\\\304{\345"
 338      A6856F87 
 338      EF029812 
 338      D95CC47B 
 338      E5
 339 0f44 E9A417BF 		.ascii	"\351\244\027\277\324\333\031\256\303\323\314\000\326"
 339      D4DB19AE 
 339      C3D3CC00 
 339      D6
 340 0f51 46F90EDE 		.ascii	"F\371\016\336(\357^<\264!\307s\354\345hB\366)\236UT"
 340      28EF5E3C 
 340      B421C773 
 340      ECE56842 
 340      F6299E55 
 341 0f66 0076BC88 		.ascii	"\000v\274\210?)w\230\012\307y*\034c\016\210\213*\274"
 341      3F297798 
 341      0AC7792A 
 341      1C630E88 
 341      8B2ABC
 342 0f79 2BAA9948 		.ascii	"+\252\231H_\334\206}\027\333Z\035\371C\023\343\330\226"
 342      5FDC867D 
 342      17DB5A1D 
 342      F94313E3 
 342      D896
 343 0f8b F614F4E5 		.ascii	"\366\024\364\345\035\360%;\031L\220\2647nM{\225\235"
 343      1DF0253B 
 343      194C90B4 
 343      376E4D7B 
 343      959D
 344 0f9d 71AD4E   		.ascii	"q\255N"
 345 0fa0 78C945D4 		.ascii	"x\311E\324\023\337\301z\3423\313O\037\352\360\032{W"
 345      13DFC17A 
 345      E233CB4F 
 345      1FEAF01A 
 345      7B57
 346 0fb2 D59B10C7 		.ascii	"\325\233\020\307\205W\222}uedJ\355P\370i.\374\024\337"
 346      8557927D 
 346      7565644A 
 346      ED50F869 
 346      2EFC14DF 
 347 0fc6 29CFF4DC 		.ascii	")\317\364\334v\332\332\324\237\304L9\031z@$\232\266"
 347      76DADAD4 
 347      9FC44C39 
 347      197A4024 
 347      9AB6
 348 0fd8 4AD4D753 		.ascii	"J\324\327S7\016\307.WvL8\262P\217p4\005\224\025+}O5"
 348      370EC72E 
 348      57764C38 
 348      B2508F70 
 348      34059415 
ARM GAS  /tmp/cc2SFClU.s 			page 28


 349 0ff0 48F8B374 		.ascii	"H\370\263t[1Na\025\004h\205F\301\215s"
 349      5B314E61 
 349      15046885 
 349      46C18D73 
 350 1000 E0469BAE 		.ascii	"\340F\233\256\202\343 ?m\026\011c\360\036'\220:\235"
 350      82E3203F 
 350      6D160963 
 350      F01E2790 
 350      3A9D
 351 1012 8A4B0EE0 		.ascii	"\212K\016\340x\213\312:\307c\360\011\304\337c\030\363"
 351      788BCA3A 
 351      C763F009 
 351      C4DF6318 
 351      F3
 352 1023 306661CC 		.ascii	"0fa\314\010cq\265@\020\\\017\355&\021e\010\222\322\012"
 352      086371B5 
 352      40105C0F 
 352      ED261165 
 352      0892D20A 
 353 1037 71326801 		.ascii	"q2h\001':\260\004\272\317\361m\366\261k\360\026\010"
 353      273AB004 
 353      BACFF16D 
 353      F6B16BF0 
 353      1608
 354 1049 957824CD 		.ascii	"\225x$\315\237\005\257z|\240\341\274\222\376\230\317"
 354      9F05AF7A 
 354      7CA0E1BC 
 354      92FE98CF 
 355 1059 5B23E407 		.ascii	"[#\344\007\364F\034G\317l$u6\002\371\012\026\036 \323"
 355      F4461C47 
 355      CF6C2475 
 355      3602F90A 
 355      161E20D3 
 356 106d B69C0847 		.ascii	"\266\234\010GjqI)\025\357\032d\206^\216\317\022\206"
 356      6A714929 
 356      15EF1A64 
 356      865E8ECF 
 356      1286
 357 107f 0CF5E02D 		.ascii	"\014\365\340-\332\314\326s\356$\315e\310\267r\357\304"
 357      DACCD673 
 357      EE24CD65 
 357      C8B772EF 
 357      C4
 358 1090 5B8EA7F9 		.ascii	"[\216\247\371\370\2148\235\2568L\377D\367&\234\302\204"
 358      F88C389D 
 358      AE384CFF 
 358      44F7269C 
 358      C284
 359 10a2 69C0AC75 		.ascii	"i\300\254u.\024\246N\310\034dY\252\341\262\220\325}"
 359      2E14A64E 
 359      C81C6459 
 359      AAE1B290 
 359      D57D
 360 10b4 9D4B6E4B 		.ascii	"\235KnK(\266\343\220\310\333\247\000\341$}\265\302\275"
 360      28B6E390 
 360      C8DBA700 
 360      E1247DB5 
ARM GAS  /tmp/cc2SFClU.s 			page 29


 360      C2BD
 361 10c6 BD041E5E 		.ascii	"\275\004\036^\205\261\014\343)\214E\030\0130\236a\301"
 361      85B10CE3 
 361      298C4518 
 361      0B309E61 
 361      C1
 362 10d7 51BEAB18 		.ascii	"Q\276\253\030\207P\257\023o\214\360\311l\221#\334\231"
 362      8750AF13 
 362      6F8CF0C9 
 362      6C9123DC 
 362      99
 363 10e8 5C5672BA 		.ascii	"\\Vr\272\252\264\334-\326x&\246>\212\323\2301\240\326"
 363      AAB4DC2D 
 363      D67826A6 
 363      3E8AD398 
 363      31A0D6
 364 10fb 4225C063 		.ascii	"B%\300c\277Bh\214\302-\372\365$\341\223T?R\011\223_"
 364      BF42688C 
 364      C22DFAF5 
 364      24E19354 
 364      3F520993 
 365 1110 0608BAAD 		.ascii	"\006\010\272\255>N\022\371\206X/\001\0273\353\235\006"
 365      3E4E12F9 
 365      86582F01 
 365      1733EB9D 
 365      06
 366 1121 EB6570FE 		.ascii	"\353ep\376V\3531\364wl\365y\032\341N:\015\007\270+\011"
 366      56EB31F4 
 366      776CF579 
 366      1AE14E3A 
 366      0D07B82B 
 367 1136 B6EDF49A 		.ascii	"\266\355\364\232*\027K3\324\304\015@\024\257\345\314"
 367      2A174B33 
 367      D4C40D40 
 367      14AFE5CC 
 368 1146 6DC68CDD 		.ascii	"m\306\214\335\202\276\024\215\3717%P\211\2412\216o\253"
 368      82BE148D 
 368      F9372550 
 368      89A1328E 
 368      6FAB
 369 1158 CFB678BE 		.ascii	"\317\266x\276-^h\233\"\007\266\261?m\327\000\303jx\207"
 369      2D5E689B 
 369      2207B6B1 
 369      3F6DD700 
 369      C36A7887 
 370 116c AA38096D 		.ascii	"\2528\011m+(v\241\347\340\300\020\270\206\303X#m\006"
 370      2B2876A1 
 370      E7E0C010 
 370      B886C358 
 370      236D06
 371 117f 186170BF 		.ascii	"\030ap\277\016\327P\270n\010\235\333\226\207\343\331"
 371      0ED750B8 
 371      6E089DDB 
 371      9687E3D9 
 372 118f 1A4D916F 		.ascii	"\032M\221oG\211\334\026\266\037&\343\266*\227\204\013"
 372      4789DC16 
 372      B61F26E3 
ARM GAS  /tmp/cc2SFClU.s 			page 30


 372      B62A9784 
 372      0B
 373 11a0 58664A04 		.ascii	"XfJ\004c\034\346S\333\226\301\241\255\256\231\215\307"
 373      631CE653 
 373      DB96C1A1 
 373      ADAE998D 
 373      C7
 374 11b1 45CC3505 		.ascii	"E\3145\005\260\312r$]\3037\244\241\213\245\013\032|"
 374      B0CA7224 
 374      5DC337A4 
 374      A18BA50B 
 374      1A7C
 375 11c3 9265C8FA 		.ascii	"\222e\310\372\264\321\003\012wi\215#\024\377/\215\021"
 375      B4D1030A 
 375      77698D23 
 375      14FF2F8D 
 375      11
 376 11d4 3024456F 		.ascii	"0$Eo\341\245\004^\326.\223\"8\241l\356\241\026g\260"
 376      E1A5045E 
 376      D62E9322 
 376      38A16CEE 
 376      A11667B0 
 377 11e8 69ADDF63 		.ascii	"i\255\337c\355`\337c\025tt\014jq\016{\227UQ\234G\276"
 377      ED60DF63 
 377      1574740C 
 377      6A710E7B 
 377      9755519C 
 378 11fe 32FC01F9 		.ascii	"2\374\001\371M\024\013\016]?`\245g\353\352P\204\013"
 378      4D140B0E 
 378      5D3F60A5 
 378      67EBEA50 
 378      840B
 379 1210 3ECB9023 		.ascii	">\313\220#\213\257>vc\365qL\250\305\351\015\331\346"
 379      8BAF3E76 
 379      63F5714C 
 379      A8C5E90D 
 379      D9E6
 380 1222 0F05285A 		.ascii	"\017\005(ZAI\210\364Q\212\235\350\210\202n&Yg\306\363"
 380      414988F4 
 380      518A9DE8 
 380      88826E26 
 380      5967C6F3 
 381 1236 B4F822A3 		.ascii	"\264\370\"\243\276p4v\330\015\3670`\177\353\3203~rJ"
 381      BE703476 
 381      D80DF730 
 381      607FEBD0 
 381      337E724A 
 382 124a 6F113581 		.ascii	"o\0215\201d\350\270\202\0275\202\257\327\"\307\213\327"
 382      64E8B882 
 382      173582AF 
 382      D722C78B 
 382      D7
 383 125b 5DF17546 		.ascii	"]\361uF\234\334\2658\204$\211\321\011\220C\212\276/"
 383      9CDCB538 
 383      842489D1 
 383      0990438A 
 383      BE2F
ARM GAS  /tmp/cc2SFClU.s 			page 31


 384 126d F7789B06 		.ascii	"\367x\233\006OPz\247\371k\355\015\266\206\0228t#E5{"
 384      4F507AA7 
 384      F96BED0D 
 384      B6861238 
 384      74234535 
 385 1282 B1FB8825 		.ascii	"\261\373\210%=\004\243\243\0128J\003\227xp\206\355w"
 385      3D04A3A3 
 385      0A384A03 
 385      97787086 
 385      ED77
 386 1294 10BB537E 		.ascii	"\020\273S~1\377p(\026&;\306\321\377\322\247 \266l\026"
 386      31FF7028 
 386      16263BC6 
 386      D1FFD2A7 
 386      20B66C16 
 387 12a8 CF3D1D07 		.ascii	"\317=\035\007\236<\005#\021F\202B\020\303K\325;\030"
 387      9E3C0523 
 387      11468242 
 387      10C34BD5 
 387      3B18
 388 12ba 7F723A3F 		.ascii	"\177r:?i\307\177\3536\263^\362\372\361PK\336\357\251"
 388      69C77FEB 
 388      36B35EF2 
 388      FAF1504B 
 388      DEEFA9
 389 12cd F487A5A5 		.ascii	"\364\207\245\245?\244`!y\361\364\271\363r|H\313\316"
 389      3FA46021 
 389      79F1F4B9 
 389      F3727C48 
 389      CBCE
 390 12df 9C2D2D31 		.ascii	"\234--1J\007\355\353$\316\307\201\240$\354\332;\"\324"
 390      4A07EDEB 
 390      24CEC781 
 390      A024ECDA 
 390      3B22D4
 391 12f2 3881B13A 		.ascii	"8\201\261:?;\177V\201\323\030\020\025\222\364\036\316"
 391      3F3B7F56 
 391      81D31810 
 391      1592F41E 
 391      CE
 392 1303 A4F77862 		.ascii	"\244\367xbp\362\241\352%\345{:\237#\003xg\012\215\260"
 392      70F2A1EA 
 392      25E57B3A 
 392      9F230378 
 392      670A8DB0 
 393 1317 51A43A1A 		.ascii	"Q\244:\032~\230\375\372J\354\220\006\002\245K\333\231"
 393      7E98FDFA 
 393      4AEC9006 
 393      02A54BDB 
 393      99
 394 1328 118CFF88 		.ascii	"\021\214\377\210\357\345\200\234*\215l=o\334\013;\034"
 394      EFE5809C 
 394      2A8D6C3D 
 394      6FDC0B3B 
 394      1C
 395 1339 EB865B99 		.ascii	"\353\206[\231\264\267\226\023\346\255\337P\350Hm\\5"
 395      B4B79613 
ARM GAS  /tmp/cc2SFClU.s 			page 32


 395      E6ADDF50 
 395      E8486D5C 
 395      35
 396 134a 33613D43 		.ascii	"3a=C>\246\235\232\345C\363n\270\227b;5G\216DkYKY\264"
 396      3EA69D9A 
 396      E543F36E 
 396      B897623B 
 396      35478E44 
 397 1363 964F43E0 		.ascii	"\226OC\340g\203\221Q\026L\235\313\225\312\007\245\012"
 397      67839151 
 397      164C9DCB 
 397      95CA07A5 
 397      0A
 398 1374 61E4C128 		.ascii	"a\344\301(\020*7Y\360\235c<c\003j\012'\261\346\003\211"
 398      102A3759 
 398      F09D633C 
 398      63036A0A 
 398      27B1E603 
 399 1389 4FE9D25E 		.ascii	"O\351\322^?F\367\017\362\231N\016G\227\370\006\221c"
 399      3F46F70F 
 399      F2994E0E 
 399      4797F806 
 399      9163
 400 139b 17EE60BD 		.ascii	"\027\356`\275\336d\300\212\344\330\266\370;\250\330"
 400      DE64C08A 
 400      E4D8B6F8 
 400      3BA8D8
 401 13aa 829EAF61 		.ascii	"\202\236\257a\333\001\261\030\331\234\304\314m\341F"
 401      DB01B118 
 401      D99CC4CC 
 401      6DE146
 402 13b9 F4216DC1 		.ascii	"\364!m\301\333\243M\316c\350\016\"\337<#T\375\025\222"
 402      DBA34DCE 
 402      63E80E22 
 402      DF3C2354 
 402      FD1592
 403 13cc 91FFC83F 		.ascii	"\221\377\310?\354pJ\256\210\334#\376\2059\375C\344\217"
 403      EC704AAE 
 403      88DC23FE 
 403      8539FD43 
 403      E48F
 404 13de E3B10B41 		.ascii	"\343\261\013A`\317\330\305\372\017{&\347\\\254_V#F\303"
 404      60CFD8C5 
 404      FA0F7B26 
 404      E75CAC5F 
 404      562346C3 
 405 13f2 B85350C0 		.ascii	"\270SP\300\232\275G\374\275\225\011#`R\331\010\371#"
 405      9ABD47FC 
 405      BD950923 
 405      6052D908 
 405      F923
 406 1404 399F4E48 		.ascii	"9\237NH\201\354$\2661\224m2\265\376\361{rN[\213J\323"
 406      81EC24B6 
 406      31946D32 
 406      B5FEF17B 
 406      724E5B8B 
 407 141a 8DA3D110 		.ascii	"\215\243\321\020\260g\351\263\350\335?G\337\212\371"
ARM GAS  /tmp/cc2SFClU.s 			page 33


 407      B067E9B3 
 407      E8DD3F47 
 407      DF8AF9
 408 1429 AE8C1D00 		.ascii	"\256\214\035\000#\262\227\235\361\234\326\321\357\310"
 408      23B2979D 
 408      F19CD6D1 
 408      EFC8
 409 1437 AD4B0DA7 		.ascii	"\255K\015\247\355\233\266\363v\037\340\366\244\\\254"
 409      ED9BB6F3 
 409      761FE0F6 
 409      A45CAC
 410 1446 970B0F16 		.ascii	"\227\013\017\026\245\242\370.S\360\236\317\201\320\210"
 410      A5A2F82E 
 410      53F09ECF 
 410      81D088
 411 1455 30059D02 		.ascii	"0\005\235\002\036\241\022\005\235\244\272\373\330\274"
 411      1EA11205 
 411      9DA4BAFB 
 411      D8BC
 412 1463 ABC3DF79 		.ascii	"\253\303\337y\317)\276-Cg\025\374w\336\363\005E\377"
 412      CF29BE2D 
 412      436715FC 
 412      77DEF305 
 412      45FF
 413 1475 F6BD74CB 		.ascii	"\366\275t\313\350\250\245\371Y\223\352p\313\264\305"
 413      E8A8A5F9 
 413      5993EA70 
 413      CBB4C5
 414 1484 A251101C 		.ascii	"\242Q\020\034t\006B\211\013D\356e\250X1\216P\221b\214"
 414      74064289 
 414      0B44EE65 
 414      A858318E 
 414      5091628C 
 415 1498 58A95CF1 		.ascii	"X\251\\\361= \236\272\322\236\214q\243\216j\273x>\271"
 415      3D209EBA 
 415      D29E8C71 
 415      A38E6ABB 
 415      783EB9
 416 14ab 8F7CE7A3 		.ascii	"\217|\347\243d\337\334\250h?\246\375'\354\011\221e\037"
 416      64DFDCA8 
 416      683FA6FD 
 416      27EC0991 
 416      651F
 417 14bd 3CB979E4 		.ascii	"<\271y\344\332\260\022w0\212\325\204\027e.\202\323\212"
 417      DAB01277 
 417      308AD584 
 417      17652E82 
 417      D38A
 418 14cf 20B9572B 		.ascii	" \271W+(\031YVU\260\326*\331&\2632]z\301\231j[\003\311"
 418      28195956 
 418      55B0D62A 
 418      D926B332 
 418      5D7AC199 
 419 14e7 8F59F451 		.ascii	"\217Y\364Q\370\365':\207\312\326\021ek\255\312\206\034"
 419      F8F5273A 
 419      87CAD611 
 419      656BADCA 
ARM GAS  /tmp/cc2SFClU.s 			page 34


 419      861C
 420 14f9 B8D7E24A 		.ascii	"\270\327\342J\264%?\361\014\252\036FFDY2\020\305B\025"
 420      B4253FF1 
 420      0CAA1E46 
 420      46445932 
 420      10C54215 
 421 150d 0275E19E 		.ascii	"\002u\341\236\271\274\236\252\2311\223\322\247\305\353"
 421      B9BC9EAA 
 421      993193D2 
 421      A7C5EB
 422 151c 4CE8AECA 		.ascii	"L\350\256\312\023\365\354ww\332x\203'\303\341e\321v"
 422      13F5EC77 
 422      77DA7883 
 422      27C3E165 
 422      D176
 423 152e BFD8CA50 		.ascii	"\277\330\312P\223B\350\320\204\222\232sZ|\300\215\265"
 423      9342E8D0 
 423      84929A73 
 423      5A7CC08D 
 423      B5
 424 153f DFFA8B07 		.ascii	"\337\372\213\007\355[C\315 \201\230\250-\367\204\207"
 424      ED5B43CD 
 424      208198A8 
 424      2DF78487 
 425 154f 3008CE8B 		.ascii	"0\010\316\213\202\340\2025\010\216\205,\344\250\250"
 425      82E08235 
 425      088E852C 
 425      E4A8A8
 426 155e 48F00835 		.ascii	"H\360\0105\262 X?;\324\206\204v\371\235F`\227Vb\227"
 426      B220583F 
 426      3BD48684 
 426      76F99D46 
 426      60975662 
 427 1573 16AB5D66 		.ascii	"\026\253]f.u\017\313\271]\356?TM\365D4\377\206\342\240"
 427      2E750FCB 
 427      B95DEE3F 
 427      544DF544 
 427      34FF86E2 
 428 1588 0681551A 		.ascii	"\006\201U\032\254V\271H\2552s<!Q\207\373\230FQ\223\355"
 428      AC56B948 
 428      AD32733C 
 428      215187FB 
 428      98465193 
 429 159d BD6EF83A 		.ascii	"\275n\370:\003JG\307Nj\334\245\023f\373\313\023&\011"
 429      034A47C7 
 429      4E6ADCA5 
 429      1366FBCB 
 429      132609
 430 15b0 91968532 		.ascii	"\221\226\2052\371\367\263\2500\260-\334\312\355\266"
 430      F9F7B3A8 
 430      30B02DDC 
 430      CAEDB6
 431 15bf 58A0BCE9 		.ascii	"X\240\274\351\000\2426&\315&7\031yB$\352T|\237\234~"
 431      00A23626 
 431      CD263719 
 431      794224EA 
 431      547C9F9C 
ARM GAS  /tmp/cc2SFClU.s 			page 35


 432 15d4 F357C655 		.ascii	"\363W\306UB{u\210\354\325E\355E.\200\373t\344F\264N"
 432      427B7588 
 432      ECD545ED 
 432      452E80FB 
 432      74E446B4 
 433 15e9 D4405308 		.ascii	"\324@S\010\277o\350f\270\335\024\367\331HB\205\223\020"
 433      BF6FE866 
 433      B8DD14F7 
 433      D9484285 
 433      9310
 434 15fb 37517416 		.ascii	"7Qt\026\272\304p/Q\334#\003\025\242\276\\4\324\2456"
 434      BAC4702F 
 434      51DC2303 
 434      15A2BE5C 
 434      34D4A536 
 435 160f D4CB0CF5 		.ascii	"\324\313\014\3652E\275e\271W\351\"\304=!\302\355a\270"
 435      3245BD65 
 435      B957E922 
 435      C43D21C2 
 435      ED61B8
 436 1622 3D14B7F4 		.ascii	"=\024\267\364\342t\262\350S\340:\221\270\275\014\267"
 436      E274B2E8 
 436      53E03A91 
 436      B8BD0CB7 
 437 1632 97E23E3C 		.ascii	"\227\342><\276\020!\372\350U\374\351r\037\303%\027\367"
 437      BE1021FA 
 437      E855FCE9 
 437      721FC325 
 437      17F7
 438 1644 8060FF0F 		.ascii	"\200`\377\017\215\346\367\003\003L\301\376z\243\351"
 438      8DE6F703 
 438      034CC1FE 
 438      7AA3E9
 439 1653 57FADDE6 		.ascii	"W\372\335\346_x\370\006\372\353=\202\014f\217\367>\373"
 439      5F78F806 
 439      FAEB3D82 
 439      0C668FF7 
 439      3EFB
 440 1665 C0F3D3F7 		.ascii	"\300\363\323\367\336\377\300\343\275\217\015\237\006"
 440      DEFFC0E3 
 440      BD8F0D9F 
 440      06
 441 1672 BEF95E50 		.ascii	"\276\371^P\220\311\303\337\340\343\343\247\377\312\313"
 441      90C9C3DF 
 441      E0E3E3A7 
 441      FFCACB
 442 1681 A8F708FE 		.ascii	"\250\367\010\376\364s\017\223\321\333#\330h\366\364"
 442      F4730F93 
 442      D1DB23D8 
 442      68F6F4
 443 1690 D79B4C5E 		.ascii	"\327\233L^{\364oy\253\377\375\327\377\365\335\367\177"
 443      7BF46F79 
 443      ABFFFDD7 
 443      FFF5DDF7 
 443      7F
 444 16a1 F63399D2 		.ascii	"\3663\231\322d\370\223\336\323\254 \027U\220\327\327"
 444      64F893DE 
ARM GAS  /tmp/cc2SFClU.s 			page 36


 444      D3AC2017 
 444      5590D7D7 
 445 16b1 7E815E3E 		.ascii	"~\201^>\012\263\301_\257\365\0124y\222\033\223\331\313"
 445      0AB3C15F 
 445      AFF50A34 
 445      79921B93 
 445      D9CB
 446 16c3 3F481D6C 		.ascii	"?H\035l\0100\377\343\273\236\346\277}\353-\017\370\337"
 446      0830FFE3 
 446      BB9EE6BF 
 446      7DEB2D0F 
 446      F8DF
 447 16d5 3B10381B 		.ascii	";\0208\033\002\274=\254Xo\371\312\\\311\014\201\246"
 447      02BC3DAC 
 447      586FF9CA 
 447      5CC90C81 
 447      A6
 448 16e6 CF01F234 		.ascii	"\317\001\3624\313\015>n\202\031\015>0G\200~\237\331"
 448      CB0D3E6E 
 448      82190D3E 
 448      3047807E 
 448      9FD9
 449 16f8 45F0D039 		.ascii	"E\360\3209\310\030\270\333\340g\010\330\343\032l\206"
 449      C818B8DB 
 449      E06708D8 
 449      E31A6C86 
 450 1708 EB9FBCCC 		.ascii	"\353\237\274\314\006\320\361U\202\262\371\312;08\300"
 450      06D0F155 
 450      82B2F9CA 
 450      3B3038C0 
 451 1718 AC377A9A 		.ascii	"\2547z\232\377F@i{\355\343e\366\332\006\366\021\031"
 451      FF464069 
 451      7BEDE365 
 451      F6DA06F6 
 451      1119
 452 172a E7977F95 		.ascii	"\347\227\177\225q\210\032B\343\370\312v:\234\312\323"
 452      71881A42 
 452      E3F8CA76 
 452      3A9CCAD3 
 453 173a AC15BE33 		.ascii	"\254\025\2763\343\275\376f\355{\201\246O>3\033\365^"
 453      E3BDFE66 
 453      ED7B81A6 
 453      4F3E331B 
 453      F55E
 454 174c FEFFFDF1 		.ascii	"\376\377\375\361\347.\304\"\201&\012\252\274}\275\002"
 454      E72EC422 
 454      81260AAA 
 454      BC7DBD02 
 455 175c 02F47ED4 		.ascii	"\002\364~\324\226\206@\016\271\002\376G\237\274\317"
 455      9686400E 
 455      B902FE47 
 455      9FBCCF
 456 176b 80EF48D8 		.ascii	"\200\357H\330\323\300\311A\022\215\215\267\002\310\215"
 456      D3C0C941 
 456      128D8DB7 
 456      02C88D
 457 177a CA2F8277 		.ascii	"\312/\202w\357\326\033\225F\275\177\240Y\357\242\337"
ARM GAS  /tmp/cc2SFClU.s 			page 37


 457      EFD61B95 
 457      46BD7FA0 
 457      59EFA2DF 
 458 178a 6BFE95C1 		.ascii	"k\376\225\301d\326\007\350\215N\273\375\274\366\230"
 458      64D607E8 
 458      8D4EBBFD 
 458      BCF698
 459 1799 5CF57BF5 		.ascii	"\\\365{\365\001fz\353iVR\300\344B/\376^\246/=\315j?"
 459      01667AEB 
 459      695652C0 
 459      E4422FFE 
 459      5EA62F3D 
 460 17b0 8EEEECED 		.ascii	"\216\356\354\355\353i\366\005\276>jv\3614\353(\236\247"
 460      EB69F605 
 460      BE3E6A76 
 460      F134EB28 
 460      9EA7
 461 17c2 15639B18 		.ascii	"\025c\233\030\004v_Q\276o1\211\277\324"
 461      04765F51 
 461      BE6F3189 
 461      BFD4
 462 17d0 1B417C8F 		.ascii	"\033A|\217\367}\015_\030>\371\314#\320\344a4\023\015"
 462      F77D0D5F 
 462      183EF9CC 
 462      23D0E461 
 462      34130D
 463 17e3 FC827DF4 		.ascii	"\374\202}\364\036\336\276lj\320\300\031d\374,0\330\350"
 463      1EDEBE6C 
 463      6AD0C019 
 463      64FC2C30 
 463      D8E8
 464 17f5 AD67B279 		.ascii	"\255g\262y\232(\240\023\002\236f'\022CF\265\267\227"
 464      9A28A013 
 464      029E6627 
 464      124346B5 
 464      B797
 465 1807 9FDF175E 		.ascii	"\237\337\027^\336_n\003\351\366\032\214\346`/?\032]"
 465      DE5F6E03 
 465      E9F61A8C 
 465      E6602F3F 
 465      1A5D
 466 1819 46371104 		.ascii	"F7\021\004z\3545\357\016\016\360\206\033\003\211\216"
 466      7AEC35EF 
 466      0E0EF086 
 466      1B03898E 
 467 1829 BD5E7EDB 		.ascii	"\275^~\333\211\345\374\002\003\366X\037x\232]\314F\303"
 467      89E5FC02 
 467      03F6581F 
 467      789A5DCC 
 467      46C3
 468 183b 9E3D7A23 		.ascii	"\236=z#\241q\023\2053\304\347^3\016\3622*\010\027'\037"
 468      A1711385 
 468      33C4E75E 
 468      330EF232 
 468      2A081727 
 469 1850 A2A422C8 		.ascii	"\242\244\"\310\250\337\253\205\211}\364~\340h\362\310"
 469      A8DFAB85 
ARM GAS  /tmp/cc2SFClU.s 			page 38


 469      897DF47E 
 469      E068F2C8 
 470 1860 4D048194 		.ascii	"M\004\201\224\024\320\232\2766\331&y\363\033\231\203"
 470      14D09ABE 
 470      36D92679 
 470      F31B9983 
 471 1870 D0136B80 		.ascii	"\320\023k\200\343\310\012\363\370FD\201_\374A\357\315"
 471      E3C80AF3 
 471      F8464481 
 471      5FFC41EF 
 471      CD
 472 1881 8C6895DE 		.ascii	"\214h\225\336\250\362\376\002\304\366\362\337\351`\035"
 472      A8F2FE02 
 472      C4F6F2DF 
 472      E9601D
 473 1890 1A01DB65 		.ascii	"\032\001\333e\023\3604\273\223{\223\257\336\317\217"
 473      13F034BB 
 473      937B93AF 
 473      DECF8F
 474 189f 850C5988 		.ascii	"\205\014Y\210R\264\024\205\010\310B\357\025\210\273"
 474      52B41485 
 474      08C842EF 
 474      1588BB
 475 18ae CFC8A3CD 		.ascii	"\317\310\243\315\270\326\001\026Eb\010\3336\211xT\273"
 475      B8D60116 
 475      456208DB 
 475      36897854 
 475      BB
 476 18bf 59297860 		.ascii	"Y)x`\353\304\0344\201&k\244*\231\323\225\336\201\001"
 476      EBC41C34 
 476      81266BA4 
 476      2A99D395 
 476      DE8101
 477 18d2 BB0D7B5E 		.ascii	"\273\015{^\2611\2420X\031\\d\326\3536\237Sp\233\030"
 477      B131A230 
 477      58195C64 
 477      D6EB369F 
 477      53709B18 
 478 18e6 84688475 		.ascii	"\204h\204u\351\037\004I\305\313_\357\314C\370+/\215"
 478      E91F0449 
 478      C5CB5FEF 
 478      CC43F82B 
 478      2F8D
 479 18f8 C9FCA597 		.ascii	"\311\374\245\227\237aO\200\247\331y\223\30290Ho\244"
 479      9F614F80 
 479      A7D97993 
 479      C2393048 
 479      6FA4
 480 190a B94545D2 		.ascii	"\271EE\322\330O=\315\032\375>\2757a\024l\002\217\230"
 480      D84F3DCD 
 480      1AFD3EBD 
 480      3761146C 
 480      028F98
 481 191d C1912AEF 		.ascii	"\301\221*\357@\177\177\257\000\037\201^\354\301\366"
 481      407F7FAF 
 481      001F815E 
 481      ECC1F6
ARM GAS  /tmp/cc2SFClU.s 			page 39


 482 192c AD0F80B3 		.ascii	"\255\017\200\263Q\377\307`\010$\275\217\306\317\013"
 482      51FFC760 
 482      0824BD8F 
 482      C6CF0B
 483 193b B87813D6 		.ascii	"\270x\023\326n\233x\014~e\013\354iV\371\202\001\002"
 483      6E9B780C 
 483      7E650BEC 
 483      6956F982 
 483      0102
 484 194d 8D5F2BF5 		.ascii	"\215_+\365>\006\240U\233\364~\340^\275\217\312;\330"
 484      3E06A055 
 484      9BF47EE0 
 484      5EBD8FCA 
 484      3BD8
 485 195f 6884C5E0 		.ascii	"h\204\305\340d\010\010\0126+\275\214{`\221+M\372?\372"
 485      6408080A 
 485      362BBD8C 
 485      7B60912B 
 485      4DFA3FFA 
 486 1973 E903C805 		.ascii	"\351\003\310\005 g@1\005\032\203\002MJx\270\307\354"
 486      20674031 
 486      051A8302 
 486      4D4A78B8 
 486      C7EC
 487 1985 EBB2C99D 		.ascii	"\353\262\311\235\344n\223)\310\305?\320'\030\370\221"
 487      E46E9329 
 487      C8C53FD0 
 487      2718F891 
 488 1995 6CC94486 		.ascii	"l\311D\206\207\354\031q\271\232\335~\344C\214\273\207"
 488      87EC1971 
 488      B99ADD7E 
 488      E4438CBB 
 488      87
 489 19a6 AD068241 		.ascii	"\255\006\202A!\260\207\351\353\000o\346\026\251\004"
 489      21B087E9 
 489      EB006FE6 
 489      16A904
 490 19b5 4F302136 		.ascii	"O0!6t\326{\226\011\235\350\374\362@\223bO\220!\360u"
 490      74D67B96 
 490      099DE8FC 
 490      F2409362 
 490      4F9021F0 
 491 19ca 29BAAFC1 		.ascii	")\272\257\301H4\215\331 \2655\273\311\337\225\251\275"
 491      48348DD9 
 491      20B535BB 
 491      C9DF95A9 
 491      BD
 492 19db 8CFE7B7F 		.ascii	"\214\376{\177\362\246\277L\003df\375\2767\375\337\221"
 492      F2A6BF4C 
 492      036466FD 
 492      BE37FDDF 
 492      91
 493 19ec E920BF7E 		.ascii	"\351 \277~\314\322\353G\001\206\2772\225\333\355s2\310"
 493      CCD2EB47 
 493      0186BF32 
 493      95DBED73 
 493      32C8
ARM GAS  /tmp/cc2SFClU.s 			page 40


 494 19fe 739FFBFA 		.ascii	"s\237\373\372|\260\317`v\3627Ap}\263\225\307\342\211"
 494      7CB0CF60 
 494      76F23741 
 494      707DB395 
 494      C7E289
 495 1a11 AC3CB5B7 		.ascii	"\254<\265\267o\220\021\202f\367\216\177\3612\351?#\216"
 495      6F901182 
 495      66F78E7F 
 495      F132E93F 
 495      238E
 496 1a23 0F301BBC 		.ascii	"\0170\033\274xT\277\343\210\233\257\227\237\207\237"
 496      7854BFE3 
 496      889BAF97 
 496      9F879F
 497 1a32 E10B0FA6 		.ascii	"\341\013\017\246\252\311\303\312\0058b\260\205\253\315"
 497      AAC9C3CA 
 497      053862B0 
 497      85ABCD
 498 1a41 1E9EE6FF 		.ascii	"\036\236\346\377\003=;M&"
 498      033D3B4D 
 498      26
 499              		.text
 500              		.section	.gnu.lto_.symtab.e74a235986fb3051,"e",%progbits
 501 0000 7572744D 		.ascii	"urtMessageInit\000"
 501      65737361 
 501      6765496E 
 501      697400
 502 000f 00       		.ascii	"\000"
 503 0010 00       		.ascii	"\000"
 504 0011 00       		.ascii	"\000"
 505 0012 00000000 		.ascii	"\000\000\000\000\000\000\000\000"
 505      00000000 
 506 001a 34020000 		.ascii	"4\002\000\000"
 507 001e 616F7300 		.ascii	"aos\000"
 508 0022 00       		.ascii	"\000"
 509 0023 02       		.ascii	"\002"
 510 0024 00       		.ascii	"\000"
 511 0025 00000000 		.ascii	"\000\000\000\000\000\000\000\000"
 511      00000000 
 512 002d 49020000 		.ascii	"I\002\000\000"
 513 0031 63685468 		.ascii	"chThdExit\000"
 513      64457869 
 513      7400
 514 003b 00       		.ascii	"\000"
 515 003c 02       		.ascii	"\002"
 516 003d 00       		.ascii	"\000"
 517 003e 00000000 		.ascii	"\000\000\000\000\000\000\000\000"
 517      00000000 
 518 0046 3C020000 		.ascii	"<\002\000\000"
 519 004a 63687072 		.ascii	"chprintf\000"
 519      696E7466 
 519      00
 520 0053 00       		.ascii	"\000"
 521 0054 02       		.ascii	"\002"
 522 0055 00       		.ascii	"\000"
 523 0056 00000000 		.ascii	"\000\000\000\000\000\000\000\000"
 523      00000000 
ARM GAS  /tmp/cc2SFClU.s 			page 41


 524 005e 45020000 		.ascii	"E\002\000\000"
 525              		.text
 526              		.section	.gnu.lto_.opts,"e",%progbits
 527 0000 272D666E 		.ascii	"'-fno-openmp' '-fno-openacc' '-fno-pie' '-mcpu=cort"
 527      6F2D6F70 
 527      656E6D70 
 527      2720272D 
 527      666E6F2D 
 528 0033 65782D6D 		.ascii	"ex-m3' '-mthumb' '-mfloat-abi=soft' '-march=armv7-m"
 528      33272027 
 528      2D6D7468 
 528      756D6227 
 528      20272D6D 
 529 0066 2720272D 		.ascii	"' '-O2' '-fstack-usage' '-ffunction-sections' '-fda"
 529      4F322720 
 529      272D6673 
 529      7461636B 
 529      2D757361 
 530 0099 74612D73 		.ascii	"ta-sections' '-fno-common' '-flto' '-fshort-enums'\000"
 530      65637469 
 530      6F6E7327 
 530      20272D66 
 530      6E6F2D63 
 531              		.text
 532              		.comm	__gnu_lto_v1,1,1
 533              		.comm	__gnu_lto_slim,1,1
 534              		.ident	"GCC: (GNU Arm Embedded Toolchain 9-2020-q2-update) 9.3.1 20200408 (release)"
ARM GAS  /tmp/cc2SFClU.s 			page 42


DEFINED SYMBOLS
                            *ABS*:0000000000000000 urt_message.c
                            *COM*:0000000000000001 __gnu_lto_v1
                            *COM*:0000000000000001 __gnu_lto_slim

NO UNDEFINED SYMBOLS
