ARM GAS  /tmp/cc90MEfm.s 			page 1


   1              		.cpu cortex-m3
   2              		.eabi_attribute 20, 1
   3              		.eabi_attribute 21, 1
   4              		.eabi_attribute 23, 3
   5              		.eabi_attribute 24, 1
   6              		.eabi_attribute 25, 1
   7              		.eabi_attribute 26, 1
   8              		.eabi_attribute 30, 2
   9              		.eabi_attribute 34, 1
  10              		.eabi_attribute 18, 4
  11              		.file	"helloworld.c"
  12              		.section	.gnu.lto_.profile.2631b32c232b1718,"e",%progbits
  13 0000 789CE360 		.ascii	"x\234\343``\004B \000\000\000]\000\013"
  13      60044220 
  13      0000005D 
  13      000B
  14              		.text
  15              		.section	.gnu.lto_.icf.2631b32c232b1718,"e",%progbits
  16 0000 789CE360 		.ascii	"x\234\343``d\340`@\000F\206\227;\327\037dc\000\000\017"
  16      6064E060 
  16      40004686 
  16      973BD71F 
  16      64630000 
  17 0015 B4032B   		.ascii	"\264\003+"
  18              		.text
  19              		.section	.gnu.lto_.jmpfuncs.2631b32c232b1718,"e",%progbits
  20 0000 789CE360 		.ascii	"x\234\343``d\340g@\000F\006&FF\306\372\371\314\014\014"
  20      6064E067 
  20      40004606 
  20      264646C6 
  20      FAF9CC0C 
  21 0015 F3991919 		.ascii	"\363\231\031\031\000\017\036\001\343"
  21      000F1E01 
  21      E3
  22              		.text
  23              		.section	.gnu.lto_.inline.2631b32c232b1718,"e",%progbits
  24 0000 789CE360 		.ascii	"x\234\343``d0a@\000F\006\006\366\006 `NgedP\000\362"
  24      60643061 
  24      40004606 
  24      06F60620 
  24      604E6765 
  25 0018 9819181A 		.ascii	"\230\031\030\032\201\374:\006\0066\2208S\012\023\003"
  25      81FC3A06 
  25      06369038 
  25      530A1303 
  26 0028 13030790 		.ascii	"\023\003\007\220\365\200)\235\201\005\254\007\000%c"
  26      F580299D 
  26      8105AC07 
  26      002563
  27 0037 0A9E     		.ascii	"\012\236"
  28              		.text
  29              		.section	.gnu.lto_.pureconst.2631b32c232b1718,"e",%progbits
  30 0000 789CE360 		.ascii	"x\234\343``d`a`\000\222\015,\000\001\236\000\223"
  30      60646061 
  30      6000920D 
  30      2C00019E 
  30      0093
ARM GAS  /tmp/cc90MEfm.s 			page 2


  31              		.text
  32              		.section	.gnu.lto_helloworldSrtUsefulness.2631b32c232b1718,"e",%progbits
  33 0000 789C85D0 		.ascii	"x\234\205\320\317KTQ\024\007\360\363\275\347\315\017"
  33      CF4B5451 
  33      1407F0F3 
  33      BDE7CD0F 
  34 0010 65A29682 		.ascii	"e\242\226\202\014\270\020\006\027\365\376\200@z\204"
  34      0CB81006 
  34      17F5FE80 
  34      407A84
  35 001f E4C68D2E 		.ascii	"\344\306\215.\\\306\220\202\302\310\014*\264\364\316"
  35      5CC69082 
  35      C2C80C2A 
  35      B4F4CE
  36 002e 44CF4031 		.ascii	"D\317@1\004\177 5\016&\332R\215\004\311\246^%\211-]"
  36      047F2035 
  36      0E26DA52 
  36      8D04C9A6 
  36      5E25892D 
  37 0043 C42C6216 		.ascii	"\304,b\026\271R\252E-\372\001\215\2353o@\302\205\027"
  37      B952AA45 
  37      2DFA018D 
  37      9D336F40 
  37      C28517
  38 0056 DEE59CFB 		.ascii	"\336\345\234\373\316\347\334\037q\002\375\005\321-\""
  38      CEE7DC1F 
  38      7102FD05 
  38      D12D22
  39 0065 4ACA0726 		.ascii	"J\312\007&\030k\355\215X>n\200zd\343\240\011\203\011"
  39      186BED8D 
  39      583E6E80 
  39      7A64E3A0 
  39      098309
  40 0078 3CE44546 		.ascii	"<\344EF\265P\374\225\230\341\222\024:\222\316}x~\320"
  40      B550FC95 
  40      98E19214 
  40      3A92CE7D 
  40      787ED0
  41 008b AC29D026 		.ascii	"\254)\320&\351t\345h\003\035O\305\331`q.\272\357\337"
  41      E974E568 
  41      031D4FC5 
  41      D960712E 
  41      BAEFDF
  42 009e EF2EB1A1 		.ascii	"\357.\261\241%\251\336E+^\240\225t\340%:\244:\357\327"
  42      25A9DE45 
  42      2B5EA095 
  42      74E0253A 
  42      A43AEFD7 
  43 00b2 26C19D20 		.ascii	"&\301\235 \211\227\017\237\354\304Sk\326\026l\360i\215"
  43      89970F9F 
  43      ECC4536B 
  43      D6166CF0 
  43      698D
  44 00c4 6D7B8919 		.ascii	"m{\211\031e\360\177T\326\004\277BJ\300\354\373\037\253"
  44      65F07F54 
  44      D604BF42 
  44      4AC0ECFB 
ARM GAS  /tmp/cc90MEfm.s 			page 3


  44      1FAB
  45 00d6 09F6EAF8 		.ascii	"\011\366\352\370ta\347gS\003\177Y\257c\007\257\317a"
  45      7461E767 
  45      53037F59 
  45      AF6307AF 
  45      CF61
  46 00e8 47708014 		.ascii	"Gp\200\024)\371\274U\233\277\024u\364hz\2407\210\312"
  46      29F9BC55 
  46      9BBF1475 
  46      F4687AA0 
  46      3788CA
  47 00fb 53106D1C 		.ascii	"S\020m\034F\002[;\235\264A\265e\245\234\210A\2301:\261"
  47      46025B3B 
  47      9DB441B5 
  47      65A59C88 
  47      4198313A 
  48 0110 4E0E74F7 		.ascii	"N\016t\367\210\206DSLzQ\0076 \232f\023&yINP\250\372"
  48      88864453 
  48      4C7A5107 
  48      36209A66 
  48      13267949 
  49 0128 5FB736A1 		.ascii	"_\2676\241}\213\214\242l}\202{\025\3778\026\256\030"
  49      7D8B8CA2 
  49      6C7D827B 
  49      15FF3816 
  49      AE18
  50 013a 5994433C 		.ascii	"Y\224C<\373\270\373\026\311G\366\201\265W\232\251\336"
  50      FBB8FB16 
  50      C947F681 
  50      B5579AA9 
  50      DE
  51 014b 4DC71F68 		.ascii	"M\307\037h\177\310/U\217\375\343\313\241b\201\242\312"
  51      7FC82F55 
  51      8FFDE3CB 
  51      A16281A2 
  51      CA
  52 015c DBDFF79C 		.ascii	"\333\337\367\234\206\302\231\262\241z\027\252\212\377"
  52      86C299B2 
  52      A17A17AA 
  52      8AFF
  53 016a 9B4315B9 		.ascii	"\233C\025\271\220\354!)\315\351\033\012m\015\242o2\305"
  53      90EC2129 
  53      CDE91B0A 
  53      6D0DA26F 
  53      32C5
  54 017c 38BB1ED1 		.ascii	"8\273\036\321uw(;2\350\346\206\307]\257\257\353v\257"
  54      7577283B 
  54      32E8E686 
  54      C75DAFAF 
  54      EB76AF
  55 018f 77B3CBF5 		.ascii	"w\263\313\365z\206{\263W\275\\n\314M\353\324=\230\311"
  55      7A867BB3 
  55      57BD5C6E 
  55      CC4DEBD4 
  55      3D98C9
  56 01a2 64FBB3A3 		.ascii	"d\373\263\243\231\001wH\303\273\032^\273Cf`<\232K\217"
  56      99017748 
ARM GAS  /tmp/cc90MEfm.s 			page 4


  56      C3BB1A5E 
  56      BB436660 
  56      3C9A4B8F 
  57 01b6 A647C6FE 		.ascii	"\246G\306\376\001\342\365\273'"
  57      01E2F5BB 
  57      27
  58              		.text
  59              		.section	.gnu.lto_.symbol_nodes.2631b32c232b1718,"e",%progbits
  60 0000 789CE360 		.ascii	"x\234\343``d\220e\000\002\246KL\365\014\015@\300\302"
  60      60649065 
  60      0002A64B 
  60      4CF50C0D 
  60      40C0C2
  61 0013 38E11C03 		.ascii	"8\341\034\003C=\003\303\256\006G\240$\010\000\000~9"
  61      433D03C3 
  61      AE0647A0 
  61      24080000 
  61      7E39
  62 0025 06DA     		.ascii	"\006\332"
  63              		.text
  64              		.section	.gnu.lto_.refs.2631b32c232b1718,"e",%progbits
  65 0000 789CE360 		.ascii	"x\234\343``\004B \000\000\000]\000\013"
  65      60044220 
  65      0000005D 
  65      000B
  66              		.text
  67              		.section	.gnu.lto_.decls.2631b32c232b1718,"e",%progbits
  68 0000 789C9D51 		.ascii	"x\234\235QMh\023Q\020\236o7b\272im)\225\034z\011\275"
  68      4D681351 
  68      109E6F37 
  68      62BA696D 
  68      29951C7A 
  69 0016 E825EE41 		.ascii	"\350%\356AA\252\027C\251\366\022\017-\305c\010\355\332"
  69      41AA1743 
  69      A9F6120F 
  69      2DC56308 
  69      EDDA
  70 0028 04121392 		.ascii	"\004\022\023\222\215?\007a\233B\360\242\344`\361\007"
  70      8D3F0761 
  70      9B42F0A2 
  70      E460F107 
  71 0038 ACF5A468 		.ascii	"\254\365\244h-\342\017J\033\233T\255\265{\320\210\366"
  71      2DE20F4A 
  71      1B9B54AD 
  71      B57BD088 
  71      F6
  72 0049 E07FDA9B 		.ascii	"\340\177\332\233\210\350A\241 U\347\355K\232B/\342\354"
  72      88E841A1 
  72      2055E7ED 
  72      4B9A422F 
  72      E2EC
  73 005b CE7B33DF 		.ascii	"\316{3\337\233\371\336\233\0317\201.(D\005\"\212\260"
  73      9BF9DE9B 
  73      1937812E 
  73      28440522 
  73      8AB0
  74 006d FE616197 		.ascii	"\376aa\227^\262\212}\226u\210\244\200\325\246\2152\312"
ARM GAS  /tmp/cc90MEfm.s 			page 5


  74      5EB28A7D 
  74      967588A4 
  74      80D5A68D 
  74      32CA
  75 007f 079B786F 		.ascii	"\007\233xoemc\015\376c\3369\025\205\334\352\314\346"
  75      656D630D 
  75      FE63DE39 
  75      1585DCEA 
  75      CCE6
  76 0091 332AB669 		.ascii	"3*\266i\0207734\377\355\353kHHD\330\357n_\364\250\212"
  76      10373733 
  76      34FFEDEB 
  76      6B484844 
  76      D8EF6E5F 
  77 00a8 63BF29FD 		.ascii	"c\277)\375\316\271\364\233\226\024\367IB\001j\235lb"
  77      CEB9F49B 
  77      9614F749 
  77      42016A9D 
  77      6C62
  78 00ba ECC670B3 		.ascii	"\354\306p\263\272\337\011\375\230\275\264\322\310,\255"
  78      BADF09FD 
  78      98BDB4D2 
  78      C82CAD
  79 00c9 1A5CEC9E 		.ascii	"\032\\\354\236\265\357.h\354\266i\360\261[\374b_U\265"
  79      B5EF2E68 
  79      ECB669F0 
  79      B15BFC62 
  79      5F55B5
  80 00dc 539695B5 		.ascii	"S\226\225\265\306G\254\206\036B\011\355(\242\2350\003"
  80      C647AC86 
  80      1E4209ED 
  80      28A29D30 
  80      03
  81 00ed E7EA87D0 		.ascii	"\347\352\207\3201\315\330\224\300f\241q\322\225\017"
  81      31CDD894 
  81      C066A171 
  81      D2950F
  82 00fc 9562C312 		.ascii	"\225b\303\022>A\364\005\270\256\202\304'\026\3102!~"
  82      3E41F405 
  82      B8AE82C4 
  82      2716C832 
  82      217E
  83 010e 814036D2 		.ascii	"\201@6\322\021\010\251\306\311M\004HLn\265EbJ\225E\251"
  83      1108A9C6 
  83      C94D0448 
  83      4C6EB545 
  83      624A9545 
  84 0123 754FE648 		.ascii	"uO\346Hv\307]G-\317Q=\257\221\310\004\371\252zb\025"
  84      76C75D47 
  84      2DCF513D 
  84      AF91C804 
  84      F9AA7A62 
  85 0138 52AAD7AD 		.ascii	"R\252\327\255\317\300\206\027\327\011i\215\264&X\353"
  85      CFC08617 
  85      D709698D 
  85      B42658EB 
  86 0148 F8D8EAE9 		.ascii	"\370\330\352\351\313[\226Q\031\346q\224\357\2554\021"
ARM GAS  /tmp/cc90MEfm.s 			page 6


  86      CB5B9651 
  86      19E67194 
  86      EFAD3411 
  87 0158 B6E67D24 		.ascii	"\266\346}$\007\360\366\316g\217\032u\354\311\211_\267"
  87      07F0F6CE 
  87      678F1A75 
  87      ECC9895F 
  87      B7
  88 0169 34171784 		.ascii	"4\027\027\204\241Fd\\\002\232z\277\370@B\334\\\314\301"
  88      A146645C 
  88      029A7ABF 
  88      F84042DC 
  88      5CCCC1
  89 017c 017373F9 		.ascii	"\001ss\371\351&94E4|\261\234\205\034Z\013\273\367'\363"
  89      E9263934 
  89      45347CB1 
  89      9C851C5A 
  89      0BBBF727 
  90 0191 39B77754 		.ascii	"9\267wT\214>?b\265(\010z\360\214G4\317#\",\300Kx\312"
  90      8C3E3F62 
  90      B528087A 
  90      F08C4734 
  90      CF23222C 
  91 01a9 3CCEC37E 		.ascii	"<\316\303~\346_\375\320:\306\255\357\025\253\364\342"
  91      E65FFDD0 
  91      3AC6ADEF 
  91      15ABF4E2 
  92 01b9 DAF6F3CF 		.ascii	"\332\366\363\317sV\231\363\3669qx\3023\346\001;\265"
  92      735699F3 
  92      F6397178 
  92      C233E601 
  92      3BB5
  93 01cb B04D788C 		.ascii	"\260Mx\214e\340\021\226D\3316:h\217\036I\304\015=\031"
  93      65E01196 
  93      44D9363A 
  93      688F1E49 
  93      C40D3D19 
  94 01df 35F5405F 		.ascii	"5\365@_w\2507\320\325\255\007\202\321\336\204?\220L"
  94      77A837D0 
  94      D5AD0782 
  94      D1DE843F 
  94      904C
  95 01f1 A6F5B058 		.ascii	"\246\365\260Xz\214X,q(\221\212\015\352\021a\036\023"
  95      7A8C582C 
  95      7128918A 
  95      0DEA1161 
  95      1E13
  96 0203 E68E01F7 		.ascii	"\346\216\001\367\201\203\375\276\256\316N\362dRfh\320"
  96      8183FDBE 
  96      AECE4EF2 
  96      64526668 
  96      D0
  97 0214 88854F84 		.ascii	"\210\205O\204Le\027\271\303\251\370\321\335\3768i\003"
  97      4C6517B9 
  97      C3A9F8D1 
  97      DDFE3869 
  97      03
ARM GAS  /tmp/cc90MEfm.s 			page 7


  98 0225 8994691C 		.ascii	"\211\224i\034\367\307w\222\267\236\330\2272\373\323"
  98      F7C77792 
  98      B79ED897 
  98      32FBD3
  99 0234 C6E14CEC 		.ascii	"\306\341L\354\210\221N\357\375\377\353\351/\361\004"
  99      88914EEF 
  99      FDFFEBE9 
  99      2FF104
 100 0243 E469     		.ascii	"\344i"
 101              		.text
 102              		.section	.gnu.lto_.symtab.2631b32c232b1718,"e",%progbits
 103 0000 68656C6C 		.ascii	"helloworldSrtUsefulness\000"
 103      6F776F72 
 103      6C645372 
 103      74557365 
 103      66756C6E 
 104 0018 00       		.ascii	"\000"
 105 0019 00       		.ascii	"\000"
 106 001a 00       		.ascii	"\000"
 107 001b 00000000 		.ascii	"\000\000\000\000\000\000\000\000"
 107      00000000 
 108 0023 CA000000 		.ascii	"\312\000\000\000"
 109              		.text
 110              		.section	.gnu.lto_.opts,"e",%progbits
 111 0000 272D666E 		.ascii	"'-fno-openmp' '-fno-openacc' '-fno-pie' '-mcpu=cort"
 111      6F2D6F70 
 111      656E6D70 
 111      2720272D 
 111      666E6F2D 
 112 0033 65782D6D 		.ascii	"ex-m3' '-mthumb' '-mfloat-abi=soft' '-march=armv7-m"
 112      33272027 
 112      2D6D7468 
 112      756D6227 
 112      20272D6D 
 113 0066 2720272D 		.ascii	"' '-O2' '-fstack-usage' '-ffunction-sections' '-fda"
 113      4F322720 
 113      272D6673 
 113      7461636B 
 113      2D757361 
 114 0099 74612D73 		.ascii	"ta-sections' '-fno-common' '-flto' '-fshort-enums'\000"
 114      65637469 
 114      6F6E7327 
 114      20272D66 
 114      6E6F2D63 
 115              		.text
 116              		.comm	__gnu_lto_v1,1,1
 117              		.comm	__gnu_lto_slim,1,1
 118              		.ident	"GCC: (GNU Arm Embedded Toolchain 9-2020-q2-update) 9.3.1 20200408 (release)"
ARM GAS  /tmp/cc90MEfm.s 			page 8


DEFINED SYMBOLS
                            *ABS*:0000000000000000 helloworld.c
                            *COM*:0000000000000001 __gnu_lto_v1
                            *COM*:0000000000000001 __gnu_lto_slim

NO UNDEFINED SYMBOLS
