ARM GAS  /tmp/ccvPx1Sc.s 			page 1


   1              		.cpu cortex-m3
   2              		.eabi_attribute 20, 1
   3              		.eabi_attribute 21, 1
   4              		.eabi_attribute 23, 3
   5              		.eabi_attribute 24, 1
   6              		.eabi_attribute 25, 1
   7              		.eabi_attribute 26, 1
   8              		.eabi_attribute 30, 2
   9              		.eabi_attribute 34, 1
  10              		.eabi_attribute 18, 4
  11              		.file	"urt_sync.c"
  12              		.section	.gnu.lto_.profile.2c3459610ade9c57,"e",%progbits
  13 0000 789CE360 		.ascii	"x\234\343``\004B \000\000\000]\000\013"
  13      60044220 
  13      0000005D 
  13      000B
  14              		.text
  15              		.section	.gnu.lto_.icf.2c3459610ade9c57,"e",%progbits
  16 0000 789CE360 		.ascii	"x\234\343``d\020a@\000f\206M\373\227\035\346d|}\356"
  16      60641061 
  16      40006686 
  16      4DFB971D 
  16      E6647C7D 
  17 0015 D76676A6 		.ascii	"\327fv\246\216\326\203\253Y\031\000b\270\010\362"
  17      8ED683AB 
  17      59190062 
  17      B808F2
  18              		.text
  19              		.section	.gnu.lto_.jmpfuncs.2c3459610ade9c57,"e",%progbits
  20 0000 789C858F 		.ascii	"x\234\205\217;\016\0021\014Dg2F,4{\000n\302=\270\316"
  20      3B0E0231 
  20      0C446732 
  20      462C347B 
  20      006EC23D 
  21 0016 5250D16C 		.ascii	"RP\321lK\231\232\013P\360\2218\0117@\264t`\002\2126"
  21      4B999A0B 
  21      50F09138 
  21      093740B4 
  21      7460028A 
  22 002b D9024B53 		.ascii	"\331\002KS\304\343\214\237\033\020+\"\227 \222\323u"
  22      C4E38C9F 
  22      1B102B22 
  22      972092D3 
  22      75
  23 003c 145C7405 		.ascii	"\024\\t\005\346\016\243\3442\263\316\277\360j\204\353"
  23      E60EA3E4 
  23      32B3CEBF 
  23      F06A84EB 
  24 004c E5D5C2BA 		.ascii	"\345\325\302\272P\267\346a'\366\233\307\255\351\025"
  24      50B7E661 
  24      27F69BC7 
  24      ADE915
  25 005b 352178E4 		.ascii	"5!x\344\"\317\000\205-\267O\003\373\231\"\212\0217x"
  25      22CF0085 
  25      2DB74F03 
  25      FB99228A 
  25      113778
ARM GAS  /tmp/ccvPx1Sc.s 			page 2


  26 006e 2E13AA77 		.ascii	".\023\252wM\200%\2029=\333!\376G\211\355\260\275\357"
  26      4D802582 
  26      393DDB21 
  26      FE4789ED 
  26      B0BDEF
  27 0081 675F36F2 		.ascii	"g_6\362\362KJ\011~\016\371\377B\3534Z9F\300\033vyV\231"
  27      F24B4A09 
  27      7E0EF9FF 
  27      42EB345A 
  27      3946C01B 
  28              		.text
  29              		.section	.gnu.lto_.inline.2c3459610ade9c57,"e",%progbits
  30 0000 789C9D8E 		.ascii	"x\234\235\216\313\015\302@\014D\307v\010\273Rn(\367"
  30      CB0DC240 
  30      0C44C776 
  30      08BB526E 
  30      28F7
  31 0012 54B44540 		.ascii	"T\264E@\"\332p:\330[\252\240\007J\240\012\216\324\300"
  31      22DA703A 
  31      D85BAAA0 
  31      074AA00A 
  31      8ED4C0
  32 0025 4E3EE490 		.ascii	"N>\344\220\033\266e\215F\266\237\003\004\254-\014\250"
  32      1BB6658D 
  32      46B69F03 
  32      04AC2D0C 
  32      A8
  33 0036 DDFDA983 		.ascii	"\335\375\251\203@\255(\267\033\020iY\257P\316\010\332"
  33      40AD28B7 
  33      1B106959 
  33      AF50CE08 
  33      DA
  34 0047 C7F479DB 		.ascii	"\307\364y\333]\024\235p\205\275\253\227\305\036\010"
  34      5D149D70 
  34      85BDAB97 
  34      C51E08
  35 0056 8BE0B8F0 		.ascii	"\213\340\270\360\204^\025\325O\243\332\335\260\273a"
  35      845E15D5 
  35      4FA3DADD 
  35      B0BB61
  36 0065 C637A569 		.ascii	"\3067\245iN9\305\266\250\023\275\234\024\227\321\375"
  36      4E39C5B6 
  36      A813BD9C 
  36      1497D1FD 
  37 0075 7500C671 		.ascii	"u\000\306q~\0138\377\015\\1$2\361\005v\0113\266"
  37      7E0B38FF 
  37      0D5C3124 
  37      32F10576 
  37      0933B6
  38              		.text
  39              		.section	.gnu.lto_.pureconst.2c3459610ade9c57,"e",%progbits
  40 0000 789CE360 		.ascii	"x\234\343``d\340b```f\230\305\3028\213\205i\026\013"
  40      6064E062 
  40      60606066 
  40      98C5C238 
  40      8B856916 
  41 0015 000A9E01 		.ascii	"\000\012\236\001\364"
ARM GAS  /tmp/ccvPx1Sc.s 			page 3


  41      F4
  42              		.text
  43              		.section	.gnu.lto_urtSyncInit.2c3459610ade9c57,"e",%progbits
  44 0000 789C8D90 		.ascii	"x\234\215\220\315k\023A\030\207\337\337\316\356f-\261"
  44      CD6B1341 
  44      1887DFDF 
  44      CEEE662D 
  44      B1
  45 0011 5E0345E9 		.ascii	"^\003E\351A\010=\350\346\017\0204\330\036{I\275\227"
  45      41083DE8 
  45      E60F1034 
  45      D81E7B49 
  45      BD97
  46 0023 B80D184C 		.ascii	"\270\015\030LlHZ\304S')\332CKEP\333F\302VbT\024\214"
  46      6C485AC4 
  46      532729DA 
  46      434B4550 
  46      DB46C256 
  47 003b 8287FA55 		.ascii	"\202\207\372U\327V\253\2557\361\322\036\032P(~@\213"
  47      D756ABAD 
  47      37F1D21E 
  47      1A50287E 
  47      408B
  48 004d 555ABDB4 		.ascii	"UZ\275\264\276\263\261U)\210\003\303\316\354\314\363"
  48      BEB3B155 
  48      298803C3 
  48      CEECCCF3 
  49 005d CCFBFE2C 		.ascii	"\314\373\376,\002\3455\242\016\"\332\313\023\202\240"
  49      02E535A2 
  49      0E22DACB 
  49      1382A0
  50 006c 49298F04 		.ascii	"I)\217\004\362\226\006\370+i\201\3724\364\341\274\030"
  50      F29606F8 
  50      2B6981FA 
  50      34F4E1BC 
  50      18
  51 007d 11981A58 		.ascii	"\021\230\032Xz\240\265\334\340\023\351\215\214\232\347"
  51      7AA0B5DC 
  51      E013E98D 
  51      8C9AE7
  52 008c E4D9902B 		.ascii	"\344\331\220+\210\306x\326\007\036\242\205\357-\026"
  52      88C678D6 
  52      071EA285 
  52      EF2D16
  53 009b 4ADF83C3 		.ascii	"J\337\203\303\302\025\200\316\333\213s\367g\033\324"
  53      C21580CE 
  53      DB8B73F7 
  53      671BD4
  54 00aa 5643B33A 		.ascii	"VC\263:\235_\253Z\3420\210\327+\325\233\223{\302\025"
  54      9D5FAB5A 
  54      E23088D7 
  54      2BD59B93 
  54      7BC215
  55 00bd 290BD2FB 		.ascii	")\013\322\373V\026r\277+\004\236@\260\022\217\321\204"
  55      561672BF 
  55      2B049E40 
  55      B0128FD1 
ARM GAS  /tmp/ccvPx1Sc.s 			page 4


  55      84
  56 00ce 476822E2 		.ascii	"Gh\"\342\177\254\236D\230\201\317\267\026\3366\212V"
  56      7FAC9E44 
  56      9881CFB7 
  56      16DE368A 
  56      56
  57 00df 1FFEB2BA 		.ascii	"\037\376\262\272T\333\265\005_\367a\035Ow\300:\303\236"
  57      54DBB505 
  57      5FF7611D 
  57      4F77C03A 
  57      C39E
  58 00f1 0F5F98F9 		.ascii	"\017_\230\371Z\016\212v\037\336\274<\261\276\015\207"
  58      5A0E8A76 
  58      1FDEBC3C 
  58      B1BE0D87 
  59 0101 8AD2D35D 		.ascii	"\212\322\323]a\340\331\016\332`z\012aR\314\273{\033"
  59      61E0D90E 
  59      DA607A0A 
  59      6152CCBB 
  59      7B1B
  60 0113 97769BFA 		.ascii	"\227v\233\372\257\2061\015\223#$\252\2761<\271\2619"
  60      AF86310D 
  60      932324AA 
  60      BE313CB9 
  60      B139
  61 0125 20BDE5D0 		.ascii	" \275\345\320\325\037A\025\036\027\313\315\363\253\006"
  61      D51F4115 
  61      1E17CBCD 
  61      F3AB06
  62 0134 EAF4A020 		.ascii	"\352\364\240 \025\233\016\351\021\015\011\255\276\311"
  62      159B0EE9 
  62      110D09AD 
  62      BEC9
  63 0142 F3E6130A 		.ascii	"\363\346\023\012\305\217c\323\015J\307o\014\367\257"
  63      C58F63D3 
  63      0D4AC76F 
  63      0CF7AF
  64 0151 2C5A2A2C 		.ascii	",Z*,\341\227\351-\334\235o\254\240\234\347\373\343\373"
  64      E197E92D 
  64      DC9D6FAC 
  64      A09CE7FB 
  64      E3FB
  65 0163 5C619638 		.ascii	"\\a\2268\305\347\2524>\314\273\265\0113rG\271\232U\357"
  65      C5E7AA34 
  65      3ECCBBB5 
  65      09337247 
  65      B99A55EF 
  66 0177 2F50C168 		.ascii	"/P\301h\275\266\031DJ\034\233//\366o\311\377iso_\253"
  66      BDB61944 
  66      4A1C9B2F 
  66      2FF66FC9 
  66      FF69736F 
  67 018d 05B76D06 		.ascii	"\005\267m\006^\3726\325 ^)\233\241l\253\037\256\274"
  67      5EFA36D5 
  67      205E299B 
  67      A16CAB1F 
  67      AEBC
ARM GAS  /tmp/ccvPx1Sc.s 			page 5


  68 019f 0FFC8FED 		.ascii	"\017\374\217\355\357\332\002\230\365m\232\262\315!\362"
  68      EFDA0298 
  68      F56D9AB2 
  68      CD21F2
  69 01ae 67A30110 		.ascii	"g\243\001\020^3\265\214\302\370\372\220\360cUcP\340"
  69      5E33B58C 
  69      C2F8FA90 
  69      F0635563 
  69      50E0
  70 01c0 77644487 		.ascii	"wdD\207\354\023\335\351\204\235I\366\330\321\216\266"
  70      EC13DDE9 
  70      849D49F6 
  70      D8D18EB6 
  71 01d0 CE58F468 		.ascii	"\316X\364h\233\035mO\306\272\017D3\231\234\235Nvu\245"
  71      9B1D6D4F 
  71      C6BA0F44 
  71      33999C9D 
  71      4E7675A5 
  72 01e4 12A7E3D9 		.ascii	"\022\247\343\331\204\335\033;f\347\262\216\335\233\355"
  72      84DD1B3B 
  72      66E7B28E 
  72      DD9BED
  73 01f3 E9CC9D39 		.ascii	"\351\314\2359\345\034tHW_\313\211\247R\307\343\316I"
  73      E51C7448 
  73      575FCB89 
  73      A752C7E3 
  73      CE49
  74 0205 3313CFC6 		.ascii	"3\023\317\306\323\271\237!\305\354\034"
  74      D3B99F21 
  74      C5EC1C
  75              		.text
  76              		.section	.gnu.lto_urtSyncStart.2c3459610ade9c57,"e",%progbits
  77 0000 789C9D52 		.ascii	"x\234\235R[HTQ\024=\353\236{\347\345\214B\375D\343\207"
  77      5B485451 
  77      143DEB9E 
  77      7BE7E58C 
  77      42FD44E3 
  78 0015 41227DD4 		.ascii	"A\"}\324\010\375\006%=\376\202\260\376\372\210a\034"
  78      08FD0625 
  78      3DFE82B0 
  78      FEFA8861 
  78      1C
  79 0026 4BC807F3 		.ascii	"K\310\007\363(\372\352\314\244Dh\326G\321s\272c\343"
  79      28FAEACC 
  79      A44468D6 
  79      47D173BA 
  79      63E3
  80 0038 A016A542 		.ascii	"\240\026\245B\014\242\246c\226\245\231\331\233\2442"
  80      0CA2A663 
  80      96A599D9 
  80      9BA432
  81 0047 7A908565 		.ascii	"z\220\205e\364!\022e\355s\357\244i\177]\270\367\236"
  81      F4211265 
  81      ED73EFA4 
  81      697F5DB8 
  81      F79E
  82 0059 B3F75EEB 		.ascii	"\263\367^\353\254\275\366\2611\260\245*c^\306\330\026"
ARM GAS  /tmp/ccvPx1Sc.s 			page 6


  82      ACBDF6B1 
  82      31B0A52A 
  82      635EC6D8 
  82      16
  83 006a 7A616150 		.ascii	"zaaP\204\020\033\254\021\233\242\360w\207\277;U\341"
  83      84101BAC 
  83      119BA2F0 
  83      7787BF3B 
  83      55E1
  84 007c 50CFCFD4 		.ascii	"P\317\317\324\254U\205\223C\313\344\324\271\225\006"
  84      AC558593 
  84      43CBE4D4 
  84      B99506
  85 008b 182B6103 		.ascii	"\030+a\003;\250pU\303A\034\343\2478N\036\351z\346Z\325"
  85      3BA87055 
  85      C3411CE3 
  85      A7384E1E 
  85      E97AE65A 
  86 00a0 244454A4 		.ascii	"$DT\244O\035\267^h\033\025\\\347\214\235\341\014k\335"
  86      4F1DB75E 
  86      681B155C 
  86      E78C9DE1 
  86      0C6BDD
  87 00b3 287433F9 		.ascii	"(t3\371\240\023\253\250\370U46\343\254\247<\240\322"
  87      A013ABA8 
  87      F8553436 
  87      E3ACA73C 
  87      A0D2
  88 00c5 F6C4D0B5 		.ascii	"\366\304\320\265A\207\334*\310\223\331\347\323\2556"
  88      4187DC2A 
  88      C893D9E7 
  88      D3AD36
  89 00d4 BE1E8CD6 		.ascii	"\276\036\214\326S\255\315=9\005I\203\366G#\027+u\316"
  89      53ADCD3D 
  89      39054983 
  89      F6472317 
  89      2B75CE
  90 00e7 711D5CD2 		.ascii	"q\035\\\322v\303\215.\0201\305\210\272\007\005\004\270"
  90      76C38D2E 
  90      1031C588 
  90      BA070504 
  90      B8
  91 00f8 3836A03B 		.ascii	"86\240;\370&\003|\264\343CJ\311\200\037/;+\322\252\316"
  91      F826037C 
  91      B4E3434A 
  91      C9801F2F 
  91      3B2BD2AA 
  92 010d 55F4FE83 		.ascii	"U\364\376\203&G\2206\320?\333\237\236S\3716\003}\351"
  92      26479036 
  92      D03FDB9F 
  92      9E53F936 
  92      037DE9
  93 0120 C5CF16FE 		.ascii	"\305\317\026\376\007\235k\2425\364\375\203\326\010}"
  93      079D6BA2 
  93      35F4FD83 
  93      D6087D
  94 012f 03054C62 		.ascii	"\003\005Lb&j\304\025;\337i\340;{\277|\325\362\023\342"
ARM GAS  /tmp/ccvPx1Sc.s 			page 7


  94      266AC415 
  94      3BDF69E0 
  94      3B7BBF7C 
  94      D5F213E2 
  95 0143 38E1A7CF 		.ascii	"8\341\247\317\347F\017\211\323\202(,\3507)\346]\221"
  95      E7460F89 
  95      D382282C 
  95      E83729E6 
  95      5D91
  96 0155 D56FDA67 		.ascii	"\325o\332gO\272,*n\"_z&\275\272%\307C\177\031k}\250"
  96      4FBA2C2A 
  96      6E225F7A 
  96      26BDBA25 
  96      C7437F19 
  97 016c A5C5ECAF 		.ascii	"\245\305\354\257\303\"=\222\333\220\314q\201\016\266"
  97      C3223D92 
  97      DB90CC71 
  97      810EB6
  98 017b 2AF49113 		.ascii	"*\364\221\023\241\316\255LV9 \373\310\202\251\247\226"
  98      A1CEAD4C 
  98      563920FB 
  98      C882A9A7 
  98      96
  99 018c 339A9550 		.ascii	"3\232\225P!\322\214\325q\305\334Dh\363\011\321\356\217"
  99      21D28CD5 
  99      71C5DC44 
  99      68F309D1 
  99      EE8F
 100 019e 236F97C8 		.ascii	"#o\227\310#b\034t|\375\241\251W69\002nhO\217\265=\317"
 100      23621C74 
 100      7CFDA1A9 
 100      57363902 
 100      6E684F8F 
 101 01b5 4E221121 		.ascii	"N\"\021!H\236\316\3551\352|@\266K\271\210>\336a)\274"
 101      489ECEED 
 101      31EA7C40 
 101      B64BB988 
 101      3EDE6129 
 102 01ca 2ACC9403 		.ascii	"*\314\224\003\267\221\304iS\361\035\024\032\334\203"
 102      B791C469 
 102      53F11D14 
 102      1ADC83
 103 01d9 EB4D6665 		.ascii	"\353Mfe\021U<\345b\213\330\364\313\215\343N\223->\013"
 103      11553CE5 
 103      628BD8F4 
 103      CB8DE34E 
 103      932D3E0B 
 104 01ed EA078306 		.ascii	"\352\007\203\006\037$\337\020\361M\202l3\351\2541S\335"
 104      1F24DF10 
 104      F14D826C 
 104      33E9AC31 
 104      53DD
 105 01ff 9CD82C30 		.ascii	"\234\330,0\334\205\373\357\220J\241\341\205!\215B\367"
 105      DC85FBEF 
 105      904AA1E1 
 105      85218D42 
 105      F7
ARM GAS  /tmp/ccvPx1Sc.s 			page 8


 106 0210 685EF492 		.ascii	"h^\364\222$\235;\331{T\217\367\217\304\234\031Z*\256"
 106      249D3BD9 
 106      7B548FF7 
 106      8FC49C19 
 106      5A2AAE
 107 0223 1B4F35D9 		.ascii	"\033O5\331e\261\005+0\002s.u\2347\364\214~`\177<\373"
 107      65B1052B 
 107      3002732E 
 107      759C37F4 
 107      8C7E607F 
 108 0239 36319670 		.ascii	"61\226pH\314\342\266J\027w\265\320#\027\356\033=)\262"
 108      48CCE2B6 
 108      4A1777B5 
 108      D02317EE 
 108      1B3D29B2 
 109 024d A7511452 		.ascii	"\247Q\024RA\262\366b\227K\236\347\202\202\007\204\232"
 109      41B2F662 
 109      974B9EE7 
 109      82820784 
 109      9A
 110 025e 444D7CAA 		.ascii	"DM|\252^3\206N\371X\363\360/{5\242\021\233\316\263\317"
 110      5E33864E 
 110      F958F3F0 
 110      2F7B35A2 
 110      119BCEB3 
 111 0273 4837F010 		.ascii	"H7\360\020\325`1\356\210\361,\235\347\030\362\324\327"
 111      D56031EE 
 111      88F12C9D 
 111      E718F2D4 
 111      D7
 112 0284 7DAD64D5 		.ascii	"}\255d\325\234\274\227\377)\357\321\274\274\307\206"
 112      9CBC97FF 
 112      29EFD1BC 
 112      BCC786
 113 0293 BCD491CF 		.ascii	"\274\324\221\317-vS\036\360\304\260\243\216k\363\027"
 113      2D76531E 
 113      F0C4B0A3 
 113      8E6BF317 
 114 02a3 E80BA2F1 		.ascii	"\350\013\242\361\304\261\345\031\377\244W\265\034\363"
 114      C4B1E519 
 114      FFA457B5 
 114      1CF3
 115 02b1 978DB175 		.ascii	"\227\215\261u\236=\225\345~OUY\310S\264}\363\256\342"
 115      9E3D95E5 
 115      7E4F5559 
 115      C853B47D 
 115      F3AEE2
 116 02c4 A28D9B3D 		.ascii	"\242\215\233=E[\313\212+W\027UU\005=\345e%%{\375\373"
 116      455BCB8A 
 116      2B571755 
 116      55053DE5 
 116      6525257B 
 117 02da BD01BF27 		.ascii	"\275\001\277'\\\274\303\023\014\370<\341@hW\360@\205"
 117      5CBCC313 
 117      0CF83CE1 
 117      406857F0 
 117      4085
ARM GAS  /tmp/ccvPx1Sc.s 			page 9


 118 02ec 6F8D8FA9 		.ascii	"o\215\217\251\362\237\345\337\347\257\010\005+\303\001"
 118      F29FE5DF 
 118      E7AF0805 
 118      2BC301
 119 02fb 9FDFE10F 		.ascii	"\237\337\341\017\004*\003\245{\275\273\203\226`\310"
 119      042A03A5 
 119      7BBDBB83 
 119      9660C8
 120 030a 1B0A077F 		.ascii	"\033\012\007\177\003\324\017s\210"
 120      03D40F73 
 120      88
 121              		.text
 122              		.section	.gnu.lto_urtSyncFinal.2c3459610ade9c57,"e",%progbits
 123 0000 789C7D93 		.ascii	"x\234}\223[H\024a\024\307\277\377\234\231\335\331m-"
 123      5B481461 
 123      14C7BFFF 
 123      9C99DDD9 
 123      6D2D
 124 0012 088268A3 		.ascii	"\010\202h\243|H\314\240V\3505(\251\036\213\260^#d\333"
 124      7C48CCA0 
 124      56E83528 
 124      A91E8BB0 
 124      5E2364DB 
 125 0026 4AC80B3B 		.ascii	"J\310\013;\273EO~nE\204vy\310\354\3026\226Ii\224JW\262"
 125      BB454F7E 
 125      6E458476 
 125      79C8ECC2 
 125      36964969 
 126 003e 6CCB6E6B 		.ascii	"l\313nkefah\222\024D\027\272=IDm\235ofM\261ha\347\273"
 126      65666168 
 126      92144417 
 126      BA3D4944 
 126      6D9D6F66 
 127 0058 9CEFF73F 		.ascii	"\234\357\367?\347\374\277\031S@dH\210r!\304J\376\303"
 127      E7FCBF19 
 127      53406448 
 127      887221C4 
 127      4AFEC3
 128 006b 23A04929 		.ascii	"#\240I)\227x\253MM#\236\345\352\322o\270c\2004\343c"
 128      9778AB4D 
 128      4D239EE5 
 128      EAD26FB8 
 128      638034E3 
 129 0080 E3AB69BC 		.ascii	"\343\253i\274\243\037\030:6\217wt\030\331\323\006\340"
 129      A31F183A 
 129      368F7774 
 129      18D9D306 
 129      E0
 130 0091 CCA40951 		.ascii	"\314\244\011Q\245\221n\240\012\373\250\236P\267\273"
 130      A5916EA0 
 130      0AFBA89E 
 130      50B7BB
 131 00a0 E3794EC1 		.ascii	"\343yN\301))\0232U\337\346?\326\326+\311\346\224\207"
 131      29291332 
 131      55DFE63F 
 131      D6D62BC9 
 131      E69487
ARM GAS  /tmp/ccvPx1Sc.s 			page 10


 132 00b3 49606110 		.ascii	"I`a\020\205A\241~\270\212\002>\3742\221\374\026\330"
 132      8541A17E 
 132      B88A023E 
 132      FC3291FC 
 132      16D8
 133 00c5 CB7140E7 		.ascii	"\313q@\347\345\201\356\013i\277Zj\310U\321\201\221V"
 133      E581EE0B 
 133      69BF5A6A 
 133      C855D181 
 133      9156
 134 00d7 931643F0 		.ascii	"\223\026C\360\374K\353\351\316)\371M\216\354\217\223"
 134      FC4BEBE9 
 134      CE29F94D 
 134      8EEC8F93 
 135 00e7 24E7D844 		.ascii	"$\347\330D\270\016R\262\327\020D\007X\230\367X\272\023"
 135      B80E52B2 
 135      D7104407 
 135      5898F758 
 135      BA13
 136 00f9 F90C9C18 		.ascii	"\371\014\234\030\274k\373i\231\003\357\271\362\366\222"
 136      BC6BFB69 
 136      9903EFB9 
 136      F2F692
 137 0108 96859F4D 		.ascii	"\226\205\237M?\"S\272M:n\374E\353L\247\034\372E\343"
 137      3F2253BA 
 137      4D3A6EFC 
 137      45EB4CA7 
 137      1CFA45E3 
 138 011c E5B48F56 		.ascii	"\345\264\217V9\364\213\313{\372=\243\364L\2276p\363"
 138      39F48BCB 
 138      7BFA3DA3 
 138      F44C9736 
 138      70F3
 139 012e 2FDA60FA 		.ascii	"/\332`\372\226C\377l\357?\252\323Z\207n\031\372\331"
 139      9643FF6C 
 139      EF3FAAD3 
 139      5A876E19 
 139      FAD9
 140 0140 4C597A68 		.ascii	"LYzh\356(\335\365O\3726\362\205b\336\355\224g}\264\311"
 140      EE28DDF5 
 140      4FFA36F2 
 140      8562DEED 
 140      94677DB4 
 141 0155 E1AFDEF8 		.ascii	"\341\257\336\370\374\325\310k\224\373\231\3174\317L"
 141      FCD5C86B 
 141      94FB99CF 
 141      34CF4C
 142 0164 6C978724 		.ascii	"l\227\207$Kxp\307\225\030\363T\235~\335\236\251\313"
 142      4B7870C7 
 142      9518F354 
 142      9D7EDD9E 
 142      A9CB
 143 0176 F1E8B88B 		.ascii	"\361\350\270\213<\345\270r\372\236\272d\036\325^k\237"
 143      3CE5B872 
 143      FA9EBA64 
 143      1ED55E6B 
 143      9F
ARM GAS  /tmp/ccvPx1Sc.s 			page 11


 144 0187 9192995F 		.ascii	"\221\222\231_\273d\252\247\340\370\305i\001pb\257\306"
 144      BB64AAA7 
 144      E0F8C569 
 144      017062AF 
 144      C6
 145 0198 0F93F8E1 		.ascii	"\017\223\370\341\343Ke\363<Pmx\241\3121\241\014\361"
 145      E34B65F3 
 145      3C506D78 
 145      A1CA31A1 
 145      0CF1
 146 01aa 0B4750D4 		.ascii	"\013GP\324\220\340K\227:dJ\210Z\322\334E5/> q\355\275"
 146      90E04B97 
 146      3A644A88 
 146      5AD2DC45 
 146      352F3E20 
 147 01c1 FD66AACA 		.ascii	"\375f\252\312\226$p%{\267\177yi\252\273$\247\215\324"
 147      96247025 
 147      7BB77F79 
 147      69AABB24 
 147      A78DD4
 148 01d4 60DBC0E4 		.ascii	"`\333\300\344&4V\253w\313&\177\222M\270\257:\347X\265"
 148      263456AB 
 148      77CB267F 
 148      924DB8AF 
 148      3AE758B5 
 149 01e8 3D7CC553 		.ascii	"=|\305SxN\272\241IH\243\011\207\334\342\273Q\350h\247"
 149      784EBAA1 
 149      4948A309 
 149      87DCE2BB 
 149      51E868A7 
 150 01fc 17BBCADA 		.ascii	"\027\273\312\332\004\251\206\357\223\305\0045\373\314"
 150      04A986EF 
 150      93C50435 
 150      FBCC
 151 020a C9E180AB 		.ascii	"\311\341\200\253\326\220\001\267\206\007\216\036\224"
 151      D69001B7 
 151      86078E1E 
 151      94
 152 0217 DE43D6FB 		.ascii	"\336C\326\373\010v\320\225c\320\251\356\322\356O\315"
 152      0876D095 
 152      63D0A9EE 
 152      D2EE4FCD 
 153 0227 3E556C00 		.ascii	">Ul\000\300#\004\223d&\211\343^\316hS\216x\203\035\357"
 153      C0230493 
 153      642689E3 
 153      5ECE6853 
 153      8E78831D 
 154 023c BAFA5B46 		.ascii	"\272\372[F\220\305\306\367\347\201@\017\334+\250%RU"
 154      90C5C6F7 
 154      E781400F 
 154      DC2BA825 
 154      5255
 155 024e 69CA1330 		.ascii	"i\312\02304\274t\014\270\375jpg\300\005r\3618\013\324"
 155      34BC740C 
 155      B8FD6A70 
 155      67C00572 
 155      F1380BD4 
ARM GAS  /tmp/ccvPx1Sc.s 			page 12


 156 0262 90DEF7F5 		.ascii	"\220\336\367\365\373i(@\257%\343\217\243&w}0=[\341\023"
 156      FB692840 
 156      AF25E38F 
 156      A326777D 
 156      303D5BE1 
 157 0277 5B9EF55F 		.ascii	"[\236\365_\373|\350u\332\325T\273OP\230\344o\3423\022"
 157      FB7CE875 
 157      DAD554BB 
 157      4F5098E4 
 157      6FE23312 
 158 028b 0DE7EB66 		.ascii	"\015\347\353fdk\341\300\010\324\247\332Ts\242#GU\344"
 158      646BE1C0 
 158      08D4A7DA 
 158      5473A223 
 158      4755E4
 159 029e 83863E04 		.ascii	"\203\206>\004\365\301\226\001\357\370\326|\334\332S"
 159      F5C19601 
 159      EFF8D67C 
 159      DCDA53
 160 02ad 04356DBC 		.ascii	"\0045m\274E>\266\350\031\202\234\240\2060\366:\010\261"
 160      453EB6E8 
 160      19829CA0 
 160      8630F63A 
 160      08B1
 161 02bf 28B4A9A2 		.ascii	"(\264\251\242,\022\252,\215\205\212V/_W\\\264ty\250"
 161      2C12AA2C 
 161      8D858A56 
 161      2F5F575C 
 161      B47479A8 
 162 02d3 68456971 		.ascii	"hEiq\305\374\242\312J+TV\272~\375\346\310\326\222h$"
 162      C5FCA2CA 
 162      4A2B5456 
 162      BA7EFDE6 
 162      C8D69268 
 163 02e8 142F5E13 		.ascii	"\024/^\023\262\242\341P<\032[gm+\017/\010\013]\215\223"
 163      B2A2E150 
 163      3C1A5B67 
 163      6D2B0F2F 
 163      080B5D8D 
 164 02fd 225B22E5 		.ascii	"\"[\"\3451\253\"\036\015G\002V<\034\216X\326\206\315"
 164      31AB221E 
 164      0D470256 
 164      3C1C8E58 
 164      D686CD
 165 0310 251B2D7F 		.ascii	"%\033-\177$\032\255\210:S\217\025+\211\305\255\3379"
 165      241AAD88 
 165      3A538F15 
 165      2B89C5AD 
 165      DF39
 166 0322 6470B9   		.ascii	"dp\271"
 167              		.text
 168              		.section	.gnu.lto_.symbol_nodes.2c3459610ade9c57,"e",%progbits
 169 0000 789CE360 		.ascii	"x\234\343``d\350a\000\002\246KL\365\014\015@\300\302"
 169      6064E861 
 169      0002A64B 
 169      4CF50C0D 
 169      40C0C2
ARM GAS  /tmp/ccvPx1Sc.s 			page 13


 170 0013 38E11C03 		.ascii	"8\341\034\003C=\003\303\256\006G\240$H\3522S=#\016\251"
 170      433D03C3 
 170      AE0647A0 
 170      2448EA32 
 170      533D230E 
 171 0028 2B4CF54C 		.ascii	"+L\365L\330\245\030\2572\3253\377\207\002y\2604\003"
 171      D8A518AF 
 171      32D533FF 
 171      870279B0 
 171      3403
 172 003a D0020706 		.ascii	"\320\002\007\006\006fF\346\205\373.<g`<\302\310\002"
 172      066646E6 
 172      85FB2E3C 
 172      67603CC2 
 172      C802
 173 004c 35B79481 		.ascii	"5\267\224\201\205\011\306b\000\000?a)\247"
 173      8509C662 
 173      00003F61 
 173      29A7
 174              		.text
 175              		.section	.gnu.lto_.refs.2c3459610ade9c57,"e",%progbits
 176 0000 789CE360 		.ascii	"x\234\343``\004B \000\000\000]\000\013"
 176      60044220 
 176      0000005D 
 176      000B
 177              		.text
 178              		.section	.gnu.lto_.decls.2c3459610ade9c57,"e",%progbits
 179 0000 789C9556 		.ascii	"x\234\225V}PTU\024\177\347\335\005w\227e\327\300\322"
 179      7D505455 
 179      147FE7DD 
 179      05779765 
 179      D7C0D2
 180 0013 4967728A 		.ascii	"Igr\212\231\246&\331\232\232>\246\376\310\034\373\370"
 180      99A626D9 
 180      9A9A3EA6 
 180      FEC81CFB 
 180      F8
 181 0024 A39A919A 		.ascii	"\243\232\221\232\376\334\266u\223\255eqv\037e\375\365"
 181      FEDCB675 
 181      93AD6571 
 181      761F65FD 
 181      F5
 182 0035 0023FC00 		.ascii	"\000#\374\000\261\320\312\357\017*\310\217$?BEX\025"
 182      B1D0CAEF 
 182      0F2AC88F 
 182      243F4245 
 182      5815
 183 0047 15101241 		.ascii	"\025\020\022A\264`\241\325\0241@\374\006E\334\316\275"
 183      B460A1D5 
 183      143140FC 
 183      0645DCCE 
 183      BD
 184 0058 F7EDF2D6 		.ascii	"\367\355\362\326}[y\341\354\273\367\334\363;\347w\316"
 184      7D5B79E1 
 184      ECBBF7DC 
 184      F33BE777 
 184      CE
ARM GAS  /tmp/ccvPx1Sc.s 			page 14


 185 0069 BDEFDEA7 		.ascii	"\275\357\336\247\027@\330\221$\010\037\212\2020\017"
 185      1740D891 
 185      24081F8A 
 185      82300F
 186 0078 0421844D 		.ascii	"\004!\204M'\010\302q\224D\224\001\224n\2249(C(\207P"
 186      2708C271 
 186      94449401 
 186      946E9439 
 186      28432887 
 187 008d DA04DEA8 		.ascii	"\332\004\336\250\235\210\030=\212\005e\002\0101-\001"
 187      9D88183D 
 187      8A056502 
 187      08312D01 
 188 009d FDEAF199 		.ascii	"\375\352\361\231\211\222\2022\341.\237\375(=(\004\245"
 188      89928232 
 188      E12E9FFD 
 188      283D2804 
 188      A5
 189 00ae 17E502CA 		.ascii	"\027\345\002\312y\024P|\337\335\356C\177\343\361\331"
 189      7914507C 
 189      DFDDEE43 
 189      7FE3F1D9 
 190 00be 7197BF30 		.ascii	"q\227\2770\267\373\021\023P\371\356V\370v*q\036\300"
 190      B7FB1113 
 190      50F9EE56 
 190      F8762A71 
 190      1EC0
 191 00d0 F954888D 		.ascii	"\371T\210\215\207nY\036Z9<\204\223\346\377\031\263G"
 191      876E591E 
 191      5A393C84 
 191      93E6FF19 
 191      B347
 192 00e2 23AE566E 		.ascii	"#\256Vn\026\2158\337\020\350\316[=l*&\220b\004\035\016"
 192      168D38DF 
 192      10E8CE5B 
 192      3D6C2A26 
 192      9062041D 
 193 00f7 4B1B7734 		.ascii	"K\033w4\030q8\301\010SqX\033Z^\253\343\263z\034.=|u"
 193      187138C1 
 193      08537158 
 193      1B5A5EAB 
 193      E3B37A1C 
 194 010f A3896095 		.ascii	"\243\211`\225\260\337\367S\307\01131\260\276\277w\340"
 194      B0DFF753 
 194      C7093331 
 194      B0BEBF77 
 194      E0
 195 0120 17134961 		.ascii	"\027\023Ia\375\362\355u\025\006\353\026\2317\375\032"
 195      FDF2ED75 
 195      1506EB16 
 195      9937FD1A 
 196 0130 22402D90 		.ascii	"\"@-\220\261\200[7\217l3\3520A\230c\202\034\035UU\027"
 196      B1805B37 
 196      8F6C33EA 
 196      30419863 
 196      821C1D55 
 197 0146 8CD68CC3 		.ascii	"\214\326\214\303(\217\032\201\356\006\013\252\216\014"
ARM GAS  /tmp/ccvPx1Sc.s 			page 15


 197      288F1A81 
 197      EE060BAA 
 197      8E0C
 198 0154 0E9C00AE 		.ascii	"\016\234\000\256\242\026U[\327\326\003y\217\365knm\033"
 198      A216555B 
 198      D7D60379 
 198      8FF56B6E 
 198      6D1B
 199 0166 B1180B65 		.ascii	"\261\030\013e9O^\227/\033^\027`/L\206=0Y\200:`\010?"
 199      394F5E97 
 199      2F1B5E17 
 199      602F4C86 
 199      3D305980 
 200 017e 58E120EA 		.ascii	"X\341 \352\016\240\016\001\255\203\205!\003\213x\010"
 200      0EA00E01 
 200      AD838521 
 200      038B7808 
 201 018e 8CB01F58 		.ascii	"\214\260\037X\314\272+\255\217Gt\207\271\356\340\205"
 201      CCBA2BAD 
 201      8F477487 
 201      B9EEE085 
 202 019e B38546F2 		.ascii	"\263\205F\362\021\213R\362}\361#\251K\225,d`\305\003"
 202      118B52F2 
 202      7DF123A9 
 202      4B952C64 
 202      60C503
 203 01b1 E4000D90 		.ascii	"\344\000\015\220J\003(\331l>_\0200\222O\031\244v\335"
 203      4A0328D9 
 203      6C3E5F10 
 203      30924F19 
 203      A476DD
 204 01c4 AFD72C31 		.ascii	"\257\327,1\230\306\030LUi\375\232$\323\302H\002p\024"
 204      98C6184C 
 204      5569FD9A 
 204      24D3C248 
 204      027014
 205 01d7 A7C33908 		.ascii	"\247\3039\010\320\004&nw=P\2662\211qD\025\034\341\034"
 205      D004266E 
 205      773D50B6 
 205      32897144 
 205      151CE11C 
 206 01eb FDC1A29B 		.ascii	"\375\301\242\233\004\0133\005k\005\252BM\341\205:y\256"
 206      040B3305 
 206      6B05AA42 
 206      4DE1853A 
 206      79AE
 207 01fd 7D590259 		.ascii	"}Y\002Y\004lp\245\363\313n\203\276\200\006\222\017\312"
 207      046C70A5 
 207      F3CB6E83 
 207      BE800692 
 207      0FCA
 208 020f 6492004F 		.ascii	"d\222\000OO\206'\261N-\310\3518\350\031'8\206\221\177"
 208      4F8627B1 
 208      4E2DC8E9 
 208      38E81927 
 208      3886917F 
 209 0223 E3955AD9 		.ascii	"\343\225Z\331W7\232@\276\343\350\374\333\203\245z-t"
ARM GAS  /tmp/ccvPx1Sc.s 			page 16


 209      57379A40 
 209      BEE3E8FC 
 209      DB83A57A 
 209      2D74
 210 0235 6B1C74C5 		.ascii	"k\034t\305\367\003\241d\306\267\015g\2339\337\202C%"
 210      F703A164 
 210      C6B70D67 
 210      9B39DF82 
 210      4325
 211 0247 7B93F90E 		.ascii	"{\223\371\016\022q\270\276\275%\017\370\376\032\217"
 211      1271B8BE 
 211      BD250FF8 
 211      FE1A8F
 212 0256 C3C24DA7 		.ascii	"\303\302M\2476'\220\012\036\260m\337\374\213\026\255"
 212      3627900A 
 212      1EB06DDF 
 212      FC8B16AD 
 213 0266 80A730E0 		.ascii	"\200\2470\340\357\032\001\207\316U\364[\310\016\216"
 213      EF1A0187 
 213      CE55F45B 
 213      C80E8E
 214 0275 DEB76A77 		.ascii	"\336\267jw\231&\372\2178\350]\235;[\215\023\227\321"
 214      9926FA8F 
 214      38E85D9D 
 214      3B5B8D13 
 214      97D1
 215 0287 A52AC997 		.ascii	"\245*\311\227\307\213\320\201F'q\276\235-C'L\024\340"
 215      C78BD081 
 215      462771BE 
 215      9D2D4327 
 215      4C14E0
 216 029a 04E8F85A 		.ascii	"\004\350\370Z\374\"\257\004\365\222\341\254j\311\002"
 216      FC22AF04 
 216      F592E1AC 
 216      6AC902
 217 02a9 B83E6C7D 		.ascii	"\270>l}\321\262\250r\363\267\006\262\237\223Z[\265\250"
 217      D1B2A872 
 217      F3B706B2 
 217      9F935A5B 
 217      B5A8
 218 02bb C6140F07 		.ascii	"\306\024\017\007]\310L\015=v\352\352\250\221\264qh\305"
 218      5DC84C0D 
 218      3D76EAEA 
 218      A891B471 
 218      68C5
 219 02cd F5E29546 		.ascii	"\365\342\225F^8\023\016\367\264\037\335`\346\205\013"
 219      5E38130E 
 219      F7B41FDD 
 219      60E6850B 
 220 02dd D2E9AED5 		.ascii	"\322\351\256\325\203Wu$\300m\0336-lL g\370`[\315\201"
 220      83577524 
 220      C06D1B36 
 220      2D6C4C20 
 220      67F8605B 
 221 02f3 3366AD42 		.ascii	"3f\255B\374\205\341\316j\024\342\316\226\252>\221\\"
 221      FC85E1CE 
 221      6A14E2CE 
ARM GAS  /tmp/ccvPx1Sc.s 			page 17


 221      96AA3E91 
 221      5C
 222 0304 E2E8E655 		.ascii	"\342\350\346U\273\323\265\300\347\264\301\272\262\266"
 222      BBD3B5C0 
 222      E7B4C1BA 
 222      B2B6
 223 0312 AE7203A4 		.ascii	"\256r\003\244\245\245\245n\240 \377\221\372\264M'\203"
 223      A5A5A56E 
 223      A020FF91 
 223      FAB44D27 
 223      83
 224 0323 B25C3009 		.ascii	"\262\\0\011z\320\374\014\302\376\306\355\315\275\010"
 224      7AD0FC0C 
 224      C2FEC6ED 
 224      CDBD08
 225 0332 50CDEAF5 		.ascii	"P\315\352\365\024\376p\363;\025\017n\310\227\353\337"
 225      14FE70F3 
 225      3B150F6E 
 225      C897EBDF 
 226 0342 876EAC43 		.ascii	"\207n\254C\215b<VXk\264u\317O)\353\2315\036\035\373"
 226      8D623C56 
 226      586BB475 
 226      CF4F29EB 
 226      99351E1D 
 227 0357 B48DF7D2 		.ascii	"\264\215\367\322.{\007K\350;\250\023\3404\032\004i\271"
 227      2E7B074B 
 227      E83BA813 
 227      E0341A04 
 227      69B9
 228 0369 FF5410F4 		.ascii	"\377T\020\364x\350\2054\270\200r\036\322\224\267r\347"
 228      78E88534 
 228      B880721E 
 228      D294B772 
 228      E7
 229 037a D9455F18 		.ascii	"\331E_\030\310>~\270\255-l\2523\247j\273\351\373w7\013"
 229      C83E7EB8 
 229      AD2D6CAA 
 229      33A76ABB 
 229      E9FB7737 
 230 038f FF2822EA 		.ascii	"\377(\"\352\025\357\217\3428\300^n\372\240gL\340fu\022"
 230      15EF8FE2 
 230      38C05E6E 
 230      FAA0674C 
 230      E0667512 
 231 03a3 A9E7212B 		.ascii	"\251\347!+K\217\207\022I3\037\014w\2255\033b\216\222"
 231      4B8F8712 
 231      49331F0C 
 231      7795351B 
 231      628E92
 232 03b6 418C7C29 		.ascii	"A\214|)\352(9V\331\226k&\001\016\332\322\320\036$1\240"
 232      EA283956 
 232      D9966B26 
 232      010EDAD2 
 232      D01E2431 
 233 03cb CB31A0CA 		.ascii	"\3131\240\312\321\252\223\0265\305+Q\024\257*\347\217"
 233      D1AA9316 
 233      35C52B51 
ARM GAS  /tmp/ccvPx1Sc.s 			page 18


 233      14AF2AE7 
 233      8F
 234 03dc 78A5FC06 		.ascii	"x\245\374\006\226#\274\260\203]O|w\255W\226\277\232"
 234      9623BCB0 
 234      835D4F7C 
 234      77AD5796 
 234      BF9A
 235 03ee 442DE022 		.ascii	"D-\340\"\272\275\256\275V\214\001zfe\213l\366z\005@"
 235      BABDAEBD 
 235      568C017A 
 235      66658B6C 
 235      F67A0540 
 236 0402 CB762D52 		.ascii	"\313v-R\256\037\362\027|#\246j#\0325\021\303\267\016"
 236      AE1FF217 
 236      7C23A66A 
 236      231A3511 
 236      C3B70E
 237 0415 178F53B3 		.ascii	"\027\217S\263\277\021\305b\210\027x\210\025x}W\260\326"
 237      BF11C562 
 237      88177888 
 237      15787D57 
 237      B0D6
 238 0427 701A179E 		.ascii	"p\032\027\236^\266\000\325\311 \320?\372\303\213C\237"
 238      5EB600D5 
 238      C920D03F 
 238      FAC38B43 
 238      9F
 239 0438 40FBA07C 		.ascii	"@\373\240|\211\260\006\264)v\374A\015\270\216?\302?"
 239      89B006B4 
 239      2976FC41 
 239      0DB88E3F 
 239      C23F
 240 044a 5C272A5E 		.ascii	"\\'*^D\345\226\003\216\341\336\331P\345\232\317\203"
 240      44E59603 
 240      8EE1DED9 
 240      50E59ACF 
 240      83
 241 045b 321F76C2 		.ascii	"2\037v\302\001\234\325\030PQ\211J85\002b\030\2179\024"
 241      019CD518 
 241      5051894A 
 241      38350262 
 241      188F3914 
 242 046f 224EC30D 		.ascii	"\"N\303\015\"\327\357\232\321\242\265\3463\020\314\305"
 242      22D7EF9A 
 242      D1A2B5E6 
 242      3310CCC5 
 243 047f 8A5F3A75 		.ascii	"\212_:u\372Y\001\356/\231*\260\375sdu\337h\"\331N \316"
 243      FA5901EE 
 243      2F992AB0 
 243      FD736475 
 243      DF6822D9 
 244 0496 35FDEB50 		.ascii	"5\375\353P\373n=S\321\227u\204\237\357\241\302\235\003"
 244      FB6E3D53 
 244      D1977584 
 244      9FEFA1C2 
 244      9D03
 245 04a8 BA984D47 		.ascii	"\272\230MG_\265\321\250MW=?\220\027\273\243\373b\354"
ARM GAS  /tmp/ccvPx1Sc.s 			page 19


 245      5FB5D1A8 
 245      4D573D3F 
 245      9017BBA3 
 245      FB62EC
 246 04bb 8A0281BA 		.ascii	"\212\002\201\272\250\315y'jyC\341\313\361\370\205\341"
 246      A8CD7927 
 246      6A7943E1 
 246      CBF1F885 
 246      E1
 247 04cc 5C7E39A2 		.ascii	"\\~9\242\012ns2K6v5\233\325Gz\346\003\252\023=W\304"
 247      0A6E7332 
 247      4B367635 
 247      9BD5477A 
 247      E603AA13 
 248 04e3 135D1695 		.ascii	"\023]\026\225\023\375\362\305s\223\037^'\007\203\262"
 248      13FDF2C5 
 248      73931F5E 
 248      270783B2 
 249 04f3 3F34F8E4 		.ascii	"?4\370\344\267M\005r\013\302^ffp\013y)\234h_\200\233"
 249      B74D0572 
 249      0BC25E66 
 249      66700B79 
 249      299C685F 
 250 0509 7892C130 		.ascii	"x\222\3010\036\002\250\310\023\037\246\267xC\257\337"
 250      1E02A8C8 
 250      131FA6B7 
 250      7843AFDF 
 251 0519 426EF36A 		.ascii	"Bn\363j\2154\256\010%F>'x\271\366\257\377\271\177\\"
 251      8D34AE08 
 251      25463E27 
 251      78B9F6AF 
 251      FFB97F5C 
 252 052d E4FA9E2F 		.ascii	"\344\372\236/2\345\320\222\216e\372\010\355/\270r\323"
 252      32E5D092 
 252      8E65FA08 
 252      ED2FB872 
 252      D3
 253 053e E23D4DFA 		.ascii	"\342=M\372\3707\321\227\224wA\230w\376\322\363\003&"
 253      F837D197 
 253      94774198 
 253      77FED2F3 
 253      0326
 254 0550 85F8E155 		.ascii	"\205\370\341US\360<,G\334Tj\005\371\342\030m\354G\323"
 254      53F03C2C 
 254      47DC546A 
 254      05F9E218 
 254      6DEC47D3 
 255 0564 2E64B4DB 		.ascii	".d\264\333[V\273\311\002]\\\326?\366-\0371Et\0139\301"
 255      5B56BBC9 
 255      025D5CD6 
 255      3FF62D1F 
 255      3145740B 
 256 057a 55FE5DE5 		.ascii	"U\376]\345$\222\312\"\256l\331\326\334\223\034Ie1W^"
 256      2492CA22 
 256      AE6CD9D6 
 256      DC931C49 
 256      6531575E 
ARM GAS  /tmp/ccvPx1Sc.s 			page 20


 257 058e 1FD971D4 		.ascii	"\037\331q\324\034?\225b\232JQ8\225\2337\332\032\223"
 257      1C3F9562 
 257      9A4A5138 
 257      959B37DA 
 257      1A93
 258 05a0 94540E3C 		.ascii	"\224T\016<\266B\366\343\245#\213\324\010\026\2502Yp"
 258      B642F6E3 
 258      A5238BD4 
 258      0816A832 
 258      5970
 259 05b2 77264B58 		.ascii	"w&KX&\227\233\016\364$\221\345\361S\211^\200\245\234"
 259      26979B0E 
 259      F42491E5 
 259      F153895E 
 259      80A59C
 260 05c5 604DFFD6 		.ascii	"`M\377\326\025\372\270[\344k\312\357\2530\277\337:{"
 260      15FAB85B 
 260      E46BCAEF 
 260      AB30BFDF 
 260      3A7B
 261 05d7 3ACC949F 		.ascii	":\314\224\237,\373\207\212Hqe\260%\267d\002\263\202"
 261      2CFB878A 
 261      487165B0 
 261      25B76402 
 261      B382
 262 05e9 121541EC 		.ascii	"\022\025A\354\363\267\254\224\021[\261dq\233)|\207\316"
 262      F3B7AC94 
 262      115BB164 
 262      719B297C 
 262      87CE
 263 05fb FFAF2F11 		.ascii	"\377\257/\021X&\322O\353\333e\255\371:\365\276\247A"
 263      5826D24F 
 263      EBDB65AD 
 263      F93AF5BE 
 263      A741
 264 060d C6F6FD72 		.ascii	"\306\366\375r\221\035k\364\2218\327\356\265g\371\364"
 264      911D6BF4 
 264      9138D7EE 
 264      B567F9F4 
 265 061d 0EBBDBFD 		.ascii	"\016\273\333\375\201\335\361\361\213\326\314\354,\247"
 265      81DDF1F1 
 265      8BD6CCEC 
 265      2CA7
 266 062b 75AE4BB2 		.ascii	"u\256K\262N\317\230i\2335}\306L\353\3647]\263\262\247"
 266      4ECF9869 
 266      9B357DC6 
 266      4CEBF437 
 266      5DB3B2A7 
 267 063f 4D9F3BD7 		.ascii	"M\237;\327g\315r\315\236\355v~j\367:\2559\263\336\261"
 267      67CD72CD 
 267      9EED767E 
 267      6AF73AAD 
 267      39B3DEB1 
 268 0653 FABC0E6B 		.ascii	"\372\274\016k\216W\262\371>\3638\322\035\372\327\336"
 268      8E57B2F9 
 268      3EF338D2 
 268      1DFAD7DE 
ARM GAS  /tmp/ccvPx1Sc.s 			page 21


 269 0663 7A77EA8C 		.ascii	"zw\352\214\027^\020R\250.\3337\363\023\247Gz\325m\237"
 269      175E1052 
 269      A82EDB37 
 269      F313A747 
 269      7AD56D9F 
 270 0677 E3B34926 		.ascii	"\343\263I&'\035\330|\3319^\2073U5\237\30146)9\354\307"
 270      271DD87C 
 270      D9395E87 
 270      3355359F 
 270      C1343629 
 271 068e 27D9E738 		.ascii	"'\331\3478-Q#\233ddc\311.\345\370Lc]\233t_\330.\323"
 271      2D51239B 
 271      646463C9 
 271      2EE5F84C 
 271      635D9B74 
 272 06a6 9BED717D 		.ascii	"\233\355q}\356\264}\250\017k\022\250\215S\355V\212r"
 272      EEB47DA8 
 272      0F6B12A8 
 272      8D53ED56 
 272      8A72
 273 06b8 2BA1DB97 		.ascii	"+\241\333\227\356)[\227G\225m\246`\014\367m\222\316"
 273      EE295B97 
 273      47956DA6 
 273      600CF76D 
 273      92CE
 274 06ca E39C2799 		.ascii	"\343\234'\231y\212n\227Orz\234\336\361\321C\233\224"
 274      798A6E97 
 274      4F727A9C 
 274      DEF1D143 
 274      9B94
 275 06dc 9E9E6EC5 		.ascii	"\236\236n\305\377\217\235^\217\323m\235\221\351\372"
 275      FF8F9D5E 
 275      8FD36D9D 
 275      91E9FA
 276 06eb C0F57686 		.ascii	"\300\365v\2065\333g\365J\324\265;g\266\323\352\310d"
 276      35DB67F5 
 276      4AD4B53B 
 276      67B6D3EA 
 276      C864
 277 06fd 281FBA17 		.ascii	"(\037\272\027\237\021\364vo\326'\317M\313\022\214\216"
 277      9F11F476 
 277      6FD627CF 
 277      4DCB128C 
 277      8E
 278 070e 6CAFE49C 		.ascii	"l\257\344\2347-\353i!\011\243f`\3207<\256{\244\037\275"
 278      372DEB69 
 278      2109A366 
 278      60D0373C 
 278      AE7BA41F 
 279 0723 58824971 		.ascii	"X\202Iq\224!\331\275Rx\360\252\313cwO\304\201jm^\361"
 279      9421D9BD 
 279      5278F0AA 
 279      CB63774F 
 279      C4816A6D 
 280 0739 66DB673B 		.ascii	"f\333g;\354>\351\371{\012\307\327\330\356\306T\376\001"
 280      EC3EE9F9 
 280      7B0AC7D7 
ARM GAS  /tmp/ccvPx1Sc.s 			page 22


 280      D8EEC654 
 280      FE01
 281 074b 47743F29 		.ascii	"Gt?)"
 282              		.text
 283              		.section	.gnu.lto_.symtab.2c3459610ade9c57,"e",%progbits
 284 0000 75727453 		.ascii	"urtSyncInit\000"
 284      796E6349 
 284      6E697400 
 285 000c 00       		.ascii	"\000"
 286 000d 00       		.ascii	"\000"
 287 000e 00       		.ascii	"\000"
 288 000f 00000000 		.ascii	"\000\000\000\000\000\000\000\000"
 288      00000000 
 289 0017 02010000 		.ascii	"\002\001\000\000"
 290 001b 75727453 		.ascii	"urtSyncStart\000"
 290      796E6353 
 290      74617274 
 290      00
 291 0028 00       		.ascii	"\000"
 292 0029 00       		.ascii	"\000"
 293 002a 00       		.ascii	"\000"
 294 002b 00000000 		.ascii	"\000\000\000\000\000\000\000\000"
 294      00000000 
 295 0033 08010000 		.ascii	"\010\001\000\000"
 296 0037 75727453 		.ascii	"urtSyncFinal\000"
 296      796E6346 
 296      696E616C 
 296      00
 297 0044 00       		.ascii	"\000"
 298 0045 00       		.ascii	"\000"
 299 0046 00       		.ascii	"\000"
 300 0047 00000000 		.ascii	"\000\000\000\000\000\000\000\000"
 300      00000000 
 301 004f 0F010000 		.ascii	"\017\001\000\000"
 302 0053 75727445 		.ascii	"urtEventSourceBroadcast\000"
 302      76656E74 
 302      536F7572 
 302      63654272 
 302      6F616463 
 303 006b 00       		.ascii	"\000"
 304 006c 02       		.ascii	"\002"
 305 006d 00       		.ascii	"\000"
 306 006e 00000000 		.ascii	"\000\000\000\000\000\000\000\000"
 306      00000000 
 307 0076 14010000 		.ascii	"\024\001\000\000"
 308              		.text
 309              		.section	.gnu.lto_.opts,"e",%progbits
 310 0000 272D666E 		.ascii	"'-fno-openmp' '-fno-openacc' '-fno-pie' '-mcpu=cort"
 310      6F2D6F70 
 310      656E6D70 
 310      2720272D 
 310      666E6F2D 
 311 0033 65782D6D 		.ascii	"ex-m3' '-mthumb' '-mfloat-abi=soft' '-march=armv7-m"
 311      33272027 
 311      2D6D7468 
 311      756D6227 
 311      20272D6D 
ARM GAS  /tmp/ccvPx1Sc.s 			page 23


 312 0066 2720272D 		.ascii	"' '-O2' '-fstack-usage' '-ffunction-sections' '-fda"
 312      4F322720 
 312      272D6673 
 312      7461636B 
 312      2D757361 
 313 0099 74612D73 		.ascii	"ta-sections' '-fno-common' '-flto' '-fshort-enums'\000"
 313      65637469 
 313      6F6E7327 
 313      20272D66 
 313      6E6F2D63 
 314              		.text
 315              		.comm	__gnu_lto_v1,1,1
 316              		.comm	__gnu_lto_slim,1,1
 317              		.ident	"GCC: (GNU Arm Embedded Toolchain 9-2020-q2-update) 9.3.1 20200408 (release)"
ARM GAS  /tmp/ccvPx1Sc.s 			page 24


DEFINED SYMBOLS
                            *ABS*:0000000000000000 urt_sync.c
                            *COM*:0000000000000001 __gnu_lto_v1
                            *COM*:0000000000000001 __gnu_lto_slim

NO UNDEFINED SYMBOLS
