ARM GAS  /tmp/ccmC2zAj.s 			page 1


   1              		.cpu cortex-m3
   2              		.eabi_attribute 20, 1
   3              		.eabi_attribute 21, 1
   4              		.eabi_attribute 23, 3
   5              		.eabi_attribute 24, 1
   6              		.eabi_attribute 25, 1
   7              		.eabi_attribute 26, 1
   8              		.eabi_attribute 30, 2
   9              		.eabi_attribute 34, 1
  10              		.eabi_attribute 18, 4
  11              		.file	"urt_topic.c"
  12              		.section	.gnu.lto_.profile.804e97a2bd38d39a,"e",%progbits
  13 0000 789CE360 		.ascii	"x\234\343``\004B \000\000\000]\000\013"
  13      60044220 
  13      0000005D 
  13      000B
  14              		.text
  15              		.section	.gnu.lto_.icf.804e97a2bd38d39a,"e",%progbits
  16 0000 789CE360 		.ascii	"x\234\343``d\020a@\000f\206\3557\256\375ae\234\277\355"
  16      60641061 
  16      40006686 
  16      ED37AEFD 
  16      61659CBF 
  17 0015 D54446A6 		.ascii	"\325DF\246\243\213O6\2620\000\000e\344\011\021"
  17      A38B4F36 
  17      B2300000 
  17      65E40911 
  18              		.text
  19              		.section	.gnu.lto_.jmpfuncs.804e97a2bd38d39a,"e",%progbits
  20 0000 789C9D90 		.ascii	"x\234\235\220\261\015\3030\014\004y|Aq\347\001\262L"
  20      B10DC330 
  20      0C04797C 
  20      4171E701 
  20      B24C
  21 0012 EA0CE504 		.ascii	"\352\014\345\004p\357\326\245\366p\245I\262BFH( p\021"
  21      70EFD6A5 
  21      F670A549 
  21      B2424648 
  21      28207011 
  22 0026 C32EFCC0 		.ascii	"\303.\374\3007\274\347\203`g\330\035[%\023py\024Y\030"
  22      37BCE783 
  22      6067D81D 
  22      5B251370 
  22      79145918 
  23 003a 8ADCD310 		.ascii	"\212\334\323\020\200\232\260\360'\324\233\347\232\377"
  23      809AB0F0 
  23      27D49BE7 
  23      9AFF
  24 0048 876816D3 		.ascii	"\207h\026\323\370~u\223\212\204\261pmN\271\3726\274"
  24      F87E7593 
  24      8A84B170 
  24      6D4EB9FA 
  24      36BC
  25 005a D2C1B7ED 		.ascii	"\322\301\267\355\317\203\005\317\267}\210\203~\327\247"
  25      CF8305CF 
  25      B77D8883 
  25      7ED7A7
ARM GAS  /tmp/ccmC2zAj.s 			page 2


  26 0069 C36483EC 		.ascii	"\303d\203\354\302xBk9\337`_\237\363U{"
  26      C278426B 
  26      39DF605F 
  26      9FF3557B 
  27              		.text
  28              		.section	.gnu.lto_.inline.804e97a2bd38d39a,"e",%progbits
  29 0000 789CE360 		.ascii	"x\234\343``d8\302\200\000\314\014\014\262\015\015\015"
  29      606438C2 
  29      8000CC0C 
  29      0CB20D0D 
  29      0D
  30 0011 4B983219 		.ascii	"K\2302\031\031\031\024\030\031\030\230\370\201\334\007"
  30      19191418 
  30      191898F8 
  30      81DC07
  31 0020 CCA90C0C 		.ascii	"\314\251\014\014\302@\306\004\2464&\006&\260B\036 \301"
  31      C240C604 
  31      A6342606 
  31      26B0421E 
  31      20C1
  32 0032 38C18F89 		.ascii	"8\301\217\211\033B\203\371L\023\374\020\"0\232\221\201"
  32      1B4283F9 
  32      4C13FC10 
  32      22309A91 
  32      81
  33 0043 EFCFA2E9 		.ascii	"\357\317\242\351\273\2303`&\362\276;\272\356\015s:\003"
  33      BB983360 
  33      26F2BE3B 
  33      BAEE0D73 
  33      3A03
  34 0055 037B5B43 		.ascii	"\003{[C\303\001\246\024\250\211\020\365\375~p\232\201"
  34      C301A614 
  34      A88910F5 
  34      FD7E709A 
  34      81
  35 0066 F7CCBA2F 		.ascii	"\367\314\272/\217\020\372\270O\255\3732\217)\003\250"
  35      8F10FAB8 
  35      4FADFB32 
  35      8F2903A8 
  36 0076 AF15B7BE 		.ascii	"\257\025\267\276\011~\014\000\013\000&a"
  36      097E0C00 
  36      0B002661 
  37              		.text
  38              		.section	.gnu.lto_.pureconst.804e97a2bd38d39a,"e",%progbits
  39 0000 789CE360 		.ascii	"x\234\343``d\340b```f\230\305\3028\213\205i'\013\000"
  39      6064E062 
  39      60606066 
  39      98C5C238 
  39      8B856927 
  40 0016 0ADC0213 		.ascii	"\012\334\002\023"
  41              		.text
  42              		.section	.gnu.lto_urtTopicInit.804e97a2bd38d39a,"e",%progbits
  43 0000 789C9D95 		.ascii	"x\234\235\225kL\034U\024\307\357\231;\273;\273]XD\254"
  43      6B4C1C55 
  43      14C7EF99 
  43      3BBB3BBB 
  43      5D5844AC 
ARM GAS  /tmp/ccmC2zAj.s 			page 3


  44 0014 145ADD6A 		.ascii	"\024Z\335j\023\322\0172\233\030\343'\223\222\246&~0"
  44      13D20F32 
  44      9B18E327 
  44      9392A626 
  44      7E30
  45 0026 1AEAF786 		.ascii	"\032\352\367\206\302&l\244@x\370\370\304\260\320\032"
  45      C2266CA4 
  45      4078F8F8 
  45      C4B0D01A 
  46 0036 41DA9A40 		.ascii	"A\332\232@`\233\254CC\010mTZM[\264`YK\321\026[E,\266"
  46      609BAC43 
  46      43086D54 
  46      5A4D5BB4 
  46      60594BD1 
  47 004f 60599087 		.ascii	"`Y\220\207\362j\253X+\325\012\236s\357\222\226G\326"
  47      F26AAB58 
  47      2BD50A9E 
  47      73EF9296 
  47      47D6
  48 0061 B06499CC 		.ascii	"\260d\231\314\235{\357\357\374\317\371\237\271\2431"
  48      9D7BEFEF 
  48      FCCFF99F 
  48      B9A331
  49 0070 606FD919 		.ascii	"`o\331\031+c\214m\301\177\340\014\024\3030v\330\312"
  49      2B638C6D 
  49      C17FE00C 
  49      14C33076 
  49      D8CA
  50 0082 350540DC 		.ascii	"5\005@\334\031\032\2602\005\312\340\020\257\347P\367"
  50      191AB032 
  50      05CAE010 
  50      AFE750F7 
  51 0092 6EFBB5B8 		.ascii	"n\373\265\270\355-\206\3417B\365\247\254\037\234\354"
  51      ED2D86E1 
  51      3742F5A7 
  51      AC1F9CEC 
  52 00a2 35B8C919 		.ascii	"5\270\311\031\013\340\316gS\301\223\312\350\017\316"
  52      0BE0CE67 
  52      53C193CA 
  52      E80FCE
  53 00b1 C2765C1C 		.ascii	"\302v\\\034\366\007\347\235\007q\036@\305am\317\251"
  53      F607E79D 
  53      07711E40 
  53      C5616DCF 
  53      A9
  54 00c2 4B0E1A2A 		.ascii	"K\016\032*\340\306\341\304\3737\247m|\0070\274\337?"
  54      E0C6E1C4 
  54      FB37A76D 
  54      7C0730BC 
  54      DF3F
  55 00d4 DED9EF48 		.ascii	"\336\331\357Hk\026\330\013\315\334\330fr\016_\000'l"
  55      6B16D80B 
  55      CDDCD866 
  55      720E5F00 
  55      276C
  56 00e6 07A4423B 		.ascii	"\007\244B; \030\237!\372\034\244\341\206\003\335\207"
  56      20189F21 
ARM GAS  /tmp/ccmC2zAj.s 			page 4


  56      FA1CA4E1 
  56      8603DD87 
  57 00f6 DBE3245A 		.ascii	"\333\343$Z\301\341\321\376^?Ht\002\016\317\264\324L"
  57      C1E1D1FE 
  57      5E3F4874 
  57      020ECFB4 
  57      D44C
  58 0108 73FEA240 		.ascii	"s\376\242@\037\250nx5B\236\255\347F\222\311U\370R\222"
  58      1FA86E78 
  58      35429EAD 
  58      E74692C9 
  58      55F85292 
  59 011c 4348EE94 		.ascii	"CH\356\224d\025\311\347\005\271\343n\3031\027\177I\354"
  59      6415C9E7 
  59      05B9E36E 
  59      C331177F 
  59      49EC
  60 012e 2D1F3ADF 		.ascii	"-\037:\337\253F6\337O>b\204T\223[\240k\225.\013\356"
  60      AB4636DF 
  60      4F3E6284 
  60      54935BA0 
  60      6B952E0B 
  61 0143 BE00698C 		.ascii	"\276\000i\214\366\214~\262P\027gU\251\"T\211n\260b\221"
  61      F68C7EB2 
  61      50176755 
  61      A9225489 
  61      6EB06291 
  62 0157 193BD167 		.ascii	"\031;\321g\011\031\013\213\357\030\241\360\246\243\307"
  62      09190B8B 
  62      EF18A1F0 
  62      A6A3C7
  63 0166 5D9B01B7 		.ascii	"]\233\001\267Y\025\274\3308^4\025/v\013^\034V\272\323"
  63      5915BCD8 
  63      385E3415 
  63      2F760B5E 
  63      1C56BAD3 
  64 017a 80F27400 		.ascii	"\200\362t\000ir\001\261S\030\225\231Us\206\256\030*"
  64      697201B1 
  64      53189599 
  64      557386AE 
  64      182A
  65 018c 1821C6DE 		.ascii	"\030!\306\336\343\212\034T\340`\032\374s\223\037\216"
  65      E38A1C54 
  65      E0601AFC 
  65      73931F8E 
  66 019c D92822CA 		.ascii	"\331(\"\3128Xq;\254QE\270\310$4xr \276\031\232\312q"
  66      3858713B 
  66      AC5145B8 
  66      C8243478 
  66      7220BE19 
  67 01b3 7DE35E64 		.ascii	"}\343^dm\010r\015\276\"\371\224\2479\374\231\325\323"
  67      6D08720D 
  67      BE22F994 
  67      A739FC99 
  67      D5D3
  68 01c5 4A30B7C9 		.ascii	"J0\267\311\235\36054C\203\324\177\021<\017\323\234\300"
  68      9DF03534 
ARM GAS  /tmp/ccmC2zAj.s 			page 5


  68      4383D47F 
  68      113C0FD3 
  68      9CC0
  69 01d7 E012EEC2 		.ascii	"\340\022\356\302hG\246>jZ\212\266\036\274\012=\002O"
  69      6847A63E 
  69      6A5A8AB6 
  69      1EBC0A3D 
  69      024F
  70 01e9 55816FC0 		.ascii	"U\201o\300\023\344\016\302\325V\015\235v\022.\310a\005"
  70      13E40EC2 
  70      D5560D9D 
  70      76122EC8 
  70      6105
  71 01fb D11D9517 		.ascii	"\321\035\225\027\007\227\005Oab\262cx\374S\245\022\374"
  71      0797054F 
  71      6162B263 
  71      78FC53A5 
  71      12FC
  72 020d 918D56B8 		.ascii	"\221\215V\270\002\036\014\364-T\002\233\205J\267p\004"
  72      021E0CF4 
  72      2D54029B 
  72      854AB770 
  72      04
  73 021e D7058F5D 		.ascii	"\327\005\217]^\264\323:\315\344\361\001R\003\337\321"
  73      5EB4D33A 
  73      CDE4F101 
  73      5203DFD1 
  74 022e 1A0C6F72 		.ascii	"\032\014or\227T4\361\234\024\244\254KP\002\364\012A"
  74      975434F1 
  74      9C14A4AC 
  74      4B5002F4 
  74      0A41
  75 0240 7C4D4136 		.ascii	"|MA6\370^\010\352\243`T\306{\307\273\356\364\361e\235"
  75      F85E08EA 
  75      A36054C6 
  75      7BC7BBEE 
  75      F4F1659D 
  76 0254 1349453E 		.ascii	"\023IE>\250$\354Hu+\362H\215\230}h5\\\005+\374\2009"
  76      A824EC48 
  76      752BF248 
  76      8D987D68 
  76      355C052B 
  77 026b 31E8175E 		.ascii	"1\350\027^\334\030\235\272\250\222W\217@2\016Ow\265"
  77      DC189DBA 
  77      A892578F 
  77      40320E4F 
  77      77B5
  78 027d CD385137 		.ascii	"\3158Q7f\225H\232\177\214h\356\357\356>\254I\315#-5"
  78      6695489A 
  78      7F8C68EE 
  78      EFEE3EAC 
  78      49CD232D 
  79 0292 89AD4E93 		.ascii	"\211\255N\223?\012\327\204p\011ep\235\314QDg\315\217"
  79      3F0AD784 
  79      70096570 
  79      9DCC5144 
  79      67CD8F
ARM GAS  /tmp/ccmC2zAj.s 			page 6


  80 02a5 CE8CF018 		.ascii	"\316\214\360\030\314N\202\001\201\264\220\331\203\313"
  80      CC4E8201 
  80      81B490D9 
  80      83CB
  81 02b3 7B29097B 		.ascii	"{)\011{\351'\331K\265U5m\021\363\371\272j\375\030\334"
  81      E927D94B 
  81      B555356D 
  81      11F3F9BA 
  81      6AFD18DC 
  82 02c7 107CEB9A 		.ascii	"\020|\353\232\265\326`H\324:\034\315\374\215\001q\256"
  82      B5D66048 
  82      D43A1CCD 
  82      FC8D0171 
  82      AE
  83 02d8 0C4BF351 		.ascii	"\014K\363Q\327\343RQ\335\363R\220\2722\345Q\210\236"
  83      D7E35251 
  83      DDF35290 
  83      BA32E551 
  83      889E
  84 02ea 73328C08 		.ascii	"s2\214\010M\266\325\232\032\343\361\345\206\237\205"
  84      4DB6D59A 
  84      1AE3F1E5 
  84      869F85
  85 02f9 A851296A 		.ascii	"\250Q)j\377\232\2426\005\304\2214&E\251A\3562y\012\351"
  85      FF9AA236 
  85      05C49134 
  85      2645A941 
  85      EE32790A 
  86 030e 0A577DDC 		.ascii	"\012W}\3346\00218a\207q\241J#'&\310YU\236\031\035M\361"
  86      36023138 
  86      618771A1 
  86      4A232726 
  86      C859559E 
  87 0326 31E052E1 		.ascii	"1\340R\341\027\201\263\023\356\327\345\306\246\242\261"
  87      1781B313 
  87      EED7E5C6 
  87      A6A2B1
  88 0335 93D2D8B9 		.ascii	"\223\322\330\271\311\316\230\360\233aJ\340\035\204\237"
  88      C9CE98F0 
  88      9B614AE0 
  88      1D849F
  89 0344 5E8EC7B3 		.ascii	"^\216\307\263\023f\226\372\346\312\347\221\276\261\254"
  89      136696FA 
  89      E6CAE791 
  89      BEB1AC
  90 0353 8C70F67F 		.ascii	"\214p\366\177l\332\002\263\"\304\206\265mr\300Ma\323"
  90      6CDA02B3 
  90      22C486B5 
  90      6D72C04D 
  90      61D3
  91 0365 AD68BDF3 		.ascii	"\255h\275\363D@\234\375\267\245M\026\223?)\223\276\336"
  91      44409CFD 
  91      B7A54D16 
  91      933F2993 
  91      BEDE
  92 0377 B43186A4 		.ascii	"\2641\206\244\335\360\233P\344\224\212\316\\=\321c\227"
  92      DDF09B50 
ARM GAS  /tmp/ccmC2zAj.s 			page 7


  92      E4948ACE 
  92      5C3DD163 
  92      97
  93 0388 938DADF8 		.ascii	"\223\215\255\370\372n\205\337\301\323\300\343\250$s"
  93      FA6E85DF 
  93      C1D3C0E3 
  93      A82473
  94 0397 CB4BB215 		.ascii	"\313K\262\025K\362\307R\305\007b\014~'z\360?)x<\005"
  94      4BF2C752 
  94      C507620C 
  94      7E277AF0 
  94      3F29783C 
  95 03ac BF0B9E07 		.ascii	"\277\013\236\007\321\006\307\022c\212\366W\264hI0O\321"
  95      D106C712 
  95      638AF657 
  95      B4684930 
  95      4FD1
  96 03be 5C14ED1E 		.ascii	"\\\024\355\036F\213\034\023\035S\341\012\253\264{e\300"
  96      468B1C13 
  96      1D53E10A 
  96      ABB47B65 
  96      C0
  97 03cf E8C7841D 		.ascii	"\350\307\204\035\376~\320\374\377\240\257\342M\232Z"
  97      FE7ED0FC 
  97      FFA0AFE2 
  97      4D9A5A
  98 03de F5B1B4AF 		.ascii	"\365\261\264\257\376X\236\2436J\306\200p\177M\364S\360"
  98      FE589EA3 
  98      364AC680 
  98      707F4DF4 
  98      53F0
  99 03f0 AF402710 		.ascii	"\257@'\020z\201\336++\265Kc\313\241\024\2514eE\317<"
  99      7A81DE2B 
  99      2BB54B63 
  99      CBA114A9 
  99      346545CF 
 100 0405 1DA0D30A 		.ascii	"\035\240\323\012\026e\317\340\203m\354\026\370\335\221"
 100      1665CFE0 
 100      836DEC16 
 100      F8DD91
 101 0414 C54C7CE4 		.ascii	"\305L|\344A~\327\375!\032\276\240\347\026\354\363\352"
 101      417ED7FD 
 101      211ABEA0 
 101      E716ECF3 
 101      EA
 102 0425 85BE123D 		.ascii	"\205\276\022=c\367\256=\231\031;w\351\031/\3732\013"
 102      63F7AE3D 
 102      99193B77 
 102      E9192FFB 
 102      320B
 103 0437 9EC9282C 		.ascii	"\236\311(,,\326\367\371rr\362\274of\025y\365\322\314"
 103      2CD6F7F9 
 103      7272F2BC 
 103      6F661579 
 103      F5D2CC
 104 044a D7F4E2A2 		.ascii	"\327\364\342\242l\275\264\250dOIA\241/;=\233Y\304\215"
 104      6CBDB4A8 
ARM GAS  /tmp/ccmC2zAj.s 			page 8


 104      644F4941 
 104      A12F3B3D 
 104      9B59C48D 
 105 045e E2CBB115 		.ascii	"\342\313\261\025f\275\235W\220\225\223\236\236\256\343"
 105      66BD9D57 
 105      9095939E 
 105      9EAEE3
 106 046d EF756F51 		.ascii	"\357uoQ\2767O\337\231\353\333\353{e\267^P\254\027\225"
 106      BE374FDF 
 106      99EBDBEB 
 106      7B65B75E 
 106      50AC1795 
 107 0481 E8BEFCEC 		.ascii	"\350\276\374\354\274\322\034\257\236\235\353}\303\233"
 107      BCD21CAF 
 107      9E9DEB7D 
 107      C39B
 108 048f 5F529C9E 		.ascii	"_R\234\236\313\376\003\367\377;\260"
 108      CBFE03F7 
 108      FF3BB0
 109              		.text
 110              		.section	.gnu.lto_urtTopicAddMessages.804e97a2bd38d39a,"e",%progbits
 111 0000 789C9593 		.ascii	"x\234\225\223]HTA\024\307\347\334\231\273_~\364R\020"
 111      5D485441 
 111      14C7E7DC 
 111      99BB5F7E 
 111      F45210
 112 0013 09E14362 		.ascii	"\011\341Cb>\324]\350\305\227\300%\354!\212B{\027\321"
 112      3ED45DE8 
 112      C597C025 
 112      EC218A42 
 112      7B17D1
 113 0026 A51614CD 		.ascii	"\245\026\024\315]\351\261\331u%\322\320\"\027?h[K\326"
 113      5DE9B1D9 
 113      7525D2D0 
 113      22173F68 
 113      5B4BD6
 114 0039 3602B32F 		.ascii	"6\002\263/\0125\3352\363#3u5\311\007\005SH\261\322\027"
 114      0A35DD32 
 114      F3233375 
 114      35C90705 
 114      5348B1D2 
 115 004e 0929EDCC 		.ascii	"\011)\355\314\334\365\003[\203.\354\3549w\316\371\315"
 115      DCF5035B 
 115      832EECEC 
 115      3977CEF9 
 115      CD
 116 005f FF9C33D7 		.ascii	"\377\2343\327D\200\\b\204d\023B\316\341\017\014\004"
 116      44805C62 
 116      84641342 
 116      CEE10F0C 
 116      04
 117 0070 14CE7986 		.ascii	"\024\316y\206\321mR\200F-\252\250\243K\253\351\214["
 117      D16D5280 
 117      462DAAA8 
 117      A34BABE9 
 117      8C5B
 118 0082 584B75B9 		.ascii	"XKu\271\221\361x5\272gc\000\322\340& W\024\2522\300"
ARM GAS  /tmp/ccmC2zAj.s 			page 9


 118      91F17835 
 118      BA676300 
 118      D2E02620 
 118      5714AA32 
 119 0097 956C3ED5 		.ascii	"\225l>\325\264\226\202\357Z\373DB\332}\316=<\\{\303"
 119      B49682EF 
 119      5AFB4442 
 119      DA7DCE3D 
 119      3C5C7BC3 
 120 00ab 72A77598 		.ascii	"r\247u\230\323\000\006\325S\002\307\222\300\232$C\241"
 120      D30006D5 
 120      5302C792 
 120      C09A2443 
 120      A1
 121 00bc 0DD23078 		.ascii	"\015\3220x\312\343\377\031_\205\373\000\014\335\232"
 121      CAE3FF19 
 121      5F85FB00 
 121      0CDD9A
 122 00cb 8167FD16 		.ascii	"\201g\375\026\341*\220\214\356\334\315o\013F\232\001"
 122      E12A908C 
 122      EEDCCD6F 
 122      0B469A01 
 123 00db 04EDF2D9 		.ascii	"\004\355\362\331\256qKjPb\177\005)?\024\240\024^\001"
 123      AE714B6A 
 123      50627F05 
 123      293F14A0 
 123      145E01
 124 00ee 15D80E48 		.ascii	"\025\330\016H\202v@0\276Ct'\244b\302\213\212\271f3="
 124      82764030 
 124      BE437427 
 124      A462C28B 
 124      8AB96633 
 125 0103 2993DDC1 		.ascii	")\223\335\301[\225\011\321\344\305\375\015<\314\002"
 125      5B9509D1 
 125      E4C5FD0D 
 125      3CCC02
 126 0112 9441D75F 		.ascii	"\224A\327_\331\330\033\010C*\2219\267#_\024zV\346\217"
 126      D9D81B08 
 126      432A9139 
 126      B7235F14 
 126      7A56E68F 
 127 0126 45664EA5 		.ascii	"EfN\2454\311\364\225\320\336{e\274\217K\302\353\035"
 127      34C9F495 
 127      D0DE7B65 
 127      BC8F4BC2 
 127      EB1D
 128 0138 04F160F8 		.ascii	"\004\361`\370\314\3435_\202\201\301\033H\021e\213r\273"
 128      CCE3355F 
 128      8281C11B 
 128      4811658B 
 128      72BB
 129 014a 45AFF15F 		.ascii	"E\257\361_\274{4\252\206\371\332\372U\036\036:|\367"
 129      BC7B34AA 
 129      86F9DAFA 
 129      551E1E3A 
 129      7CF7
 130 015c F9BE44C0 		.ascii	"\371\276D\300\223U\005\027\003\025\032\230pU\"\"\015"
ARM GAS  /tmp/ccmC2zAj.s 			page 10


 130      93550517 
 130      03151A98 
 130      70552222 
 130      0D
 131 016d 72358210 		.ascii	"r5\202\020e\006Q\030!\225\224,\255\206\322\201\207\205"
 131      65065118 
 131      2195942C 
 131      AD86D281 
 131      8785
 132 017f AD48DB8D 		.ascii	"\255H\333\215\366u*\206\304\231t\026\300\3231_\327c"
 132      F6752A86 
 132      C4997416 
 132      C0D3315F 
 132      D763
 133 0191 14E7FA29 		.ascii	"\024\347\372)\240\246\252\262\037S&\321Z&+\012O\266"
 133      A0A6AAB2 
 133      1F5326D1 
 133      5A262B0A 
 133      4FB6
 134 01a3 7E4E0C42 		.ascii	"~N\014B\223\033S\222\003\324\350\247\006x+J\020\225"
 134      931B5392 
 134      03D4E8A7 
 134      06782B4A 
 134      1095
 135 01b5 07A65F1A 		.ascii	"\007\246_\032\254-\\\337R\241\007\202P\247\227\361\016"
 135      AC2D5CDF 
 135      52A10782 
 135      50A797F1 
 135      0E
 136 01c6 AC640EBC 		.ascii	"\254d\016\274_\273\007!\006Z\005\002\275z\037V\304\246"
 136      5FBB0721 
 136      065A0502 
 136      BD7A1F56 
 136      C4A6
 137 01d8 51996C1A 		.ascii	"Q\231l\032Q0Hmk\036\001T\253V\227O\364\342\254Q,[\336"
 137      5130486D 
 137      6B1E0154 
 137      AB56974F 
 137      F4E2AC51 
 138 01ef 108E5A6B 		.ascii	"\020\216Zk*~G\342u\240\262\035Hci5\371\251\031\372b"
 138      2A7E47E2 
 138      75A0B21D 
 138      48636935 
 138      F9A919FA 
 139 0204 6A3543BF 		.ascii	"j5C\277\324\012\372\034:\246g\237(^\360D\023\0150\200"
 139      D40AFA1C 
 139      3AA6679F 
 139      285EF044 
 139      130D3080 
 140 0218 F209BC07 		.ascii	"\362\011\274\007/\220E\360&\313\251`\234?4\270n\026"
 140      2F9045F0 
 140      26CBA960 
 140      9C3F34B8 
 140      6E16
 141 022a 71A600B5 		.ascii	"q\246\000\265\324\213l\030\0241\250&@\343\364f\206\202"
 141      D48B6C18 
 141      1431A826 
ARM GAS  /tmp/ccmC2zAj.s 			page 11


 141      40E3F466 
 141      8682
 142 023c 71BA40FA 		.ascii	"q\272@\372_\212\030|\220\212\024\321\275!<^\300\372"
 142      5F8A187C 
 142      908A14D1 
 142      BD213C5E 
 142      C0FA
 143 024e 4FEB2816 		.ascii	"O\353(\026s\020t\327A|\334\032\304\260\216\232\252\230"
 143      731074D7 
 143      417CDC1A 
 143      C4B08E9A 
 143      AA98
 144 0260 A782B503 		.ascii	"\247\202\265\003\324xP\222\324]I#[\244Q\260\242\022"
 144      D4785092 
 144      D45D4923 
 144      5BA451B0 
 144      A212
 145 0272 016B987F 		.ascii	"\001k\230\177\320\263'\026\255S\334\320\177*\213l\361"
 145      D0B32716 
 145      AD53DCD0 
 145      7F2A8B6C 
 145      F1
 146 0283 C604CF28 		.ascii	"\306\004\317(\372\333\370\320Gwi1\266\003\306\267\265"
 146      FADBF8D0 
 146      47776931 
 146      B603C6B7 
 146      B5
 147 0294 F83B781A 		.ascii	"\370;x\032\237\372\016D\017\337\234?~2\360I^\250\025"
 147      9FFA0E44 
 147      0FDF9C3F 
 147      7E32F049 
 147      5EA815
 148 02a7 50FDE2FB 		.ascii	"P\375\342\373\300K\004\313\033\327\237\220\343\332\305"
 148      C04B04CB 
 148      1BD79F90 
 148      E3DAC5
 149 02b6 A242BB56 		.ascii	"\242B\273V\354pi\266\354\314\234,\333\211L\315v\306"
 149      EC7069B6 
 149      ECCC9C2C 
 149      DB894CCD 
 149      76C6
 150 02c8 915574C4 		.ascii	"\221Ut\304V\\\354\324\012\035\371\371\005\366\313\271"
 150      565CECD4 
 150      0A1DF9F9 
 150      05F6CBB9 
 151 02d8 2576AD34 		.ascii	"%v\2554\353\274\346,\311\323JK\\9\256\242bG\336\321"
 151      EBBCE62C 
 151      C9D34A4B 
 151      5C39AEA2 
 151      6247DED1 
 152 02ec 3CA24AC3 		.ascii	"<\242J\303Thw:s/\330\235\254 \327\351\372\003\215\217"
 152      5468773A 
 152      732FD89D 
 152      AC20D7E9 
 152      FA038D8F 
 153 0300 8E6A     		.ascii	"\216j"
 154              		.text
ARM GAS  /tmp/ccmC2zAj.s 			page 12


 155              		.section	.gnu.lto_urtTopicBufferSize.804e97a2bd38d39a,"e",%progbits
 156 0000 789C9553 		.ascii	"x\234\225S]HTA\024\236s\317\334uw\335\355!\204 +|HD"
 156      5D485441 
 156      149E73CF 
 156      DC7577DD 
 156      ED218420 
 157 0018 A8AE8FBE 		.ascii	"\250\256\217\276\004J\330K\024d\275K\250\324B\376\340"
 157      044AD84B 
 157      1464BD4B 
 157      A8D442FE 
 157      E0
 158 0029 0F412FCE 		.ascii	"\017A/\316\256k\321\017Jd\251\321\266\376`*\224i\211"
 158      AE6BD10F 
 158      4A64A9D1 
 158      B6FE602A 
 158      946989
 159 003c A4F9B3A6 		.ascii	"\244\371\263\246\371_\351\202\212\006\012\241Q\222\245"
 159      F95FE982 
 159      8A060AA1 
 159      5192A5
 160 004b 2F5242DA 		.ascii	"/RB\332\231\331+\231e\320\205{93s\316\367s\316\\+\003"
 160      99D92B99 
 160      65D0857B 
 160      393373CE 
 160      F773CE5C 
 161 0061 B69F3376 		.ascii	"\266\2373v\2121v\232^\2600\320\204\020\011an\253\006"
 161      8A31769A 
 161      5EB030D0 
 161      84100961 
 161      6EAB06
 162 0074 DC8CD08C 		.ascii	"\334\214\320\214z\254\\\303\340\362Z<\027v\275\261\244"
 162      7AAC5CC3 
 162      E0F25A3C 
 162      1776BDB1 
 162      A4
 163 0085 288C0B87 		.ascii	"(\214\013\207\016\240\316\204\025X\201\206\\\207\002"
 163      0EA0CE84 
 163      15588186 
 163      5C8702
 164 0094 8D00379F 		.ascii	"\215\0007\237\022,C\230\365\370\2769\212\321\217\014"
 164      122C4398 
 164      F5F8BE39 
 164      8AD18F0C 
 165 00a4 382D4B87 		.ascii	"8-K\207[\206\354r\011\020EK\357\344\2036\036['\204G"
 165      5B86EC72 
 165      0910454B 
 165      EFE48336 
 165      1E5B2784 
 166 00b9 04CAD6ED 		.ascii	"\004\312\326\355\345-c\302\346G\215UP\372\013\210\204"
 166      E52D63C2 
 166      E6478D55 
 166      50FA0B88 
 166      84
 167 00ca 76885450 		.ascii	"v\210TP\320\001\261\224\276pki1\014\023\200Q\\4\337"
 167      D001B194 
 167      BE706B69 
 167      310C1380 
ARM GAS  /tmp/ccmC2zAj.s 			page 13


 167      515C34DF 
 168 00de 3D618FA9 		.ascii	"=a\217\251U\245}\265(\016\372\021\241\023\360\267R\332"
 168      55A57DB5 
 168      280EFA11 
 168      A113F0B7 
 168      52DA
 169 00f0 A3E22E88 		.ascii	"\243\342.\210a\262\244\332=1\342\304\343\252|\245\250"
 169      61B2A4DA 
 169      3D31E2C4 
 169      E3AA7CA5 
 169      A8
 170 0101 2BE88CAE 		.ascii	"+\350\214\256Q\345\037\036ET\025\212A\301\211\032\272"
 170      51E51F1E 
 170      4554158A 
 170      41C1891A 
 170      BA
 171 0112 B741C887 		.ascii	"\267A\310\207\362\3377\257\337qZ8\004 Z\252\223\232"
 171      F2DF37AF 
 171      DF715A38 
 171      04205AAA 
 171      939A
 172 0124 7AC00274 		.ascii	"z\300\002t2\332\3246\305\361\204B\275\275\324\336l1"
 172      32DAD436 
 172      C5F18442 
 172      BDBDD4DE 
 172      6C31
 173 0136 51271F1F 		.ascii	"Q'\037\037\2506Q9\274\3747j/\241J<\011\333G\260\214"
 173      A8365139 
 173      BCFC376A 
 173      2FA14A3C 
 173      09DB47B0 
 174 014b 699249EE 		.ascii	"i\222I\356?\011\352\001\261\276qU\004\372\017U5\354"
 174      3F09EA01 
 174      B1BE7155 
 174      04FA0F55 
 174      35EC
 175 015d 710299D2 		.ascii	"q\002\231\3225\372p\302\243\034\256\276:\223\271\026"
 175      35FA70C2 
 175      A31CAEBE 
 175      3A93B916 
 176 016d 905E6D2A 		.ascii	"\220^m*\016W\373\016\0253v\003\331\362Z}<\210\000c7"
 176      0E57FB0E 
 176      15337603 
 176      D9F25A7D 
 176      3C880063 
 177 0182 5153B19B 		.ascii	"QS\261\233\342E\360\224^\3771\355\220\344>\224v\212"
 177      E245F094 
 177      5EFF31ED 
 177      90E43E94 
 177      768A
 178 0194 0BBFCE5A 		.ascii	"\013\277\316Z\345\204P9\012\3144M\357\252\205\0327M"
 178      E5845039 
 178      0ACC344D 
 178      EFAA851A 
 178      374D
 179 01a6 3ACA8F94 		.ascii	":\312\217\224d\201W\322\001\235\271\375s\317-q\215\""
 179      648157D2 
ARM GAS  /tmp/ccmC2zAj.s 			page 14


 179      019DB9FD 
 179      73CF2D71 
 179      8D22
 180 01b8 741406FD 		.ascii	"t\024\006\375P\013\345hZ\353\230\233\177\252y\301c\026"
 180      500BE568 
 180      5AEB989B 
 180      7FAA79C1 
 180      6316
 181 01ca EA300071 		.ascii	"\3520\000q\344n\020\274\300>\2037J\331\245<_\375\350"
 181      E46E10BC 
 181      C03E8337 
 181      4AD9A53C 
 181      5FFDE8
 182 01dd 864DE659 		.ascii	"\206M\346Y\375h\255 R\006C2\207\324\370\321&\005v|\232"
 182      FD68AD20 
 182      52064332 
 182      87D4F8D1 
 182      2605767C 
 183 01f2 79B55BB6 		.ascii	"y\265[\266\305\207\332\177)\3420\254\024\201l\353\010"
 183      C587DA7F 
 183      29E230AC 
 183      14816CEB 
 183      08
 184 0203 D14BB021 		.ascii	"\321K\260!#\004e\333\352\225\377\341\265\362!R\217\355"
 184      230465DB 
 184      EA95FFE1 
 184      B5F22152 
 184      8FED
 185 0215 4409A37F 		.ascii	"D\011\243\177\005\017\207\327\012\\\223\340o\2447j,"
 185      050F87D7 
 185      0A5C93E0 
 185      6FA4376A 
 185      2C
 186 0226 96144D0D 		.ascii	"\226\024M\015\240\354,.B\341\375+\235\357\"Bl\341>\224"
 186      A0EC2C2E 
 186      42E1FD2B 
 186      9DEF2242 
 186      6CE13E94 
 187 023a D7BFF5DA 		.ascii	"\327\277\365\332R\203M\022j\000\360\226pM{\231\241,"
 187      52834D12 
 187      6A00F096 
 187      704D7B99 
 187      A12C
 188 024c C77611EB 		.ascii	"\307v\021\353\316\220\010}G\021c\277D\214\233\"\344"
 188      CE90087D 
 188      471163BF 
 188      448C9B22 
 188      E4
 189 025d 0F2BB814 		.ascii	"\017+\270\024\001\013\340\375\330\273\317\354\035\301"
 189      010BE0FD 
 189      D8BBCFEC 
 189      1DC1
 190 026b C8D9AC02 		.ascii	"\310\331\254\002\227\324\332\275g\343@\302p\2555v\025"
 190      97D4DABD 
 190      67E340C2 
 190      70AD3576 
 190      15
ARM GAS  /tmp/ccmC2zAj.s 			page 15


 191 027c 746A8836 		.ascii	"tj\2106\323\372\235\222\034\030\314$\024}e\363\216\320"
 191      D3FA9D92 
 191      1C18CC24 
 191      147D65F3 
 191      8ED0
 192 028e B42A37EE 		.ascii	"\264*7\356\342\016\003#j\010n\031\330\027\360T\326\225"
 192      E20E0323 
 192      6A086E19 
 192      D817F054 
 192      D695
 193 02a0 ED0D5D28 		.ascii	"\355\015](T|H\346\271\274\203\260\262y\007\031;j\\\310"
 193      547C48E6 
 193      B9BC83B0 
 193      B2790719 
 193      3B6A5CC8 
 194 02b4 CA4837B2 		.ascii	"\312H7\262]yF\342\231\244\224\344\304cIF\342IWr\326"
 194      5D7946E2 
 194      99A494E4 
 194      C4634946 
 194      E2495772 
 195 02c9 E1C4ECEC 		.ascii	"\341\304\354\354\\#\303\225\226v1\375\322\271\234t#"
 195      5C23C395 
 195      967631FD 
 195      D2B99C74 
 195      23
 196 02da 3FF9AC91 		.ascii	"?\371\254\221\233\223j\344\347\344\245\344ee\273R\217"
 196      9B936AE4 
 196      E7E4A5E4 
 196      6565BB52 
 196      8F
 197 02eb A4325D05 		.ascii	"\2442]\005<\327u9\0353r\317\377\004\270\276p\024"
 197      3CD77539 
 197      1D3372CF 
 197      FF04B8BE 
 197      7014
 198              		.text
 199              		.section	.gnu.lto_.symbol_nodes.804e97a2bd38d39a,"e",%progbits
 200 0000 789C6DD0 		.ascii	"x\234m\320\271\021\302P\014\004\320\325\312\3077\024"
 200      B911C250 
 200      0C04D0D5 
 200      CAC73714 
 201 0010 411B8430 		.ascii	"A\033\2040C+\324!\007\024@\021\004\324@\354\230\200"
 201      432BD421 
 201      07144011 
 201      04D440EC 
 201      9880
 202 0022 FB482900 		.ascii	"\373H)\000R\022\370\3667\021R\264\243\247Q\260\001\202"
 202      5212F8F6 
 202      371152B4 
 202      A3A751B0 
 202      0182
 203 0034 B900E08E 		.ascii	"\271\000\340\216\206:N&\313-`\300\246\236\242\025pO"
 203      863A4E26 
 203      CB2D60C0 
 203      A69EA215 
 203      704F
 204 0046 93E77B3D 		.ascii	"\223\347{=\376\227\003\215\256\310\225\246\237~F\035"
ARM GAS  /tmp/ccmC2zAj.s 			page 16


 204      FE97038D 
 204      AEC895A6 
 204      9F7E461D 
 205 0056 23BE9F44 		.ascii	"#\276\237D\271\3202_\316\264\334\227\023\255\360\345"
 205      B9D0325F 
 205      CEB4DC97 
 205      13ADF0E5 
 206 0066 482B7DB9 		.ascii	"H+}\271\323\202/7Z\345\212\242L\025,DQ\244\270*\024"
 206      D3822F37 
 206      5AE58AA2 
 206      4C152C44 
 206      51A4B82A 
 207 007b 798A8F18 		.ascii	"y\212\217\030\263\376`\240\320\024\233\241J\365jKhD"
 207      B3FE60A0 
 207      D0149BA1 
 207      4AF56A4B 
 207      6844
 208 008d 2574295E 		.ascii	"%t)^\262\352\212\231)\177+|\001\327`\206\254"
 208      B2EA8A99 
 208      297F2B7C 
 208      01D76086 
 208      AC
 209              		.text
 210              		.section	.gnu.lto_.refs.804e97a2bd38d39a,"e",%progbits
 211 0000 789CE360 		.ascii	"x\234\343``\004B \000\000\000]\000\013"
 211      60044220 
 211      0000005D 
 211      000B
 212              		.text
 213              		.section	.gnu.lto_.decls.804e97a2bd38d39a,"e",%progbits
 214 0000 789CA55A 		.ascii	"x\234\245ZyTTg\226\257\257\276*(\212\002\014\230\304"
 214      79545467 
 214      96AFAFBE 
 214      2A288A02 
 214      0C98C4
 215 0013 6E333939 		.ascii	"n399=Nw\316L'\364\222\351If\3223\235\266s&='\231\356"
 215      3D4E77CE 
 215      4C27F492 
 215      E94966D2 
 215      339DB673 
 216 002c 93A4FB9C 		.ascii	"\223\244\373\234\2363s*%\224Z\323,6\024\304\364\037"
 216      9E33732A 
 216      25945AD3 
 216      2C3614C4 
 216      F41F
 217 003e 3385208B 		.ascii	"3\205 \213\310\"\240\254\262( \010\250l\212\262\210"
 217      C822A0AC 
 217      B2282008 
 217      A86C8AB2 
 217      88
 218 004f 80088280 		.ascii	"\200\010\202\200\250( \213\210\210\013\240\202 \310"
 218      A828208B 
 218      88880BA0 
 218      8220C8
 219 005e 32F75B5E 		.ascii	"2\367[^\325{\265$\246\247\364\362\336}\357w\357w\277"
 219      D57BB524 
 219      A6A7F4F2 
ARM GAS  /tmp/ccmC2zAj.s 			page 17


 219      DE7DEF77 
 219      EF77BF
 220 0071 FBDDEF7E 		.ascii	"\373\335\357~\367}\357\251dH\366\217?\221\311\364.2"
 220      F77DEFA9 
 220      6448F68F 
 220      3F91C9F4 
 220      2E32
 221 0083 D9AFE432 		.ascii	"\331\257\3442\331\032\374\0242\231\3542\220\022\350"
 221      D91AFC14 
 221      3299EC32 
 221      9012E8
 222 0092 2092C9FE 		.ascii	" \222\311\376\007h\033\234g\3031\007\210\374\324@\307"
 222      07681B9C 
 222      67C33107 
 222      88FCD440 
 222      C7
 223 00a3 E1BC0AA8 		.ascii	"\341\274\012\250\006\250\016\250\031\250\015\250\007"
 223      06A80EA8 
 223      19A80DA8 
 223      07
 224 00b0 E82A501F 		.ascii	"\350*P\037\320\015\216\027\377\264X&\373\0338\226\301"
 224      D00D8E17 
 224      FFB45826 
 224      FB1B3896 
 224      C1
 225 00c1 3D4F38AE 		.ascii	"=O8\256\267\323N?\320\000oo\020(\013\350&\320\237\201"
 225      B7D34E3F 
 225      D0006F6F 
 225      10280BE8 
 225      26D09F81 
 226 00d5 8680AE00 		.ascii	"\206\200\256\000m\007\032\005\032\001z\002\364\023\240"
 226      6D071A05 
 226      1A017A02 
 226      F413A0
 227 00e4 FF049A05 		.ascii	"\377\004\232\005\352\006\372\030h\016\350\002\320\017"
 227      EA06FA18 
 227      680EE802 
 227      D00F
 228 00f2 807E0AFD 		.ascii	"\200~\012\375{\015\216\357\300\261\011\216q@\357\003"
 228      7B0D8EEF 
 228      C0B1098E 
 228      7140EF03 
 229 0102 FD3DF03F 		.ascii	"\375=\360?\003\252\205\363\227\240\375\003pL\004\312"
 229      03AA85F3 
 229      97A0FD03 
 229      704C04CA 
 230 0112 008A07D2 		.ascii	"\000\212\007\322\003%\003\245\003\245\002\355\007J\003"
 230      032503A5 
 230      03A502ED 
 230      074A03
 231 0121 DA079402 		.ascii	"\332\007\224\002\224\004\024\013\024\015\264\007\350"
 231      9404140B 
 231      140DB407 
 231      E8
 232 012e 432067EE 		.ascii	"C g\356\037\342\207\237\313\231O\332\270\217\352\354"
 232      1FE2879F 
 232      CB994FDA 
ARM GAS  /tmp/ccmC2zAj.s 			page 18


 232      B88FEAEC 
 233 013e F8C4003E 		.ascii	"\370\304\000>\321\330\361I\016\267/\233\367'\313\312"
 233      D1D8F149 
 233      0EB72F9B 
 233      F727CBCA 
 234 014e 072046DB 		.ascii	"\007 F\333\313\340v\021\276\212\373\275\317N;\177\342"
 234      CBE07611 
 234      BE8AFBBD 
 234      CF4E3B7F 
 234      E2
 235 015f ED086D10 		.ascii	"\355\010m\020\237\011\355d\333\321\3771o\237\350\025"
 235      9F09ED64 
 235      DBD1FF31 
 235      6F9FE815 
 236 016f DAF890B7 		.ascii	"\332\370\220\267S\3635\355\244b4\274\353\3403M<F\236"
 236      53F335ED 
 236      A46234BC 
 236      EBE0334D 
 236      3C469E
 237 0182 6AA40036 		.ascii	"j\244\0006\345bU\273\032\330\365j\364\006\260\367Z3"
 237      E56255BB 
 237      1AD8F56A 
 237      F406B0F7 
 237      5A33
 238 0194 27DCD8DD 		.ascii	"'\334\330\335\\\004|\331\311\275\231\316\214\337\000"
 238      5C047CD9 
 238      C9BD99CE 
 238      8CDF00
 239 01a3 ECC59E27 		.ascii	"\354\305\236'\2174\014\335Hn7'6\236sb\267'\211\362\313"
 239      8F340CDD 
 239      486E3727 
 239      369E7362 
 239      B72789F2 
 240 01b8 C903232E 		.ascii	"\311\003#.\214\177\027\330\236\303)Q\316\034\216\201"
 240      8C7F17D8 
 240      9EC32951 
 240      CE1C8E81 
 241 01c8 EF9A4AB8 		.ascii	"\357\232J\270\347\206\345\210@\233O\015\336\2233\350"
 241      E786E588 
 241      409B4F0D 
 241      DE9333E8 
 242 01d8 8F807D70 		.ascii	"\217\200}pt\340\252;v\245\267Vs\322G\334\360zz\336;"
 242      74E0AA3B 
 242      76A5B756 
 242      73D247DC 
 242      F07A7ADE 
 243 01ed 99D0E3EA 		.ascii	"\231\320\343\352]fb?U1\226\241\363\010[\272s\254\364"
 243      5D66623F 
 243      553196A1 
 243      F3085BBA 
 243      73ACF4
 244 0200 F909B502 		.ascii	"\371\011\265\002\\\201\266iP\210\202\\\212<\237X\313"
 244      5C81B669 
 244      5088825C 
 244      8A3C9F58 
 244      CB
 245 0211 FB200736 		.ascii	"\373 \0076\357Z\317.\304\214XG\0246\267\225y\274\272"
ARM GAS  /tmp/ccmC2zAj.s 			page 19


 245      EF5ACF2E 
 245      C48C5847 
 245      1436B795 
 245      79BCBA
 246 0224 9F684B0C 		.ascii	"\237hK\0147\255\223\243\355\257\240v\264\021\265\241"
 246      37AD93A3 
 246      EDAFA076 
 246      B411B5A1 
 247 0234 8DA0E422 		.ascii	"\215\240\344\"zU\206. \005S\336t\365\330\274\253f\217"
 247      7A55862E 
 247      200553DE 
 247      74F5D8BC 
 247      AB668F
 248 0247 C9B4CB94 		.ascii	"\311\264\313\224\033nr\371\210\334F\265\000>C\301\035"
 248      1B6E72F9 
 248      88DC46B5 
 248      003E43C1 
 248      1D
 249 0258 48835A91 		.ascii	"H\203Z\2217\205^m\357\033\303\370?\250\315U\303\355"
 249      37855E6D 
 249      EF1BC3F8 
 249      3FA8CD55 
 249      C3ED
 250 026a B12E8EC4 		.ascii	"\261.\216\304P'\302\022\311\224\352\376>>\002&\342\244"
 250      5027C212 
 250      C994EAFE 
 250      3E3E0226 
 250      E2A4
 251 027c D1C3F335 		.ascii	"\321\303\3635\010\357\240\232\356\034z\3702\353\311"
 251      08EFA09A 
 251      EE1C7AF8 
 251      32EBC9
 252 028b 9BF6FBDA 		.ascii	"\233\366\373\332Xu\246R\203C)8n4\277\324\305k\037w\225"
 252      5875A652 
 252      83432938 
 252      6E34BFD4 
 252      C56B1F77 
 253 02a0 09D1F147 		.ascii	"\011\321\361G\275\320\334\025\344\305\232\243\0156>"
 253      BDD0DC15 
 253      E4C59AA3 
 253      0D363E
 254 02af AF19D4E0 		.ascii	"\257\031\324\340(D\205*\243\353F56BWm\204\272\257\327"
 254      2844852A 
 254      A3EB4635 
 254      3642576D 
 254      84BAAFD7 
 255 02c3 5D95F4E9 		.ascii	"]\225\364\351\032\334\266\270\242\017i\030n\350d\307"
 255      1ADCB6B8 
 255      A20F6918 
 255      6EE864C7 
 256 02d3 11376A23 		.ascii	"\0217j#\\B\227\021\2652\253\357\370E\225C\237\337 >"
 256      5C429711 
 256      B532ABEF 
 256      F8459543 
 256      9FDF203E 
 257 02e7 BF2EF8FC 		.ascii	"\277.\370\374\342\362r\266B\334\320\015\211\317\373"
 257      E2F272B6 
ARM GAS  /tmp/ccmC2zAj.s 			page 20


 257      42DCD00D 
 257      89CFFB
 258 02f6 459E2B3A 		.ascii	"E\236+:\225R\342\212SYG\026\272:&\035\312\241\001\350"
 258      9552E28A 
 258      53594716 
 258      BA3A261D 
 258      CAA101E8 
 259 030a 90585408 		.ascii	"\220XT\010{O\026\366g\327\016\234U0V\005\354\376\243"
 259      7B4F16F6 
 259      67D70E9C 
 259      55305605 
 259      ECFEA3
 260 031d E7968530 		.ascii	"\347\226\2050\247\235\332}\246E\205sYC\2453OkIP\277"
 260      A79DDA7D 
 260      A6458573 
 260      5943A533 
 260      4F6B4950 
 261 0332 A946FF0B 		.ascii	"\251F\377\013\354\205\231\251\253\210\261\324\374\261"
 261      EC8599A9 
 261      AB88B1D4 
 261      FCB1
 262 0340 935B7031 		.ascii	"\223[p1CNT\204\027\253\324\321\304\244\023\341\246\227"
 262      434E5484 
 262      17ABD4D1 
 262      C4A413E1 
 262      A697
 263 0352 C27E2C43 		.ascii	"\302~,C\303`\320\0201h\014Q\021\260\007\335\202k\243"
 263      C360D010 
 263      31680C51 
 263      11B007DD 
 263      826BA3
 264 0365 708D44CE 		.ascii	"p\215D\316`Q\255+\256c\342\251\251\251\225*\334\306"
 264      6051AD2B 
 264      AE63E2A9 
 264      A9A9952A 
 264      DCC6
 265 0377 9898C63D 		.ascii	"\230\230\306=-j\334\307\230\250\210\242\004W<\310\230"
 265      2D6ADCC7 
 265      98A888A2 
 265      04573CC8 
 265      98
 266 0388 D1949866 		.ascii	"\321\224\230f'\007\255\334\265\327\212\374lyt\246\023"
 266      2707ADDC 
 266      B5D78AFC 
 266      6C7974A6 
 266      13
 267 0399 DAE47588 		.ascii	"\332\344u\210\3104\336\255{\247\266\346\241\3114f\302"
 267      C834DEAD 
 267      7BA7B6E6 
 267      A1C93466 
 267      C2
 268 03aa 6812A9D1 		.ascii	"h\022\251\321\004\310\334\207\301\025\224\310\2207\371"
 268      04C8DC87 
 268      C11594C8 
 268      9037F9
 269 03b9 F363F843 		.ascii	"\363c\370C\303\004\0321\241\015\242F\356p\001\322\312"
 269      C3041A31 
ARM GAS  /tmp/ccmC2zAj.s 			page 21


 269      A10DA246 
 269      EE7001D2 
 269      CA
 270 03ca 3DB48907 		.ascii	"=\264\211\007L{\336\361i7\274\306l\274\336\263\320\301"
 270      4C7BDEF1 
 270      6937BCC6 
 270      6CBCDEB3 
 270      D0C1
 271 03dc A3CC46FC 		.ascii	"\243\314F\374\201]\361\271\226\307\317]p\002\313\025"
 271      815DF1B9 
 271      96C7CF5D 
 271      7002CB15 
 272 03ec C214F664 		.ascii	"\302\024\366dS\270,w\366 \306I\354\336\255\322\246\030"
 272      53B82C77 
 272      F620C649 
 272      ECDEADD2 
 272      A618
 273 03fe 277C8031 		.ascii	"'|\2001\305O\3433\371\260j\200=s\255\343\220;\033\307"
 273      C54FE333 
 273      F9B06A80 
 273      3D73ADE3 
 273      903B1BC7 
 274 0412 5172FBE1 		.ascii	"Qr\373\341@\354)\2043\0316\267\351\326[8\217\235G\216"
 274      40EC2984 
 274      331936B7 
 274      E9D65B38 
 274      8F9D478E 
 275 0426 97AD605C 		.ascii	"\227\255`\\\310\230\326\336\366'\310fJ<\0053\347%S\""
 275      C898D6DE 
 275      F627C866 
 275      4A3C0533 
 275      E7255322 
 276 043a A6E1981F 		.ascii	"\246\341\230\037\256b2\225\367O]p\262\221Y\260\221\031"
 276      AE623295 
 276      F74F5D70 
 276      B29159B0 
 276      9119
 277 044c AD5ECE40 		.ascii	"\255^\316@\342(}&\231F\213\3024J\274\271X\347\212[\230"
 277      E2287D26 
 277      99468BC2 
 277      344ABCB9 
 277      58E78A5B 
 278 0461 F2C9B6F9 		.ascii	"\362\311\266\371;*\334\316\230\272\310\225\006\022~"
 278      3B2ADCCE 
 278      98BAC895 
 278      06127E
 279 0470 3F502352 		.ascii	"?P#R\025x\210B\360\007,\004\347\333SK\334p7\203\357"
 279      15788842 
 279      F0072C04 
 279      E7DB534B 
 279      DC703783 
 280 0485 8DBD95EF 		.ascii	"\215\275\225\357\314\242\2036(\263\314\211UDE\210\337"
 280      CCA28336 
 280      28B3CC89 
 280      55444588 
 280      DF
 281 0496 57E0DA32 		.ascii	"W\340\3322\015\016E[\366\255\177F\2336ymb\32113\370"
ARM GAS  /tmp/ccmC2zAj.s 			page 22


 281      0D0E455B 
 281      F6AD7F46 
 281      9B36796D 
 281      62D13133 
 282 04ab 6ED6DCA4 		.ascii	"n\326\334\244\311\224\264\201\030\207\346@f\227\\l2"
 282      C994B481 
 282      1887E640 
 282      66975C6C 
 282      32
 283 04bc 0D8E5A72 		.ascii	"\015\216Zr\312\004V\263<\017\207\233\332\276@k\020K"
 283      CA0456B3 
 283      3C0F879B 
 283      DABE406B 
 283      104B
 284 04ce CF6DE02C 		.ascii	"\317m\340,\242\314\301\224H\234\245\220\241'\000xL\214"
 284      A2CCC194 
 284      489CA590 
 284      A1270078 
 284      4C8C
 285 04e0 7ACA2588 		.ascii	"z\312%\210U\341\362M\310\004\024&\247Q\301\364Og\255"
 285      55E1F24D 
 285      C8041426 
 285      A751C1F4 
 285      4F67AD
 286 04f3 67FA8939 		.ascii	"g\372\2119K\366\315!\352\241\357O\343\352\207x\324\331"
 286      4BF6CD21 
 286      EAA1EF4F 
 286      E3EA8778 
 286      D4D9
 287 0505 B4B3E0B8 		.ascii	"\264\263\340\270\035\262\216\325eM\271\341XL\\\250,"
 287      1DB28ED5 
 287      654DB9E1 
 287      584C5CA8 
 287      2C
 288 0516 985A5A44 		.ascii	"\230ZZD0]6m\">1\231\032\257\337\177?=i7\365I\004\250"
 288      305D366D 
 288      223E3199 
 288      1AAFDF7F 
 288      3F3D6937 
 289 052e 98055551 		.ascii	"\230\005UQp\024t[O\030\241\355\006\270_O\332\356\345"
 289      7014745B 
 289      4F18A1ED 
 289      06B85F4F 
 289      DAEEE5
 290 0541 02A4ED48 		.ascii	"\002\244\355Hh7\006(\032h\217\270\237\253\031\353\363"
 290      68370628 
 290      1A688FB8 
 290      9FAB19EB 
 290      F3
 291 0552 693F21D7 		.ascii	"i?!\327\317p\001K7\247\315nd\350\341\014O\206\036\004"
 291      CF70014B 
 291      37A7CD6E 
 291      64E8E10C 
 291      4F861E04 
 292 0566 AF3CB281 		.ascii	"\257<\262\2013\257\213Fi`c\206\2511\302\211\016\322"
 292      33AF8B46 
 292      69606386 
ARM GAS  /tmp/ccmC2zAj.s 			page 23


 292      A931C289 
 292      0ED2
 293 0578 6EB97DED 		.ascii	"n\271}\355\024\016\3168\021\237~\331\315\313~W\256~"
 293      140ECE38 
 293      119F7ED9 
 293      CDCB7E57 
 293      AE7E
 294 058a 7D5740BA 		.ascii	"}W@\272`%s\326\0157a6\221\273\353{0\356\244\214\323"
 294      602573D6 
 294      0D376136 
 294      91BBEB7B 
 294      30EEA48C 
 295 059f A5AAEBB1 		.ascii	"\245\252\353\261rD\334\272i\223E;\244\206.\320\336L"
 295      7244DCBA 
 295      6993453B 
 295      A4862ED0 
 295      DE4C
 296 05b1 B4EF05CB 		.ascii	"\264\357\005\313\342\271\366d\320\232\000\224\010\264"
 296      E2B9F664 
 296      D09A0094 
 296      08B4
 297 05bf 0F28C9EC 		.ascii	"\017(\311\354,\030\221\273K\357f\364\361\034\366\020"
 297      2C1891BB 
 297      4BEF66F4 
 297      F11CF610 
 298 05cf 66D43862 		.ascii	"f\3248b\202\226\034Vo\345\260\211\314\327*\302M\321"
 298      82961C56 
 298      6FE5B089 
 298      CCD72AC2 
 298      4DD1
 299 05e1 E11A741B 		.ascii	"\341\032t\033\\0b\203\277i\205\357\312\332\220gvp\013"
 299      5C306283 
 299      BF6985EF 
 299      CADA9067 
 299      76700B
 300 05f4 875B3CD6 		.ascii	"\207[<\326c\005\237\317\362\314\023F/Nn\037-\014\007"
 300      63059FCF 
 300      F2CC1346 
 300      2F4E6E1F 
 300      2D0C07
 301 0607 D8DF95F1 		.ascii	"\330\337\225\361J\222\211\300c\0017\305\265\013N\226"
 301      4A9289C0 
 301      630137C5 
 301      B50B4E96 
 302 0617 067555FD 		.ascii	"\006uU\375j\265\007~\304\374ys\255\352\244\322\313\276"
 302      6AB5077E 
 302      C4FC7973 
 302      ADEAA4D2 
 302      CBBE
 303 0629 F352BED9 		.ascii	"\363R\276\331y\240aO\177Q\272+^\246\352\024\251\323"
 303      79A0614F 
 303      7F51BA2B 
 303      5EA6EA14 
 303      A9D3
 304 063b 7BCF213A 		.ascii	"{\317!:\"\022\225\347@e#5$\225\353K\007\035i@\031\342"
 304      221295E7 
 304      40652335 
ARM GAS  /tmp/ccmC2zAj.s 			page 24


 304      2495EB4B 
 304      071D6940 
 305 0651 889D89C6 		.ascii	"\210\235\211\306\335\305\361q\246\334]\030]\342^J\225"
 305      DDC5F171 
 305      A6DC5D18 
 305      5DE25E4A 
 305      95
 306 0662 F4BB59EC 		.ascii	"\364\273Y\354%\350\366|\347\353\320\020\031\204\375"
 306      25E8F67C 
 306      E7EBD010 
 306      1984FD
 307 0671 80EBE678 		.ascii	"\200\353\346x\241\007\242~\263\006Z/Y\234z@n_\271\020"
 307      A107A27E 
 307      B3065A2F 
 307      599C7A40 
 307      6E5FB910 
 308 0685 B48BBB9E 		.ascii	"\264\213\273\236\237T\342\006\005uSBGf\233\306\313n"
 308      9F54E206 
 308      05755342 
 308      47669BC6 
 308      CB6E
 309 0697 9F502657 		.ascii	"\237P&Wd\247[\242\025\304\223\257 -5K\351j\334\311\324"
 309      64A75BA2 
 309      15C493AF 
 309      202D354B 
 309      E96ADCC9 
 310 06ac 26854F0F 		.ascii	"&\205O\017\311\361 cN\304>\316w\267Y\001r@{\256\\\274"
 310      C9F12063 
 310      4EC43ECE 
 310      77B75901 
 310      72407BAE 
 311 06c2 02341F49 		.ascii	"\0024\037I=\254\022\257\000\271\222^\344\311\371\012"
 311      3DAC12AF 
 311      00B9925E 
 311      E4C9F90A 
 312 06d2 B072B7E9 		.ascii	"\260r\267\351\230\222\265|\203\360\025w+Z\225xJ!Y\004"
 312      9892B57C 
 312      83F01577 
 312      2B5A9578 
 312      4A215904 
 313 06e6 FE60BB08 		.ascii	"\376`\273\010\374\201-\002\217\327\216\334r\302\313"
 313      FC812D02 
 313      8FD78EDC 
 313      72C2CB
 314 06f5 0C5E75BD 		.ascii	"\014^u\275\272\301\335\376\"P(\247\"\244\367\005\362"
 314      BAC1DDFE 
 314      225028A7 
 314      22A4F705 
 314      F2
 315 0706 8D285F4E 		.ascii	"\215(_N\353\220\366cG\367\272\341\275J*=t\256\271D\216"
 315      EB90F663 
 315      47F7BAE1 
 315      BD4A2A3D 
 315      74AEB944 
 316 071b 3318737C 		.ascii	"3\030s|b\354\251\302\246\233\305\240\345\250\244\233"
 316      62ECA9C2 
 316      A69BC5A0 
ARM GAS  /tmp/ccmC2zAj.s 			page 25


 316      E5A8A49B 
 317 072b 91E3F9A7 		.ascii	"\221\343\371\247\235q!\023j\231\257/\260\365M\211\215"
 317      9D712113 
 317      6A99AF2F 
 317      B0F54D89 
 317      8D
 318 073c 50D7C1F3 		.ascii	"P\327\301\363ur\261oJ%\276)\023|S5\031\271\007\341*"
 318      7572B16F 
 318      4A25BE29 
 318      137C5335 
 318      19B907E1 
 319 0751 A6BC6CED 		.ascii	"\246\274l\355n\246\007\257\237\3113I\305\215\202!\017"
 319      6EA607AF 
 319      9FC93349 
 319      C58D8221 
 319      0F
 320 0762 7C9EDDCC 		.ascii	"|\236\335\314_\2349\245\301\375\214\2716\223\032%\267"
 320      5F9C39A5 
 320      C1FD8CB9 
 320      36931A25 
 320      B7
 321 0773 EF8672BB 		.ascii	"\357\206r\273n8\024v\255\303\015\2172\351\272\371\264"
 321      6E381476 
 321      ADC30D8F 
 321      32E9BAF9 
 321      B4
 322 0784 220F7C87 		.ascii	"\"\017|\2071a37\177\210\247\330yvo\342m\245\203\342"
 322      31613337 
 322      7F88A7D8 
 322      79766FE2 
 322      6DA583E2 
 323 0798 A65A6EAF 		.ascii	"\246Zn\257\2709y$\356>\306KL<\274z\265LR\022\034\225"
 323      B8397924 
 323      EE3EC64B 
 323      4C3CBC7A 
 323      B54C5212 
 324 07ae 74BA46E8 		.ascii	"t\272F\350tW\371\322\254\006\2570\241\246\331\364\023"
 324      7457F9D2 
 324      AC06AF30 
 324      A1A6D9F4 
 324      13
 325 07bf 2E38CA89 		.ascii	".8\312\2112\217\036_\212Q\342\024\306t\036\216\274"
 325      328F1E5F 
 325      8A51E214 
 325      C6741E8E 
 325      BC
 326 07d0 E0EEA01C 		.ascii	"\340\356\240\034\254\225\333+:\023f\317\377\026\227"
 326      AC95DB2B 
 326      3A1366CF 
 326      FF1697
 327 07df 30E9F1EE 		.ascii	"0\351\361\356\335\2475\370<e\360\312|\331\0315\251\005"
 327      DDA735F8 
 327      3C65F0CA 
 327      7CD91935 
 327      A905
 328 07f1 D8F45B18 		.ascii	"\330\364[\030\300\245\315\221l~W\310\325\250\001\264"
 328      C0A5CD91 
ARM GAS  /tmp/ccmC2zAj.s 			page 26


 328      6C7E57C8 
 328      D5A801B4 
 329 0801 9D73B0B8 		.ascii	"\235s\260\270\363,\230\276\276\222%\331:\300\237\341"
 329      F32C98BE 
 329      BE9225D9 
 329      3AC09FE1 
 330 0811 784785A5 		.ascii	"xG\205\24505\217\303\000\220\025\010\325s\001bo#L\313"
 330      30358FC3 
 330      00901508 
 330      D5730162 
 330      6F234CCB 
 331 0825 B3E669D9 		.ascii	"\263\346i\331P\330\362\021>\340LM~n*\334\351e_A\223"
 331      50D8F211 
 331      3EE04C4D 
 331      7E6E2ADC 
 331      E9655F41 
 332 083a 2305AAC2 		.ascii	"#\005\252\302\207\253\371\244k\233D\313z_\361\353\311"
 332      87ABF9A4 
 332      6B9B44CB 
 332      7A5FF1EB 
 332      C9
 333 084b 2C1B3583 		.ascii	",\0335\203\314i\220m\203\243\240\314vI\230\317z\375"
 333      CC69906D 
 333      83A3A0CC 
 333      764998CF 
 333      7AFD
 334 085d 104D4730 		.ascii	"\020MG0D\264\022i\263_\2110t_\216%yU\311\255\301\323"
 334      44B41269 
 334      B35F8930 
 334      745F8E25 
 334      7955C9AD 
 335 0873 5699713A 		.ascii	"V\231q:{\035_\236N\002n\202+\267x\316^\031%N\376\305"
 335      7B1D5F9E 
 335      4E026E82 
 335      2BB778CE 
 335      5E19254E 
 336 0889 BC05D2F3 		.ascii	"\274\005\322\363\363\320\363\213@\027\200Z\201:\200"
 336      F3D0F38B 
 336      4017805A 
 336      813A80
 337 0898 DA815AC4 		.ascii	"\332\201Z\304\311{\242h=3\217\214\354\011\033\373\254"
 337      C97BA268 
 337      3D338F8C 
 337      EC091BFB 
 337      AC
 338 08a9 97CFF983 		.ascii	"\227\317\371\203\257\260\276\037\001\370)\033\270MQ"
 338      AFB0BE1F 
 338      01F8291B 
 338      B84D51
 339 08b8 9823D25E 		.ascii	"\230#\322^\351\240\367B\352N\353\214\275\356hQ+y\361"
 339      E9A0F742 
 339      EA4EEB8C 
 339      BDEE6851 
 339      2B79F1
 340 08cb 7E81A6D3 		.ascii	"~\201\246\323\207cN\270\341\012\026'\235\021q\275j\334"
 340      87634EB8 
 340      E10A1627 
ARM GAS  /tmp/ccmC2zAj.s 			page 27


 340      9D1171BD 
 340      6ADC
 341 08dd C098A5E4 		.ascii	"\300\230\245\344\323\325\256\3702c\272;\306\364\370"
 341      D3D5AEF8 
 341      3263BA3B 
 341      C6F4F8
 342 08ec 3A3B1F9B 		.ascii	":;\037\233+;\"\267IU=\320\354eI\252z\322\235\272\025"
 342      2B3B22B7 
 342      49553DD0 
 342      EC6549AA 
 342      7AD29DBA 
 343 0901 8F3299E4 		.ascii	"\2172\231\344\2131\017\324\266\017\33662\275im\257\212"
 343      8B310FD4 
 343      B60FDE36 
 343      32BD696D 
 343      AF8A
 344 0913 27FA1589 		.ascii	"'\372\025\211\023\256\362\211\216\303\237O\374\236,"
 344      13AEF289 
 344      8EC39F4F 
 344      FC9E2C
 345 0922 C2928ACB 		.ascii	"\302\222\212\313<\207\211)\327\270\007\256Co\373$K\360"
 345      3C878929 
 345      D7B807AE 
 345      436FFB24 
 345      4BF0
 346 0934 E0FB69BC 		.ascii	"\340\373i\274Z\007u\264Z\277\366\265\003\363d\003\253"
 346      5A0775B4 
 346      5ABFF6B5 
 346      03F36403 
 346      AB
 347 0945 03AFF210 		.ascii	"\003\257\362\020\266\203\346u\307\376\344\264;\330\313"
 347      B683E675 
 347      C7FEE4B4 
 347      3BD8CB
 348 0954 BE4DBDF6 		.ascii	"\276M\275\366m\202G\315\364\252\336\007\012\350\214"
 348      6D8247CD 
 348      F4AADE07 
 348      0AE88C
 349 0963 7DB92E90 		.ascii	"}\271.\220\353\347r\003\342znd\005/?\211\240\375\270"
 349      EBE77203 
 349      E27A6E64 
 349      052F3F89 
 349      A0FDB8
 350 0976 412A038E 		.ascii	"A*\003\216\263\2239\310\303e\321\27195NS\321\261\230"
 350      B39339C8 
 350      C365D1B9 
 350      39354E53 
 350      D1B198
 351 0989 BE56FCA6 		.ascii	"\276V\374\246\003+\007m[\003\201\345;m\225\256\270\210"
 351      032B076D 
 351      5B0381E5 
 351      3B6D95AE 
 351      B888
 352 099b 49775665 		.ascii	"IwVe\215\271\3433\214i\2767\036\255\306-\214)O\271\274"
 352      8DB9E333 
 352      8C69BE37 
 352      1EADC62D 
ARM GAS  /tmp/ccmC2zAj.s 			page 28


 352      8C294FB9 
 353 09b0 E6842F33 		.ascii	"\346\204/3\346\331P\376%\333\235\226Q\320\177K2\340"
 353      E6D950FE 
 353      25DB9D96 
 353      51D07F4B 
 353      32E0
 354 09c2 DDE557C2 		.ascii	"\335\345W\302\334\361(\023*k\2776\212m\204\306l\204"
 354      DCF12813 
 354      2A6BBF36 
 354      8A6D84C6 
 354      6C84
 355 09d4 CA576AFA 		.ascii	"\312Wj\372<\304ar[2&\343<L\344O\212\346\353\345\346"
 355      3CC46172 
 355      5B3226E3 
 355      3C4CE44F 
 355      8AE6EBE5 
 356 09e9 A7F8EE6C 		.ascii	"\247\370\356lef3/\276\306\371`N\330\037LjBn8\363\216"
 356      6566332F 
 356      BEC6F960 
 356      4ED81F4C 
 356      6A426E38 
 357 09ff 79051C91 		.ascii	"y\005\034\2213\001\342\235;f\357\224\336\215\274\251"
 357      3301E29D 
 357      3B66EF94 
 357      DE8DBCA9 
 358 0a0f C6B92EB4 		.ascii	"\306\271.\264\007\205\3411\251|n\330\210\337\265+\276"
 358      0785E131 
 358      A97C6ED8 
 358      88DFB52B 
 358      BE
 359 0a20 786A6402 		.ascii	"xjd\002\343*&^\262\020\001\225\353i\306<\230(\351\223"
 359      E32A265E 
 359      B2100195 
 359      EB69C63C 
 359      9828E993 
 360 0a34 E3B38C89 		.ascii	"\343\263\214\211\210Jo\267\235t\017@\345C\211k*\327"
 360      884A6FB7 
 360      9D740F40 
 360      E543896B 
 360      2AD7
 361 0a46 8A23316E 		.ascii	"\212#1n\347BOs\346\2256BS6B\007J.\035\224\024\\\323"
 361      E7424F73 
 361      E6953642 
 361      53364207 
 361      4A2E1D94 
 362 0a5d 12B7CC08 		.ascii	"\022\267\314\010\353\353rA\367\015\025\356e\312\307"
 362      EBEB7241 
 362      F70D15EE 
 362      65CAC7
 363 0a6c 674BE73C 		.ascii	"gK\347<l\224?\002\345\217%\312\317\255\364g\251\361"
 363      6C943F02 
 363      E58F25CA 
 363      CFADF467 
 363      A9F1
 364 0a7e 20133A57 		.ascii	" \023:Wu\347\230m\231\363\304F\250\"\254t\320Yl\321"
 364      75E7986D 
 364      99F3C446 
ARM GAS  /tmp/ccmC2zAj.s 			page 29


 364      A822AC74 
 364      D0596CD1 
 365 0a92 ACC4A239 		.ascii	"\254\304\2429n\221\"\372\344\275$\271\350Y|\260N\271"
 365      6E9122FA 
 365      E4BD24B9 
 365      E8597CB0 
 365      4EB9
 366 0aa4 5C6532C5 		.ascii	"\\e2\305h\210\321\350>\350]p\274\374\222\005-\3259\214"
 366      6888D1E8 
 366      3EE85D70 
 366      BCFC9205 
 366      2DD5398C 
 367 0ab8 CE6E610E 		.ascii	"\316na\016-|\323\352\253\020-\236\217\270\000\031\321"
 367      2D7CD3EA 
 367      AB102D9E 
 367      8FB80019 
 367      D1
 368 0ac9 7998D44F 		.ascii	"y\230\324O\201\236\211\223\315\374\021g\226<\346x\274"
 368      819E8993 
 368      CDFC1167 
 368      963CE678 
 368      BC
 369 0ada D9B34648 		.ascii	"\331\263FH\352#C\017\00758\201\025\247#S\265\345V\017"
 369      EA23430F 
 369      07353881 
 369      15A72353 
 369      B5E5560F 
 370 0aee E6E66617 		.ascii	"\346\346f\027\0357\013\222\207\253\313\212H\261\367"
 370      1D370B92 
 370      87ABCB8A 
 370      48B1F7
 371 0afd 7D52F862 		.ascii	"}R\370bQ\331\373}\2469k\352\326I\025>\310\230\243\331"
 371      51D9FB7D 
 371      A6396BEA 
 371      D649153E 
 371      C898A3D9 
 372 0b11 AD432EAC 		.ascii	"\255C.\254\024J\0147)\337\224\2317\035\321\212\234\212"
 372      144A0C37 
 372      29DF9499 
 372      371DD18A 
 372      9C8A
 373 0b23 904696A1 		.ascii	"\220F\226\241\345\347\254\336[\215\036\233t\302%L\272"
 373      E5E7ACDE 
 373      5B8D1E9B 
 373      74C2254C 
 373      BA
 374 0b34 FEC27E3F 		.ascii	"\376\302~?\233\301\\\0039\023\026\017\346\243[\363'"
 374      9BC15C03 
 374      3913160F 
 374      E6A35BF3 
 374      27
 375 0b45 DCC58349 		.ascii	"\334\305\203In[\274\020\206yx\225\0276\367\362]\351"
 375      6E5BBC10 
 375      86797895 
 375      1736F7F2 
 375      5DE9
 376 0b57 1A52A656 		.ascii	"\032R\246V\327\026\276\313\267\030]I\336Z\350\007\027"
ARM GAS  /tmp/ccmC2zAj.s 			page 30


 376      D716BECB 
 376      B7185D49 
 376      DE5AE807 
 376      17
 377 0b68 56B3A68F 		.ascii	"V\263\246\2177E\015(\360E\3064?\250\257T\341\021\306"
 377      37450D28 
 377      F045C634 
 377      3FA8AF54 
 377      E111C6
 378 0b7b 541F1F59 		.ascii	"T\037\037Yt\307\013\224Q\014\356\031nQ\323\215\0116"
 378      74C70B94 
 378      510CEE19 
 378      6E51D38D 
 378      0936
 379 0b8d 20B393CA 		.ascii	" \263\223\312\342\333\221\246\304\310\015\264\336\212"
 379      E2DB91A6 
 379      C4C80DB4 
 379      DE8A
 380 0b9b C018C5E0 		.ascii	"\300\030\305\340\027\250\032\314O\363\221\\\202\270"
 380      17A81ACC 
 380      4FF3915C 
 380      82B8
 381 0ba9 2516C393 		.ascii	"%\026\303\223<\320\036,\036\362\014\321:\036\305\321"
 381      3CD01E2C 
 381      1EF20CD1 
 381      3A1EC5D1 
 382 0bb9 8E772526 		.ascii	"\216w%&$\365\337n\033{\304Y<u\355v\217\002\267\2607"
 382      24F5DF6E 
 382      1B7BC459 
 382      3C75ED76 
 382      8F02B7B0 
 383 0bce 00A6DD35 		.ascii	"\000\246\3355\245N^\366\215\334\353\330\310T\354v\264"
 383      A54E5EF6 
 383      8DDCEBD8 
 383      C854EC76 
 383      B4
 384 0bdf 7FB658C1 		.ascii	"\177\266X\3016k\204\037\233\014\303\305\274Z\233$\223"
 384      366B841F 
 384      9B0CC3C5 
 384      BC5A9B24 
 384      93
 385 0bf0 00863101 		.ascii	"\000\2061\001\333/p$\255\206\343\215h\027\336\310\006"
 385      DB2F7024 
 385      AD86E38D 
 385      6817DEC8 
 385      06
 386 0c01 3E81B77A 		.ascii	">\201\267z\000ZL\004\312\000\212\007J\006J\007J\005"
 386      005A4C04 
 386      CA008A07 
 386      4A064A07 
 386      4A05
 387 0c13 DA0F9406 		.ascii	"\332\017\224\006\264\017(\005(I\354\276\256\"\317\244"
 387      B40F2805 
 387      2849ECBE 
 387      AE22CFA4 
 388 0c23 7053D117 		.ascii	"pS\321\027h\225WMD\243e#\334zq\236?\366]\266\325\005"
 388      6895574D 
ARM GAS  /tmp/ccmC2zAj.s 			page 31


 388      44A36523 
 388      DC7A719E 
 388      3FF65DB6 
 389 0c39 0F8528DB 		.ascii	"\017\205(\333\306\344\203r\351t\177\362\036\314\366"
 389      C6E48372 
 389      E9747FF2 
 389      1ECCF6
 390 0c48 B42F501C 		.ascii	"\264/P\034f\325+A[\366\020\352\254\306\246\365\250h"
 390      66D52B41 
 390      5BF610EA 
 390      ACC6A6F5 
 390      A868
 391 0c5a 28871CF8 		.ascii	"(\207\034\370C\264E1]\343\231\304\252\343,p`\023b\002"
 391      43B44531 
 391      5DE399C4 
 391      AAE32C70 
 391      60136202 
 392 0c6e 96AD81B3 		.ascii	"\226\255\201\263V\372\373J\3273\177\303S\033*\262\321"
 392      56FAFB4A 
 392      D7337FC3 
 392      531B2AB2 
 392      D1
 393 0c7f 7F486E15 		.ascii	"\177Hn\025*9\337ep\23004\231H\341\336\322\256N\224\010"
 393      2A39DF65 
 393      70983034 
 393      9948E1DE 
 393      D2AE4E94 
 394 0c94 C6748231 		.ascii	"\306t\2021\307\270v\313\306\201\365vLW\231\250\\=\354"
 394      C7B876CB 
 394      C681F576 
 394      4C5799A8 
 394      5C3DEC
 395 0ca7 C0185167 		.ascii	"\300\030Qg\227\376\226%\316\233\240\375\022\207;\330"
 395      97FE9625 
 395      CE9BA0FD 
 395      12873BD8 
 396 0cb7 1B22DB18 		.ascii	"\033\"\333\030E\236l\367f\011\340\3678\334\362\334`"
 396      459E6CF7 
 396      6609E0F7 
 396      38DCF2DC 
 396      60
 397 0cc8 99752481 		.ascii	"\231u$\201\355j/\307x\230\205yIA\306Cg/\373\001\227"
 397      ED6A2FC7 
 397      78988579 
 397      4941C643 
 397      672FFB01 
 398 0cdd 89FF5F01 		.ascii	"\211\377_\001G&Q\332\223\011\21583eI\303\207f&r\000"
 398      472651DA 
 398      93098D38 
 398      336549C3 
 398      87662672 
 399 0cf2 ECAEAA9A 		.ascii	"\354\256\252\2321I\026[\222\344\362l\206\315f\330\206"
 399      3149165B 
 399      92E4F26C 
 399      86CD66D8 
 399      86
 400 0d03 DBCF247A 		.ascii	"\333\317$z;%\330\034\206\315\241\330\274\241\321\263"
ARM GAS  /tmp/ccmC2zAj.s 			page 32


 400      3B25D81C 
 400      86CDA1D8 
 400      BCA1D1B3 
 401 0d13 2EB7D008 		.ascii	".\267\320\010\222\223kh@\213d\344\037\371\303\022*9"
 401      92936B68 
 401      408B64E4 
 401      1FF9C312 
 401      2A39
 402 0d25 22724E68 		.ascii	"\"rNhM\370!\362\3438v \000v\215\035\204?\354\232\234"
 402      4DF821F2 
 402      E3387620 
 402      00768D1D 
 402      843FEC9A 
 403 0d3a 6B21AD50 		.ascii	"k!\255P\265L\206i\247\254H5\273\217\370}A\011\023`V"
 403      B54C8669 
 403      A7AC4835 
 403      BB8FF87D 
 403      41091360 
 404 0d4f 5904F925 		.ascii	"Y\004\371%9oN,\201l,\266(\224\231\225\012?~N\266\013"
 404      396F4E2C 
 404      816C2CB6 
 404      28949995 
 404      0A3F7E4E 
 405 0d65 56E272DC 		.ascii	"V\342r\334\307\320h\030\214x\317\363\330/\275\321\313"
 405      C7D06818 
 405      8C78CFF3 
 405      D82FBDD1 
 405      CB
 406 0d76 896FC868 		.ascii	"\211o\310h<4,T\\\322\3400\015e\354\275\355+\357MW\320"
 406      3C342C54 
 406      5CD2E030 
 406      0D65ECBD 
 406      ED2BEF4D 
 407 0d8c 4B24811C 		.ascii	"K$\201\034\306\364b\356\365g\377d\263N\221\350\221\256"
 407      C6F462EE 
 407      F567FF64 
 407      B34E91E8 
 407      91AE
 408 0d9e 53557523 		.ascii	"SUu#+\2222\250@\022\015\205\302:U\\\230~\306\211\266"
 408      2B9232A8 
 408      40120D85 
 408      C23A555C 
 408      987EC689 
 409 0db3 0197503E 		.ascii	"\001\227P>k\243q4n\021\303j\365\032,\273H\264\352\276"
 409      6BA37134 
 409      6E11C36A 
 409      F51A2CBB 
 409      48B4EABE 
 410 0dc7 C656A5E8 		.ascii	"\306V\245\350\222\353\245J\034\317\354\276R\0371\355"
 410      92EBA54A 
 410      1CCFECBE 
 410      521F31ED 
 411 0dd7 A18A240D 		.ascii	"\241\212$\015\231\232M\030b\372\247\033\321\217 \242"
 411      999A4D18 
 411      62FAA71B 
 411      D18F20A2 
 412 0de7 8F824D25 		.ascii	"\217\202M%XEmB\305\020\347E\230\256\272\013w\212\037"
ARM GAS  /tmp/ccmC2zAj.s 			page 33


 412      58456D42 
 412      C510E745 
 412      98AEBA0B 
 412      778A1F
 413 0dfa 7AE07426 		.ascii	"z\340t&]\237u:\337\256t\251\003\351\226\326\202\036"
 413      5D9F753A 
 413      DFAE74A9 
 413      03E996D6 
 413      821E
 414 0e0c 2C7EB758 		.ascii	",~\267X\006 KN=\206_\225\241#\230\277\\\014o\270\034"
 414      06204B4E 
 414      3D865F95 
 414      A12398BF 
 414      5C0C6FB8 
 415 0e21 83BF976B 		.ascii	"\203\277\227k\032\03555.\354u\316h\216\202\212\031\375"
 415      1A1D3535 
 415      2EEC75CE 
 415      688E828A 
 415      19FD
 416 0e33 82A0D021 		.ascii	"\202\240\320!h\200\273\213\234\313P\036\036C(\027\337"
 416      6880BB8B 
 416      9CCB501E 
 416      1E432817 
 416      DF
 417 0e44 22E37A1C 		.ascii	"\"\343z\034\177\217\324\375\373\243\347\225x\234Y\032"
 417      7F8FD4FD 
 417      FBA3E795 
 417      789C591A 
 418 0e54 73A23ADB 		.ascii	"s\242:\333\225:\212d86@\373\027\237<U\231\235W\316\234"
 418      953A8A64 
 418      383640FB 
 418      179F3C55 
 418      999D57CE 
 419 0e69 97D37A2A 		.ascii	"\227\323z*R\345\330\302Jba\205`\341\205\360\023\267"
 419      52E5D8C2 
 419      4A626185 
 419      60E185F0 
 419      13B7
 420 0e7b 35DCC2A6 		.ascii	"5\334\302\2467\241\276\002?\230\344\004\204N\210\014"
 420      37A1BE02 
 420      3F98E404 
 420      844E880C 
 421 0e8b 3C616D60 		.ascii	"<am`\0255\360\344\271\254\033j\374\214\031\270pc\344"
 421      1535F0E4 
 421      B9AC1B6A 
 421      FC8C19B8 
 421      7063E4
 422 0e9e 3DB32DCC 		.ascii	"=\263-\314\276\333gw7\270\211M!\311\337b\312)b\312I"
 422      BEDB6777 
 422      37B8894D 
 422      21C9DF62 
 422      CA2962CA 
 423 0eb3 C19453ED 		.ascii	"\301\224S\3553\023Jn\312j\311:X-\212@\356\015\202B\325"
 423      33134A6E 
 423      CA6AC93A 
 423      582D8A40 
 423      EE0D8242 
ARM GAS  /tmp/ccmC2zAj.s 			page 34


 424 0ec8 225BAAAD 		.ascii	"\"[\252\255m\251\241\266\324\025\224=\226\343X7G\266"
 424      6DA9A1B6 
 424      D415943D 
 424      96E35837 
 424      47B6
 425 0eda 5C5BE83C 		.ascii	"\\[\350<\351\356\330-\265\304\2263\202-{\352\333n\311"
 425      E9EED82D 
 425      B5C49633 
 425      822D7BEA 
 425      DB6EC9
 426 0eed 892DE4E1 		.ascii	"\211-\344\341\260\304\271#|O\234)\017Q\024:-\262\005"
 426      B0C4B923 
 426      7C4F9C29 
 426      0F51143A 
 426      2DB205
 427 0f00 CED974AB 		.ascii	"\316\331t\253\2436\314.]\212u\3077\230\015\203\273\313"
 427      A336CC2E 
 427      5D8A75C7 
 427      37980D83 
 427      BBCB
 428 0f12 E36DDEEB 		.ascii	"\343m\336\353Aa!\231&\275\205\213\351\266O\025d\223"
 428      41612199 
 428      26BD858B 
 428      E9B64F15 
 428      6493
 429 0f24 588ABBF0 		.ascii	"X\212\273\360\240\254P\362>\374\254d:5\012\323)\353"
 429      A0AC50F2 
 429      3EFCAC64 
 429      3A350AD3 
 429      29EB
 430 0f36 F2CD2967 		.ascii	"\362\315)g\332\363Fs\317\027'\227V\035\277\016o\"\035"
 430      DAF34673 
 430      CF172797 
 430      561DBF0E 
 430      6F221D
 431 0f49 3F2774BC 		.ascii	"?'t\274\262\245\240\021\361\216\317\3249\237\256\035"
 431      B2A5A011 
 431      F18ECFD4 
 431      399FAE1D 
 432 0f59 ED094B5C 		.ascii	"\355\011K\\OQ\250^\324\361z\241\343\315\264\343i\221"
 432      4F51A85E 
 432      D4F17AA1 
 432      E3CDB4E3 
 432      6991
 433 0f6b F9CF5C70 		.ascii	"\371\317\\p\266\273\243L\022\025\036\031\2410\007\357"
 433      B6BBA34C 
 433      12151E19 
 433      A13007EF 
 434 0f7b 7916A835 		.ascii	"y\026\2505\035\373\036k\034\332u\201\330\325*\330\265"
 434      1DFB1E6B 
 434      1CDA7581 
 434      D8D52AD8 
 434      B5
 435 0f8c 3CB87ADC 		.ascii	"<\270z\334\205\3335;\200\317\234\217l\374-\305\240\026"
 435      85DB353B 
 435      80CF9C8F 
 435      6CFC2DC5 
ARM GAS  /tmp/ccmC2zAj.s 			page 35


 435      A016
 436 0f9e 9155     		.ascii	"\221U"
 437 0fa0 2D82556D 		.ascii	"-\202Um\324\252\232[\235;q\0313\252\345\306\324\214"
 437      D4AA9A5B 
 437      9D3B7119 
 437      33AAE5C6 
 437      D48C
 438 0fb2 EDA609D9 		.ascii	"\355\246\011\331\021\270(qtGj\312\234\023n`B\317\316"
 438      11B82871 
 438      74476ACA 
 438      9C136E60 
 438      42CFCE
 439 0fc5 F49C73B3 		.ascii	"\364\234s\263\021\352\300\326BUEY\007%\317\320\235\222"
 439      11EAC0D6 
 439      42554559 
 439      0725CFD0 
 439      9D92
 440 0fd7 D1B9248C 		.ascii	"\321\271$\214\316DEg\033\363\314%\363\350\024\214w\037"
 440      CE444567 
 440      1BF3CC25 
 440      F3E8148C 
 440      771F
 441 0fe9 72FC8148 		.ascii	"r\374\201H7\361B\227\340\205\2033E\365\012\356\205\301"
 441      37F14297 
 441      E0858333 
 441      45F50AEE 
 441      85C1
 442 0ffb 155CDF4C 		.ascii	"\025\\\337L\275"
 442      BD
 443 1000 0018D42E 		.ascii	"\000\030\324.\362B\273\340\205\036\352\205G\025\355"
 443      F242BBE0 
 443      851EEA85 
 443      4715ED
 444 100f F9EEF80A 		.ascii	"\371\356\370\012\353\321d\370\336UD-\2303g\221\312\270"
 444      EBD164F8 
 444      DE55442D 
 444      98336791 
 444      CAB8
 445 1021 03CF1D8F 		.ascii	"\003\317\035\217\303\025bA\257`\301Zus\277\253`A\235"
 445      C3156241 
 445      AF60C15A 
 445      7573BFAB 
 445      60419D
 446 1034 B28B5900 		.ascii	"\262\213Y\000\030tYd\301e\301\202\253\324\202\242\302"
 446      18745964 
 446      C165C182 
 446      ABD482A2 
 446      C2
 447 1045 9B63AEF8 		.ascii	"\233c\256\3706\263 \376\351\370ia$\007\376*\303\324"
 447      36B320FE 
 447      E9F86961 
 447      2407FE2A 
 447      C3D4
 448 1057 24A7E2D7 		.ascii	"$\247\342\327D\342\327\004\361>*\0365\\\225\245\302"
 448      44E2D704 
 448      F13E2A1E 
 448      355C95A5 
ARM GAS  /tmp/ccmC2zAj.s 			page 36


 448      C2
 449 1068 334CBC69 		.ascii	"3L\274i\327\341\323j.\276\364\232Y\374\272H\374\272"
 449      D7E1D36A 
 449      2EBEF49A 
 449      59FCBA48 
 449      FCBA
 450 107a 207E8365 		.ascii	" ~\203e\321\245\326x\311\343\357\244\244~\350g\365C"
 450      D1A5D678 
 450      C9E3EFA4 
 450      A47EE867 
 450      F543
 451 108c 3FAD1F9A 		.ascii	"?\255\037\232\236\316\237u\023coJ\260\003\014;@\261"
 451      9ECE9F75 
 451      13636F4A 
 451      B0030C3B 
 451      40B1
 452 109e 09634706 		.ascii	"\011cG\006$S2K\202\035d\330A\212\275\271\2720,\371Z"
 452      2453324B 
 452      821D64D8 
 452      418ABDB9 
 452      BA302CF9 
 453 10b3 445A10DE 		.ascii	"DZ\020\336d\330\233\024\233\335|\300$\301\222\376\211"
 453      64D89B14 
 453      9BDD7CC0 
 453      24C192FE 
 453      89
 454 10c4 9E731976 		.ascii	"\236s\031v\210b\007\227\316\357\362\300\213\3145\021"
 454      88620797 
 454      CEEFF2C0 
 454      8BCC3511 
 455 10d4 7995A5CE 		.ascii	"y\225\245\316\016\366K\206\261\275\375\222\241\351\245"
 455      0EF64B86 
 455      B1BDFD92 
 455      A1E9A5
 456 10e3 62496935 		.ascii	"bIi5\"1k\22455J\233\332\2371\261\001G{\260B2\346\312"
 456      22316B94 
 456      35354A9B 
 456      DA9F31B1 
 456      01477BB0 
 457 10fb 57389E9D 		.ascii	"W8\236\235\037:\336W\256\264\377\226c\014\333y\343\217"
 457      1F3ADE57 
 457      AEB4FF96 
 457      630CDB79 
 457      E38F
 458 110d D28FACF4 		.ascii	"\322\217\254\364`\234\311\244[\023\"\366\252\361!\306"
 458      609CC9A4 
 458      5B1322F6 
 458      AAF121C6 
 459 111d F4CF16D6 		.ascii	"\364\317\026\326\270\332Wu\307\256\252\372\371\272\363"
 459      B8DA5775 
 459      C7AEAAFA 
 459      F9BAF3
 460 112c EEF89807 		.ascii	"\356\370\230\007\177995\316\337\235\255O\265|Z\266\236"
 460      7F393935 
 460      CEDF9DAD 
 460      4FB57C5A 
 460      B69E
ARM GAS  /tmp/ccmC2zAj.s 			page 37


 461 113e 7F5A9697 		.ascii	"\177Z\226\227\234^\240\301\247(\326)\345\321\275.\333"
 461      9C5EA0C1 
 461      A728D629 
 461      E5D1BD2E 
 461      DB
 462 114f 77C1E0B0 		.ascii	"w\301\340\260{\260\322O\222z\230\354\256=\340\365\360"
 462      7BB0D24F 
 462      927A98EC 
 462      AE3DE0F5 
 462      F0
 463 1160 34D4B933 		.ascii	"4\324\2713@S@\017\201\036\211\037\262\272\263\2251\207"
 463      4053400F 
 463      811E891F 
 463      B2BAB395 
 463      3187
 464 1172 F94ED86D 		.ascii	"\371N\330m\254F\2670\023\374\232\267\341KG\260)\377"
 464      AC46B730 
 464      13FC9AB7 
 464      E14B47B0 
 464      29FF
 465 1184 476802D0 		.ascii	"Gh\002\320\343\016\320\242\007\033a\333C\330f{\340\360"
 465      E30ED0A2 
 465      071B61DB 
 465      43D8667B 
 465      E0F0
 466 1196 4905D0F7 		.ascii	"I\005\320\367\231j\262as\327F\265\365\003\337p\032\377"
 466      996AB261 
 466      73D746B5 
 466      F503DF70 
 466      1AFF
 467 11a8 7682D87D 		.ascii	"v\202\330}\337\006ny\274&K}Y\306N/\373\256\032\373f"
 467      DF066E79 
 467      BC264B7D 
 467      59C64E2F 
 467      FBAE1AFB 
 468 11bd 57915A20 		.ascii	"W\221Z ;\276P\222#\037K\032{\302b\355\011\215\265\371"
 468      3BBE5092 
 468      231F4B1A 
 468      7BC262ED 
 468      098DB5F9 
 469 11d1 7B9DAF89 		.ascii	"{\235\257\211\241\335\222\0310\313\240\263\024\232\370"
 469      A1DD9219 
 469      30CBA0B3 
 469      149AF8
 470 11e0 78E28064 		.ascii	"x\342\200d\026^\220`\347\030v\216b\357=\314\031\342"
 470      165E9060 
 470      E718768E 
 470      62EF3DCC 
 470      19E2
 471 11f2 11924642 		.ascii	"\021\222FB\342\306\275\310C\012\334\300\302gO\\U\252"
 471      E2C6BDC8 
 471      430ADCC0 
 471      C2674F5C 
 471      55AA
 472 1204 07BEC098 		.ascii	"\007\276\300\230}\255\263\2075\370\032c2KF{=\360M\306"
 472      7DADB387 
 472      35F81A63 
ARM GAS  /tmp/ccmC2zAj.s 			page 38


 472      324B467B 
 472      3DF04DC6 
 473 1218 0CF4DC99 		.ascii	"\014\364\334\231vr\370\261\335\"\226|l\247\210hY\312"
 473      7672F8B1 
 473      DD22967C 
 473      6CA78868 
 473      59CA
 474 122a B37EC32D 		.ascii	"\263~\303-\372,D\206\236s\277\255\200\257\226\201V%"
 474      FA2C4486 
 474      9E73BFAD 
 474      80AF9681 
 474      5625
 475 123c A1B5E63C 		.ascii	"\241\265\346<\374\200\277\001\203\245\364\031(\177\376"
 475      FC80BF01 
 475      83A5F419 
 475      287FFE
 476 124b B503DA35 		.ascii	"\265\003\3325\304?\342X\302\354}\270\035\270(\262F\326"
 476      C43FE258 
 476      C2EC7DB8 
 476      1DB828B2 
 476      46D6
 477 125d EF0A37C1 		.ascii	"\357\0127\301\023<\251\204\026\270rV\376Z=EVg\347\265"
 477      133CA984 
 477      16B87256 
 477      FE5A3D45 
 477      5667E7B5 
 478 1271 F2CDA444 		.ascii	"\362\315\244D\342\270\331\375q\367\224\270n\035\373"
 478      E2B8D9FD 
 478      71F794B8 
 478      6E1DFB
 479 1280 402DBB24 		.ascii	"@-\273$\314\003\2673\346\354\203\213G\260\375)\034\246"
 479      CC03B733 
 479      E6EC838B 
 479      47B0FD29 
 479      1CA6
 480 1292 B03785BB 		.ascii	"\2607\205\273\373\243\032\225\370\032\223\036\276x\366"
 480      FBA31A95 
 480      F81A931E 
 480      BE78F6
 481 12a1 36FF2E2E 		.ascii	"6\377..\232\264\3231\271\362\314\015\217\262\233\331"
 481      9AB4D331 
 481      B9F2CC0D 
 481      8FB29BD9 
 482 12b1 65F98B4E 		.ascii	"e\371\213N\370\301:\311[XO\376\026\366\322@r\202\007"
 482      F8C13AC9 
 482      5B584FFE 
 482      16F6D240 
 482      728207
 483 12c4 7ECA6EC6 		.ascii	"~\312n\306\215?\255T\342\210\227(\323\221\331\023\306"
 483      8D3FAD54 
 483      E2889728 
 483      D391D913 
 483      C6
 484 12d5 BFD16AA3 		.ascii	"\277\321j\24353\377\330\316\223\177lw%ie\017\306)\014"
 484      3533FFD8 
 484      CE937F6C 
 484      77256965 
ARM GAS  /tmp/ccmC2zAj.s 			page 39


 484      0FC6290C 
 485 12e9 7CB6EA44 		.ascii	"|\266\352D\241\033\316\343\314\205\342Uw\334D\031en"
 485      A11BCEE3 
 485      CC85E255 
 485      77DC4419 
 485      656E
 486 12fb 614AB28A 		.ascii	"aJ\262\212\275\301\343;\010\305\257\263\015\215]\012"
 486      BDC1E33B 
 486      08C5AFB3 
 486      0D8D5D0A 
 487 130b 350A87BE 		.ascii	"5\012\207\276%+\276vh\216n(g{S\344\243\267\275\034o"
 487      252BBE76 
 487      688E6E28 
 487      677B53E4 
 487      A3B7BD1C 
 488 1320 6FAF8C6F 		.ascii	"o\257\214o\306\034\025\357e\305\333\340\255\367\276"
 488      C61C15EF 
 488      65C5DBE0 
 488      ADF7BE
 489 132f 568B44E6 		.ascii	"V\213D\346\354\266o\216\343\235\2708.@\006'I\261\011"
 489      ECB66F8E 
 489      E39DB838 
 489      2E400627 
 489      49B109
 490 1342 25002502 		.ascii	"%\000%\002\355S\010\323\367\374\355\262\010w\334\307"
 490      ED5308D3 
 490      F7FCEDB2 
 490      0877DCC7 
 491 1352 3CB3F4F0 		.ascii	"<\263\364\360\374\230\213\203\375\262\224oT\325\272"
 491      FC988B83 
 491      FDB2946F 
 491      54D5BA
 492 1361 DA9AA7C0 		.ascii	"\332\232\247\300\213LU\324\312r\202\032GyR\346\376\276"
 492      8B4C55D4 
 492      CA72821A 
 492      477952E6 
 492      FEBE
 493 1373 8E336E38 		.ascii	"\2163n8\2311\311S\011\377\205s\330y\336\225\230F\265"
 493      9931C953 
 493      09FF8573 
 493      D879DE95 
 493      9846B5
 494 1386 83F493AE 		.ascii	"\203\364\223\256x\221\364sg\337\324}g\\\315\324\355"
 494      7891F473 
 494      67DFD47D 
 494      675CCDD4 
 494      ED
 495 1397 5BCBBFEA 		.ascii	"[\313\277\352\202k\031\323p<)\336\025\237eL|b\370\025"
 495      826B19D3 
 495      703C29DE 
 495      159F654C 
 495      7C62F815 
 496 13ab DB3DF583 		.ascii	"\333=\365\203\320D\266B\\\361\025'wv\233\337\256D8\306"
 496      D044B642 
 496      5CF11527 
 496      77769BDF 
 496      AE4438C6 
ARM GAS  /tmp/ccmC2zAj.s 			page 40


 497 13bf B5EEEF3C 		.ascii	"\265\356\357</)>r$\303\222\253\340\225\341\356\276\221"
 497      2F293E72 
 497      24C392AB 
 497      E095E1EE 
 497      BE91
 498 13d1 48FE2573 		.ascii	"H\376%s\021\211\347\214\374\276X\376\025q\243:\025\257"
 498      1189E78C 
 498      FCBE58FE 
 498      1571A33A 
 498      15AF
 499 13e3 BBB2B23C 		.ascii	"\273\262\262<\207\021\337a\364\222n5Nw:\261\235\270"
 499      8711DF61 
 499      F4926E35 
 499      4E773AB1 
 499      9DB8
 500 13f5 FD0AB613 		.ascii	"\375\012\266\023wT!\336\211\263\336\234\232\350\\W@"
 500      775421DE 
 500      89B3DE9C 
 500      9AE85C57 
 500      40
 501 1406 23051A47 		.ascii	"#\005\032GY\012\006w\230$@9[~H\341\236j\203\226\356"
 501      590A0677 
 501      98244039 
 501      5B7E48E1 
 501      9E6A8396 
 502 141b DB913565 		.ascii	"\333\2215eP\024\207&\033\374\032\266\302\267v\213\366"
 502      50148726 
 502      1BFC1AB6 
 502      C2B7768B 
 502      F6
 503 142c ED626CF0 		.ascii	"\355bl\360Q\012\253m\304~\221\372H\033x\204\030N^It"
 503      510AAB6D 
 503      C47E91FA 
 503      481B7884 
 503      184E5E49 
 504 1441 59EF2212 		.ascii	"Y\357\"\022\274e\027q\217\302\356\2748\244\330\210\362"
 504      BC651771 
 504      8FC2EEBC 
 504      38A4D888 
 504      F2
 505 1452 E016FD9E 		.ascii	"\340\026\375\236\346(\017\346|\010\342R\240\012\240"
 505      E6280FE6 
 505      7C08E252 
 505      A00AA0
 506 1461 02A0E340 		.ascii	"\002\240\343@\207\201N\000\025\003\035\001*\007*\002"
 506      87814E00 
 506      15031D01 
 506      2A072A02 
 507 1471 3A065402 		.ascii	":\006T\002T\010T\246\020\245\364\276\001\253\254a\317"
 507      540854A6 
 507      10A5F4BE 
 507      01ABAC61 
 507      CF
 508 1482 3D76BC4F 		.ascii	"=v\274O\266)3\355\217\225h\037qxD\3156\022I&\237\307"
 508      B62933ED 
 508      8F95681F 
 508      717844CD 
ARM GAS  /tmp/ccmC2zAj.s 			page 41


 508      36124926 
 509 1498 0C6E596C 		.ascii	"\014nYl\236Zk\357\267\312\031\366\234)\032+\2635d[\363"
 509      9E5A6BEF 
 509      B7CA19F6 
 509      9C291A2B 
 509      B335645B 
 510 14ad 800DDEFA 		.ascii	"\200\015\336\372\203\205\341K\242\375\344%d\015\217"
 510      8385E14B 
 510      A2FDE425 
 510      640D8F
 511 14bc B51EDA1B 		.ascii	"\265\036\332\033\"k\242\035D\202x\207\230\206=X\223"
 511      226BA21D 
 511      44827887 
 511      98863D58 
 511      93
 512 14cd 01B8348E 		.ascii	"\001\2704\216\027\262\202\325\002V\227<\335&\251\353"
 512      17B282D5 
 512      0256973C 
 512      DD26A9EB 
 513 14dd A5BA2BE9 		.ascii	"\245\272+\3514$\007\300>o\211\257\220\024*M\222\212"
 513      342407C0 
 513      3E6F89AF 
 513      90142A4D 
 513      928A
 514 14ef A28A61AB 		.ascii	"\242\212a\253(\366A\322l\244D\257\364C\203j\206\255"
 514      28F641D2 
 514      6CA444AF 
 514      F443836A 
 514      86AD
 515 1501 A6D8DCF1 		.ascii	"\246\330\334\361\224\323\222TP+\321{\222aORl[\327\275"
 515      94D39254 
 515      502BD17B 
 515      92614F52 
 515      6C5BD7BD 
 516 1515 5C8CFB58 		.ascii	"\\\214\373XNJ,\210\377k\233\224D\336\237\326HR\315\231"
 516      4E4A2C88 
 516      FF6B9B94 
 516      44DE9FD6 
 516      4852CD99 
 517 1529 D9B25595 		.ascii	"\331\262U\225\015\216\024\376R\334\343\273%C\222\017"
 517      0D8E14FE 
 517      52DCE3BB 
 517      2543920F 
 518 1539 804E4B7C 		.ascii	"\200NK|qFHIs\025\013u\354\231\035.\361G\305\303\327"
 518      71464849 
 518      73150B75 
 518      EC991D2E 
 518      F147C5C3 
 519 154e EBBE70F8 		.ascii	"\353\276p\370\244X\247\200'\305Z\005\177R\254(\037\234"
 519      A458A780 
 519      27C55A05 
 519      7F52AC28 
 519      1F9C
 520 1560 778207B5 		.ascii	"w\202\007\265\306QZ#\217\354\216\205B&\314\364\213\217"
 520      C6515A23 
 520      8FEC8E85 
 520      4226CCF4 
ARM GAS  /tmp/ccmC2zAj.s 			page 42


 520      8B8F
 521 1572 080E9D52 		.ascii	"\010\016\235RX\236\327\340\\\272\241\003\317\2702\325"
 521      589ED7E0 
 521      5CBAA103 
 521      CFB832D5 
 522 1582 9F02833F 		.ascii	"\237\002\203?7\370\353\203T>:?\277-:\237?\276\357\275"
 522      37F8EB83 
 522      543E3A3F 
 522      BF2D3A9F 
 522      3FBEEFBD 
 523 1596 3DD05FEF 		.ascii	"=\320_\357\275\303`\364\376\340\263\017\265\237~\260"
 523      BDC360F4 
 523      FEE0B30F 
 523      B59F7EB0 
 524 15a6 F943EF0F 		.ascii	"\371C\357\017>1|\032\370\326\007;v\004{\373\033|}\375"
 524      3E317C1A 
 524      F8D6073B 
 524      76047BFB 
 524      1B7C7DFD 
 525 15ba F45FEA82 		.ascii	"\364_\352\202\364\336!\237~\356\035\034\344\343\035"
 525      F4DE219F 
 525      7EEE1D1C 
 525      E4E31D
 526 15c9 1264D41A 		.ascii	"\022d\324\032\003w\030|\336\366Q\375\353\277\377\356"
 526      0377187C 
 526      DEF651FD 
 526      EBBFFFEE 
 527 15d9 8DCDEFBD 		.ascii	"\215\315\357\275'{\231\\\344\2527s\315Z\243\322H\370"
 527      277B995C 
 527      E4AA3773 
 527      CD5AA3D2 
 527      48F8
 528 15eb 753EDBB5 		.ascii	"u>\333\265\241\206 c\210\316OK/xH8\255Q\025j\334\032"
 528      A1862063 
 528      88CE4F4B 
 528      2F784838 
 528      AD51156A 
 529 1601 12E00327 		.ascii	"\022\340\003'\206\000\243>(T\347\347\251\013\014\326"
 529      8600A33E 
 529      2854E7E7 
 529      A90B0CD6 
 530 1611 FA05066C 		.ascii	"\372\005\006l\023.h\215\256\306 \303\266m\372 \"\343"
 530      132E688D 
 530      AEC620C3 
 530      B66DFA20 
 530      22E3
 531 1623 466E9393 		.ascii	"Fn\223\223`\243\316\177\207\202\234\251B\000\372\263"
 531      60A3CE7F 
 531      87829CA9 
 531      4200FAB3 
 532 1633 77B4C6EF 		.ascii	"w\264\306\357\276\375\2667\374\367\011\004\213\015\001"
 532      BEFDB637 
 532      FCF70904 
 532      8B0D01
 533 1642 3EDE02F4 		.ascii	">\336\002\364\355\3552\017\211\230\326(\0175\342\035"
 533      EDED320F 
 533      8998D628 
ARM GAS  /tmp/ccmC2zAj.s 			page 43


 533      0F35E21D 
 534 1652 BA200569 		.ascii	"\272 \005i\\\351\353g\0106*v\004\351C\335\300^_\275"
 534      5CE9EB67 
 534      08362A76 
 534      04E943DD 
 534      C05E5FBD 
 535 1666 9F51A725 		.ascii	"\237Q\247%\227<$\234\326\250\010\320\3574*\351\025\267"
 535      973C249C 
 535      D6A808D0 
 535      EF342AE9 
 535      15B7
 536 1678 E0AF822D 		.ascii	"\340\257\202-\006\276\305\032\376\243>(@\357\347\275"
 536      06BEC51A 
 536      FEA33E28 
 536      40EFE7BD 
 537 1688 79BB618B 		.ascii	"y\273a\213\3417\237y\007\006{\007\031\211!~!\276zo\237"
 537      E1379F79 
 537      07067B07 
 537      1989217E 
 537      21BE7A6F 
 538 169d ED444930 		.ascii	"\355DI0\330\342\024\244\367\013\324\371z\277\220P\340"
 538      D8E214A4 
 538      F70BD4F9 
 538      7ABF9050 
 538      E0
 539 16ae 96FFD6FB 		.ascii	"\226\377\326\373P1\027\241\013A\316>[\300v\235\377F"
 539      503117A1 
 539      0B41CE3E 
 539      5BC0769D 
 539      FF46
 540 16c0 07FD0D02 		.ascii	"\007\375\015\002\264\253\231\001\337r|\360\273/<\340"
 540      B4AB9901 
 540      DF727CF0 
 540      BB2F3CE0 
 541 16d0 3AE0B530 		.ascii	":\340\2650\260\201\301:?\320\346&\032c\255\321}{\220"
 541      B081C13A 
 541      3FD0E626 
 541      1A63ADD1 
 541      7D7B90
 542 16e3 F1B3902D 		.ascii	"\361\263\220-\301>A\206-\372\240\340\227\310M\270\024"
 542      C13E4186 
 542      2DFAA0E0 
 542      97C84DB8 
 542      14
 543 16f4 6CBEE40E 		.ascii	"l\276\344\016~\016\326m\323o\016\014!>\362 \000~\311"
 543      7E0ED66D 
 543      D36F0E0C 
 543      213EF220 
 543      007EC9
 544 1707 E0AB35BA 		.ascii	"\340\2535\272\371\351\2140\020\237\260+\256\242\273"
 544      F9E98C30 
 544      109FB02B 
 544      AEA2BB
 545 1716 6EA273AD 		.ascii	"n\242s\255q\235\277.\300Wg\014\014\372\212C\275\002"
 545      719DBF2E 
 545      C057670C 
 545      0CFA8A43 
ARM GAS  /tmp/ccmC2zAj.s 			page 44


 545      BD02
 546 1728 42FC3F0A 		.ascii	"B\374?\0122n\016\014\010\016\001K\202?\326o5:\005\033"
 546      326E0E0C 
 546      080E014B 
 546      823FD66F 
 546      353A051B 
 547 173c FE0C5805 		.ascii	"\376\014X\00598\357\320}E\\\253\261\230\013Cm\360u\331"
 547      3938EFD0 
 547      7D455CAB 
 547      B1980B43 
 547      6DF075D9 
 548 1750 1114B8D5 		.ascii	"\021\024\270\325\340g\010\330\246\0111\302\361\317:"
 548      E06708D8 
 548      A60931C2 
 548      F1CF3A
 549 175f A30174BC 		.ascii	"\243\001t\274B`\346[>\314X\255\361;b#\314\267\301\020"
 549      4260E65B 
 549      3ECC58AD 
 549      F13B6223 
 549      CCB7C110 
 550 1773 DD3A685F 		.ascii	"\335:h_\322\370\277|\253\031D\306H\244\033\374\272\321"
 550      D2F8BF7C 
 550      AB1944C6 
 550      48A41BFC 
 550      BAD1
 551 1785 615310F5 		.ascii	"aS\020\365\340\322O\365~z]\260\336\327\323'0\300\327"
 551      E0D24FF5 
 551      7E7A5DB0 
 551      DED7D327 
 551      30C0D7
 552 1798 408CD686 		.ascii	"@\214\326\206\352\202\014\272-~z\345\237B\364!z\025"
 552      EA820CBA 
 552      2D7E7AE5 
 552      9F42F421 
 552      7A15
 553 17aa 84283D51 		.ascii	"\204(=Q\013'Z\343\017_(\260\210F21\230\253\240W\276"
 553      0B275AE3 
 553      0F5F28B0 
 553      88463231 
 553      98ABA057 
 554 17bf A0596B7C 		.ascii	"\240Yk|\211\271X4\274.\372P\343g\201!A"
 554      89B95834 
 554      BC2EFA50 
 554      E3678121 
 554      41
 555 17d0 3E7A8D3E 		.ascii	">z\215>T\037`\324\006S\306\2351$\250\365\0010\323\245"
 555      541F60D4 
 555      0653C69D 
 555      3124A8F5 
 555      0130D3A5 
 556 17e4 ACD6F8F6 		.ascii	"\254\326\370\366\013YA\245Ht{1;>$<k\015\306\324/\320"
 556      0B5941A5 
 556      48747B31 
 556      3B3E243C 
 556      6B0DC6D4 
 557 17fa E78FCAC0 		.ascii	"\347\217\312\300/A\237\013t\317\270=H\257\363U\261\003"
 557      2F419F0B 
ARM GAS  /tmp/ccmC2zAj.s 			page 45


 557      74CFB83D 
 557      48AFF355 
 557      B103
 558 180c 89EAED5A 		.ascii	"\211\352\355Z\377\020\243~\2473\375\2535\376\335\013"
 558      FF10A37E 
 558      A733FDAB 
 558      35FEDD0B 
 559 181c B5E86FDC 		.ascii	"\265\350o\334i\011\350O\230\244\2339\257\221\360t1s"
 559      6909E84F 
 559      98A49B39 
 559      AF91F074 
 559      3173
 560 182e EBC1193C 		.ascii	"\353\301\031<\364\202\177e\010\366\321\005\371\352}"
 560      F4827F65 
 560      08F6D105 
 560      F9EA7D
 561 183d C5177F1B 		.ascii	"\305\027\177\033\262\005z\274]\357\373\252YF:\214\356"
 561      B2057ABC 
 561      5DEFFBAA 
 561      59463A8C 
 561      EE
 562 184e 0016F9F2 		.ascii	"\000\026\371\362\347\177Q\274\260\214\273]\366\035\007"
 562      E77F51BC 
 562      B08CBB5D 
 562      F61D07
 563 185d 8D40AC58 		.ascii	"\215@\254X\356\030\345\357\310T\272 \377\320\177x\313"
 563      EE18E5EF 
 563      C854BA20 
 563      FFD07F78 
 563      CB
 564 186e 5FA686DC 		.ascii	"_\246\206\334\000=|\313\377\24722'>'\210_\007\030\214"
 564      003D7CCB 
 564      FFA73232 
 564      273E2788 
 564      5F07188C 
 565 1882 6A828754 		.ascii	"j\202\207Th\014\011\326XN\265\306og\237\325\212@\307"
 565      680C09D6 
 565      584EB5C6 
 565      6F679FD5 
 565      8A40C7
 566 1895 9036F181 		.ascii	"\2206\361\201\257\257\340!O\341\332/C\266n\325\007}"
 566      AFAFE021 
 566      4FE1DA2F 
 566      43B66ED5 
 566      077D
 567 18a7 06B39484 		.ascii	"\006\263\224\204\334f\310Y\200\242w\276\3352$8\205d"
 567      DC66C859 
 567      80A277BE 
 567      DD322438 
 567      8564
 568 18b9 3DF009ED 		.ascii	"=\360\011\355\026IK\244[/\236\337\210&\026\0024\277"
 568      16494BA4 
 568      5B2F9EDF 
 568      88261602 
 568      34BF
 569 18cb B9C339B7 		.ascii	"\271\3039\267\230\350\201e\213L\210\337\320\334K.\254"
 569      98E88165 
ARM GAS  /tmp/ccmC2zAj.s 			page 46


 569      8B4C88DF 
 569      D0DC4B2E 
 569      AC
 570 18dc B79D7F5A 		.ascii	"\267\235\177Z\262<|b\334i\001\271R\376w\001$j]\350\371"
 570      B23C7C62 
 570      DC6901B9 
 570      52FE7701 
 570      246A5DE8 
 571 18f1 C770E62E 		.ascii	"\307p\346.\2364\260.n\365\323m\013f3\211\236j\215Nl"
 571      9E34B02E 
 571      6EF5D36D 
 571      0B663389 
 571      9E6A8D4E 
 572 1906 12B8D283 		.ascii	"\022\270\322\203\277.\030VO\2250\217\234\276\244 U\220"
 572      BF2E1856 
 572      4F95308F 
 572      9CBEA420 
 572      5590
 573 1918 DE273054 		.ascii	"\336'0T\037\364\225[\250!\320\217f\257\315\201\276z"
 573      1FF4955B 
 573      A821D08F 
 573      66AFCD81 
 573      BE7A
 574 192a 2796D65F 		.ascii	"'\226\326_\263I\300Z\001\257\335\372\313\277\310\273"
 574      B349C05A 
 574      01AFDDFA 
 574      CBBFC8BB 
 575 193a 1655C4C7 		.ascii	"\026U\304\307\372\235;\240\217z\337O!o\323P\2035P\367"
 575      FA9D3BA0 
 575      8F7ADF4F 
 575      216FD350 
 575      833550F7 
 576 194e 95D6A8F6 		.ascii	"\225\326\250\366\327\355\374\030\256\005\370|\245\366"
 576      D7EDFC18 
 576      AE05F87C 
 576      A5F6
 577 195c 3704F053 		.ascii	"7\004\360S\027\270\372o\006#\344Rw_\230\251\020\245"
 577      17B8FA6F 
 577      0623E452 
 577      775F98A9 
 577      10A5
 578 196e FADF6CDD 		.ascii	"\372\337l\335\032\2547z\010\025\010w\265\006\022)\223"
 578      1AAC377A 
 578      08150877 
 578      B5061229 
 578      93
 579 197f 31E883DF 		.ascii	"1\350\203\337 z\267@\262\023\365B\022\345^\242y\367"
 579      207AB740 
 579      B213F542 
 579      12E55EA2 
 579      79F7
 580 1991 A9DE476F 		.ascii	"\251\336Go\010\325\373~\357\233\204\350bc^j~\375+W\021"
 580      08D5FB7E 
 580      EF9B84E8 
 580      62635E6A 
 580      7EFD2B57 
 581 19a6 070E377E 		.ascii	"\007\0167~\314\375\374\262(\375|l\316aJ\032\3318\324"
ARM GAS  /tmp/ccmC2zAj.s 			page 47


 581      CCFDFCB2 
 581      28FD7C6C 
 581      CE614A1A 
 581      D938D4
 582 19b9 DFF88A9D 		.ascii	"\337\370\212\235\206~\377\311\347\020\002\037\206\032"
 582      867EFFC9 
 582      E710021F 
 582      861A
 583 19c7 2D21F07F 		.ascii	"-!\360\177 \000\362\341"
 583      2000F2E1 
 584              		.text
 585              		.section	.gnu.lto_.symtab.804e97a2bd38d39a,"e",%progbits
 586 0000 75727454 		.ascii	"urtTopicInit\000"
 586      6F706963 
 586      496E6974 
 586      00
 587 000d 00       		.ascii	"\000"
 588 000e 00       		.ascii	"\000"
 589 000f 00       		.ascii	"\000"
 590 0010 00000000 		.ascii	"\000\000\000\000\000\000\000\000"
 590      00000000 
 591 0018 AF010000 		.ascii	"\257\001\000\000"
 592 001c 75727454 		.ascii	"urtTopicAddMessages\000"
 592      6F706963 
 592      4164644D 
 592      65737361 
 592      67657300 
 593 0030 00       		.ascii	"\000"
 594 0031 00       		.ascii	"\000"
 595 0032 00       		.ascii	"\000"
 596 0033 00000000 		.ascii	"\000\000\000\000\000\000\000\000"
 596      00000000 
 597 003b B4010000 		.ascii	"\264\001\000\000"
 598 003f 75727454 		.ascii	"urtTopicBufferSize\000"
 598      6F706963 
 598      42756666 
 598      65725369 
 598      7A6500
 599 0052 00       		.ascii	"\000"
 600 0053 00       		.ascii	"\000"
 601 0054 00       		.ascii	"\000"
 602 0055 00000000 		.ascii	"\000\000\000\000\000\000\000\000"
 602      00000000 
 603 005d B8010000 		.ascii	"\270\001\000\000"
 604 0061 75727443 		.ascii	"urtCoreAddTopic\000"
 604      6F726541 
 604      6464546F 
 604      70696300 
 605 0071 00       		.ascii	"\000"
 606 0072 02       		.ascii	"\002"
 607 0073 00       		.ascii	"\000"
 608 0074 00000000 		.ascii	"\000\000\000\000\000\000\000\000"
 608      00000000 
 609 007c BC010000 		.ascii	"\274\001\000\000"
 610 0080 75727454 		.ascii	"urtTimerInit\000"
 610      696D6572 
 610      496E6974 
ARM GAS  /tmp/ccmC2zAj.s 			page 48


 610      00
 611 008d 00       		.ascii	"\000"
 612 008e 02       		.ascii	"\002"
 613 008f 00       		.ascii	"\000"
 614 0090 00000000 		.ascii	"\000\000\000\000\000\000\000\000"
 614      00000000 
 615 0098 C3010000 		.ascii	"\303\001\000\000"
 616 009c 7572744D 		.ascii	"urtMessageInit\000"
 616      65737361 
 616      6765496E 
 616      697400
 617 00ab 00       		.ascii	"\000"
 618 00ac 02       		.ascii	"\002"
 619 00ad 00       		.ascii	"\000"
 620 00ae 00000000 		.ascii	"\000\000\000\000\000\000\000\000"
 620      00000000 
 621 00b6 C8010000 		.ascii	"\310\001\000\000"
 622 00ba 6368436F 		.ascii	"chCondObjectInit\000"
 622      6E644F62 
 622      6A656374 
 622      496E6974 
 622      00
 623 00cb 00       		.ascii	"\000"
 624 00cc 02       		.ascii	"\002"
 625 00cd 00       		.ascii	"\000"
 626 00ce 00000000 		.ascii	"\000\000\000\000\000\000\000\000"
 626      00000000 
 627 00d6 D0010000 		.ascii	"\320\001\000\000"
 628 00da 63684D74 		.ascii	"chMtxObjectInit\000"
 628      784F626A 
 628      65637449 
 628      6E697400 
 629 00ea 00       		.ascii	"\000"
 630 00eb 02       		.ascii	"\002"
 631 00ec 00       		.ascii	"\000"
 632 00ed 00000000 		.ascii	"\000\000\000\000\000\000\000\000"
 632      00000000 
 633 00f5 D4010000 		.ascii	"\324\001\000\000"
 634 00f9 63684D74 		.ascii	"chMtxUnlock\000"
 634      78556E6C 
 634      6F636B00 
 635 0105 00       		.ascii	"\000"
 636 0106 02       		.ascii	"\002"
 637 0107 00       		.ascii	"\000"
 638 0108 00000000 		.ascii	"\000\000\000\000\000\000\000\000"
 638      00000000 
 639 0110 D6010000 		.ascii	"\326\001\000\000"
 640 0114 63684D74 		.ascii	"chMtxLock\000"
 640      784C6F63 
 640      6B00
 641 011e 00       		.ascii	"\000"
 642 011f 02       		.ascii	"\002"
 643 0120 00       		.ascii	"\000"
 644 0121 00000000 		.ascii	"\000\000\000\000\000\000\000\000"
 644      00000000 
 645 0129 D8010000 		.ascii	"\330\001\000\000"
 646              		.text
ARM GAS  /tmp/ccmC2zAj.s 			page 49


 647              		.section	.gnu.lto_.opts,"e",%progbits
 648 0000 272D666E 		.ascii	"'-fno-openmp' '-fno-openacc' '-fno-pie' '-mcpu=cort"
 648      6F2D6F70 
 648      656E6D70 
 648      2720272D 
 648      666E6F2D 
 649 0033 65782D6D 		.ascii	"ex-m3' '-mthumb' '-mfloat-abi=soft' '-march=armv7-m"
 649      33272027 
 649      2D6D7468 
 649      756D6227 
 649      20272D6D 
 650 0066 2720272D 		.ascii	"' '-O2' '-fstack-usage' '-ffunction-sections' '-fda"
 650      4F322720 
 650      272D6673 
 650      7461636B 
 650      2D757361 
 651 0099 74612D73 		.ascii	"ta-sections' '-fno-common' '-flto' '-fshort-enums'\000"
 651      65637469 
 651      6F6E7327 
 651      20272D66 
 651      6E6F2D63 
 652              		.text
 653              		.comm	__gnu_lto_v1,1,1
 654              		.comm	__gnu_lto_slim,1,1
 655              		.ident	"GCC: (GNU Arm Embedded Toolchain 9-2020-q2-update) 9.3.1 20200408 (release)"
ARM GAS  /tmp/ccmC2zAj.s 			page 50


DEFINED SYMBOLS
                            *ABS*:0000000000000000 urt_topic.c
                            *COM*:0000000000000001 __gnu_lto_v1
                            *COM*:0000000000000001 __gnu_lto_slim

NO UNDEFINED SYMBOLS
