ARM GAS  /tmp/ccHouRUb.s 			page 1


   1              		.cpu cortex-m3
   2              		.eabi_attribute 20, 1
   3              		.eabi_attribute 21, 1
   4              		.eabi_attribute 23, 3
   5              		.eabi_attribute 24, 1
   6              		.eabi_attribute 25, 1
   7              		.eabi_attribute 26, 1
   8              		.eabi_attribute 30, 2
   9              		.eabi_attribute 34, 1
  10              		.eabi_attribute 18, 4
  11              		.file	"urt_message.c"
  12              		.section	.gnu.lto_.profile.fff7ad2a914a203a,"e",%progbits
  13 0000 789CE360 		.ascii	"x\234\343``\004B \000\000\000]\000\013"
  13      60044220 
  13      0000005D 
  13      000B
  14              		.text
  15              		.section	.gnu.lto_.icf.fff7ad2a914a203a,"e",%progbits
  16 0000 789CE360 		.ascii	"x\234\343``d\340`@\000F\206\353W\232W\3632\000\000\016"
  16      6064E060 
  16      40004686 
  16      EB579A57 
  16      F3320000 
  17 0015 EB02F9   		.ascii	"\353\002\371"
  18              		.text
  19              		.section	.gnu.lto_.jmpfuncs.fff7ad2a914a203a,"e",%progbits
  20 0000 789CE360 		.ascii	"x\234\343``d\340g@\000F\006&FF\346\372\371\314\014@"
  20      6064E067 
  20      40004606 
  20      264646E6 
  20      FAF9CC0C 
  21 0015 CCC80000 		.ascii	"\314\310\000\000\021\255\002d"
  21      11AD0264 
  22              		.text
  23              		.section	.gnu.lto_.inline.fff7ad2a914a203a,"e",%progbits
  24 0000 789CE360 		.ascii	"x\234\343``dPe@\000F\006\006\336\006 `Ncd`\342\0022"
  24      60645065 
  24      40004606 
  24      06DE0620 
  24      604E6364 
  25 0018 0E30A532 		.ascii	"\0160\24520\010\200\030\314\251L\014L`E\000\256w\010"
  25      30088018 
  25      CCA94C0C 
  25      4C604500 
  25      AE7708
  26 002b 16       		.ascii	"\026"
  27              		.text
  28              		.section	.gnu.lto_.pureconst.fff7ad2a914a203a,"e",%progbits
  29 0000 789CE360 		.ascii	"x\234\343``d`a`\000\222\263X\000\001\322\000\255"
  29      60646061 
  29      600092B3 
  29      580001D2 
  29      00AD
  30              		.text
  31              		.section	.gnu.lto_urtMessageInit.fff7ad2a914a203a,"e",%progbits
  32 0000 789C9D93 		.ascii	"x\234\235\223\335K\024Q\030\306\337g\3168\273\356GA"
  32      DD4B1451 
ARM GAS  /tmp/ccHouRUb.s 			page 2


  32      18C6DF67 
  32      CE38BBEE 
  32      4741
  33 0012 DD0812EC 		.ascii	"\335\010\022\354E\260xQ\263\377Ama\027A\027Y\367\262"
  33      45B07851 
  33      B3FF416D 
  33      61174117 
  33      59F7B2
  34 0025 B84B198A 		.ascii	"\270K\031\212\213\253DW\236])/,\273\251\\\255e\014\265"
  34      8BAB4457 
  34      9E5D292F 
  34      2CBBA95C 
  34      AD650CB5 
  35 0039 84A04D08 		.ascii	"\204\240M\010\351\303j\262\017s\3132\265\017\305\024"
  35      E9C36AB2 
  35      0F73CB32 
  35      B50FC514 
  36 0049 DA900A4C 		.ascii	"\332\220\012L\010\212\256\254s\316\256\232\030\222\016"
  36      088AAEAC 
  36      73CEAE9A 
  36      18920E
  37 0058 0C9C77CE 		.ascii	"\014\234w\316y\177\317\363\274\207q\022(\244\023\035"
  37      797FCFF3 
  37      BC877112 
  37      28A4131D 
  38 0068 24A26DE2 		.ascii	"$\242m\342\005#h\234\363\335\216\270S\003\324\212;A"
  38      0523689C 
  38      F3DD8EB8 
  38      5303D48A 
  38      3B41
  39 007a 0D1A1A70 		.ascii	"\015\032\032p\226\2652\0144\315\336\326J\256\212\035"
  39      96B5320C 
  39      34CDDED6 
  39      4AAE8A1D 
  40 008a 6EB75E30 		.ascii	"n\267^0N\361\223E\026#j\023o\356\301\035\224\210s\323"
  40      4EF19345 
  40      16236A13 
  40      6FEEC11D 
  40      948873D3 
  41 009e 89D42F4F 		.ascii	"\211\324/O\013\263\030\240\213\362\\\346\346\220K\226"
  41      0BB318A0 
  41      8BF25CE6 
  41      E6904B96 
  42 00ae 1A7CA29C 		.ascii	"\032|\242\234\032\316\264\272\331\036\220Xg~\314\355"
  42      1ACEB4BA 
  42      D91E9058 
  42      677ECCED 
  43 00be F377739E 		.ascii	"\363ws\236\340\366\247.\306\267[\214\341\036\230 \242"
  43      E0F6A72E 
  43      C6B75B8C 
  43      E11E9820 
  43      A2
  44 00cf 1FC5B88B 		.ascii	"\037\305\270\213b\"\361M\220\357\303/\316\367\377L\366"
  44      6222F14D 
  44      90EFC32F 
  44      CEF7FF4C 
  44      F6
ARM GAS  /tmp/ccHouRUb.s 			page 3


  45 00e0 6C66FB55 		.ascii	"lf\373Uo\374\303\300\210\236o\236\272\242\232u<X\325"
  45      6FFCC3C0 
  45      889E6F9E 
  45      BAA29A75 
  45      3C58D5
  46 00f3 2C12C286 		.ascii	",\022\302\206\237d\313\307\336\205\363^C\317;\306C\030"
  46      9F64CBC7 
  46      DE85F35E 
  46      43CF3BC6 
  46      4318
  47 0105 620644E9 		.ascii	"b\006D\351\321\002\233/\374n\342\366l\321\345^\257G"
  47      D1029B2F 
  47      FC6EE2F6 
  47      6CD1E55E 
  47      AF47
  48 0117 A4177206 		.ascii	"\244\027r\006r}\315\214db\035\334&:\315\264\\\021\027"
  48      727DCD8C 
  48      64621DDC 
  48      263ACDB4 
  48      5C1117
  49 012a C55724BE 		.ascii	"\305W$\276\177Nv\272$H\320[\032\347\247\2352'S\376\354"
  49      7F4E76BA 
  49      2448D05B 
  49      1AE7A79D 
  49      322753FE 
  50 013f C91B139B 		.ascii	"\311\033\023\233\272\321\031\027\347;\216\011'\005)"
  50      BAD11917 
  50      E73B8E09 
  50      270529
  51 014e 318101E9 		.ascii	"1\201\001\351J\272\267fn\031\201\353\022\346\263\230"
  51      4ABAB766 
  51      6E1981EB 
  51      12E6B398 
  52 015e 8147E846 		.ascii	"\201G\350F2g\3531\002\177\323\014\020\236\210.\245\326"
  52      3267EB31 
  52      027FD30C 
  52      109E882E 
  52      A5D6
  53 0170 9675E4D5 		.ascii	"\226u\344\325\326\203w\340\251\302\313\260\030T\370"
  53      D68377E0 
  53      A9C2CBB0 
  53      1854F8
  54 017f C1F9B971 		.ascii	"\301\371\271qH\274\270a<[\304\267W\374\203\356[\223"
  54      48BCB861 
  54      3C5BC4B7 
  54      57FC83EE 
  54      5B93
  55 0191 5D8821C5 		.ascii	"]\210!\305\326Hm\366\215\2473\205K\233.d\020H\312\013"
  55      D6486DF6 
  55      8DA73385 
  55      4B9B2E64 
  55      1048CA0B 
  56 01a5 243C5F19 		.ascii	"$<_\031\313%t_\344t\333\277\\lt\377W,\353Z\327\214g"
  56      CB25745F 
  56      E474DBBF 
  56      5C6C74FF 
  56      572CEB5A 
ARM GAS  /tmp/ccHouRUb.s 			page 4


  57 01bc 89AE6358 		.ascii	"\211\256cXI\353\022\377\022\201\0243r1.-\335\311z\246"
  57      49EB12FF 
  57      12811433 
  57      72312E2D 
  57      DDC97AA6 
  58 01d0 E4C62B85 		.ascii	"\344\306+\205+\220\270\221\225n\335\302\355\353\305"
  58      2B90B891 
  58      956EDDC2 
  58      EDEBC5
  59 01df 29A51AB7 		.ascii	")\245\032\267l\010?\252\360\206\304\217!\260\314\263"
  59      6C083FAA 
  59      F086C48F 
  59      21B0CCB3 
  60 01ef B21BE179 		.ascii	"\262\033\341y0\256x\216U\203\357\350\203\305\274x#G"
  60      30AE788E 
  60      5583EFE8 
  60      83C5BC78 
  60      2347
  61 0201 EF946A6F 		.ascii	"\357\224joW\206\361\2120\357\026\305{\262[7$\376~-q"
  61      5786F18A 
  61      30EF16C5 
  61      7BB25B37 
  61      24FE7E2D 
  62 0216 3726A478 		.ascii	"7&\244x\241\024\237\314G\375\206DG\372\014S\177\235"
  62      A1149FCC 
  62      47FD8644 
  62      47FA0C53 
  62      7F9D
  63 0228 7C9A1996 		.ascii	"|\232\031\226\377+\242]\346\321\232\352\210\031\255"
  63      FF2BA25D 
  63      E6D19AEA 
  63      8819AD
  64 0237 AC338387 		.ascii	"\2543\203\207J\313\313\202{K\315\340\201\312\262\232"
  64      4ACBCB82 
  64      7B4BCDE0 
  64      81CAB29A 
  65 0247 1DC16834 		.ascii	"\035\301h4fVW\206\303U\221\343\241\332\210Y_v\330\214"
  65      66565786 
  65      C35591E3 
  65      A1DA8859 
  65      5F76D88C 
  66 025b D55698F5 		.ascii	"\325V\230\365\265u\345\325\221X,t$\262\263\202\034\371"
  66      B575E5D5 
  66      91582C74 
  66      24B2B382 
  66      1CF9
  67 026d A5231A3A 		.ascii	"\245#\032:QU\023\012\377\001d\177\213\333"
  67      5155130A 
  67      FF01647F 
  67      8BDB
  68              		.text
  69              		.section	.gnu.lto_.symbol_nodes.fff7ad2a914a203a,"e",%progbits
  70 0000 789CE360 		.ascii	"x\234\343``d\220e\000\002\246KL\365\014\015@\300\302"
  70      60649065 
  70      0002A64B 
  70      4CF50C0D 
  70      40C0C2
ARM GAS  /tmp/ccHouRUb.s 			page 5


  71 0013 38E11C03 		.ascii	"8\341\034\003C=\003\303\256\006G\240$\010\000\000~9"
  71      433D03C3 
  71      AE0647A0 
  71      24080000 
  71      7E39
  72 0025 06DA     		.ascii	"\006\332"
  73              		.text
  74              		.section	.gnu.lto_.refs.fff7ad2a914a203a,"e",%progbits
  75 0000 789CE360 		.ascii	"x\234\343``\004B \000\000\000]\000\013"
  75      60044220 
  75      0000005D 
  75      000B
  76              		.text
  77              		.section	.gnu.lto_.decls.fff7ad2a914a203a,"e",%progbits
  78 0000 789C9556 		.ascii	"x\234\225V[PSG\030\336\377l\304\020\302\245@\321\326"
  78      5B505347 
  78      18DEFF6C 
  78      C410C2A5 
  78      40D1D6
  79 0013 19C77178 		.ascii	"\031\307qx\360A\211N\035;\276\264e\034[;S;\035k\037"
  79      F041894E 
  79      1D3BBEB4 
  79      651C5B3B 
  79      533B1D6B 
  80 0028 7C31CD40 		.ascii	"|1\315@\204tL\302$'\325\372\322\003\321\210\266V\264"
  80      84744CC2 
  80      2427D5FA 
  80      D203D188 
  80      B656B4
  81 003b 5A54BC52 		.ascii	"ZT\274R\274V\254\027\274r\027\360\006\"^\000QQ@\274"
  81      BC56AC17 
  81      BC7217F0 
  81      06225E00 
  81      515140BC 
  82 004f A028620A 		.ascii	"\240(b\012\342\005\350\277gO\302AB\247.|g\367\337\375"
  82      E205E8BF 
  82      674FC241 
  82      42A72E7C 
  82      67F7DFFD 
  83 0063 2FDFBFFF 		.ascii	"/\337\277\377\236=\321\022 mZB\004\201\220<BH?6\034"
  83      9E3DD112 
  83      206D5A42 
  83      0481903C 
  83      42483F36 
  84 0078 92CB08D6 		.ascii	"\222\313\010\326{\021I\2047@\364\221\241\255\027\027"
  84      7B114984 
  84      3740F491 
  84      A1AD1717 
  85 0088 C2B04F46 		.ascii	"\302\260OFD\"\242Uv\317\231OD=b\036\342\032\242\006"
  85      4422A255 
  85      76CF994F 
  85      443D621E 
  85      E21AA206 
  86 009c 7106F110 		.ascii	"q\006\361\020\321\214\320!\036!:\020\355J\354\307\210"
  86      D18CD021 
  86      1E213A10 
  86      ED4AECC7 
ARM GAS  /tmp/ccHouRUb.s 			page 6


  86      88
  87 00ad 6788A788 		.ascii	"g\210\247\2106\304=D\353\177p\310\244p;mK\217\3767\012"
  87      36C43D44 
  87      EB7F70C8 
  87      A4703B6D 
  87      4B8FFE37 
  88 00c2 913AD0A0 		.ascii	"\221:\320\240\270\356B\336y\035\212\321:\030\247\022"
  88      B8EE42DE 
  88      791D8AD1 
  88      3A18A712 
  89 00d2 23B9B8A3 		.ascii	"#\271\270\243\266&\015\270\030\201bn\377\203\254p\256"
  89      B6260DB8 
  89      1881626E 
  89      FF83AC70 
  89      AE
  90 00e3 2C01938F 		.ascii	",\001\223\217\375\2325\222/\217F\361\360\365\235\215"
  90      FD9A3592 
  90      2F8F46F1 
  90      F0F59D8D 
  91 00f3 E1540016 		.ascii	"\341T\000\026\246\300\323[\304\226\346\351\200mV8N\235"
  91      A6C0D35B 
  91      C496E6E9 
  91      806D5638 
  91      4E9D
  92 0105 ED78720D 		.ascii	"\355xr\015\370\024\323\330tnsF\010\215\221\307\007\262"
  92      F814D3D8 
  92      746E7346 
  92      088D91C7 
  92      07B2
  93 0117 AE768519 		.ascii	"\256v\205\031r%\336\264\271\224@\031\320\001\3229/;"
  93      7225DEB4 
  93      B9944019 
  93      D001D239 
  93      2F3B
  94 0129 8EEBE97C 		.ascii	"\216\353\351|Y\267\266#s\271\240K\227\2444i\273[\012"
  94      59B7B623 
  94      73B9A04B 
  94      97A43469 
  94      BB5B0A
  95 013c 9E45201F 		.ascii	"\236E \037\306\300)\030C\240\002d\357\345`\200\3238"
  95      C6C02918 
  95      43A00264 
  95      EFE56080 
  95      D338
  96 014e 578A7368 		.ascii	"W\212sh\220\235Z[\031J\315\234V\367\206=\341\364\007"
  96      909D5A5B 
  96      194ACD9C 
  96      56F7863D 
  96      E1F407
  97 0161 795CDCFF 		.ascii	"y\\\334\377G\261\206\263\327\242\270~_\351\033=O\256"
  97      47B186B3 
  97      D7A2B87E 
  97      5FE91B3D 
  97      4FAE
  98 0173 842DAF28 		.ascii	"\204-\257(YY\256\243\016Y533\363\210\226.\222\307\373"
  98      5959AEA3 
  98      0E593533 
ARM GAS  /tmp/ccHouRUb.s 			page 7


  98      33F38896 
  98      2E92C7FB 
  99 0187 3BBAF259 		.ascii	";\272\362Yf\023t\360\263*\253\011<\253\345K\367\254"
  99      661374F0 
  99      B32AAB09 
  99      3CABE54B 
  99      F7AC
 100 0199 0EA1CB40 		.ascii	"\016\241\313@\026\232\326\255(\013\342T\017\272\245"
 100      169AD6AD 
 100      280BE254 
 100      0FBAA5
 101 01a8 F752A710 		.ascii	"\367R\247\020\270\200\274\3163\256\227@\266a\\\253q"
 101      B880BCCE 
 101      33AE9740 
 101      B6615CAB 
 101      71
 102 01b9 EEA2CC55 		.ascii	"\356\242\314U(>\224\236\025\004\261Q\331\314\246\344"
 102      283E949E 
 102      1504B151 
 102      D9CCA6E4 
 103 01c9 C5DEA9F9 		.ascii	"\305\336\251\371'\332%\251E\242P\003:\250D\233+\020"
 103      27DA25A9 
 103      45A25003 
 103      3AA8449B 
 103      2B10
 104 01db E57742C0 		.ascii	"\345wB\300\300\036S\360\261\206m\034\006\221`\264*H"
 104      C01E53F0 
 104      B1866D1C 
 104      069160B4 
 104      2A48
 105 01ed 9562C0A2 		.ascii	"\225b\300\242\\\206Xe7S;nM\244{9\305\255W2\356\216\210"
 105      5C865865 
 105      37533B6E 
 105      4DA47B39 
 105      C5AD5732 
 106 0204 0A6C7D35 		.ascii	"\012l}5\240\365\261\335\253\036Qz\214\233w\366\357n"
 106      A0F5B1DD 
 106      AB1E517A 
 106      8C9B77F6 
 106      EF6E
 107 0216 0EA227B9 		.ascii	"\016\242'\271\220W\177\264(,pe\352\002V&\343\326\313"
 107      90577FB4 
 107      282C7065 
 107      EA025626 
 107      E3D6CB
 108 0229 82107A9E 		.ascii	"\202\020z\236[7\226\226\375%\320j.\374}\277\245K\303"
 108      5B379696 
 108      FD25D06A 
 108      2EFC7DBF 
 108      A54BC3
 109 023c 69B10620 		.ascii	"i\261\006 \277Y\015\350\345\006'\244\220q\037\355\313"
 109      BF590DE8 
 109      E50627A4 
 109      90711FED 
 109      CB
 110 024d 05FD4A7F 		.ascii	"\005\375J\177Hy\331\027\225\300M\320s\275\262\3437\333"
 110      4879D917 
ARM GAS  /tmp/ccHouRUb.s 			page 8


 110      95C04DD0 
 110      73BDB2E3 
 110      37DB
 111 025f 045EEBC9 		.ascii	"\004^\353\311\354\230\037m\250SN\275DQ\256>\364\312"
 111      EC981F6D 
 111      A8534EBD 
 111      4451AE3E 
 111      F4CA
 112 0271 ABA73778 		.ascii	"\253\2477x\354\323\336\215\007\203i+\027\236u^\\1\202"
 112      ECD3DE8D 
 112      0783692B 
 112      179E755E 
 112      5C3182
 113 0284 7672A1EA 		.ascii	"vr\241\352O\317\331\260a\352\331\024\250\236\260\332"
 113      4FCFD9B0 
 113      61EAD914 
 113      A89EB0DA 
 114 0294 5BF10D4D 		.ascii	"[\361\015M\347\257D\353\245e'\3654[\026how\356)\035"
 114      E7AF44EB 
 114      A56527F5 
 114      345B1668 
 114      6F77EE29 
 115 02a9 C4FA2A7D 		.ascii	"\304\372*}\247z\362\246\274\207\222\264v4\234\301B\337"
 115      A77AF2A6 
 115      BC8792B4 
 115      76349CC1 
 115      42DF
 116 02bb 4567F707 		.ascii	"Eg\367\007e\302\313\315*\315\015\2727F\037qK\351n=4"
 116      65C2CBCD 
 116      2ACD0DBA 
 116      37461F71 
 116      4BE96E3D 
 117 02d0 A3FE1D45 		.ascii	"\243\376\035E\177\270\203\221!\361\322\026\341z!c\333"
 117      7FB88391 
 117      21F1D216 
 117      E17A2163 
 117      DB
 118 02e1 A21830BA 		.ascii	"\242\0300\272\367 \026Z\375\345-\332U>\213z9\343\327"
 118      F720165A 
 118      FDE52DDA 
 118      553E8B7A 
 118      39E3D7
 119 02f4 D2AEC551 		.ascii	"\322\256\305Q\201\035<\030\316\201vW{_\016\313\014s"
 119      811D3C18 
 119      CE817657 
 119      7B5F0ECB 
 119      0C73
 120 0306 436433EB 		.ascii	"Cd3\353\222\272\275c\177\227d\266\017\321\3466\332>"
 120      92BABD63 
 120      7F9764B6 
 120      0FD1E636 
 120      DA3E
 121 0318 C1DEE78C 		.ascii	"\301\336\347\214@\301\333\331m\036\233\355\226\316}"
 121      40C1DBD9 
 121      6D1E9BED 
 121      96CE7D
 122 0327 CF0A08D7 		.ascii	"\317\012\010\327\025\365\201\3150\014\326\256\333\026"
ARM GAS  /tmp/ccHouRUb.s 			page 9


 122      15F581CD 
 122      300CD6AE 
 122      DB16
 123 0335 B943D64E 		.ascii	"\271C\326N\322\303\271!\312\205j\337\310\345\351\326"
 123      D2C3B921 
 123      CA856ADF 
 123      C8E5E9D6 
 124 0345 88C37CE7 		.ascii	"\210\303|\347\256\241^\245\242?\260s\003;=(\363FT\270"
 124      AEA15EA5 
 124      A23FB073 
 124      033B3D28 
 124      F34654B8 
 125 0359 C5326F50 		.ascii	"\3052oP,X\346\2170\363\016D;\3421\342\031\342)\242\215"
 125      2C58E68F 
 125      30F30E44 
 125      3BE231E2 
 125      19E229A2 
 126 036e EF06A777 		.ascii	"\357\006\247w\177O4\247\307*[2\204_\361\333\271o\211"
 126      7F4F34A7 
 126      C72A5B32 
 126      845FF1DB 
 126      B96F89
 127 0381 E1B9D7A3 		.ascii	"\341\271\327\243zm\340\334\363\301\257\336\267M\345"
 127      7A6DE0DC 
 127      F3C1AFDE 
 127      B74DE5
 128 0390 FDEC30D9 		.ascii	"\375\3540\331\313\372XPOk\316\311\221t5\225\253\273"
 128      CBFA5850 
 128      4F6BCEC9 
 128      91743595 
 128      ABBB
 129 03a2 A1EA97FA 		.ascii	"\241\352\227\372\021Q\201\223\354\374\377I\242\247\264"
 129      11518193 
 129      ECFCFF49 
 129      A2A7B4
 130 03b1 A2BB3D7A 		.ascii	"\242\273=z\365[\370|\020\007\257\374\026\262\216}R\032"
 130      F55BF87C 
 130      1007AFFC 
 130      16B28E7D 
 130      521A
 131 03c3 9B8A839B 		.ascii	"\233\212\203\233\361\304\262\357&@a(\020\366\307\036"
 131      F1C4B2EF 
 131      26406128 
 131      10F6C71E 
 132 03d3 FC25673D 		.ascii	"\374%g=\2601C\277\257\001k\212\036\357\230\002\237\343"
 132      B03143BF 
 132      AF016B8A 
 132      1EEF9802 
 132      9FE3
 133 03e5 9DEFC1E7 		.ascii	"\235\357\301\347\004\305\213\340\373*s\033\356]\026"
 133      04C58BE0 
 133      FB2A731B 
 133      EE5D16
 134 03f4 55AEF93A 		.ascii	"U\256\371:(\353>'\334\200\263\0320T\246\004%\234\332"
 134      28EB3E27 
 134      DC80B31A 
 134      3054A604 
ARM GAS  /tmp/ccHouRUb.s 			page 10


 134      259CDA
 135 0407 0286301E 		.ascii	"\002\2060\036pH\374N}\015\374_\267\255\275\253\266\205"
 135      7048FC4E 
 135      7D0DFC5F 
 135      B7ADBDAB 
 135      B685
 136 0419 B540532A 		.ascii	"\265@S*+E\303\275i\004\336\317\030Gx\215<9=\3014\217"
 136      2B45C3BD 
 136      6904DECF 
 136      1847788D 
 136      3C393DC1 
 137 042f 17ECC0FE 		.ascii	"\027\354\300\376\327\007u\032\314\210\035t\227\206M"
 137      D707751A 
 137      CC881D74 
 137      97864D
 138 043e 957717EE 		.ascii	"\225w\027\356\014\033rOv\016\271'\253\267T\024\010\352"
 138      0C1B724F 
 138      760EB927 
 138      ABB75414 
 138      08EA
 139 0450 0AF50CAA 		.ascii	"\012\365\014\252\320K\337=\271\334\355Y\252\221C\340"
 139      D04BDF3D 
 139      B9DCED59 
 139      AA9143E0 
 140 0460 14BC0039 		.ascii	"\024\274\0009\210\247\"#?\224_\236\202\352GA4\377Qp"
 140      88A72223 
 140      3F945F9E 
 140      82EA4741 
 140      34FF5170 
 141 0474 A2724DA7 		.ascii	"\242rM\247~\324z\371\030\271\245\010\001\222c\340\015"
 141      7ED47AF9 
 141      18B9A508 
 141      019263E0 
 141      0D
 142 0485 7A7E2D7B 		.ascii	"z~-{\356\205Q\004^\241\037\331}\351\276\375\237\217"
 142      EE855104 
 142      5EA11FD9 
 142      7DE9BEFD 
 142      9F8F
 143 0497 DF2E3535 		.ascii	"\337.55\341\215\3273qC\225G\252A\263\317d5\350F\326"
 143      E18DD733 
 143      71439547 
 143      AA41B3CF 
 143      6435E846 
 144 04ac 0A633626 		.ascii	"\012c6&\320\205\327\024\374\203\027\034N\364\301x\264"
 144      D085D714 
 144      FC83171C 
 144      4EF4C178 
 144      B4
 145 04bd 7FBCD6EB 		.ascii	"\177\274\326\353\011U\2471\370\260\367\363\203\306\272"
 145      0955A731 
 145      F8B0F7F3 
 145      83C6BA
 146 04cc 289BCB3A 		.ascii	"(\233\313:\313!\316\260\333\234.\253\331\341\374\312"
 146      CB21CEB0 
 146      DB9C2EAB 
 146      D9E1FCCA 
ARM GAS  /tmp/ccHouRUb.s 			page 11


 147 04dc BC40FCC4 		.ascii	"\274@\374\304\220l\267\232\015)\026\321\020\377\355"
 147      906CB79A 
 147      0D2916D1 
 147      10FFED
 148 04eb 4CE39CF8 		.ascii	"L\343\234\370\0313\015\361\263-s\354\223\342SR\234\006"
 148      19330DF1 
 148      B32D73EC 
 148      93E25352 
 148      9C06
 149 04fd AB253171 		.ascii	"\253%1q\241y\221\311a6\270\346\31458\035\011\006\227"
 149      A17991C9 
 149      6136B8E6 
 149      CC35381D 
 149      090697
 150 0510 43345ACD 		.ascii	"C4Z\315N\247)\311\034\227\240\375\342\353\357\306\315"
 150      4EA729C9 
 150      1C97A0FD 
 150      E2EBEFC6 
 150      CD
 151 0521 983E9D04 		.ascii	"\230>\235\0049-K\314FQ\303\272\221)\246\237\026\332"
 151      392D4BCC 
 151      4651C3BA 
 151      9129A69F 
 151      16DA
 152 0533 4D891AD1 		.ascii	"M\211\032\321b5\207\232\354N#\0338E\2235E\353\262\330"
 152      6235879A 
 152      EC4E231B 
 152      38459335 
 152      45EBB2D8 
 153 0547 C469538D 		.ascii	"\304iS\215\342\207qq\006\374O\260\243g\213-\301\340"
 153      E2877171 
 153      06FC4FB0 
 153      A3678B2D 
 153      C1E0
 154 0559 D38A4B26 		.ascii	"\323\212K&z\026\301\356\234\213\222Q\024,\211\341\252"
 154      7A16C1EE 
 154      9C8B9251 
 154      142C89E1 
 154      AA
 155 056a 8896448C 		.ascii	"\210\226D\214a3/\026CT\223\301)\016\373\002\313B\213"
 155      61332F16 
 155      435493C1 
 155      290EFB02 
 155      CB428B
 156 057d 2D49EF12 		.ascii	"-I\357\022\261_b\022-\230c\014S\361/%\330]6\321\354"
 156      B15F6212 
 156      2D98630C 
 156      53F12F25 
 156      D85D36D1 
 157 0592 308A1FA8 		.ascii	"0\212\037\250,\007\226\023M\242)\002\367g\320\346|\372"
 157      2C079613 
 157      4DA22902 
 157      F767D0E6 
 157      7CFA
 158 05a4 4E9BC3D2 		.ascii	"N\233\303\322PoN2\0313l(\243\030\252^\023\205\251Dk"
 158      506F4E32 
 158      19336C28 
ARM GAS  /tmp/ccHouRUb.s 			page 12


 158      A318AA5E 
 158      1385A944 
 159 05b9 72587FFC 		.ascii	"rX\177\374x\222\225\350pSD\363\342I\326\217H\030*\315"
 159      789295E8 
 159      705344F3 
 159      E249D68F 
 159      48182ACD 
 160 05cd E63A5FDA 		.ascii	"\346:_\332,\357\310gH\261\310\277\250CH_"
 160      2CEFC867 
 160      48B1C8BF 
 160      A843485F 
 161              		.text
 162              		.section	.gnu.lto_.symtab.fff7ad2a914a203a,"e",%progbits
 163 0000 7572744D 		.ascii	"urtMessageInit\000"
 163      65737361 
 163      6765496E 
 163      697400
 164 000f 00       		.ascii	"\000"
 165 0010 00       		.ascii	"\000"
 166 0011 00       		.ascii	"\000"
 167 0012 00000000 		.ascii	"\000\000\000\000\000\000\000\000"
 167      00000000 
 168 001a FE000000 		.ascii	"\376\000\000\000"
 169              		.text
 170              		.section	.gnu.lto_.opts,"e",%progbits
 171 0000 272D666E 		.ascii	"'-fno-openmp' '-fno-openacc' '-fno-pie' '-mcpu=cort"
 171      6F2D6F70 
 171      656E6D70 
 171      2720272D 
 171      666E6F2D 
 172 0033 65782D6D 		.ascii	"ex-m3' '-mthumb' '-mfloat-abi=soft' '-march=armv7-m"
 172      33272027 
 172      2D6D7468 
 172      756D6227 
 172      20272D6D 
 173 0066 2720272D 		.ascii	"' '-O2' '-fstack-usage' '-ffunction-sections' '-fda"
 173      4F322720 
 173      272D6673 
 173      7461636B 
 173      2D757361 
 174 0099 74612D73 		.ascii	"ta-sections' '-fno-common' '-flto' '-fshort-enums'\000"
 174      65637469 
 174      6F6E7327 
 174      20272D66 
 174      6E6F2D63 
 175              		.text
 176              		.comm	__gnu_lto_v1,1,1
 177              		.comm	__gnu_lto_slim,1,1
 178              		.ident	"GCC: (GNU Arm Embedded Toolchain 9-2020-q2-update) 9.3.1 20200408 (release)"
ARM GAS  /tmp/ccHouRUb.s 			page 13


DEFINED SYMBOLS
                            *ABS*:0000000000000000 urt_message.c
                            *COM*:0000000000000001 __gnu_lto_v1
                            *COM*:0000000000000001 __gnu_lto_slim

NO UNDEFINED SYMBOLS
