ARM GAS  /tmp/cc9e0Qw9.s 			page 1


   1              		.cpu cortex-m3
   2              		.eabi_attribute 20, 1
   3              		.eabi_attribute 21, 1
   4              		.eabi_attribute 23, 3
   5              		.eabi_attribute 24, 1
   6              		.eabi_attribute 25, 1
   7              		.eabi_attribute 26, 1
   8              		.eabi_attribute 30, 2
   9              		.eabi_attribute 34, 1
  10              		.eabi_attribute 18, 4
  11              		.file	"urt_message.c"
  12              		.section	.gnu.lto_.profile.4e172b6092e1f638,"e",%progbits
  13 0000 789CE360 		.ascii	"x\234\343``\004B \000\000\000]\000\013"
  13      60044220 
  13      0000005D 
  13      000B
  14              		.text
  15              		.section	.gnu.lto_.icf.4e172b6092e1f638,"e",%progbits
  16 0000 789CE360 		.ascii	"x\234\343``d\340`@\000F\206\015K\367\314db\000\000\015"
  16      6064E060 
  16      40004686 
  16      0D4BF7CC 
  16      64620000 
  17 0015 AE02BF   		.ascii	"\256\002\277"
  18              		.text
  19              		.section	.gnu.lto_.jmpfuncs.4e172b6092e1f638,"e",%progbits
  20 0000 789CE360 		.ascii	"x\234\343``dX\305\310\300\020\313\000\001\214\014L\214"
  20      606458C5 
  20      C8C010CB 
  20      00018C0C 
  20      4C8C
  21 0012 8CCCF5F3 		.ascii	"\214\314\365\363\231\031\200\230\221\211i:3\343\304"
  21      99198098 
  21      9189693A 
  21      33E3C4
  22 0021 35B7F4FA 		.ascii	"5\267\364\372\230\347331\3261\356b\224f`<\300\302X\007"
  22      98E73333 
  22      31D631EE 
  22      62946660 
  22      3CC0C258 
  23 0036 C40C0C1C 		.ascii	"\304\014\014\034\314@\351\246\346\365\213x\015\364\346"
  23      CC40E9A6 
  23      E6F58B78 
  23      0DF4E6
  24 0045 33332F66 		.ascii	"33/ff\230\301\0146d7\243\001X\031\003\020\377\370\377"
  24      6698C10C 
  24      366437A3 
  24      01581903 
  24      10FFF8FF 
  25 0059 FF3F3F23 		.ascii	"\377??#He_\363\373{\034 \223\200\022\214{\030\245A\030"
  25      48655FF3 
  25      FB7B1C20 
  25      9380128C 
  25      7B18A541 
  26 006e 247E76FF 		.ascii	"$~v\377\367o\354\212\214\363\033f(\314gfe`\334\313\250"
  26      F76FEC8A 
  26      8CF31B66 
ARM GAS  /tmp/cc9e0Qw9.s 			page 2


  26      28CC6766 
  26      6560DCCB 
  27 0083 08D7FD07 		.ascii	"\010\327\375\007\242\033Y\371\312\307\317\027\261+\312"
  27      A21B59F9 
  27      CAC7CF17 
  27      B12BCA
  28 0092 4194B331 		.ascii	"A\224\26310\356\303\255\034\344\374\256\277SZy@\266"
  28      30EEC3AD 
  28      1CE4FCAE 
  28      BF535A79 
  28      40B6
  29 00a4 B2331E65 		.ascii	"\2623\036e`\334\017\365\300Q\006,>\340\000\373\000("
  29      60DC0FF5 
  29      C051062C 
  29      3EE000FB 
  29      0028
  30 00b6 CC0014DD 		.ascii	"\314\000\024\335|n\366\0356\220('\343\001F\203\031\314"
  30      7C6EF61D 
  30      36902827 
  30      E3014683 
  30      19CC
  31 00c8 4C208F1D 		.ascii	"L \217\035\204z\214\005\3411|>9D\232O\016\343\361\011"
  31      847A8C05 
  31      E1317C3E 
  31      39449A4F 
  31      0EE3F109 
  32 00dc BACB1964 		.ascii	"\272\313\031dT\2135TK5\255\024\022\363\213]\222\322"
  32      548B3554 
  32      4B35AD14 
  32      12F38B5D 
  32      92D2
  33 00ee 1D8B8B53 		.ascii	"\035\213\213S\213J\024\322\0223sRS\030\354\3653\362"
  33      8B4A14D2 
  33      12337352 
  33      5318ECF5 
  33      33F2
  34 0100 7353F50B 		.ascii	"sS\365\0132K\364\035\203]\343\203\034\235]\365\035}"
  34      324BF41D 
  34      835DE383 
  34      1C9D5DF5 
  34      1D7D
  35 0112 3383F275 		.ascii	"3\203\362u\035\013\012\212\365s3SRrR\313\023\213R\365"
  35      1D0B0A8A 
  35      F5733353 
  35      527252CB 
  35      138B52F5 
  36 0126 4B8342F4 		.ascii	"K\203B\364\213\213\222\365K\213J\342sS\213\213\023\323"
  36      8B8B92F5 
  36      4B8B4AE2 
  36      73538B8B 
  36      13D3
  37 0138 53F59219 		.ascii	"S\365\222\031\0000N\226\366"
  37      00304E96 
  37      F6
  38              		.text
  39              		.section	.gnu.lto_.inline.4e172b6092e1f638,"e",%progbits
  40 0000 789CE360 		.ascii	"x\234\343``d\250a@\000F\006\006\271s37?cJgdfP\310\237"
ARM GAS  /tmp/cc9e0Qw9.s 			page 3


  40      6064A861 
  40      40004606 
  40      06B97333 
  40      373F634A 
  41 001a CECCD8D7 		.ascii	"\316\314\330\327\374\376\036G\037\363|f\240\034\343"
  41      FCFE1E47 
  41      1FF37C66 
  41      A01CE3
  42 0029 2E466906 		.ascii	".Fi\006\006\205\002(\015T\314\302\325\320\320p\200)"
  42      06850228 
  42      0D54CCC2 
  42      D5D0D070 
  42      8029
  43 003b 95814100 		.ascii	"\225\201A\000\304`Neb`b`\0012\033\230R\030\004\030\330"
  43      C4604E65 
  43      62606260 
  43      01321B98 
  43      52180418 
  44 0050 80469D61 		.ascii	"\200F\235aNba`\001\031\316\304\015\324\0004\206\225"
  44      4E626160 
  44      0119CEC4 
  44      0DD40034 
  44      8695
  45 0062 0F448385 		.ascii	"\017D\203\205\220\230\014\000e\222\027Y"
  45      90980C00 
  45      65921759 
  46              		.text
  47              		.section	.gnu.lto_.pureconst.4e172b6092e1f638,"e",%progbits
  48 0000 789CE360 		.ascii	"x\234\343``d`a`\000\222\263X\000\001\322\000\255"
  48      60646061 
  48      600092B3 
  48      580001D2 
  48      00AD
  49              		.text
  50              		.section	.gnu.lto_urtMessageInit.4e172b6092e1f638,"e",%progbits
  51 0000 789C9D55 		.ascii	"x\234\235UmPTU\030>\317=w\357\335]\026,\310\302PZfr"
  51      6D505455 
  51      183ECF3D 
  51      77EFDD5D 
  51      162CC8C2 
  52 0018 88A6DCFD 		.ascii	"\210\246\334\375\321\257\376\024\231\375h\246?\324\177"
  52      D1AFFE14 
  52      99FD68A6 
  52      3FD47F
  53 0027 6783CD68 		.ascii	"g\203\315h \030\026\246\351O^\026\024\007\312\276(\026"
  53      201816A6 
  53      E94F5E16 
  53      1407CABE 
  53      2816
  54 0039 9296440A 		.ascii	"\222\226D\012\313\011\030\032'\024u\205\324$(2\244\\"
  54      CB09181A 
  54      27147585 
  54      D4242832 
  54      A45C
  55 004b 115204D1 		.ascii	"\021R\004\321\3700K\352O\332y\317\335\017H%\206;sg\316"
  55      F8304BEA 
  55      4FDA79CF 
ARM GAS  /tmp/cc9e0Qw9.s 			page 4


  55      DD0F4825 
  55      863B7367 
  56 0060 39EFFB3C 		.ascii	"9\357\373<\357\373<\347\276\273V\0066\2443\366*c,O\274"
  56      EFFB3CE7 
  56      BEBB5606 
  56      36A433F6 
  56      2A632C4F 
  57 0075 B0322886 		.ascii	"\2602(\206a<\251\227[\025\205O\366\327\247\250\206]"
  57      613CA997 
  57      5B15854F 
  57      F6D7A7A8 
  57      865D
  58 0087 6FE89C7C 		.ascii	"o\350\234|D5\034\\Q\247\233\317\257\026'\226\332\221"
  58      44351C5C 
  58      51A79BCF 
  58      AF162796 
  58      DA91
  59 0099 8F1F1627 		.ascii	"\217\037\026'*\264H\266%\266\322\240GV: W\206\025l\253"
  59      2AB448B6 
  59      25B6D2A0 
  59      47563A20 
  59      5786156C 
  60 00ae C2558BA6 		.ascii	"\302U\213\246c+\336\346u\034=U\223]J\326g\"l\204\352"
  60      632BDEE6 
  60      751C3D55 
  60      935D4AD6 
  60      67226C84 
  61 00c3 3ED4B61B 		.ascii	">\324\266\033\333R\203\234\261z\361\232\017\016 K\344"
  61      DB52839C 
  61      B17AF19A 
  61      0F0E204B 
  61      E4
  62 00d4 8DFA1BFF 		.ascii	"\215\372\033\377v\354\344A\016\250b[\333\367\325I;m"
  62      76ECE441 
  62      0EA8625B 
  62      DBF7D549 
  62      3B6D
  63 00e6 1538C576 		.ascii	"\0258\305vd\240\257.\201?\005&\326}\327g\236\311l1\014"
  63      64A0AF2E 
  63      813F0526 
  63      D67DD767 
  63      9EC96C31 
  64 00fb BF11BAB8 		.ascii	"\277\021\272\270\207\033\017\0069\307!p\301\210n\244"
  64      871B0F06 
  64      39C72170 
  64      C1886EA4 
  65 010b E120D218 		.ascii	"\341 \322\030\023g\202\37102E~\367|\240u\025\177Vb\313"
  65      136782F9 
  65      3032457E 
  65      F77CA075 
  65      157F5662 
  66 0120 CFF50CAA 		.ascii	"\317\365\014\252\021\360\310\247\022\254\342\310-`U"
  66      11F0C8A7 
  66      12ACE2C8 
  66      2D6055
  67 012f 8043C864 		.ascii	"\200C\310d\004\271\320q\343\203DM\215t\214\243\320\204"
  67      04B9D071 
ARM GAS  /tmp/cc9e0Qw9.s 			page 5


  67      E383444D 
  67      8D748CA3 
  67      D084
  68 0141 958CB59D 		.ascii	"\225\214\265\235\262\204\214\0337\253\214\320d\352'"
  68      B2848C1B 
  68      37AB8CD0 
  68      64EA27
  69 0150 1D89C910 		.ascii	"\035\211\311\0200\213\012\252\351\200\011\256\341\214"
  69      308B0AAA 
  69      E98009AE 
  69      E18C
  70 015e 64AB3042 		.ascii	"d\2530B\214\275\311\025sS.6\023\250\034\353\235\015"
  70      8CBDC915 
  70      73532E36 
  70      13A81CEB 
  70      9D0D
  71 0170 68C4D6C8 		.ascii	"h\304\326\310I\357\316\212\271Q+\351\345`\350\241.\030"
  71      49EFCE8A 
  71      B9512BE9 
  71      E560E8A1 
  71      2E18
  72 0182 6178A7B8 		.ascii	"ax\247\270\031\020\006W\340\357\266\231\000,\004hRX"
  72      19100657 
  72      E0EFB699 
  72      002C0468 
  72      5258
  73 0194 636BFF4D 		.ascii	"ck\377M[%\374\345Vq\322L\255\212\303\341\263\307\007"
  73      5B25FCE5 
  73      5671D24C 
  73      AD8AC3E1 
  73      B3C707
  74 01a7 D1826604 		.ascii	"\321\202f\004\271\216oP\011\364\022\263\210\034xoG\273"
  74      B98E6F50 
  74      09F412B3 
  74      881C786F 
  74      47BB
  75 01b9 E6FE923A 		.ascii	"\346\376\222:r\006\271\025\307DZ@\012\024\301\312\251"
  75      7206B915 
  75      C7445A40 
  75      0A14C1CA 
  75      A9
  76 01ca BD617B2C 		.ascii	"\275a{,h\303q\270\003\2344\343\004\334\262\367\215\361"
  76      68C371B8 
  76      039C34E3 
  76      04DCB2F7 
  76      8DF1
  77 01dc 3E5A6A76 		.ascii	">Zjv\037L\244>lP\360m\254q\325?\274\3531\352[\231F\225"
  77      1F4CA43E 
  77      6C50F06D 
  77      AC71D53F 
  77      BCEB31EA 
  78 01f4 53BAF69F 		.ascii	"S\272\366\237.\355\365\304\211\223\242\255\345\011\350"
  78      2EEDF5C4 
  78      8993A2AD 
  78      E509E8
  79 0203 5B4AC077 		.ascii	"[J\300ww\026\220\200~\022\240\230\261\243\247\303\357"
  79      77169080 
ARM GAS  /tmp/cc9e0Qw9.s 			page 6


  79      7E12A098 
  79      B1A3A7C3 
  79      EF
  80 0214 73AAB343 		.ascii	"s\252\263C\006\035\030\200\333\274\324\357\005\277H"
  80      061D1880 
  80      DBBCD4EF 
  80      05BF48
  81 0223 1838F2D7 		.ascii	"\0308\362\327\274\236\221\0234\002\"\234H\220\356\336"
  81      BC9E9113 
  81      3402229C 
  81      4890EEDE 
  82 0233 CFBB9208 		.ascii	"\317\273\222\010\022\220\220$\374\200\014\0232hB\366"
  82      12909024 
  82      FC800C13 
  82      326842F6 
  83 0243 8E5FDAAD 		.ascii	"\216_\332\255g(&d\025A\272\256Vw\332\343\220\273\360"
  83      67282664 
  83      1541BAAE 
  83      5677DAE3 
  83      90BBF0
  84 0256 631472CA 		.ascii	"c\024r\312\204T\377S\273M~\356w\343\030\303OH\013\362"
  84      8454FF53 
  84      BB4D7EEE 
  84      77E318C3 
  84      4F480BF2 
  85 026a 64699CA5 		.ascii	"di\234\245\343\235\366\011F\316\361\377qnh\331\316\235"
  85      E39DF609 
  85      46CEF1FF 
  85      716E68D9 
  85      CE9D
  86 027c BEB37329 		.ascii	"\276\263s)\030\226\316E`=\325\333\207\355qw\356\301"
  86      1896CE45 
  86      603DD5DB 
  86      87ED7177 
  86      EEC1
  87 028e CF51777E 		.ascii	"\317Qw~Y\266;g\242R\303\313v\347l\0242B\235.pC\213}"
  87      59B63B67 
  87      A252C3CB 
  87      76E76C14 
  87      32429D2E 
  88 02a6 FF966954 		.ascii	"\377\226iT\336\326\215\325\365t\2658\027q\343\335}\341"
  88      DED68DD5 
  88      F574B538 
  88      1771E3DD 
  88      7DE1
  89 02b8 0DE4EBBD 		.ascii	"\015\344\353\275x\003\243Dt\237$\322\343\303'\006\351"
  89      7803A344 
  89      749F24D2 
  89      E3C32706 
  89      E9
  90 02c9 DA54A0D9 		.ascii	"\332T\240\331Nd\002\020\012\267\237I\022N\225\213\204"
  90      4E640210 
  90      0AB79F49 
  90      124E958B 
  90      84
  91 02da A657C414 		.ascii	"\246W\304\024\247\212\2114G\220~0\202c_\307\335Z\203"
  91      A78A8934 
ARM GAS  /tmp/cc9e0Qw9.s 			page 7


  91      47907E30 
  91      82635FC7 
  91      DD5A83
  92 02ed 31E9964A 		.ascii	"1\351\226J\303\360+\334\013\347p\215\030\334\363\002"
  92      C3F02BDC 
  92      0BE7708D 
  92      18DCF302 
  93 02fd 25E9EBC7 		.ascii	"%\351\353\307\365\025\320\337\217\013\222\336B\364\343"
  93      F515D0DF 
  93      8F0B92DE 
  93      42F4E3
  94 030c 92FEC4DC 		.ascii	"\222\376\304\334\314\020\210>M\320_\214\3227\344\336"
  94      CC10883E 
  94      4DD05F8C 
  94      D237E4DE 
  95 031c 86DDB924 		.ascii	"\206\335\271$\367ZLHn\315\274\350\375Cm}\266Xp\035&"
  95      F75A4C48 
  95      6ECDBCE8 
  95      FD436D7D 
  95      B658701D 
  96 0331 694474AA 		.ascii	"iDt\252{i\261\254u\242\356\224Y\267\341\362G\025\011"
  96      7B69B1AC 
  96      75A2EE94 
  96      59B7E1F2 
  96      471509
  97 0344 CB9215FC 		.ascii	"\313\222\025\374b\317\230#\306\256\342\262,m%\372+p"
  97      62CF9823 
  97      C6AEE2B2 
  97      2C6D25FA 
  97      2B70
  98 0356 37728729 		.ascii	"7r\207)c\327\212.!\035\277I:\033\321M/\3566]t;\023u"
  98      63D78A2E 
  98      211DBF49 
  98      3A1BD14D 
  98      2FEE365D 
  99 036e A9B12279 		.ascii	"\251\261\"yE\364\263\222\336N\364s\342\363\217\361\005"
  99      45F4B392 
  99      DE4EF473 
  99      E2F38FF1 
  99      05
 100 037f C757C2F7 		.ascii	"\307W\302\367\000\256J\276\204[\214o\332/\246\323\211"
 100      00AE4ABE 
 100      845B8C6F 
 100      DA2FA6D3 
 100      89
 101 0390 DFC97A07 		.ascii	"\337\311z\007U\273\266X\214S\210\371#Z\274u<eE\305\377"
 101      55BBB658 
 101      8C5388F9 
 101      235ABC75 
 101      3C6545C5 
 102 03a5 5CAA783A 		.ascii	"\\\252x:\256S\361D*>\037\221:\013\177S\333[\\\216\032"
 102      AE53F144 
 102      2A3E1F91 
 102      3A0B7F53 
 102      DB5B5C8E 
 103 03ba 3D351CF1 		.ascii	"=5\034\361\1771\306\236p\275\\T\350u\025\347\227\272"
 103      7F31C69E 
ARM GAS  /tmp/cc9e0Qw9.s 			page 8


 103      70BD5C54 
 103      E87515E7 
 103      97BA
 104 03cc B29FDFB4 		.ascii	"\262\237\337\2649'{\343&W\366s\3719E\217f\027\027\373"
 104      39277BE3 
 104      2657F673 
 104      F939458F 
 104      661717FB 
 105 03e0 5C85F979 		.ascii	"\\\205\371yy\005\336\327<%^WY\316\013._I\256\253\254"
 105      7905DED7 
 105      3C255E57 
 105      59CE0B2E 
 105      5F49AEAB 
 106 03f5 A47473A1 		.ascii	"\244ts\241\327\347\363l\361n\310ezd\251\027{^/(\362"
 106      D7E7F36C 
 106      F16EC865 
 106      7A64A917 
 106      7B5E2F28 
 107 040a E4AD5DEF 		.ascii	"\344\255]\357{h}Y\326\343NO\221\357\351\027\267d\373"
 107      7B687D59 
 107      D6E34E4F 
 107      91EFE917 
 107      B764FB
 108 041d 7CDE9252 		.ascii	"|\336\222R\347K\236\374\002o\036\373\027\201f\276\215"
 108      E74B9EFC 
 108      026F1EFB 
 108      178166BE 
 108      8D
 109              		.text
 110              		.section	.gnu.lto_.symbol_nodes.4e172b6092e1f638,"e",%progbits
 111 0000 789CE360 		.ascii	"x\234\343``d\250d\000\002\246\313L\365\014\015@\300"
 111      6064A864 
 111      0002A6CB 
 111      4CF50C0D 
 111      40C0
 112 0012 C238E11C 		.ascii	"\3028\341\034\003C=\003\303\256\006G\240$\020\260^a"
 112      03433D03 
 112      C3AE0647 
 112      A02410B0 
 112      5E61
 113 0024 625000D2 		.ascii	"bP\000\322\214\327\230\352\031\377C\201<X\031\003P\213"
 113      8CD798EA 
 113      19FF4381 
 113      3C581903 
 113      508B
 114 0036 0350E62A 		.ascii	"\003P\346*S=\023V\031f\006\346\246ksL\030[\030\201\254"
 114      533D1356 
 114      196606E6 
 114      A66B734C 
 114      185B1881 
 115 004b 8D13363C 		.ascii	"\215\0236<e`\\\002d2m~vf&#\343\021F\006\000\366\360"
 115      65605C02 
 115      64326D7E 
 115      76662623 
 115      E3114606 
 116 0062 2A50     		.ascii	"*P"
 117              		.text
ARM GAS  /tmp/cc9e0Qw9.s 			page 9


 118              		.section	.gnu.lto_.refs.4e172b6092e1f638,"e",%progbits
 119 0000 789CE360 		.ascii	"x\234\343``d\340a```f``dbbdabde\000\000\002\000\000"
 119      6064E061 
 119      60606066 
 119      60606462 
 119      62646162 
 120 001b 2B       		.ascii	"+"
 121              		.text
 122              		.section	.gnu.lto_.decls.4e172b6092e1f638,"e",%progbits
 123 0000 789C9D3A 		.ascii	"x\234\235:iTTg\226\365\325WT\025EUa\304Ng\306\234>="
 123      69545467 
 123      96F5D557 
 123      54154555 
 123      61C44E67 
 124 0018 7DECEEF4 		.ascii	"}\354\356\3649\223\220Lrz9\323\247{2\231\314$3I\247"
 124      3993904C 
 124      727A39D3 
 124      A77B3299 
 124      CC243349 
 125 002d 4F929939 		.ascii	"O\222\2319\335?\206&PJu\330\272\2520\332\177\272X\025"
 125      DD3F8626 
 125      504A75D8 
 125      BAAA30DA 
 125      7FBA5815 
 126 0041 154445D9 		.ascii	"\025DE\331wd_e\221UQ\220]\300\015E\020\021\025A\005"
 126      77645F65 
 126      91555190 
 126      5DC00D45 
 126      10111541 
 127 0056 44044105 		.ascii	"D\004A\005\346~KQ\357Q\257\354\314\220|\276w\337\273"
 127      E67E4B51 
 127      EF51AFEC 
 127      CC907CBE 
 127      77DFBB
 128 0069 F77E77FB 		.ascii	"\367~w\373\356w\277[O-C\262\272\177\220\311\\\3242\331"
 128      EE77BF5B 
 128      4F2D43B2 
 128      BA7F90C9 
 128      5CD432D9 
 129 007d 9748265B 		.ascii	"\227H&[\203?\271L&\273\000C\003c\036\306\016\030J\030"
 129      833FB94C 
 129      26BB0043 
 129      03631EC6 
 129      0E184A18 
 130 0091 0A78EF02 		.ascii	"\012x\357\002C\017\303\003\306\357\341\231\012\220\223"
 130      430FC303 
 130      C6EFE199 
 130      0A9093
 131 00a0 E11EC3FD 		.ascii	"\341\036\303\375O\340\376\015\030\0129\203\337\203\353"
 131      4FE0FE0D 
 131      180A3983 
 131      DF83EB
 132 00af 2F617C08 		.ascii	"/a|\010\003Pd\037\023\306\202?\243B&\373;\270\372\301"
 132      0350641F 
 132      13C6823F 
 132      A34226FB 
 132      3BB8FAC1 
ARM GAS  /tmp/cc9e0Qw9.s 			page 10


 133 00c3 D80C638B 		.ascii	"\330\014c\213`\276\002 \370w\300\377H\316\346(\002\370"
 133      60BE0220 
 133      F877C0FF 
 133      48CEE628 
 133      02F8
 134 00d5 3FF85C9F 		.ascii	"?\370\\\237\310\231\014\237\312\231\034\277\2213Y\376"
 134      C8990C9F 
 134      CA991CBF 
 134      913359FE 
 135 00e5 456E97F1 		.ascii	"En\227\36139\223\371\037\341\372\030\256\277\205\353"
 135      333993F9 
 135      1FE1FA18 
 135      AEBF85EB 
 136 00f5 55B8FE0E 		.ascii	"U\270\376\016\306e\030\0030\332aL\302\270\005C/c\262"
 136      C6651803 
 136      30DA614C 
 136      C2B80543 
 136      2F63B2
 137 0108 BB70F989 		.ascii	"\273p\371\211.\367\341\331,\214\207\334\036\017`<\202"
 137      2EF7E1D9 
 137      2C8C87DC 
 137      1E0F603C 
 137      82
 138 0119 3103630A 		.ascii	"1\003c\012\306]\030wdv]?\344\372J\351\232\200\321hX"
 138      C65D1877 
 138      64765D3F 
 138      E4FA4AE9 
 138      9A80D168 
 139 012e DA923616 		.ascii	"\332\2226\026\243\315\032\244\0000\276\273\272K\003"
 139      A3CD1AA4 
 139      0030BEBB 
 139      BA4B03
 140 013d E0160DFA 		.ascii	"\340\026\015\372\276\000\334\314\300\254+\003a\210\201"
 140      BE00DCCC 
 140      C0AC2B03 
 140      618881
 141 014c 9B002C5D 		.ascii	"\233\000,]\273\227\342\316\220\255\210\300\265\007R"
 141      BB97E2CE 
 141      90AD88C0 
 141      B50752
 142 015b 54ECF56B 		.ascii	"T\354\365k\000\236\270v\374\206;\226#2MS\324\312)\362"
 142      009EB876 
 142      FC863B96 
 142      23324D53 
 142      D4CA29F2 
 143 016f EA771A44 		.ascii	"\352w\032D\234\351\016\217:f\247/#\366\210`$w\246\306"
 143      9CE90E8F 
 143      3A66A72F 
 143      23F68860 
 143      2477A6C6 
 144 0183 B9E157E9 		.ascii	"\271\341W\351}Y\312\245\005\275g\251\225\375\251K\261"
 144      7D59CAA5 
 144      05BD67A9 
 144      95FDA94B 
 144      B1
 145 0194 0CB5226C 		.ascii	"\014\265\"l\027:wy\366\244\026\377\017\305\2752\233"
 145      173A7779 
ARM GAS  /tmp/cc9e0Qw9.s 			page 11


 145      F6A416FF 
 145      0FC5BD32 
 145      9B
 146 01a5 B047AED9 		.ascii	"\260G\256\331k\265\206Y3\303\255\256\037\311P#\332\212"
 146      6BB58659 
 146      33C3ADAE 
 146      1FC95023 
 146      DA8A
 147 01b7 1AD05619 		.ascii	"\032\320V\031:\207(\3676\344\211\316\302\2633\360\014"
 147      3A8728F7 
 147      36E489CE 
 147      C2B333F0 
 147      0C
 148 01c8 08B243AF 		.ascii	"\010\262C\257\364\350\260\201\211\265\230X\340\216\377"
 148      F4E8B081 
 148      89B59858 
 148      E08EFF
 149 01d7 48EF4FAF 		.ascii	"H\357O\257\035;\255`\322\253\001<Zt\346\205\226)\327"
 149      1D3BAD60 
 149      D2AB013C 
 149      5A74E685 
 149      9629D7
 150 01ea 425E47B7 		.ascii	"B^G\267\354k\323`\023EMHH\250R\343o\350}\311\354B#\321"
 150      EC6BD360 
 150      13454D48 
 150      48A852E3 
 150      6FE87DC9 
 151 0202 EC0D0DFA 		.ascii	"\354\015\015\372\213@\2537\230V{\"\012\016\272\341H"
 151      8B40AB37 
 151      98567B22 
 151      0A0EBAE1 
 151      48
 152 0213 4481B1F8 		.ascii	"D\201\261\370\350V%\023\265\"\334\372J\350;2\324\015"
 152      E8562513 
 152      B522DCFA 
 152      4AE83B32 
 152      D40D
 153 0225 72751159 		.ascii	"ru\021Y\373\021\245!\262\366\301\263\363TV\371\351\312"
 153      FB11A521 
 153      B2F6C1B3 
 153      F35456F9 
 153      E9CA
 154 0237 BD294AB4 		.ascii	"\275)J\264\315#\233\320\264<-|\257\261\356\241\325:"
 154      CD239BD0 
 154      B43C2D7C 
 154      AFB1EEA1 
 154      D53A
 155 0249 6EC56800 		.ascii	"n\305h\000iP\017\320\\D\036\353Ld\310\223\374\363\016"
 155      69500FD0 
 155      5C441EEB 
 155      4C64C893 
 155      FCF30E
 156 025c FC738818 		.ascii	"\374s\210\030\016&\261\242\327\004\223\364r\0022\313"
 156      0E26B1A2 
 156      D70493F4 
 156      720232CB 
 157 026c 05B48D5B 		.ascii	"\005\264\215[3tv\344\357q\037\0231\375b\334m\027\017"
ARM GAS  /tmp/cc9e0Qw9.s 			page 12


 157      337476E4 
 157      EF711F13 
 157      31FD62DC 
 157      6D170F
 158 027f 69EA4B92 		.ascii	"i\352K\222\324\265\3711\3671\036f\344sk\371\267\224"
 158      D4B5F931 
 158      F7311E66 
 158      E4736BF9 
 158      B794
 159 0291 789401D5 		.ascii	"x\224\001\325WkN\351\245=3(\351\231\270\221\345&7<\303"
 159      576B4EE9 
 159      A53D3328 
 159      E999B891 
 159      E526373C 
 160 02a6 A86F9C69 		.ascii	"\250o\234i-\226\343y\006\224O\214/(\230X\344\017\221"
 160      2D96E379 
 160      06944F8C 
 160      2F289858 
 160      E40F91
 161 02b9 6096A121 		.ascii	"`\226\241!\340r\235\011\304\205\011\257Y-E\332}\353"
 161      E0729D09 
 161      C48509AF 
 161      592D45DA 
 161      7DEB
 162 02cb 53D2D7B6 		.ascii	"S\322\327\266Yeh\030i\031^\353\311\341)9\363\365\333"
 162      59656818 
 162      69195EEB 
 162      C9E12939 
 162      F3F5DB
 163 02de 24CC6B86 		.ascii	"$\314k\206\006y\324[1\300}\225\317\346\265x\215\315"
 163      0679D45B 
 163      31C07D95 
 163      CFE6B578 
 163      8DCD
 164 02f0 7D763EA9 		.ascii	"}v>\251\302\025G\2638~4w>\332\005\037c@oNT\207\336\211"
 164      C21547B3 
 164      387E3477 
 164      3EDA051F 
 164      63406F4E 
 165 0308 3FC7A4FC 		.ascii	"?\307\244\374\211\016\316\237\373-.e\324w\372#\353\265"
 165      890ECE9F 
 165      FB2D2E65 
 165      D477FA23 
 165      EBB5
 166 031a B8830278 		.ascii	"\270\203\002xe\261\264A\203\266\331<\3351\374vr\365"
 166      65B1B441 
 166      83B6D93C 
 166      DD31FC76 
 166      72F5
 167 032c A4D57AF8 		.ascii	"\244\325z\3705\324\016\216\276\015\314&D\2320w\023O"
 167      35D40E8E 
 167      BE0DCC26 
 167      449A3077 
 167      134F
 168 033e 3382C5A4 		.ascii	"3\202\305\244-U\341\326\275\341Zt\013\360or|g\201\021"
 168      2D55E1D6 
 168      BDE15A74 
ARM GAS  /tmp/cc9e0Qw9.s 			page 13


 168      0BF06F72 
 168      7C678111 
 169 0352 6765AE3D 		.ascii	"ge\256=\005\357\233\211\264\343\234\200\210{\027mCw"
 169      05EF9B89 
 169      B4E39C80 
 169      887B176D 
 169      4377
 170 0364 D6DD7B2A 		.ascii	"\326\335{*\257\355#\234\210\251\304\317\255y\273<\244"
 170      AFED239C 
 170      88A9C4CF 
 170      AD79BB3C 
 170      A4
 171 0375 19DC73C6 		.ascii	"\031\334s\306@\235\367p5\227h\006\272\301\310&\324-"
 171      409DF770 
 171      35976806 
 171      BAC1C826 
 171      D42D
 172 0387 8385DF3B 		.ascii	"\203\205\337;b\245\322N\002\315(\320N\303\325\306L\206"
 172      62A5D24E 
 172      02CD28D0 
 172      4EC3D5C6 
 172      4C86
 173 0399 9A366A97 		.ascii	"\2326j\227\372\275\354pk\347\037\210\003\3215\216n7"
 173      FABDEC70 
 173      6BE71F88 
 173      03D1358E 
 173      6E37
 174 03ab 86A7187B 		.ascii	"\206\247\030{0cs\026\305\336\241E\235\016\310\315B\336"
 174      30637316 
 174      C5DEA145 
 174      9D0EC8CD 
 174      42DE
 175 03bd 20CB4CFA 		.ascii	" \313L\372\246\023\314r\227\001\257\207\343\333-g\267"
 175      A613CC72 
 175      9701AF87 
 175      E3DB2D67 
 175      B7
 176 03ce B448F31B 		.ascii	"\264H\363\033\2000B4\037\342\024D\363\373\240\371,\214"
 176      80304234 
 176      1FE21444 
 176      F3FBA0F9 
 176      2C8C
 177 03e0 87301EC0 		.ascii	"\2070\036\300x\004c\006\306\024\263\006\023o\242`\013"
 177      78046306 
 177      C614B306 
 177      136FA260 
 177      0B
 178 03f1 138F78B6 		.ascii	"\023\217x\266\305A\276\323\033uO{\225\351~\025\320\257"
 178      C541BED3 
 178      1B754F7B 
 178      95E97E15 
 178      D0AF
 179 0403 48EBDE88 		.ascii	"H\353\336\210\326\321W3\004\334;\234hO\361\301\241Q"
 179      D6D15733 
 179      04DC3B9C 
 179      684FF1C1 
 179      A151
ARM GAS  /tmp/cc9e0Qw9.s 			page 14


 180 0415 7772EB55 		.ascii	"wr\353U\270\232y7\261w\377U\027\017i%\347\276\275\222"
 180      B89A7937 
 180      B177FF55 
 180      170F6925 
 180      E7BEBD92 
 181 0429 C029ECD4 		.ascii	"\300)\354\324\355%\255p\025>\026\3110OW!\271\000\356"
 181      ED25AD70 
 181      153E16C9 
 181      304F5721 
 181      B900EE
 182 043c A1B5DCCB 		.ascii	"\241\265\334\313\256\370,\023\241\24697G\211\333\031"
 182      AEF82C13 
 182      A1A63937 
 182      4789DB19 
 183 044c 5072A3ED 		.ascii	"Pr\243\355\240\332a\315/\200$\213\2425_\321\226\321"
 183      A0DA61CD 
 183      2F80248B 
 183      A2355FD1 
 183      96D1
 184 045e B08E17E1 		.ascii	"\260\216\027\341\034\357\300dz\226N(\325S\221TK\266"
 184      1CEFC064 
 184      7A964E28 
 184      D5539154 
 184      4BB6
 185 0470 DC305838 		.ascii	"\3340X8\026\253\305\227\271\020#\255\243J<\306\200\332"
 185      16ABC597 
 185      B91023AD 
 185      A34A3CC6 
 185      80DA
 186 0482 27D5792E 		.ascii	"'\325y.x\222\001\317N\034\036su\020\3579L\373B4mle\335"
 186      789201CF 
 186      4E1C1E73 
 186      7510EF39 
 186      4CFB4234 
 187 049a 7357BCC8 		.ascii	"sW\274\310\210\226rg\254J\007\242\025\007\242\347\351"
 187      88967267 
 187      AC4A07A2 
 187      1507A2E7 
 187      E9
 188 04ab A5F52259 		.ascii	"\245\365\"YWE\262\256qYqCq]\217\026\366\207m\314\371"
 188      5745B2AE 
 188      71597143 
 188      715D8F16 
 188      F6876DCC 
 189 04c0 37F7E291 		.ascii	"7\367\342\221\273\007c\254\231a\230\350\203\236\000"
 189      BB0763AC 
 189      996198E8 
 189      839E00
 190 04cf E350B9E4 		.ascii	"\343P\271\344R\261\373Y!\310Z\313\234\200\370\331*\337"
 190      52B1FB59 
 190      21C85ACB 
 190      9C80F8D9 
 190      2ADF
 191 04e1 86C2E482 		.ascii	"\206\302\344\202\300\235)U&[[\"\224dz\364L\232\265-"
 191      C09D2955 
 191      265B5B22 
 191      94647AF4 
ARM GAS  /tmp/cc9e0Qw9.s 			page 15


 191      4C9AB52D 
 192 04f5 B28EEC79 		.ascii	"\262\216\354yp\322\015g+\250\326#\303C\243\330Cz\306"
 192      70D20D67 
 192      2BA8D623 
 192      C343A3D8 
 192      437AC6
 193 0508 70B9E48C 		.ascii	"p\271\344\214(B\356\001\2241\217\233\243\335\205v\210"
 193      2842EE01 
 193      94318F9B 
 193      A3DD8576 
 193      88
 194 0519 104D1929 		.ascii	"\020M\031)\247\221\004\027\222O\363\272w\263\224\276"
 194      A7910417 
 194      924FF3BA 
 194      77B394BE 
 195 0529 15A0E181 		.ascii	"\025\240\341\201\243\207\\In\266rJxn'\204\212\201\010"
 195      A3875C49 
 195      6EB6724A 
 195      786E2784 
 195      8A8108
 196 053c 8CA2E434 		.ascii	"\214\242\3444-\337\213\352]\345\205\313\353$\257\277"
 196      2DDF8BEA 
 196      5DE585CB 
 196      EB24AFBF 
 197 054c 38738A6F 		.ascii	"8s\212o\375c\244\256\271\262\324\374L\213K\25128t\337"
 197      FD63A4AE 
 197      B9B2D4FC 
 197      4C8B4BA9 
 197      323874DF 
 198 0560 B3218C34 		.ascii	"\263!\2144[\0210C4\367[s\254\030\026\313\273[\321\333"
 198      5B113043 
 198      34F75B73 
 198      AC1816CB 
 198      BB5BD1DB 
 199 0574 A0D03E50 		.ascii	"\240\320>Ph?a\177@\276\025\305\000\377$\253\232>H\262"
 199      683F617F 
 199      40BE15C5 
 199      00FF24AB 
 199      9A3E48B2 
 200 0588 02F6A3BF 		.ascii	"\002\366\243\277\320{`zivp^\2619\216\033\345\237\020"
 200      D07B607A 
 200      6976705E 
 200      B1398E1B 
 200      E59F10
 201 059b 798EA281 		.ascii	"y\216\242\201f\257\234H\030+\337\314\304d\367@09\377"
 201      66AF9C48 
 201      182BDFCC 
 201      C464F740 
 201      3039FF
 202 05ae B0C88509 		.ascii	"\260\310\205\011\371+\000\013\332\343\2724N\025\214"
 202      F92B000B 
 202      DAE3BA34 
 202      4E158C
 203 05bd E30A1E64 		.ascii	"\343\012\036d\012\366\326\307\346\253\031\355\257\001"
 203      0AF6D6C7 
 203      E6AB19ED 
 203      AF01
ARM GAS  /tmp/cc9e0Qw9.s 			page 16


 204 05cb EC39FF62 		.ascii	"\3549\377bA\301\024\\\"\373\335R\307\355\3177\212r\030"
 204      41C1145C 
 204      22FBDD52 
 204      C7EDCF37 
 204      8A7218
 205 05de 44394445 		.ascii	"D9DE9BD\211c\242\034\241\242,\324O\017(\031\273\275"
 205      39424489 
 205      63A21CA1 
 205      A22CD44F 
 205      0F2819BB 
 206 05f3 3A80BBCE 		.ascii	":\200\273\316N\254\362\322i\204L\327\226p<\313\225\033"
 206      4EACF2D2 
 206      69844CD7 
 206      96703CCB 
 206      951B
 207 0605 D005E0FE 		.ascii	"\320\005\340\376\376\302\005^F\356u\003\270\250q*\221"
 207      FEC2055E 
 207      46EE7503 
 207      B8A8712A 
 207      91
 208 0616 6FBF5639 		.ascii	"o\277V9\251@\256\0378\256\342\373/),\363#\032\207\\"
 208      A940AE1F 
 208      38AEE2FB 
 208      2F292CF3 
 208      231A875C 
 209 062a F109163D 		.ascii	"\361\011\026=-c1\313\230!\257\021o\014\366?\317R8U<"
 209      2D6331CB 
 209      9821AF11 
 209      6F0CF63F 
 209      CF523855 
 210 063f 952B9EC2 		.ascii	"\225+\236\302\024\237\336\267\222\340\276Q\265$P-\221"
 210      149FDEB7 
 210      92E0BE51 
 210      B524502D 
 210      91
 211 0650 AA964654 		.ascii	"\252\226FTK\245\252\221\022oO\371.6Q\235\206,\367\270"
 211      4BA5AA91 
 211      126F4FF9 
 211      2E36519D 
 211      862CF7B8 
 212 0664 93515CAB 		.ascii	"\223Q\\\253\001\362\272\377\341\251H\027.%\321\252\363"
 212      01F2BAFF 
 212      E1A94817 
 212      2E25D1AA 
 212      F3
 213 0675 445A860A 		.ascii	"DZ\206\012\3273)/\034\271~\323\225!\377\234\204\374"
 213      D733292F 
 213      1CB97ED3 
 213      9521FF9C 
 213      84FC
 214 0687 DAF41D3D 		.ascii	"\332\364\035=\003\267\0008\325\2362\241c\244\231D\207"
 214      03B70038 
 214      D59E32A1 
 214      63A49944 
 214      87
 215 0698 FB877A1A 		.ascii	"\373\207z\032t\270\205\221\036M\236x\015\367*Du\362"
 215      74B88591 
ARM GAS  /tmp/cc9e0Qw9.s 			page 17


 215      1E4D9E78 
 215      0DF72A44 
 215      75F2
 216 06aa 8F1DEBE4 		.ascii	"\217\035\353\344\037\263\212\2628\372\322n|\221ag\227"
 216      1FB38AB2 
 216      38FAD26E 
 216      7C916167 
 216      97
 217 06bb 0F56BA48 		.ascii	"\017V\272HWX\205rJA\226U\001\250\233\317\314\221\224"
 217      57588572 
 217      4A419655 
 217      01A89BCF 
 217      CC9194
 218 06ce BF3280F1 		.ascii	"\2772\200\361MF\335~0\342\200\006O0`h>\257\316M\232"
 218      4D46DD7E 
 218      30E28006 
 218      4F306068 
 218      3EAFCE4D 
 219 06e3 558924AB 		.ascii	"U\211$\253\346\305\246sz\374\230Q?\230(\036\224\343"
 219      E6C5A673 
 219      7AFC9851 
 219      3F98281E 
 219      94E3
 220 06f5 E70C88D8 		.ascii	"\347\014\210\330\223\324%wHr\345\300\245B.LrUk\205Q"
 220      93D42577 
 220      4872E5C0 
 220      A5422E4C 
 220      72556B85 
 221 070a 1847BA30 		.ascii	"\030G\2720\242\205\214E\027\007\242J\007\242c\305\347"
 221      A2858C45 
 221      1707A24A 
 221      07A263C5 
 221      E7
 222 071b D3D4C28C 		.ascii	"\323\324\302\214pB\224\021\252\344<\213W\306_XS\342"
 222      70429411 
 222      AAE43C8B 
 222      57C65F58 
 222      53E2
 223 072d 58C67CE9 		.ascii	"X\306|\351F\356y\307\\]\015\314kD\314\373+/\205\352"
 223      46EE79C7 
 223      5C5D0DCC 
 223      6B44CCFB 
 223      2B2F85EA 
 224 0741 711A232A 		.ascii	"q\032#*\355\2722\206\035\210j\035\210*W\352\006E9\352"
 224      EDBA3286 
 224      1D886A1D 
 224      882A57EA 
 224      064539EA 
 225 0755 A448A23A 		.ascii	"\244H\242:\233DYG\222\216kq\031e\256\214\1774\325'G"
 225      9B445947 
 225      928E6B71 
 225      1965AE8C 
 225      7F34D527 
 226 076a A422DAB6 		.ascii	"\244\"\332\266M\224\030s\301\3029`a*]\003O\214\315\220"
 226      4D941873 
 226      C1C23960 
 226      612A5D03 
ARM GAS  /tmp/cc9e0Qw9.s 			page 18


 226      4F8CCD90 
 227 077e 184FC168 		.ascii	"\030O\301h\202\321\010\343\2640-\317\226\341\350\234"
 227      82D108E3 
 227      B4302DCF 
 227      96E1E89C 
 228 078e 5896F48B 		.ascii	"X\226\364\213 \272\3638\341\306bQP$<\313\307\326\334"
 228      20BAF338 
 228      E1C66251 
 228      50243CCB 
 228      C7D6DC
 229 07a1 B7512960 		.ascii	"\267Q)`\027;\301\026\224S\371*\226\366A\023Z|5H\357"
 229      173BC116 
 229      9453F92A 
 229      96F64113 
 229      5A7C3548 
 230 07b6 280CFB3E 		.ascii	"(\014\373>c\015~@e\016\2547\026+\243\211\233sh\261B"
 230      630D7E40 
 230      650EAC37 
 230      162BA389 
 230      9B7368B1 
 231 07cb E4AE7740 		.ascii	"\344\256w@\267"
 231      B7
 232 07d0 976A6435 		.ascii	"\227jd5\226&\357\362\2206U\355_7\025\311\201\325\251"
 232      9626EFF2 
 232      903655ED 
 232      5F3715C9 
 232      81D5A9
 233 07e3 E37A7C87 		.ascii	"\343z|\2079\267u\352\316^\015\236\241\200\374q\301b"
 233      39B775EA 
 233      CE5E0D9E 
 233      A180FC71 
 233      C162
 234 07f5 B37CFD94 		.ascii	"\263|\375\2245\232\264\205\011e\323\267\355%;hf8\223"
 234      359AB485 
 234      0965D3B7 
 234      ED253B68 
 234      663893
 235 0808 657DB19C 		.ascii	"e}\261\234\2253\002\"K\353\372\334\303\317\316\205\271"
 235      95330222 
 235      4BEBFADC 
 235      C3CFCE85 
 235      B9
 236 0819 E3E73CD4 		.ascii	"\343\347<\324\263\252JT\036\322\344\347$\311\307r\026"
 236      B3AA4A54 
 236      1ED2E4E7 
 236      24C9C772 
 236      16
 237 082a EB10DEA7 		.ascii	"\353\020\336\247\244\344w\263\037~\207e\2267\310\312"
 237      A4E477B3 
 237      1F7E8765 
 237      9637C8CA 
 238 083a 2BBA7E59 		.ascii	"+\272~Y\217\343\330\253\262\222\347\025\032\322( \245"
 238      8FE3D8AB 
 238      B292E715 
 238      1AD22820 
 238      A5
 239 084b 6F888266 		.ascii	"o\210\202f\317\352\206*-Nb\357c\306rK\034\327A\017\314"
ARM GAS  /tmp/cc9e0Qw9.s 			page 19


 239      CFEA862A 
 239      2D4E62EF 
 239      63C6724B 
 239      1CD7410F 
 240 0860 D92B0AE9 		.ascii	"\331+\012\351\226\347u\303Z\\\304\210\252\3666\215i"
 240      96E775C3 
 240      5A5CC488 
 240      AAF6368D 
 240      69
 241 0871 1D88CE3B 		.ascii	"\035\210\316;\020\365_m\272\354*\\\007}\"\273\365\333"
 241      10F55F6D 
 241      BAEC2A5C 
 241      077D22BB 
 241      F5DB
 242 0883 D6C18DDA 		.ascii	"\326\301\215\332\236|\035\025\022\036\241n9\0253\352"
 242      9E7C1D15 
 242      121EA16E 
 242      391533EA 
 243 0893 5C5CA38E 		.ascii	"\\\\\243\216i%\0274\032\266\260FC\352`y\267\372\273"
 243      69251734 
 243      1AB6B046 
 243      43EA6079 
 243      B7FABB
 244 08a6 47A9F3C3 		.ascii	"G\251\363\303\255\233\344\310\357Ut\021\274\177\201"
 244      AD9BE4C8 
 244      EF557411 
 244      BC7F81
 245 08b5 26F14BF2 		.ascii	"&\361K\362\357\312\320\000\360\241\354\273_\274HW\010"
 245      EFCAD000 
 245      F0A1ECBB 
 245      5FBC4857 
 245      08
 246 08c6 C580D702 		.ascii	"\305\200\327\0021.\303\234Tf\262\205\236\214/v\303\015"
 246      312EC39C 
 246      5466B285 
 246      9E8C2F76 
 246      C30D
 247 08d8 4CCDA77D 		.ascii	"L\315\247}=\223N\351\320\025PWHz#\262\241M\215[\031"
 247      3D934EE9 
 247      D0155057 
 247      487A23B2 
 247      A14D8D5B 
 248 08ed 69F778ED 		.ascii	"i\367x\355W\270\227\335O\234\010/T;9\023^\223K\235\011"
 248      57B897DD 
 248      4F9C082F 
 248      543B3913 
 248      5E934B9D 
 249 0902 AB870B1A 		.ascii	"\253\207\013\032\335\360MF\336\225U>\243\303\017\030"
 249      DDF04D46 
 249      DE95553E 
 249      A3C30F18 
 250 0912 7075E069 		.ascii	"pu\340i\217\326\311a|X.u\030\357\036x\374\310\326\264"
 250      8FD6C961 
 250      7C582E75 
 250      18EF1E78 
 250      FCC8D6B4 
 251 0926 20FBCC93 		.ascii	" \373\314\223\2669(>\2373v\245\231\363i\030\2572\340"
ARM GAS  /tmp/cc9e0Qw9.s 			page 20


 251      B639283E 
 251      9F3376A5 
 251      99F36918 
 251      AF32E0
 252 0939 56C9D968 		.ascii	"V\311\331h%\016SQ\240p!6\205\357\317\244\222j\270\322"
 252      250E5351 
 252      A0702136 
 252      85EFCFA4 
 252      926AB8D2 
 253 094d 93ADE7DB 		.ascii	"\223\255\347\3337y\375\360\372\376\223\010\357a\270"
 253      3779FDF0 
 253      FAFE9308 
 253      EF61B8
 254 095c 99676FBD 		.ascii	"\231go\275\211c\330}\324\235\322\025\214\0173\240\375"
 254      8963D87D 
 254      D49DD215 
 254      8C0F33A0 
 254      FD
 255 096d 6217D4F9 		.ascii	"b\027\324\371\033\343\344.\3109!\212\223\350Se\3768"
 255      1BE3E42E 
 255      C839218A 
 255      93E85365 
 255      FE38
 256 097f 93D154DD 		.ascii	"\223\321T\335?\331\341X\017\337s\240\031\253y\221,:"
 256      3FD9E158 
 256      0FDF73A0 
 256      19AB7991 
 256      2C3A
 257 0991 D74F8A62 		.ascii	"\327O\212bk\312\026[\223\235\213w\325\270\2021_\354"
 257      6BCA165B 
 257      939D8B77 
 257      D5B88231 
 257      5FEC
 258 09a3 4A28D6E1 		.ascii	"J(\326\341Z\006\034\330\177+W%\275\277=\220\332\337"
 258      5A061CD8 
 258      7F2B5725 
 258      BDBF3D90 
 258      DADF
 259 09b5 149DE9B7 		.ascii	"\024\235\351\267~E\016\344\274\264\276\275\204\373Z"
 259      7E450EE4 
 259      BCB4BEBD 
 259      84FB5A
 260 09c4 A3AC7167 		.ascii	"\243\254qg\020\231\015\335\001\232\331\227\346\266\325"
 260      10990DDD 
 260      019AD997 
 260      E6B6D5
 261 09d3 549EDB1E 		.ascii	"T\236\333\036Bn\273\357\200.u\254\204D0\016\002\334"
 261      426EBBEF 
 261      802E75AC 
 261      8444300E 
 261      02DC
 262 09e5 2239ED2E 		.ascii	"\"9\355.\247 R=\202<6\015cFT\215\247\36245\305\323\224"
 262      A720523D 
 262      823C360D 
 262      6346548D 
 262      A7F23435 
 263 09fc 84383C75 		.ascii	"\2048<u.\3044\337\320zH\317s\317\371<\244\252iJ\235"
ARM GAS  /tmp/cc9e0Qw9.s 			page 21


 263      2EC434DF 
 263      D07A48CF 
 263      73CFF93C 
 263      A4AA694A 
 264 0a11 D6E1C7D4 		.ascii	"\326\341\307\324\204.\307\247\237-#$8\306\367\257\341"
 264      842EC7A7 
 264      9F2D2324 
 264      38C6F7AF 
 264      E1
 265 0a22 8C9C8B56 		.ascii	"\214\234\213V\272\363\314\001\217\333\300\353\011\\"
 265      BAF3CC01 
 265      8FDBC0EB 
 265      095C
 266 0a30 6DCC9D1D 		.ascii	"m\314\235\0357n\300{r\314\245\231\347\011\237|\036&"
 266      376EC07B 
 266      72CCA599 
 266      E7099F7C 
 266      1E26
 267 0a42 5E84B100 		.ascii	"^\204\261\000\343\251P\321\325\344-\271\266\343\374"
 267      E3A950D1 
 267      D5E42DB9 
 267      B6E3FC
 268 0a51 4D4EE0E4 		.ascii	"MN\340\3448O\262w\362f\206=\010f\031s@w\330\012\257"
 268      384FB277 
 268      F266863D 
 268      08661973 
 268      4077D80A 
 269 0a66 6F659B1B 		.ascii	"oe\233\033\361\322c'\334m\207\232\212\330\244\013:\017"
 269      F1D26327 
 269      DC6D879A 
 269      8AD8A40B 
 269      3A0F
 270 0a78 6955CEBF 		.ascii	"iU\316\277\\\025\240>\276\2222\257\303\205j\032\216"
 270      5C15A03E 
 270      BE9232AF 
 270      C3856A1A 
 270      8E
 271 0a89 59FDCD50 		.ascii	"Y\375\315P\210UQ@y\276\372\352~\307b@x\376^\006\356"
 271      88555140 
 271      79BEFAEA 
 271      7EC76240 
 271      78FE5E06 
 272 0a9e CF6DA724 		.ascii	"\317m\247$\274\015\275\000\316+0Va\254\255\033\013\\"
 272      BC0DBD00 
 272      CE2B3056 
 272      61ACAD1B 
 272      0B5C
 273 0ab0 72F3A04B 		.ascii	"r\363\240K\331\355n(\006\016\274\215F\200\340:'\264"
 273      D9ED6E28 
 273      060EBC8D 
 273      4680E03A 
 273      27B4
 274 0ac2 F73336F6 		.ascii	"\36736\366\027&R^\347\375\217!0\301U\007\374\215\275"
 274      1726525E 
 274      E7FD8F21 
 274      30C15507 
 274      FC8DBD
ARM GAS  /tmp/cc9e0Qw9.s 			page 22


 275 0ad5 98BED4D7 		.ascii	"\230\276\324\327\262\326\015\334\305\321\355\026\353"
 275      B2D60DDC 
 275      C5D1ED16 
 275      EB
 276 0ae2 946F6CDD 		.ascii	"\224ol\335\330\2331\317\234`\333\334\001\362\367%\277"
 276      D89B31CF 
 276      9C60DBDC 
 276      01F2F725 
 276      BF
 277 0af3 7AD84AD0 		.ascii	"z\330J\320\227\000o\224\343\333\214,\216\352\352\346"
 277      97006F94 
 277      E3DB8C2C 
 277      8EEAEAE6 
 278 0b03 D51A777C 		.ascii	"\325\032w|\225\331sd\255\272\326Y\363\"\024\377U\343"
 278      95D97364 
 278      ADBAD659 
 278      F32214FF 
 278      55E3
 279 0b15 9146D7CA 		.ascii	"\221F\327\312\263v5\276\315\330\025\344\314\237\306"
 279      B37635BE 
 279      CDD815E4 
 279      CC9FC6
 280 0b24 D2D9221C 		.ascii	"\322\331\"\034Kd\013\227\332\242\204U=M\027|m\254\245"
 280      4B640B97 
 280      DAA28455 
 280      3D4D177C 
 280      6DACA5
 281 0b37 BBDCA8CA 		.ascii	"\273\334\250\312\215\266Z\333B\225(\014{\240\016Pf\017"
 281      8DB65ADB 
 281      4295280C 
 281      7BA00E50 
 281      660F
 282 0b49 5C6D626D 		.ascii	"\\mbm(\264\200d5\035\227\301i2Z\213Z@\332\343\034\337"
 282      28B48064 
 282      351D97C1 
 282      69325A8B 
 282      5A40DAE3 
 283 0b5f 56E5C850 		.ascii	"V\345\310P\266\335X\"E3\001#\203\276#\370D\260\275\240"
 283      B6DD5822 
 283      45330123 
 283      83BE23F8 
 283      44B0BDA0 
 284 0b73 65248C68 		.ascii	"e$\214h\030QX\260\226\332\323p}5\235\"\002\263n\022"
 284      185158B0 
 284      96DAD370 
 284      7D359D22 
 284      02B36E12 
 285 0b87 21912EE6 		.ascii	"!\221.\346H\237.\035\2270\364v\220\350\214|#z\266\\"
 285      489F2E1D 
 285      9730F476 
 285      90E88C7C 
 285      237AB65C 
 286 0b9b E08F6BD6 		.ascii	"\340\217k\326\251n~\250+ \307\247\372\373ww\342#\256"
 286      A96E7EA8 
 286      2B20C7A7 
 286      FAFB7777 
 286      E223AE
ARM GAS  /tmp/cc9e0Qw9.s 			page 23


 287 0bae D49E9189 		.ascii	"\324\236\221\211\3635\2568\231\001\361C\355-z\207\244"
 287      F335AE38 
 287      9901F143 
 287      ED2D7A87 
 287      A4
 288 0bbf 7F00EC1A 		.ascii	"\177\000\354\032\203\205I\177662O\345\320\330q\304\313"
 288      8385497F 
 288      3636324F 
 288      E5D0D871 
 288      C4CB
 289 0bd1 4ADC7F4A 		.ascii	"J\334\177J\264s\307\212\204<\210\371\346pk\274<B\216"
 289      B473C78A 
 289      843C88F9 
 289      E6706BBC 
 289      3C428E
 290 0be4 4B98108D 		.ascii	"K\230\020\215m\221\265:\334\310\200\314\224k\365\032"
 290      6D91B53A 
 290      DCC880CC 
 290      946BF51A 
 291 0bf4 07890EC1 		.ascii	"\007\211\016\301L\207\305\022\265\246\345\251p/#\272"
 291      4C87C512 
 291      B5A6E5A9 
 291      702F23BA 
 292 0c04 993119E3 		.ascii	"\2311\031\343\270w\035q \252>Q\023'\252\213\342E\342"
 292      B8771D71 
 292      20AA3E51 
 292      1327AA8B 
 292      E245E2
 293 0c17 1DE5E2E1 		.ascii	"\035\345\342\341\330\204\2259W\222\005\244\033%q\300"
 293      D8849539 
 293      579205A4 
 293      1B2571C0 
 294 0c27 F818F76F 		.ascii	"\370\030\367o\"\3705A\344\327%\336\232\001n\2645s\314"
 294      22F83541 
 294      E4D725DE 
 294      9A016EB4 
 294      3573CC
 295 0c3a D1ADC2BD 		.ascii	"\321\255\302\275i\366U\226$\3016\264I$\201\316\275:"
 295      69F65596 
 295      24C136B4 
 295      492481CE 
 295      BD3A
 296 0c4c 3B14D6E2 		.ascii	";\024\326\342\216G\230\312\247\007\253\356*\2354r\222"
 296      8E4798CA 
 296      A707ABEE 
 296      2A9D3472 
 296      92
 297 0c5d A4E5231D 		.ascii	"\244\345#\035\260\027us\374,\034G\002\343^\327\223r"
 297      B0177573 
 297      FC2C1C47 
 297      02E35ED7 
 297      9372
 298 0c6f 57FC80B1 		.ascii	"W\374\200\261\314\275\3240\254\304\213\024\300y\311"
 298      CCBDD430 
 298      ACC48B14 
 298      C079C9
 299 0c7e 610FDD78 		.ascii	"a\017\335x\027\334Jr\2710\374\240vA\231/\213\326\366"
ARM GAS  /tmp/cc9e0Qw9.s 			page 24


 299      17DC4A72 
 299      B930FCA0 
 299      7641992F 
 299      8BD6F6
 300 0c91 14E1FA49 		.ascii	"\024\341\372I\345\350\366\365\343)\261|\004)\\F\321"
 300      E5E8F6F5 
 300      E329B17C 
 300      04295C46 
 300      D1
 301 0ca2 89F8E920 		.ascii	"\211\370\351 ~\306\272\370S\253\345\367\024x\305U\324"
 301      7EC6BAF8 
 301      53ABE5F7 
 301      1478C555 
 301      D4
 302 0cb3 8C789D37 		.ascii	"\214x\2357#l\207\363\327\331\341\374\342\265\373\031"
 302      236C87F3 
 302      D7D9E1FC 
 302      E2B5FB19 
 303 0cc3 721CC180 		.ascii	"r\034\301\200\207\373\212\223\370\351\\\334\"\312\305"
 303      87FB8A93 
 303      F8E95CDC 
 303      22CAC5
 304 0cd2 94804C95 		.ascii	"\224\200L\225\203\267\242lL\353\300\033i\263\363\012"
 304      83B7A26C 
 304      4CEBC01B 
 304      69B3F30A 
 305 0ce2 7C8CD15E 		.ascii	"|\214\321^\273\331\336\205p*\003N\214\356\353\304\352"
 305      BBD9DE85 
 305      702A034E 
 305      8CEEEBC4 
 305      EA
 306 0cf3 28CAA855 		.ascii	"(\312\250U\310(\037\030\025`5\0156!\253\320\343\241"
 306      C8281F18 
 306      1560350D 
 306      3621ABD0 
 306      E3A1
 307 0d05 FF8D8B19 		.ascii	"\377\215\213\031q\342<\224\204R\304\205N\210\037'\335"
 307      71E23C94 
 307      8452C485 
 307      4E881F27 
 307      DD
 308 0d16 BACF9B61 		.ascii	"\272\317\233a{\211\273\262\007\256e\352q\023\343\266"
 308      7B89BBB2 
 308      07AE65EA 
 308      7113E3B6 
 309 0d26 F7CE42B3 		.ascii	"\367\316B\263\233M\247\210\227\265\275H\3256s6\016\013"
 309      9B4DA788 
 309      97B5BD48 
 309      D5367336 
 309      0E0B
 310 0d38 23BF140B 		.ascii	"#\277\024\013[5e\266\205\0316^;\210p+\233!{O\33655/"
 310      5B3565B6 
 310      8519365E 
 310      3B88702B 
 310      9B217B4F 
 311 0d50 6169DB65 		.ascii	"ai\333e%\251'Z\205;\331[[#e3o\244\364=9:\357\356\264"
 311      25A9275A 
ARM GAS  /tmp/cc9e0Qw9.s 			page 25


 311      853BD95B 
 311      5B236533 
 311      6FA4F43D 
 312 0d69 19548559 		.ascii	"\031T\205Y3\350\004\323l\264|\270M\201/2N}\323\221\207"
 312      33E804D3 
 312      6CB47CB8 
 312      4D812F32 
 312      4E7DD391 
 313 0d7e DD9C14EA 		.ascii	"\335\234\024\352\325X\252P/;\264\324\246\263\367\222"
 313      D558AA50 
 313      2F3BB4D4 
 313      A6B3F792 
 314 0d8e 5E4335A0 		.ascii	"^C5\240N\005\030\256\030\223\311j\361f6#\325\251#~\246"
 314      4E0518AE 
 314      1893C96A 
 314      F1663623 
 314      D5A9237E 
 315 0da3 468E6FF0 		.ascii	"F\216o\360\260\330_q\217\367\313&I\277\354VA_\004\357"
 315      B0D85F71 
 315      8FF7CB26 
 315      49BFEC56 
 315      415F04EF 
 316 0db7 24B5CC10 		.ascii	"$\265\314\020\204\301\204\363}z|\217a\257\334;[\306"
 316      84C184F3 
 316      7D7A7C8F 
 316      61AFDC3B 
 316      5BC6
 317 0dc9 1B7DD768 		.ascii	"\033}\327hu\236Q\320\246\303s\354\345\203\376\226*7"
 317      759E51D0 
 317      A6C373EC 
 317      E583FE96 
 317      2A37
 318 0ddb A9A06A92 		.ascii	"\251\240j\222\014\252\212\305\313\351\012\274\314hC"
 318      0CAA8AC5 
 318      CBE90ABC 
 318      CC6843
 319 0dea 8BE32B34 		.ascii	"\213\343+48\302\215u\232.7\034Dx?\003z\353zo\273\342"
 319      38C28D75 
 319      9A2E371C 
 319      44783F03 
 319      7AEB7A6F 
 320 0e00 230C18CF 		.ascii	"#\014\030\317\217\272\347\370c\333\031\340\177V\224"
 320      8FBAE7F8 
 320      63DB19E0 
 320      7F5694
 321 0e0f D8126A0F 		.ascii	"\330\022j\017\327jp.#\232k\213\351R8$\353V\007\242\222"
 321      D76A702E 
 321      239A6B8B 
 321      E9523824 
 321      EB5607A2 
 322 0e24 95F1788D 		.ascii	"\225\361x\2150&\332DK\372\234-\033\266\014E_S8\315\206"
 322      3026DA44 
 322      4BFA9C2D 
 322      1BB60C45 
 322      5F5338CD 
 323 0e39 32D4CED7 		.ascii	"2\324\316\327j\007\254\325Na*\\m\306],i\000/\324\002"
 323      6A07ACD5 
ARM GAS  /tmp/cc9e0Qw9.s 			page 26


 323      4E612A5C 
 323      6DC65D2C 
 323      69002FD4 
 324 0e4e 02B4BF2C 		.ascii	"\002\264\277,iL\234\302)\014\375\367\032tZ\032\333V"
 324      694C9CC2 
 324      290CFDF7 
 324      1A745A1A 
 324      DB56
 325 0e60 FFF5A40C 		.ascii	"\377\365\244\014\204\362cR'=\353\225\037|\007\237\244"
 325      84F26352 
 325      273DEB95 
 325      1F7C079F 
 325      A4
 326 0e71 FAE3C36D 		.ascii	"\372\343\303m\211\021\316\2637\224\272\\\336\363 o\257"
 326      8911CEB3 
 326      3794BA5C 
 326      DEF3206F 
 326      AF
 327 0e82 50DE8926 		.ascii	"P\336\211&\\\307\004\260\345\356\236\227\346\356\231"
 327      5CC704B0 
 327      E5EE9E97 
 327      E6EE99
 328 0e91 46DC68DF 		.ascii	"F\334h\337\302\273\261$>O\336\266\337\2607\363\337\260"
 328      C2BBB124 
 328      3E4FDEB6 
 328      DFB037F3 
 328      DFB0
 329 0ea3 1B96930E 		.ascii	"\033\226\223\016\251\361\0317~\366\232m@\270\227\001"
 329      A9F11937 
 329      7EF69A6D 
 329      40B89701 
 330 0eb3 89610507 		.ascii	"\211a\005\007\364RY\002\252TtA\"K$\237N<\256\302#\214"
 330      F4525902 
 330      AA547441 
 330      224B249F 
 330      4E3CAEC2 
 331 0ec9 3AFD764E 		.ascii	":\375vN\264B\212\372\242\023\352\230\301\247\327\\\361"
 331      B4428AFA 
 331      A213EA98 
 331      C1A7D75C 
 331      F1
 332 0eda 0CA3BE58 		.ascii	"\014\243\276X]\231\250\303\213\014\230\216y\274\252"
 332      5D99A8C3 
 332      8B0C988E 
 332      79BCAA
 333 0ee9 C22B0C18 		.ascii	"\302+\014\030\332\363\244\333\005Gi\011\240xq{qM\215"
 333      DAF3A4DB 
 333      05476909 
 333      A078717B 
 333      714D8D
 334 0efc 7885450A 		.ascii	"x\205E\012\321:\234\316w\007\244A\2030\323\220\023\303"
 334      D13A9CCE 
 334      7707A441 
 334      8330D390 
 334      13C3
 335 0f0e 499E7C64 		.ascii	"I\236|d\024\235\270d\030\\r\015\306u\241[\356\327c\266"
 335      149DB864 
ARM GAS  /tmp/cc9e0Qw9.s 			page 27


 335      185C720D 
 335      C675A15B 
 335      EED763B6 
 336 0f22 A312E657 		.ascii	"\243\022\346W\034\230ol\222\335/\023\240_\225\226\205"
 336      1C986F6C 
 336      92DD2F13 
 336      A05F9596 
 336      85
 337 0f33 3BA570A0 		.ascii	";\245p\240\276\225o\207\357\001\230\026\335R\302{\345"
 337      BE956F87 
 337      EF019816 
 337      DD52C27B 
 337      E5
 338 0f44 99A417BF 		.ascii	"\231\244\027\277\330\337\025\251\307\261T\347\365F\371"
 338      D8DF15A9 
 338      C7B154E7 
 338      F546F9
 339 0f53 16DE28EF 		.ascii	"\026\336(\357Y\330\267&\307\361\354\345XR\3561\236U"
 339      59D8B726 
 339      C7F1ECE5 
 339      5852EE31 
 339      9E55
 340 0f65 540076BE 		.ascii	"T\000v\276H<*w\232\012\307y*\274\305\034\220\020S|["
 340      483C2A77 
 340      9A0AC779 
 340      2ABCC51C 
 340      9010537C 
 341 0f7a 543391BE 		.ascii	"T3\221\276\270\035\3736\266\267:\012\257\337\031\307"
 341      B81DFB36 
 341      B6B73A0A 
 341      AFDF19C7 
 342 0f8a F6B4A7A0 		.ascii	"\366\264\247\240/o\202/\331\311\340\016I{\343\266\264"
 342      2F6F822F 
 342      D9C9E00E 
 342      497BE3B6 
 342      B4
 343 0f9b 57DB95D0 		.ascii	"W\333\225\320\346"
 343      E6
 344 0fa0 8253B4A2 		.ascii	"\202S\264\242\236\370\026\326\023\237^z\362@\217\263"
 344      9EF816D6 
 344      139F5E7A 
 344      F2408FB3 
 345 0fb0 D9BB93FD 		.ascii	"\331\273\223\375I\011\\x%\331W\227G'\325N\205\237\342"
 345      49095C78 
 345      25D95797 
 345      4727D54E 
 345      859FE2
 346 0fc3 C24FF29D 		.ascii	"\302O\362\235\262\254\357\206\313\306\246\376\004f\312"
 346      B2ACEF86 
 346      CBC6A6FE 
 346      0466CA
 347 0fd2 C9D07D22 		.ascii	"\311\320}\"\321\224M\242\201\276\306q8v\261YG\016\314"
 347      D1944DA2 
 347      81BEC671 
 347      3876B159 
 347      470ECC
 348 0fe5 37215C45 		.ascii	"7!\\E\001e\315\362\300\023\015\022\376.\335^\212\323"
ARM GAS  /tmp/cc9e0Qw9.s 			page 28


 348      0165CDF2 
 348      C0130D12 
 348      FE2EDD5E 
 348      8AD3
 349 0ff7 5805015A 		.ascii	"X\005\001Z\2411p\343,"
 349      A13170E3 
 349      2C
 350 1000 B8D1AEAB 		.ascii	"\270\321\256\253\3408\310O\233%\302\030\274\313\011"
 350      E038C84F 
 350      9B25C218 
 350      BCCB09
 351 100f A44EA7E2 		.ascii	"\244N\247\342\222\0038\216PYgy\014>\206\370{\004c\016"
 351      9203388E 
 351      50596779 
 351      0C3E86F8 
 351      7B04630E 
 352 1023 C60C8C69 		.ascii	"\306\014\214ia,>+\022\004\327\003\207ID\031\202\244"
 352      612C3E2B 
 352      1204D703 
 352      87494419 
 352      82A4
 353 1035 B4629C0A 		.ascii	"\264b\234\012Z\300\211\016,\201\356q|\273}\034\032\274"
 353      5AC0890E 
 353      2C81EE71 
 353      7CBB7D1C 
 353      1ABC
 354 1047 4542251E 		.ascii	"EB%\036J\363g\301\253\036\277\326|FI\177\315\347\255"
 354      4AF367C1 
 354      AB1EBFD6 
 354      7C46497F 
 354      CDE7AD
 355 105a 11F20BFA 		.ascii	"\021\362\013\372)\234@\317l$u\236\002\362e,<@fl8\021"
 355      299C40CF 
 355      6C24759E 
 355      02F2652C 
 355      3C40666C 
 356 1070 8E36E0F2 		.ascii	"\2166\340\362\012*\336%\310\014\375\034\237%\014\031"
 356      0A2ADE25 
 356      C80CFD1C 
 356      9F250C19 
 357 1080 EAC31BB4 		.ascii	"\352\303\033\264\231i\342\334I\232\313\222o\344\336"
 357      9969E2DC 
 357      499ACB92 
 357      6FE4DE
 358 108f 85371C4F 		.ascii	"\2057\034O\013q\2318\235.;M\377D\367\3238\215\011\323"
 358      0B719938 
 358      9D2E3B4D 
 358      FF44F7D3 
 358      388D09D3 
 359 10a3 8C59EB5C 		.ascii	"\214Y\353\\(L\243\2209\310\262X\317e!\253\3732\227\334"
 359      284CA390 
 359      39C8B258 
 359      CF6521AB 
 359      FB3297DC 
 360 10b7 9E50ECC7 		.ascii	"\236P\354\307!\221\267\217\001\302Q\372j\231{{\021<"
 360      2191B78F 
 360      01C251FA 
ARM GAS  /tmp/cc9e0Qw9.s 			page 29


 360      6A997B7B 
 360      113C
 361 10c9 FC0CC612 		.ascii	"\374\014\306\022\214'0\026`\314\303x\212\005G\371\356"
 361      8C273016 
 361      60CCC378 
 361      8A0547F9 
 361      EE
 362 10da 521C4ABD 		.ascii	"R\034J\275N\2741\312'\263G\216pgr[\316\353>\251\343"
 362      4EBC31CA 
 362      27B3478E 
 362      7067725B 
 362      CEEB3EA9 
 363 10ef 6EB1C533 		.ascii	"n\261\30531\365A\234\301\214\001\265\026*\007\036a\012"
 363      31F5419C 
 363      C18C01B5 
 363      162A071E 
 363      610A
 364 1101 A1318A37 		.ascii	"\2411\2127\350\327\227\202\217R\375H%L~\031 \350\366"
 364      E8D79782 
 364      8F52FD48 
 364      254C7E19 
 364      20E8F6
 365 1114 FA3845E4 		.ascii	"\3728E\344\033b\275$\\\312\254w\034\254\227\305\371"
 365      1B62BD24 
 365      5CCAAC77 
 365      1CAC97C5 
 365      F9
 366 1125 DBACC7D0 		.ascii	"\333\254\307\320\337\265\327\347\031\204;\3514\354\341"
 366      DFB5D7E7 
 366      19843BE9 
 366      34ECE1
 367 1134 AE24D8F6 		.ascii	"\256$\330\366\323k\272\\,\315\365\323\334\000D\361\006"
 367      D36BBA5C 
 367      2CCDF5D3 
 367      DC0044F1 
 367      06
 368 1145 CEDC6ECC 		.ascii	"\316\334n\314\370\015\350\213\261\230\177T\002\225\030"
 368      F80DE88B 
 368      B1987F54 
 368      029518
 369 1154 AAE4F8F6 		.ascii	"\252\344\370\366\372l\203\347\333\023\205\266)qb\033"
 369      FA6C83E7 
 369      DB1385B6 
 369      2971621B 
 370 1164 C7D3763D 		.ascii	"\307\323v=0\254\203w\350$'\241m\005\3056\364\034\034"
 370      30AC8377 
 370      E82427A1 
 370      6D05C536 
 370      F41C1C
 371 1177 180AD748 		.ascii	"\030\012\327H\030+\244\315\000#\002\356W\341\032\016"
 371      182BA4CD 
 371      002302EE 
 371      57E11A0E 
 372 1187 D735A173 		.ascii	"\3275\241s\333\013p\"[\243i\362\315(\231\333\302\376"
 372      DB0B7022 
 372      5BA369F2 
 372      CD2899DB 
ARM GAS  /tmp/cc9e0Qw9.s 			page 30


 372      C2FE
 373 1199 C364C246 		.ascii	"\303d\302F\345Rp\021\313L\311`\214\375|j\3732\330\267"
 373      E5527011 
 373      CB4CC960 
 373      8CFD7C6A 
 373      FB32D8B7 
 374 11ad D1353389 		.ascii	"\32153\211\270\204\271\246\010VY\236\244k\370\206t\375"
 374      B884B9A6 
 374      0856599E 
 374      A46BF886 
 374      74FD
 375 11bf 5CC5BC06 		.ascii	"\\\305\274\0067\260\014\331\2241\266G\341!\255q\224"
 375      37B00CD9 
 375      9431B647 
 375      E121AD71 
 375      94
 376 11d0 E2FFA531 		.ascii	"\342\377\2451\002\206\244\350-\356M\342e\355\022)\202"
 376      0286A4E8 
 376      2DEE4DE2 
 376      65ED1229 
 376      82
 377 11e1 932A671F 		.ascii	"\223*g\037\350p;\233\326\366A\326\026\366AVQg\347\220"
 377      E8703B9B 
 377      D6F641D6 
 377      16F64156 
 377      5167E790 
 378 11f5 0EF7B077 		.ascii	"\016\367\260w95\245\005\3443\303\037\221\337D\261\340"
 378      3935A505 
 378      E433C31F 
 378      91DF44B1 
 378      E0
 379 1206 D0F52356 		.ascii	"\320\365#V\326\266=\273\036\345\206\2572\344\350\322"
 379      D6B63DBB 
 379      1EE586AF 
 379      32E4E8D2 
 380 1216 8B8FDC59 		.ascii	"\213\217\334Y}\034\027nuyC\266\376C\001\212UP\022\""
 380      7D1C176E 
 380      757943B6 
 380      FE43018A 
 380      55501222 
 381 122a 7D8C622B 		.ascii	"}\214b+:\240\240\233IN\331x\201\016\337g\324g\017\306"
 381      3AA0A09B 
 381      494ED978 
 381      810EDF67 
 381      D4670FC6 
 382 123e 0FBBE379 		.ascii	"\017\273\343y\006\204\265]\177\312ON\231\255\242&\220"
 382      0684B55D 
 382      7FCA4F4E 
 382      99ADA226 
 382      90
 383 124f 0C1D56F0 		.ascii	"\014\035V\360\242F\360\371Z\364x\351\252\026/3\342\324"
 383      A246F0F9 
 383      5AF478E9 
 383      AA162F33 
 383      E2D4
 384 1261 EE85EB48 		.ascii	"\356\205\353H\222\030\035\0019\244\350\007\362\017\267"
 384      92181D01 
ARM GAS  /tmp/cc9e0Qw9.s 			page 31


 384      39A4E807 
 384      F20FB7
 385 1270 6B70B48E 		.ascii	"kp\264\2166[\347.u4\333\033J\340\320{E\252\231s=\007"
 385      365BE72E 
 385      7534DB1B 
 385      4AE0D07B 
 385      45AA9973 
 386 1286 AC99A118 		.ascii	"\254\231\241\030\035T\300Q\032\270$\2023\354\277\203"
 386      1D54C051 
 386      1AB82482 
 386      33ECBF83 
 387 1296 389CF24B 		.ascii	"8\234\362K\371\227C\3610\331!\216\376\327>\005\261g"
 387      F99743F1 
 387      30D9218E 
 387      FED73E05 
 387      B167
 388 12a8 B344EEE9 		.ascii	"\263D\356\351\004\360\3441\030\3110\222\024\202\030"
 388      04F0E431 
 388      18C93092 
 388      148218
 389 12b7 5EACDBC2 		.ascii	"^\254\333\302\370\223\323\371Q\007\376\033\267\231\325"
 389      F893D3F9 
 389      5107FE1B 
 389      B799D5
 390 12c6 F2D70F87 		.ascii	"\362\327\017\207[\013\376@\245\337/-\375>\005\013\311"
 390      5B0BFE40 
 390      A5DF2F2D 
 390      FD3E050B 
 390      C9
 391 12d7 73C7ABCE 		.ascii	"s\307\253\316\310q\271\216\2359[[\343\224N\332\327)"
 391      C871B98E 
 391      9D395B5B 
 391      E3944EDA 
 391      D729
 392 12e9 9C8F1341 		.ascii	"\234\217\023AI\330utF\251\361)\306\352\314\314\334\011"
 392      49D87574 
 392      46A9F129 
 392      C6EACCCC 
 392      DC09
 393 12fb 056E6340 		.ascii	"\005nc@Lh\312\373\270\203\336\343;C\023\017T/)\3373"
 393      4C68CAFB 
 393      B883DEE3 
 393      3B43130F 
 393      542F29DF 
 394 1310 F91C59C0 		.ascii	"\371\034Y\300;[h\204{\365\252\203\221\373\331\257\257"
 394      3B5B6884 
 394      7BF5AA83 
 394      91FBD9AF 
 394      AF
 395 1321 C40E1920 		.ascii	"\304\016\031 P\246\264\235\031\301\370O\370^\016\310"
 395      50A6B49D 
 395      19C1F84F 
 395      F85E0EC8 
 396 1331 E9D2C8B6 		.ascii	"\351\322\310\266\363\306\335\210\375\361\356x\212I;"
 396      F3C6DD88 
 396      FDF1EE78 
 396      8A493B
ARM GAS  /tmp/cc9e0Qw9.s 			page 32


 397 1340 B2943467 		.ascii	"\262\2244g\373\206BOj\343\223\323wlg\310G\264S\263\264"
 397      FB86424F 
 397      6AE393D3 
 397      776C67C8 
 397      47B453B3 
 398 1355 6FCE1D3F 		.ascii	"o\316\035?a\341\323\022=\032\253c-e\321Z>\016\201\237"
 398      61E1D312 
 398      3D1AAB63 
 398      2D65D15A 
 398      3E0E819F 
 399 1369 0B464639 		.ascii	"\013FF90u>W\252\020\224*\206Q\000\243H\250\334D\321"
 399      30753E57 
 399      AA10942A 
 399      865100A3 
 399      48A8DC44 
 400 137e F70EF18C 		.ascii	"\367\016\361\214\015\250i\234\304\226\017$\276\245\313"
 400      0DA8699C 
 400      C4960F24 
 400      BEA5CB
 401 138d 78FD10DD 		.ascii	"x\375\020\335?\310g:y\034]\342#D\216]\274\205\365zS"
 401      3FC8673A 
 401      791C5DE2 
 401      23448E5D 
 401      BC85F57A 
 402 13a2 012B9A63 		.ascii	"\001+\232c\333\343o\257b\003z\241\206m\007\304bds\022"
 402      DBE36FAF 
 402      62037AA1 
 402      866D07C4 
 402      62647312 
 403 13b6 33B7871B 		.ascii	"3\267\207\033\321\207\264\005o\214\235v\275\205n\"\362"
 403      D187B405 
 403      6F8C9D76 
 403      BD856E22 
 403      F2
 404 13c7 D133422B 		.ascii	"\3213B+\337 \031\371\217\374\303\016\247\344\212\310"
 404      DF2019F9 
 404      8FFCC30E 
 404      A7E48AC8 
 405 13d7 3DE29F98 		.ascii	"=\342\237\230\323?D\3768\036\273\020\004\366\214]l\377"
 405      D33F44FE 
 405      381EBB10 
 405      04F68C5D 
 405      6CFF
 406 13e9 B06772CE 		.ascii	"\260gr\316\305\366i5b4\214;\005\005\254\331{\304\337"
 406      C5F66935 
 406      62348C3B 
 406      0505ACD9 
 406      7BC4DF
 407 13fc DB983002 		.ascii	"\333\2300\002&\225\235\220?\222\363\351\204\024\310"
 407      26959D90 
 407      3F92F3E9 
 407      8414C8
 408 140b 41623B43 		.ascii	"Ab;C\331:S\333\037\277'\347\264\225\230\014\3758\032"
 408      D93A53DB 
 408      1FBF27E7 
 408      B495980C 
 408      FD381A
ARM GAS  /tmp/cc9e0Qw9.s 			page 33


 409 141e 0B25063D 		.ascii	"\013%\006=\324\377\311/\321w\342\276/c\007\300\250\334"
 409      D4FFC92F 
 409      D177E2BE 
 409      2F6307C0 
 409      A8DC
 410 1430 25571CAF 		.ascii	"%W\034\257w\366;r\333b\363q\307\246\355\234\303\027"
 410      77F63B72 
 410      DB62F371 
 410      C7A6ED9C 
 410      C317
 411 1442 B87D69E7 		.ascii	"\270}i\347\232\344\302\203E\205(\276+\025\274\347\263"
 411      9AE4C283 
 411      458528BE 
 411      2B15BCE7 
 411      B3
 412 1453 273C2A42 		.ascii	"'<*BA\247\200G\250\\A'\251\35394\247u\372;o\225\342"
 412      41A78047 
 412      A85C4127 
 412      A9EB3934 
 412      A775FA3B 
 413 146a BB327442 		.ascii	"\2732tB\301\177\347=ST\362\257?\310\264\216\215Y[n\366"
 413      C17FE73D 
 413      5354F2AF 
 413      3FC8B48E 
 413      8D595B6E 
 414 147f AAF6B74E 		.ascii	"\252\366\267NY\255\032\005\301Ae\020J\\ r/C\245\212"
 414      59AD1A05 
 414      C1416510 
 414      4A5C2072 
 414      2F43A58A 
 415 1493 71844A14 		.ascii	"q\204J\024\267\210\225\252\025?\000\342\311\013\035"
 415      B78895AA 
 415      153F00E2 
 415      C90B1D
 416 14a2 A918DF66 		.ascii	"\251\030\337f\332.\234I\035 \337\371(\33177*\332\217"
 416      DA2E9C49 
 416      1D20DFF9 
 416      28D93737 
 416      2ADA8F
 417 14b5 E9F8197B 		.ascii	"\351\370\031{Bd\331\005O\256\036\2704\254\304\323\214"
 417      4264D905 
 417      4FAE1EB8 
 417      34ACC4D3 
 417      8C
 418 14c6 E259D28B 		.ascii	"\342Y\322\213J7\301iE\220\334\353\024\224\214,\253\223"
 418      4A37C169 
 418      4590DCEB 
 418      14948C2C 
 418      AB93
 419 14d8 B0D66AD9 		.ascii	"\260\326j\331&\263<Uq\326\225j[\017\311\217Y\364a\344"
 419      26B33C55 
 419      71D6956A 
 419      5B0FC98F 
 419      59F461E4 
 420 14ec E5C77AA7 		.ascii	"\345\307z\247\3126\022e\033l\312\206\356\271\333\252"
 420      CA361265 
 420      1B6CCA86 
ARM GAS  /tmp/cc9e0Qw9.s 			page 34


 420      EEB9DBAA 
 421 14fc 25DA929F 		.ascii	"%\332\222\237xFU\017\242\243b\254Y\210b\241\032\201"
 421      7846550F 
 421      A2A362AC 
 421      598862A1 
 421      1A81
 422 150e BA70CF5C 		.ascii	"\272p\317\\\336D\325\314\232N\033\320\341\034w\366+"
 422      DE44D5CC 
 422      9A4E1BD0 
 422      E11C77F6 
 422      2B
 423 151f 75ED9126 		.ascii	"u\355\221&\366\273;m\274\301\223\341\310\312X\207_l"
 423      F6BB3B6D 
 423      BCC193E1 
 423      C8CA5887 
 423      5F6C
 424 1531 65E8B442 		.ascii	"e\350\264B\350\320\244\362\372*\035.a<\246\006K\207"
 424      E8D0A4F2 
 424      FA2A1D2E 
 424      613CA606 
 424      4B87
 425 1543 1C5B432D 		.ascii	"\034[C- \201\230\250=\377\210\2470\010\316\210\202\340"
 425      208198A8 
 425      3DFF88A7 
 425      3008CE88 
 425      82E0
 426 1555 AC2D080E 		.ascii	"\254-\010\016\205\316\347\251\250H\360\010\235bA\260"
 426      85CEE7A9 
 426      A848F008 
 426      9D6241B0 
 427 1565 7AE27A3B 		.ascii	"z\342z;\022\332\345\367\032\201]\332\210]Zmv\231\356"
 427      12DAE5F7 
 427      1A815DDA 
 427      885D5A6D 
 427      7699EE
 428 1578 ED199673 		.ascii	"\355\031\226s\273\364/\251&\373\242Z~KqP\263\300*\315"
 428      BBF42FA9 
 428      26FBA25A 
 428      7E4B7150 
 428      B3C02ACD 
 429 158c 36AB9CA3 		.ascii	"6\253\234\243V\231>\234\224\254\307\013L\243\230\211"
 429      56993E9C 
 429      94ACC70B 
 429      4CA39889 
 430 159c 8E7E77BC 		.ascii	"\216~w\274\314\200\212\261[G5\036\322\011\263\343\345"
 430      CC808AB1 
 430      5B47351E 
 430      D209B3E3 
 430      E5
 431 15ad 09938448 		.ascii	"\011\223\204H\353|\245\374\2079T\030\330\026F\362{\254"
 431      EB7CA5FC 
 431      87395418 
 431      D81646F2 
 431      7BAC
 432 15bf D62C2DEA 		.ascii	"\326,-\352\004\242v&\315:7\031yB$\352R\374\220\234~"
 432      04A27626 
 432      CD3A3719 
ARM GAS  /tmp/cc9e0Qw9.s 			page 35


 432      794224EA 
 432      52FC909C 
 433 15d4 0B97C755 		.ascii	"\013\227\307UB{u\212\354\325M\355E.\200\373d\364J\254"
 433      427B758A 
 433      ECD54DED 
 433      452E80FB 
 433      64F44AAC 
 434 15e8 5ED44053 		.ascii	"^\324@S\010\277o\350a\270=\024\367\351hR\215\213\020"
 434      08BF6FE8 
 434      61B83D14 
 434      F7E96852 
 434      8D8B10
 435 15fb 37597416 		.ascii	"7Yt\026\352e\270\275\024\367\300\265\032Q_.\026\352"
 435      EA65B8BD 
 435      14F7C0B5 
 435      1A515F2E 
 435      16EA
 436 160d 523BEA79 		.ascii	"R;\352y\206z\236\242\216X\357\326\272\011q\217\210p"
 436      867A9EA2 
 436      8E58EFD6 
 436      BA09718F 
 436      8870
 437 161f FB186E1F 		.ascii	"\373\030n\037\305\25587\225*\372\026\270Q$n?\303\355"
 437      C5AD3837 
 437      952AFA16 
 437      B851246E 
 437      3FC3ED
 438 1632 A7B80F0E 		.ascii	"\247\270\017\016\317G\211\276z\025\177\273<\300p\311"
 438      CF4789BE 
 438      7A157FBB 
 438      3CC070C9 
 439 1642 C5233024 		.ascii	"\305#0$\340#\223\345\203\240@sH\200\301d\376\304\260"
 439      E02393E5 
 439      83A04073 
 439      4880C164 
 439      FEC4B0
 440 1655 DDF22B4F 		.ascii	"\335\362+O\277\240\000\203g\260\321\342\371\376\027"
 440      BFA00083 
 440      67B0D1E2 
 440      F9FE17
 441 1664 1F7A7DFE 		.ascii	"\037z}\376\376\007\037z\276\377\251\361\363\2407\337"
 441      FE071F7A 
 441      BEFFA9F1 
 441      F3A037DF 
 442 1674 0F0E367B 		.ascii	"\017\0166{\006\030}}\375\015\337x\233\014\236!\237\177"
 442      06187D7D 
 442      FD0DDF78 
 442      9B0C9E21 
 442      9F7F
 443 1686 E96936F9 		.ascii	"\351i6\371x\206\230,^\001\006\263\331{\207\341-\037"
 443      7886982C 
 443      5E0106B3 
 443      D97B87E1 
 443      2D1F
 444 1698 F5BFFDE6 		.ascii	"\365\277\375\346?\277\377\301/~!S\232\215\1776xY\024"
 444      3FBFFFC1 
 444      2F7E2153 
ARM GAS  /tmp/cc9e0Qw9.s 			page 36


 444      9A8D7F36 
 444      785914
 445 16ab E4A20AF6 		.ascii	"\344\242\012\366\336\355\037\344\355\253\260\030\003"
 445      DEED1FE4 
 445      EDABB018 
 445      03
 446 16b8 0C3AEF20 		.ascii	"\014:\357 \263\027\2711[\274\003\202\325!\306@\313O"
 446      B317B931 
 446      5BBC0382 
 446      D521C640 
 446      CB4F
 447 16ca DFF3B2FC 		.ascii	"\337\363\262\374\372\255\267<\341\177\013<\366\0146"
 447      FAADB73C 
 447      E17F0B3C 
 447      F60C36
 448 16d9 988CC17E 		.ascii	"\230\214\301~\006\323\3567\375\375}=\337\177\367\027"
 448      06D3EE37 
 448      FDFD7D3D 
 448      DF7FF717 
 449 16e9 6FFFD46B 		.ascii	"o\377\324k\347;\236\014\003\376\367\011\202\351\215"
 449      E73B9E0C 
 449      03FEF709 
 449      82E98D
 450 16f8 813E9E36 		.ascii	"\201>\2366Vo\371\311\264D\214 \363\227\000yY\344F_w"
 450      566FF9C9 
 450      B4448C20 
 450      F3970079 
 450      59E4465F 
 451 170d 8158465F 		.ascii	"\201XF_\020$\320\260\313\342&x\350\032l\012\332n\364"
 451      1024D0B0 
 451      CBE22678 
 451      E81A6C0A 
 451      DA6EF4
 452 1720 3706EED0 		.ascii	"7\006\356\320\206X\340\372go\213\021\014\361*AY\177"
 452      8658E0FA 
 452      676F8B11 
 452      0CF12A41 
 452      597F
 453 1732 E5131412 		.ascii	"\345\023\024\022h1\230\274,\177#\240\264\277\366\365"
 453      683198BC 
 453      2C7F23A0 
 453      B4BFF6F5 
 454 1742 B6786F02 		.ascii	"\266xo\002#\212,\370\353\377\223\005\211\032B\013\372"
 454      238A2CF8 
 454      EBFF9305 
 454      891A420B 
 454      FA
 455 1753 C9B63A9D 		.ascii	"\311\266:\235\312\313\242\023\276\263\340\235\001\026"
 455      CACBA213 
 455      BEB3E09D 
 455      0116
 456 1761 DDFB41E6 		.ascii	"\335\373A\346\317\276\260\230\014\336\001\377\365\351"
 456      CFBEB098 
 456      0CDE01FF 
 456      F5E9
 457 176f 976EC422 		.ascii	"\227n\304\"Af\012\252|\374\274\003\003\015\376\324\340"
 457      41660AAA 
ARM GAS  /tmp/cc9e0Qw9.s 			page 37


 457      7CFCBC03 
 457      030DFED4 
 457      E0
 458 1780 C6200E69 		.ascii	"\306 \016i\001\377\343\317>`\300\367$\354i\344\344 "
 458      01FFE3CF 
 458      3E60C0F7 
 458      24EC69E4 
 458      E420
 459 1792 89C6CE5B 		.ascii	"\211\306\316[\001\344&\345W!\333\267\033LJ\223! \310"
 459      01E426E5 
 459      5721DBB7 
 459      1B4C4A93 
 459      2120C8
 460 17a5 627033EC 		.ascii	"bp3\354\264|b4[\014\201\006\223\313v\177\357\035f\255"
 460      B47C6234 
 460      5B0C8106 
 460      93CB767F 
 460      EF1D66AD 
 461 17b9 61A721D0 		.ascii	"a\247!\320Bo\275,J\012\230\335\350%\300\333\374\265"
 461      426FBD2C 
 461      4A0A98DD 
 461      E825C0DB 
 461      FCB5
 462 17cb 9745EDCF 		.ascii	"\227E\355\317\321"
 462      D1
 463 17d0 5D7DFCBC 		.ascii	"]}\374\274,~\300\327W\315.^\026=\305\363\262al\022\203"
 463      2C7EC0D7 
 463      57CD2E5E 
 463      163DC5F3 
 463      B2616C12 
 464 17e5 C0EE1BCA 		.ascii	"\300\356\033\312\367-&\361\327\006\023\210\357\371\201"
 464      F72D26F1 
 464      D7061388 
 464      EFF981
 465 17f4 9FF12BE3 		.ascii	"\237\361+\343g_x\006\231=M\026\242\201\177\210\257\301"
 465      675F7806 
 465      993D4D16 
 465      A2817F88 
 465      AFC1
 466 1806 D3C78F4D 		.ascii	"\323\307\217M\015\032\270\202\214_\004\205\230|\014"
 466      0D1AB882 
 466      8C5F0485 
 466      987C0C
 467 1815 4C362F33 		.ascii	"L6/3\005\364B\300\313\342Bb\310\244\366\361\366\367"
 467      05F442C0 
 467      CBE24262 
 467      C8A4F6F1 
 467      F6F7
 468 1827 FFCADBE7 		.ascii	"\377\312\333\347\353M \335N\243\311\022\342\355O\243"
 468      EB4D20DD 
 468      4EA3C912 
 468      E2ED4FA3 
 469 1837 CBE42E82 		.ascii	"\313\344.\202@\217\235\226\355!\201>pc$\321\261\323"
 469      408F9D96 
 469      ED21813E 
 469      706324D1 
 469      B1D3
ARM GAS  /tmp/cc9e0Qw9.s 			page 38


 470 1849 DB7F33B1 		.ascii	"\333\1773\261\234\177P\340\016\333\003/\213\233\305"
 470      9C7F50E0 
 470      0EDB032F 
 470      8B9BC5
 471 1858 64DCB1C3 		.ascii	"d\334\261\303`\"4\356\242\230\207\370\334i\301\301\336"
 471      602234EE 
 471      A29887F8 
 471      DC69C1C1 
 471      DE
 472 1869 2605E1E2 		.ascii	"&\005\341\342\342K\224T\004\233\014;u0\261\257\301\037"
 472      E24B9454 
 472      049B0C3B 
 472      7530B1AF 
 472      C11F
 473 187b 1C4D1EB9 		.ascii	"\034M\036\271\213 \220\222\002:\363n\263}\2227\277\225"
 473      8B209092 
 473      023AF36E 
 473      B37D9237 
 473      BF95
 474 188d 39083DB1 		.ascii	"9\010=\261\0068\216,C\317oE\024\364\325\037\015>\314"
 474      06388E2C 
 474      43CF6F45 
 474      14F4D51F 
 474      0D3ECC
 475 18a0 8836E94D 		.ascii	"\2106\351M*\237\257@l\357\200\255N\326\241\011\260\335"
 475      2A9FAF40 
 475      6CEF80AD 
 475      4ED6A109 
 475      B0DD
 476 18b2 D6012F8B 		.ascii	"\326\001/\213\007\2717\373\031\374\375Y\310\220\205"
 476      07B937FB 
 476      19FCFD59 
 476      C89085
 477 18c1 28454B51 		.ascii	"(EKQ\210\200,\364^\201\270\373\202<Z\217k=`Q$\206\260"
 477      88802CF4 
 477      5E81B8FB 
 477      823C5A8F 
 477      6B3D6051 
 478 18d8 699D8847 		.ascii	"i\235\210G\265\273\215\202\007\266^\314A\023d\266E\252"
 478      B5BB8D82 
 478      07B65ECC 
 478      411364B6 
 478      45AA
 479 18ea 92395DE9 		.ascii	"\2229]\351\023\024\270\335\270\343\025;#\012\203\225"
 479      1314B8DD 
 479      B8E3153B 
 479      230A8395 
 480 18fa C1451683 		.ascii	"\301E\026\203~\3759\0057\211A\210FX\227\001\301\220"
 480      7EFD3905 
 480      37894188 
 480      46589701 
 480      C190
 481 190c 54BC030C 		.ascii	"T\274\003\014\256<\204\277\361\326\230-_{\373\033w\004"
 481      AE3C84BF 
 481      F1D6982D 
 481      5F7BFB1B 
 481      7704
ARM GAS  /tmp/cc9e0Qw9.s 			page 39


 482 191e 7A595CD7 		.ascii	"zY\\\327)\\\203 \235\321\334\242\"\271\356\347^\026"
 482      295C8320 
 482      9DD1DCA2 
 482      22B9EEE7 
 482      5E16
 483 1930 8D6197C1 		.ascii	"\215a\227\301\2070\0121\203G,\340H\225OP@\200w\240\257"
 483      87300A31 
 483      83472CE0 
 483      48954F50 
 483      408077A0 
 484 1945 402FF660 		.ascii	"@/\366`\363\306\007\300\331d\370S\010\004\222\301W\343"
 484      F3C607C0 
 484      D964F853 
 484      080492C1 
 484      57E3
 485 1957 EF0D5C7C 		.ascii	"\357\015\\|\010k\367u<\006\277\262\001\366\262\250\374"
 485      086BF775 
 485      3C06BFB2 
 485      01F6B2A8 
 485      FC
 486 1968 C00041A6 		.ascii	"\300\000A\246\335J\203\257\021h\325f\203?\270\327\340"
 486      DD4A83AF 
 486      1168D566 
 486      833FB8D7 
 486      E0
 487 1979 ABF20931 		.ascii	"\253\362\0111\231`1\270\030\003\203C,Jo\323\016X\344"
 487      996031B8 
 487      18038343 
 487      2C4A6FD3 
 487      0E58E4
 488 198c 4AB3E14F 		.ascii	"J\263\341O\376\206@r\001\310\025P\314A\246\340 \263"
 488      FE864072 
 488      01C81550 
 488      CC41A6E0 
 488      20B3
 489 199e 121EEEB0 		.ascii	"\022\036\356\260\370\271\255s'\011\336l\016v\013\010"
 489      F8B9AD73 
 489      2709DE6C 
 489      0E760B08 
 490 19ae F20D017E 		.ascii	"\362\015\001~$[2\221\341!{F\\\256f\267\037\373\022\343"
 490      245B3291 
 490      E1217B46 
 490      5CAE66B7 
 490      1FFB12E3 
 491 19c2 EE60AB81 		.ascii	"\356`\253\201`P\010\354a\336\035\350\303\334\362\267"
 491      605008EC 
 491      61DE1DE8 
 491      C3DCF2B7 
 492 19d2 52C10198 		.ascii	"R\301\001\230\020\033z\333=\313\204.t~y\220Y\261#\330"
 492      101B7ADB 
 492      3DCB842E 
 492      747E7990 
 492      59B123D8 
 493 19e6 18F4BA14 		.ascii	"\030\364\272\024\335n0\022McvHm\313n\362\367djoS\300"
 493      DD6E3012 
 493      4D637648 
 493      6DCB6EF2 
ARM GAS  /tmp/cc9e0Qw9.s 			page 40


 493      F7646A6F 
 494 19fc CE9FBD19 		.ascii	"\316\237\275\031 \323\000\231\305\260\353\315\200we"
 494      20D30099 
 494      C5B0EBCD 
 494      807765
 495 1a0b 7AC8AF9F 		.ascii	"z\310\257\237\262\364\372q\240\361\377\230\312\0356"
 495      B2F4FA71 
 495      A0F1FF98 
 495      CA1D36
 496 1a1a 4319E4B9 		.ascii	"C\031\344\271/\375|?\334e\264\270\004\230!\270\276\335"
 496      2FFD7C3F 
 496      DC65B4B8 
 496      049821B8 
 496      BEDD
 497 1a2c CA63F144 		.ascii	"\312c\361DV\236\332\307/\330\004A\263}\313?{\233\015"
 497      569EDAC7 
 497      2FD80441 
 497      B37DCB3F 
 497      7B9B0D
 498 1a3f 5F10C707 		.ascii	"_\020\307\007Z\214\336<\252\337u\306\315\317\333\337"
 498      5A8CDE3C 
 498      AADF75C6 
 498      CDCFDBDF 
 499 1a4f D3DFF895 		.ascii	"\323\337\370\225'S\325\354i\343\002\0341\330Bk\267\207"
 499      2753D5EC 
 499      69E3021C 
 499      31D8426B 
 499      B787
 500 1a61 97E57F01 		.ascii	"\227\345\177\001\360wXC"
 500      F0775843 
 501              		.text
 502              		.section	.gnu.lto_.symtab.4e172b6092e1f638,"e",%progbits
 503 0000 7572744D 		.ascii	"urtMessageInit\000"
 503      65737361 
 503      6765496E 
 503      697400
 504 000f 00       		.ascii	"\000"
 505 0010 00       		.ascii	"\000"
 506 0011 00       		.ascii	"\000"
 507 0012 00000000 		.ascii	"\000\000\000\000\000\000\000\000"
 507      00000000 
 508 001a 34020000 		.ascii	"4\002\000\000"
 509 001e 616F7300 		.ascii	"aos\000"
 510 0022 00       		.ascii	"\000"
 511 0023 02       		.ascii	"\002"
 512 0024 00       		.ascii	"\000"
 513 0025 00000000 		.ascii	"\000\000\000\000\000\000\000\000"
 513      00000000 
 514 002d 49020000 		.ascii	"I\002\000\000"
 515 0031 63685468 		.ascii	"chThdExit\000"
 515      64457869 
 515      7400
 516 003b 00       		.ascii	"\000"
 517 003c 02       		.ascii	"\002"
 518 003d 00       		.ascii	"\000"
 519 003e 00000000 		.ascii	"\000\000\000\000\000\000\000\000"
 519      00000000 
ARM GAS  /tmp/cc9e0Qw9.s 			page 41


 520 0046 3C020000 		.ascii	"<\002\000\000"
 521 004a 63687072 		.ascii	"chprintf\000"
 521      696E7466 
 521      00
 522 0053 00       		.ascii	"\000"
 523 0054 02       		.ascii	"\002"
 524 0055 00       		.ascii	"\000"
 525 0056 00000000 		.ascii	"\000\000\000\000\000\000\000\000"
 525      00000000 
 526 005e 45020000 		.ascii	"E\002\000\000"
 527              		.text
 528              		.section	.gnu.lto_.opts,"e",%progbits
 529 0000 272D666E 		.ascii	"'-fno-openmp' '-fno-openacc' '-fno-pie' '-mcpu=cort"
 529      6F2D6F70 
 529      656E6D70 
 529      2720272D 
 529      666E6F2D 
 530 0033 65782D6D 		.ascii	"ex-m3' '-mthumb' '-mfloat-abi=soft' '-march=armv7-m"
 530      33272027 
 530      2D6D7468 
 530      756D6227 
 530      20272D6D 
 531 0066 2720272D 		.ascii	"' '-O2' '-fstack-usage' '-ffunction-sections' '-fda"
 531      4F322720 
 531      272D6673 
 531      7461636B 
 531      2D757361 
 532 0099 74612D73 		.ascii	"ta-sections' '-fno-common' '-flto' '-fshort-enums'\000"
 532      65637469 
 532      6F6E7327 
 532      20272D66 
 532      6E6F2D63 
 533              		.text
 534              		.comm	__gnu_lto_v1,1,1
 535              		.comm	__gnu_lto_slim,1,1
 536              		.ident	"GCC: (GNU Arm Embedded Toolchain 9-2020-q2-update) 9.3.1 20200408 (release)"
ARM GAS  /tmp/cc9e0Qw9.s 			page 42


DEFINED SYMBOLS
                            *ABS*:0000000000000000 urt_message.c
                            *COM*:0000000000000001 __gnu_lto_v1
                            *COM*:0000000000000001 __gnu_lto_slim

NO UNDEFINED SYMBOLS
