ARM GAS  /tmp/ccvCcraz.s 			page 1


   1              		.cpu cortex-m3
   2              		.eabi_attribute 20, 1
   3              		.eabi_attribute 21, 1
   4              		.eabi_attribute 23, 3
   5              		.eabi_attribute 24, 1
   6              		.eabi_attribute 25, 1
   7              		.eabi_attribute 26, 1
   8              		.eabi_attribute 30, 2
   9              		.eabi_attribute 34, 1
  10              		.eabi_attribute 18, 4
  11              		.file	"alld_AT24C01B.c"
  12              		.section	.gnu.lto_.profile.9ba226c0d8442010,"e",%progbits
  13 0000 789CE360 		.ascii	"x\234\343``\004B \000\000\000]\000\013"
  13      60044220 
  13      0000005D 
  13      000B
  14              		.text
  15              		.section	.gnu.lto_.icf.9ba226c0d8442010,"e",%progbits
  16 0000 789CE360 		.ascii	"x\234\343``dP`@\000V\206\355{O\334gd<\361b\356\036~"
  16      60645060 
  16      40005686 
  16      ED7B4FDC 
  16      67643CF1 
  17 0018 A65DFF0F 		.ascii	"\246]\377\017\265\2622_\236\360\352\0227\313\266\323"
  17      B5B2325F 
  17      9EF0EA12 
  17      37CBB6D3 
  18 0028 8BE77030 		.ascii	"\213\347p0\000\000\006h\017d"
  18      00000668 
  18      0F64
  19              		.text
  20              		.section	.gnu.lto_.jmpfuncs.9ba226c0d8442010,"e",%progbits
  21 0000 789CA593 		.ascii	"x\234\245\223MK\303@\020\206\347\335IbZ\321\376\200"
  21      4D4BC340 
  21      1086E7DD 
  21      49625AD1 
  21      FE80
  22 0012 1CFC13FE 		.ascii	"\034\374\023\376>\025\274(J/\202z\013\010\012\352\335"
  22      3E15BC28 
  22      4A2F827A 
  22      0B080AEA 
  22      DD
  23 0023 83D1B67E 		.ascii	"\203\321\266~\"z\351\331C\301\243\202\010=yP\352\314"
  23      227AE9D9 
  23      43C1A382 
  23      083D7950 
  23      EACC
  24 0035 6E1AF361 		.ascii	"n\032\363aK\212\013K\310\314\273\263\317\354\273\033"
  24      4B8A0B4B 
  24      C8CCBBB3 
  24      CFECBB1B 
  25 0045 1268C3A3 		.ascii	"\022h\303\243l\370d\000^\215\231\0203\232D\350y \231"
  25      6CF86400 
  25      5E8D9910 
  25      339A44E8 
  25      792099
  26 0058 23192DCA 		.ascii	"#\031-\312\3773\314\036c\2603|D\233c6\350\023\316\021"
ARM GAS  /tmp/ccvCcraz.s 			page 2


  26      FF33CC1E 
  26      63B0337C 
  26      449B6336 
  26      E813CE11 
  27 006c 49ECE5E8 		.ascii	"I\354\345\350m\331\205T\225 \"\200$\336^\377\030\204"
  27      6DD98554 
  27      95202280 
  27      24DE5EFF 
  27      1884
  28 007e 9A60102E 		.ascii	"\232`\020.\020\025j\203\363\012I\340R\0242u\227\263"
  28      10156A83 
  28      F30A49E0 
  28      52143275 
  28      97B3
  29 0090 CDF7E386 		.ascii	"\315\367\343\206\306}\000\035-(\313\354r\362VP\246\204"
  29      C67D001D 
  29      2D28CBEC 
  29      72F25650 
  29      A684
  30 00a2 E48056DA 		.ascii	"\344\200V\332E \337\271:\335(\275\322JELV\302\266\235"
  30      4520DFB9 
  30      3ADD28BD 
  30      D24A454C 
  30      56C2B69D 
  31 00b6 818622ED 		.ascii	"\201\206\"\355\332\256\277\037N\237\233.$\242\236\326"
  31      DAAEBF1F 
  31      4E9F9B2E 
  31      24A29ED6 
  32 00c6 E1F28E46 		.ascii	"\341\362\216F\371\201%EK\261,\236\231\011\317LQ\012"
  32      F9812545 
  32      4BB12C9E 
  32      9909CF4C 
  32      510A
  33 00d8 9EF2B8FD 		.ascii	"\236\362\270\375\275\262p\261\346\036%\03183\243t\372"
  33      BDB270B1 
  33      E61E2519 
  33      3833A374 
  33      FA
  34 00e9 85B308E4 		.ascii	"\205\263\010\344,\256\322\264\256\375t=\347%\276H\256"
  34      2CAED2B4 
  34      AEFD743D 
  34      E725BE48 
  34      AE
  35 00fa 7312F5AF 		.ascii	"s\022\365\257B\311\277\376\351\341\214\375\233\035\376"
  35      42C9BFFE 
  35      E9E18CFD 
  35      9B1DFE
  36 0109 AB042F24 		.ascii	"\253\004/$\207[\007\311\202#1\270II\214\353\345/\370"
  36      875B07C9 
  36      822331B8 
  36      49498CEB 
  36      E52FF8
  37 011c 0A6DC553 		.ascii	"\012m\305S\257\352ic\214\\q\352\337\006\344\022\356"
  37      AFEA6963 
  37      8C5C71EA 
  37      DF06E412 
  37      EE
ARM GAS  /tmp/ccvCcraz.s 			page 3


  38 012d 0176B6FB 		.ascii	"\001v\266\373O\254\0155\005\342\326\336\304\223\344"
  38      4FAC0D35 
  38      05E2D6DE 
  38      C493E4
  39 013c 75DFB8D0 		.ascii	"u\337\270\320\232\301\235\272V\247\263\212\017\301D"
  39      9AC19DBA 
  39      56A7B38A 
  39      0FC144
  40 014b 0AB983D3 		.ascii	"\012\271\203\323\237Hv\007\213\274\012h\201\204\262"
  40      9F487607 
  40      8BBC0A68 
  40      8184B2
  41 015a 3BDAED7A 		.ascii	";\332\355zJ9\217\020\367)KhY\210~\000\"|3W"
  41      4A398F10 
  41      F7294B68 
  41      59887E00 
  41      227C3357 
  42              		.text
  43              		.section	.gnu.lto_.inline.9ba226c0d8442010,"e",%progbits
  44 0000 789CAD92 		.ascii	"x\234\255\222=\016\3020\014\205\237\355\000A\242\250"
  44      3D0EC230 
  44      0C859FED 
  44      0041A2A8 
  45 0010 B0302171 		.ascii	"\2600!q\242\036\202\026\301)P\2218@\007X\0308\000+;"
  45      A21E8216 
  45      C1295091 
  45      38400758 
  45      1838002B 
  46 0025 E2081CA0 		.ascii	"\342\010\034\240\003\023\307@8\215\372+6H\244\310y\216"
  46      0313C740 
  46      388DFA2B 
  46      3648A4C8 
  46      798E
  47 0037 F2F9C5B1 		.ascii	"\362\371\305\261 \254\030\325\350\201\306i\232>yM\214"
  47      20AC18D5 
  47      E881C669 
  47      9A3E794D 
  47      8C
  48 0048 05418050 		.ascii	"\005A\200P\327E\237UM9\006\372E\2200\030T\204K\206\251"
  48      D7459F55 
  48      4D3906FA 
  48      45903018 
  48      54844B86 
  49 005d 62985AB5 		.ascii	"b\230Z\265\014q\261\304\260\356\356A\350\000Y\224E@"
  49      0C71B1C4 
  49      B0EEEE41 
  49      E8005994 
  49      4540
  50 006f 161102CD 		.ascii	"\026\021\002\315=\024$M\020[R\006\260\323\344\366?4"
  50      3D14244D 
  50      105B5206 
  50      B0D3E4F6 
  50      3F34
  51 0081 3F19F3D3 		.ascii	"?\031\363\323\365\265\347M\233'\005ot;\344oI\000{\314"
  51      F5B5E74D 
  51      9B27056F 
  51      743BE46F 
ARM GAS  /tmp/ccvCcraz.s 			page 4


  51      49007BCC 
  52 0095 CF97BFF0 		.ascii	"\317\227\277\360\206S'z\267\316\257\360DOg\322}X\343"
  52      8653277A 
  52      B7CEAFF0 
  52      444F67D2 
  52      7D58E3
  53 00a8 1DFE62B5 		.ascii	"\035\376b\265\2132\230i\366\356\254\026\366\232\274"
  53      8B329869 
  53      F6EEAC16 
  53      F69ABC
  54 00b7 C1B74696 		.ascii	"\301\267F\2265\264\031%\331\326jX\223\303\352\317P\323"
  54      35B41925 
  54      D9D66A58 
  54      93C3EACF 
  54      50D3
  55 00c9 6CD95E13 		.ascii	"l\331^\023\250\"~O\256\006\366\325\271\361\001\232\314"
  55      A8227E4F 
  55      AE06F6D5 
  55      B9F1019A 
  55      CC
  56 00da 780E     		.ascii	"x\016"
  57              		.text
  58              		.section	.gnu.lto_.pureconst.9ba226c0d8442010,"e",%progbits
  59 0000 789CE360 		.ascii	"x\234\343``d\020````e\230\311\3028\223\205i&\013\363"
  59      60641060 
  59      60606065 
  59      98C9C238 
  59      93856926 
  60 0016 4C169659 		.ascii	"L\026\226Y\254\000\0331\003<"
  60      AC001B31 
  60      033C
  61              		.text
  62              		.section	.gnu.lto_at24c01b_lld_poll_ack.9ba226c0d8442010,"e",%progbits
  63 0000 789C7591 		.ascii	"x\234u\221OHTQ\024\306\317\367\3568\357\215\343L\273"
  63      4F485451 
  63      14C6CFF7 
  63      EE38EF8D 
  63      E34CBB
  64 0013 1286C08D 		.ascii	"\022\206\300\215\210\013\235\321\334\270K\253\235\265"
  64      880B9DD1 
  64      DCB84BAB 
  64      9DB5
  65 0021 88085A85 		.ascii	"\210\010Z\205\351@\023\2122MB+\357\314X\232\206I\030"
  65      E940138A 
  65      324D422B 
  65      EFCC589A 
  65      864918
  66 0034 6A30BC40 		.ascii	"j0\274@\304\204\320\202PH\263\227\332\037\315\177\264"
  66      C484D082 
  66      5048B397 
  66      DA1FCD7F 
  66      B4
  67 0045 08B29A20 		.ascii	"\010\262\232 \013K\372\207Q\264\020\355\334\367\214"
  67      0B4BFA87 
  67      51B410ED 
  67      DCF78C
  68 0054 A46878F3 		.ascii	"\244hx\363x\347\336\357\373\335s\276k\020h\207 :FD\273"
ARM GAS  /tmp/ccvCcraz.s 			page 5


  68      78E7DEEF 
  68      FBDD73BE 
  68      6B106887 
  68      203A4644 
  69 0069 F90F41D0 		.ascii	"\371\017A\320\244\224{\365\270\241\001\366\2274@\215"
  69      A4947BF5 
  69      B8A101F6 
  69      9734408D 
  70 0079 1A1A7149 		.ascii	"\032\032qIt\011\214\336\030\372\352\317\357\347\035"
  70      74098CDE 
  70      18FAEACF 
  70      EFE71D
  71 0088 6975ADE7 		.ascii	"iu\255\347'\222\347\262M\006\364\260qO\000\241\000\251"
  71      2792E7B2 
  71      4D06F4B0 
  71      714F00A1 
  71      00A9
  72 009a 1FEE209F 		.ascii	"\037\356 \237\265\351D\352gV\2730\005\340\342\262s\346"
  72      B5E944EA 
  72      6756BB30 
  72      05E0E2B2 
  72      73E6
  73 00ac F674A62A 		.ascii	"\366t\246*5\344p\371\372{rR\027\007@\374\375cnaA\317"
  73      35E470F9 
  73      FA7B7252 
  73      170740FC 
  73      FD636E61 
  74 00c2 EB931D09 		.ascii	"\353\223\035\011i\275\315\276*-\227)\004\356B(\356\030"
  74      69BDCDBE 
  74      2A2D9729 
  74      04EE4228 
  74      EE18
  75 00d4 02180593 		.ascii	"\002\030\005\223y\215\331\343\310c\307\313\366\316w"
  75      798DD9E3 
  75      C863C7CB 
  75      F6CE77
  76 00e3 7E71C876 		.ascii	"~q\310v\267|[\214\373\267\334\353\001\307\355\302\275"
  76      B77C5B8C 
  76      FBB7DCEB 
  76      01C7EDC2 
  76      BD
  77 00f4 7FDC2E76 		.ascii	"\177\334.v[\310#\345Y]z1\354\025Gm\377\312\374\224\345"
  77      5BC823E5 
  77      595D7A31 
  77      EC15476D 
  77      FFCAFC94 
  78 0109 CBED9516 		.ascii	"\313\355\225\026\373\237u\357\214'e\267dD\006\356;\210"
  78      FB9F75EF 
  78      8C2765B7 
  78      644406EE 
  78      3B88
  79 011b 3F8329F5 		.ascii	"?\203)\365\233[\033W|n\027&\220\253\306V\343N\302\315"
  79      9B5B1B57 
  79      7C6E1726 
  79      90ABC656 
  79      E34EC2CD 
  80 012f 4112D4DA 		.ascii	"A\022\324\332\320\323\014Knl6KkcWk\225\027|\256[\343"
ARM GAS  /tmp/ccvCcraz.s 			page 6


  80      D0D30C4B 
  80      6E6C364B 
  80      6B63576B 
  80      95177CAE 
  81 0145 972ED4CB 		.ascii	"\227.\324\313\015\325\277\016\325\207\207Tr\324&H\245"
  81      0DD5BF0E 
  81      D5878754 
  81      72D42648 
  81      A5
  82 0156 E982B488 		.ascii	"\351\202\264\210.\012\315)\342\\\254\"\261\366\276u"
  82      2E0ACD29 
  82      E25CAC22 
  82      B1F6BE75 
  83 0166 D9ADF80A 		.ascii	"\331\255\370\012\315\207\267'\277\244\015\225a\006\010"
  83      CD87B727 
  83      BFA40D95 
  83      610608
  84 0175 533C166B 		.ascii	"S<\026k\306>\264M\332\232\224\300v\211\260\207\263\226"
  84      C63EB44D 
  84      DA9A94C0 
  84      7689B087 
  84      B396
  85 0187 6E3EF7F7 		.ascii	"n>\367\367\2417\316\330k\343\252\023#%\334x\240\"\341"
  85      A137CED8 
  85      6BE3AA13 
  85      2325DC78 
  85      A022E1
  86 019a EDC191FE 		.ascii	"\355\301\221\376\005_hPv\360\356)Sx\360\020}\350v\306"
  86      055F6850 
  86      76F0EE29 
  86      5378F010 
  86      7DE876C6 
  87 01ae 7A8490CD 		.ascii	"z\204\220\315\237\036\024\016^\373\213\227\363\177\030"
  87      9F1E140E 
  87      5EFB8B97 
  87      F37F18
  88 01bd 6F65E2B1 		.ascii	"oe\342\261\315\202bM\333\254\344\345\346\201-\226pp"
  88      CD82624D 
  88      DBACE4E5 
  88      E6812D96 
  88      7070
  89 01cf C31D23E7 		.ascii	"\303\035#\347]\252[\035\213\204\031\006}\004\247\357"
  89      5DAA5B1D 
  89      8B841906 
  89      7D04A7EF 
  90 01df 683C2C48 		.ascii	"h<,H]\237\335\3644!\0217L\341\355Q0<A\023\210\207e\010"
  90      5D9FDDF4 
  90      34211137 
  90      4CE1ED51 
  90      303C4113 
  91 01f7 0BCC57CD 		.ascii	"\013\314W\3153B\011\234\206\262TR\316\215\314\262N\035"
  91      3342099C 
  91      86B25452 
  91      CE8DCCB2 
  91      4E1D
  92 0209 71E1D380 		.ascii	"q\341\323\200G\035\341\0030\207@J\350\246\360s7\023"
  92      471DE103 
ARM GAS  /tmp/ccvCcraz.s 			page 7


  92      3087404A 
  92      E8A6F073 
  92      3713
  93 021b 696C8B76 		.ascii	"il\213vem9\355-\035\221-\340t\011\363(\245\317H\344"
  93      656D39ED 
  93      2D1D912D 
  93      E07409F3 
  93      28A5CF48 
  94 0230 6C7542F6 		.ascii	"luB\366M\341\317M\021\225\027\026\006\371\251\017G#"
  94      4DE1CF4D 
  94      11951716 
  94      06F9A90F 
  94      4723
  95 0242 F527C3D1 		.ascii	"\365'\303\321\263\00555\325\301\262\203\221\303u\005"
  95      B3053535 
  95      D5C1B283 
  95      91C37505 
  96 0252 1515FB83 		.ascii	"\025\025\373\203\325\321HC8z:Xv\244\270d_\250\250<\330"
  96      D5D14843 
  96      387A3A58 
  96      76A4B864 
  96      5FA8A83C 
  97 0267 5014AC64 		.ascii	"P\024\254d\311\361\337\013\205UdT\306\212K\252BE'\364"
  97      C9F1DF0B 
  97      85556454 
  97      C68A4BAA 
  97      424527F4 
  98 027b 58A4365C 		.ascii	"X\2446\\w&&b\265\365\277\0004\235\017\332"
  98      77262662 
  98      B5F5BF00 
  98      349D0FDA 
  99              		.text
 100              		.section	.gnu.lto_at24c01b_lld_read_current_address.9ba226c0d8442010,"e",%progbits
 101 0000 789C7591 		.ascii	"x\234u\221\337K\024Q\024\307\317w\35683\253\356\376"
 101      DF4B1451 
 101      14C7CF77 
 101      EE3833AB 
 101      EEFE
 102 0012 018AE49B 		.ascii	"\001\212\344\233\030\350\256\346\037\220Vo\326C\005"
 102      18E8AEE6 
 102      1F90566F 
 102      D64305
 103 0021 BD159B2E 		.ascii	"\275\025\233.\264\241)\333*\364\344\335U2(l\011C\015"
 103      B4A129DB 
 103      2AF4E4DD 
 103      5532286C 
 103      09430D
 104 0034 B62D42B4 		.ascii	"\266-B\264\0225(\205\374\321\230\346\257\014E\350\241"
 104      12352885 
 104      FCD198E6 
 104      AF0C45E8 
 104      A1
 105 0045 1083A887 		.ascii	"\020\203\250\207B*\210\244\207\320\316\275\263\021$"
 105      422A88A4 
 105      87D0CEBD 
 105      B31124
 106 0054 0D339739 		.ascii	"\0153\2279\367\334\317\367\334\3579\016\201\266\015"
ARM GAS  /tmp/ccvCcraz.s 			page 8


 106      F7DCCFF7 
 106      DCEF390E 
 106      81B60D
 107 0063 A2D34454 		.ascii	"\242\323DT\304\037\004\301\220R\036\264\023\216\001"
 107      C41F04C1 
 107      90521EB4 
 107      138E01
 108 0072 E83FE980 		.ascii	"\350?\351\200\332\014\264\341\272\350\021\230\030\032"
 108      DA0CB4E1 
 108      BAE81198 
 108      181A
 109 0080 F916281D 		.ascii	"\371\026(\035\340\214t{\246\255\007\243kRd\004Q\037"
 109      E08C747B 
 109      A6AD07A3 
 109      6B526404 
 109      511F
 110 0092 93070A11 		.ascii	"\223\007\012\021*$\365\340)J\371\360f2\3753\277\213"
 110      2A24F5E0 
 110      294AF9F0 
 110      6632FD33 
 110      BF8B
 111 00a4 F380C961 		.ascii	"\363\200\311a\367\362\343\245\\\025\032(\346\360\335"
 111      F7F2E3A5 
 111      5C151A28 
 111      E6F0DD
 112 00b3 8FF6595B 		.ascii	"\217\366Y[\034\001\361\377\366\253\325U\273\244_\246"
 112      1C01F1FF 
 112      F6ABD555 
 112      BBA45FA6 
 113 00c3 92D29D2B 		.ascii	"\222\322\235+\270%]3#\004\246 \224\356$\0121\001V\346"
 113      B8255D33 
 113      2304A620 
 113      94EE240A 
 113      310156E6 
 114 00d7 3DD69E46 		.ascii	"=\326\236F\011\023\017\267\027&!\216i\372\366\207\251"
 114      09130FB7 
 114      1726218E 
 114      69FAF687 
 114      A9
 115 00e8 192B4BAF 		.ascii	"\031+K\257\024y\264\211g{h\223iW\323\233\203\213\251"
 115      1479B489 
 115      677B6893 
 115      6957D39B 
 115      838BA9
 116 00fb 5C7142D3 		.ascii	"\\qB\323cs\356kd\351\255}\275\322EF\344`\306\243\263"
 116      6373EE6B 
 116      64E9AD7D 
 116      BDD24546 
 116      E460C6A3 
 117 0110 9E7887D9 		.ascii	"\236x\207\331\347\232\335\350\352\376\030\020\2474{"
 117      E79ADDE8 
 117      EAFE1810 
 117      A7347B
 118 011f E5FB5A22 		.ascii	"\345\373Z\"\220e7\366{\225-\314\356\251l1=\207\022R"
 118      906537F6 
 118      7B952DCC 
 118      EEA96C31 
ARM GAS  /tmp/ccvCcraz.s 			page 9


 118      3D871252 
 119 0133 CCFB473B 		.ascii	"\314\373G;7\375\226\251Z\246Z\365\002\026O\201hd=\307"
 119      37FD96A9 
 119      5AA65AF5 
 119      02164F81 
 119      68643DC7 
 120 0147 953BBB9D 		.ascii	"\225;\273\235\322\235/\270\373\304\237\017\306l\203"
 120      D29D2FB8 
 120      FBC49F0F 
 120      C66C83
 121 0156 1747A8C5 		.ascii	"\027G\250\305\344\305gA\271\267\241n\342@y\361A\351"
 121      E4C56741 
 121      B9B7A16E 
 121      E24079F1 
 121      41E9
 122 0168 E6919A01 		.ascii	"\346\221\232\001]\025\244\006cB\272D\327\204\341\005"
 122      5D15A406 
 122      6342BA44 
 122      D784E105 
 123 0178 090E3E23 		.ascii	"\011\016>#9\371ih\326R\325\322\002|\213\256\366\257"
 123      39F96968 
 123      D652D5D2 
 123      027C8BAE 
 123      F6AF
 124 018a 9B8E1A86 		.ascii	"\233\216\032\206\320F\334\267\243o\002\375\270\227`"
 124      D046DCB7 
 124      A36F02FD 
 124      B89760
 125 0199 E4CEB42A 		.ascii	"\344\316\264*\233\233f'\363\352\372\234\036\036\037"
 125      9B9B6627 
 125      F3EAFA9C 
 125      1E1E1F
 126 01a8 58F58786 		.ascii	"X\365\207\206e\212\263\3473\"\017\013\350G\257g`\021"
 126      658AB3E7 
 126      33220F0B 
 126      E847AF67 
 126      6011
 127 01ba 21ADBF34 		.ascii	"!\255\2774,<y\343\037\275\342\377\213q*\037KZK\365\000"
 127      2C3C79E3 
 127      1FBDE2FF 
 127      8B712A1F 
 127      4B5A4BF5 
 128 01cf CB5AABFD 		.ascii	"\313Z\253\375F\347\375\254\226\360\344\306R\343\227"
 128      46E7FDAC 
 128      96F0E4C6 
 128      52E397
 129 01de 4D755B07 		.ascii	"Mu[\007k\204\227,\304\025\177u\302;d\246\205M[\350e"
 129      6B84972C 
 129      C4157F75 
 129      C23B64A6 
 129      854D5BE8 
 130 01f3 B33ACE63 		.ascii	"\263:\316c\"=\270\262\353\353@2\341d\204\277O\251c\005"
 130      223DB8B2 
 130      EBEB4032 
 130      E16484BF 
 130      4FA96305 
 131 0207 1D2076AF 		.ascii	"\035 v\257U\035\215\3712\"@_\220,\316\202\244\273\210"
ARM GAS  /tmp/ccvCcraz.s 			page 10


 131      551D8DF9 
 131      3222405F 
 131      902CCE82 
 131      A4BB88
 132 021a BF5D24AA 		.ascii	"\277]$\252)/\017\362\333\034\211E\233\317Eb\227\312"
 132      292F0FF2 
 132      DB1C8945 
 132      9BCF4562 
 132      97CA
 133 022c 1A1AEA83 		.ascii	"\032\032\352\203\325G\243\307\233\312jk\017\007\353"
 133      D547A3C7 
 133      9BCA6A6B 
 133      0F07EB
 134 023b 63D1D648 		.ascii	"c\321\326H\354b\260\372de\325\241PEM\260\265\"\030\346"
 134      EC62B0FA 
 134      6465D5A1 
 134      50454DB0 
 134      B52218E6 
 135 024f 2367FE6C 		.ascii	"#g\376l\224\327\221\023\216WV\325\205*\316\232\365\341"
 135      94D79113 
 135      8E5756D5 
 135      852ACE9A 
 135      F5E1
 136 0261 78585C68 		.ascii	"xX\\hi\264\343\321\306HSK\3747}_\005O"
 136      69B4E3D1 
 136      C648534B 
 136      FC377D5F 
 136      054F
 137              		.text
 138              		.section	.gnu.lto_at24c01b_lld_read.9ba226c0d8442010,"e",%progbits
 139 0000 789C9553 		.ascii	"x\234\225SmlSU\030>\317=\267\367c\266\335\346FB\254"
 139      6D6C5355 
 139      183ECF3D 
 139      B7F763B6 
 139      DDE64642 
 140 0015 26FC2113 		.ascii	"&\374!\023\022\326\016\367\317?\202\372\017\375\241"
 140      12D60EF7 
 140      CF3F82FA 
 140      0FFDA1
 141 0024 FEF08789 		.ascii	"\376\360\207\211\251t\2113|\245\3530\376\221\323n\263"
 141      A9748933 
 141      7CA5EB30 
 141      FE91D36E 
 141      B3
 142 0035 7EC05810 		.ascii	"~\300X\020e#\326b\226\205\2520fT\210l\350\305M\306`"
 142      6523D662 
 142      9685AA30 
 142      6654886C 
 142      E8C54DC6 
 143 004a D83201D9 		.ascii	"\3302\001\3314\303\250$h\200-.4B\310\346{\316\275Me"
 143      34C3A824 
 143      68802D2E 
 143      3442C8E6 
 143      7BCEBD4D 
 144 005f A88937ED 		.ascii	"\250\2117\355\311=\357\373>\317\363\236\3679\327b`\233"
 144      C93DEFFB 
 144      3ECFF39E 
ARM GAS  /tmp/ccvCcraz.s 			page 11


 144      F739D762 
 144      609B
 145 0071 7C8CBDC4 		.ascii	"|\214\275\304\030{\230\376\3601hB\210G\314\244\245i"
 145      187B98FE 
 145      F0316842 
 145      8847CCA4 
 145      A569
 146 0083 FCCDFE9D 		.ascii	"\374\315\376\235KtQ\241\027\317\316\256\324\205\237"
 146      4B7451A1 
 146      17CFCEAE 
 146      D4859F
 147 0092 43F7723A 		.ascii	"C\367r:\240\336\204\005\266M\343:\266a'\337\3031x\340"
 147      A0DE8405 
 147      B64DE33A 
 147      B66127DF 
 147      C33178E0 
 148 00a6 D06C70C5 		.ascii	"\320lp\305~\312\011g\317.\363\243\201\202\340Y\316X"
 148      7ECA0967 
 148      CF2EF3A3 
 148      8182E059 
 148      CE58
 149 00b8 0F677828 		.ascii	"\017gx(\204H\210\311\007G\261\202\212\247S\231?\375"
 149      844888C9 
 149      0747B182 
 149      8AA75399 
 149      3FFD
 150 00ca 9D940774 		.ascii	"\235\224\007t\332\356>\365\331X\205\334jXF\333K7\332"
 150      DAEE3EF5 
 150      D95885DC 
 150      6A5846DB 
 150      4B37DA
 151 00dd 864DFE38 		.ascii	"\206M\3768\030\275\027\317\344\363f]\237\350J\011gd"
 151      18BD17CF 
 151      E4F3665D 
 151      9FE84A09 
 151      6764
 152 00ef E95EE1E8 		.ascii	"\351^\341\350Y\316q\014\\\362\016!\204A\0203\305\210"
 152      59CE710C 
 152      5CF20E21 
 152      84411033 
 152      C588
 153 0101 FB4BD449 		.ascii	"\373K\324I\262O\017v\330\374I\205\236\271\230\373B'"
 153      B24F0F76 
 153      D8FC4985 
 153      9EB998FB 
 153      4227
 154 0113 7441A243 		.ascii	"tA\242C\335\302A\226:\376\312E{]Q\204\260\216\302~\\"
 154      DDC24196 
 154      3AFECA45 
 154      7B5D5184 
 154      B08EC27E 
 155 0128 1C1D027F 		.ascii	"\034\035\002\177Za\337\377\365\330q\303S\276\372\200"
 155      5A61DFFF 
 155      F5D871C3 
 155      53BEFA80 
 156 0138 ABECC3F1 		.ascii	"\253\354\303\361\273\224i\206\370Z\241\247s'\273*\370"
 156      BB946986 
ARM GAS  /tmp/ccvCcraz.s 			page 12


 156      F85AA1A7 
 156      7327BB2A 
 156      F8
 157 0149 B30A7D78 		.ascii	"\263\012}x\3049\017\017=\376`Iy\370\037\224G\024\366"
 157      C4390F0F 
 157      3DFE6049 
 157      79F81F94 
 157      4714F6
 158 015c C7CEDD97 		.ascii	"\307\316\335\227\203\3749\205}}\256\220\014z\330\333"
 158      83FC3985 
 158      7D7DAE90 
 158      0C7AD8DB 
 159 016c 2B5D6503 		.ascii	"+]e\003\337\334\245l\020\372\004\352\230\304\\\351\020"
 159      DFDCA56C 
 159      10FA04EA 
 159      98C45CE9 
 159      10
 160 017d 076D1E53 		.ascii	"\007m\036S\370t:5\340_\336\253\254\230\177oi\252Mt\013"
 160      F8743A35 
 160      E05FDEAB 
 160      AC987F6F 
 160      69AA4D74 
 161 0192 A26018BD 		.ascii	"\242`\030\275C^>T\375\363'\363\357\004\014\035'\261"
 161      435E3E54 
 161      FDF327F3 
 161      EF040C1D 
 161      27B1
 162 01a4 5C9A254D 		.ascii	"\\\232%M\032\203A\267\203A\306\016M\370\0341\277\220"
 162      1A8341B7 
 162      8341C60E 
 162      4DF81C31 
 162      BF90
 163 01b6 16CE85FB 		.ascii	"\026\316\205\373?\270\021\\\002\02265Z,.\027\235\026"
 163      3FB8115C 
 163      02123635 
 163      5A2C2E17 
 163      9D16
 164 01c8 DB276386 		.ascii	"\333'c\206\334\232r\261h\251\260\231D\373!]\011@\366"
 164      DC9A72B1 
 164      68A9B099 
 164      44FB215D 
 164      0940F6
 165 01db 59A92255 		.ascii	"Y\251\"U\220'\256\206\234Y\215\004\327\2520coq&;\326"
 165      9027AE86 
 165      9C598D04 
 165      D7AA3063 
 165      6F71263B 
 166 01f0 211CC6B6 		.ascii	"!\034\306\266s\315\335$i\363;RC\277\345{+e_\031\016"
 166      73CDDD24 
 166      69F33B52 
 166      43BFE57B 
 166      2B655F19 
 167 0205 EAB9B36D 		.ascii	"\352\271\263mf\332\222\027\206\253\003;S\003\223\301"
 167      66DA9217 
 167      86AB033B 
 167      530393C1 
 168 0215 3EF42609 		.ascii	">\364&\011\262\357\272\354\353\236\014\367\343\224\034"
ARM GAS  /tmp/ccvCcraz.s 			page 13


 168      B2EFBAEC 
 168      EB9E0CF7 
 168      E3941C
 169 0224 13A5FB8F 		.ascii	"\023\245\373\217\354\317\007\"\375\242\213\262E\362"
 169      ECCF0722 
 169      FDA28BB2 
 169      45F2
 170 0232 C18FD3E8 		.ascii	"\301\217\323\350C\267{\326qD\224\300\330\024w\371\265"
 170      43B77BD6 
 170      714494C0 
 170      D81477F9 
 170      B5
 171 0243 4584CBFE 		.ascii	"E\204\313\376\235\215R\001\234Q\\\220\\\337*\256\266"
 171      9D8D5201 
 171      9C515C90 
 171      5CDF2AAE 
 171      B6
 172 0254 5DE949D3 		.ascii	"]\351I\323\345\342.\335\341\256#\257\351\262]\013\005"
 172      E5E22EDD 
 172      E1AE23AF 
 172      E9B25D0B 
 172      05
 173 0265 863C115D 		.ascii	"\206<\021]\305^:\234\252\251\244\202Ln|\301nG*iey\260"
 173      C55E3A9C 
 173      AAA9A482 
 173      4C6E7CC1 
 173      6E472A69 
 174 027c 4792A180 		.ascii	"G\222\241\200v0:-\221PA\307\333\237\307d\336\025\255"
 174      76303A2D 
 174      915041C7 
 174      DB9FC764 
 174      DE15AD
 175 028f 94D7D575 		.ascii	"\224\327\325u\351,\225I\2057\256}hK\005\032/&\020\372"
 175      E92C9549 
 175      8537AE7D 
 175      684B051A 
 175      2F2610FA 
 176 02a3 FB8C7C60 		.ascii	"\373\214|`\370\356\316P\025\205\316!\224\341\201,\257"
 176      F8EECE50 
 176      1585CE21 
 176      94E1812C 
 176      AF
 177 02b4 962DBF9B 		.ascii	"\226-\277\233\3361\230\323\334\206t\267\247\233\007"
 177      DE3198D3 
 177      DC8674B7 
 177      A79B07
 178 02c3 167618B2 		.ascii	"\026v\030\262\330\306\3138O=_F\373\245\341F\257\206"
 178      D8C6CB38 
 178      4F3D5F46 
 178      FBA5E146 
 178      AF86
 179 02d5 0A4667AE 		.ascii	"\012Fg\256\235\203[\300p\001\356\215\332\316\371\304"
 179      9D835BC0 
 179      7001EE8D 
 179      DACEF9C4 
 180 02e5 ECAD1CCA 		.ascii	"\354\255\034\312\306M\376\342\015\303\267\330\251?\264"
 180      C64DFEE2 
ARM GAS  /tmp/ccvCcraz.s 			page 14


 180      0DC3B7D8 
 180      A93FB4
 181 02f4 FF72EA55 		.ascii	"\377r\352Ui\324\367e\243.\226\214\032\364\2142\376\247"
 181      69D4F765 
 181      A32E968C 
 181      1AF48C32 
 181      FEA7
 182 0306 519365A3 		.ascii	"Q\223e\243\246JF\335\364\270L\242S\306\220\302\3554"
 182      A64A46DD 
 182      F4B84CA2 
 182      53C690C2 
 182      ED34
 183 0318 DCA095E1 		.ascii	"\334\240\225\341U\344Tw\311\251\232EN\335\333\3035\""
 183      55E45477 
 183      C9A99A45 
 183      4EDDDBC3 
 183      3522
 184 032a FBC175CA 		.ascii	"\373\301u\312\247X\252\025\214\306Z\343\012\214y\002"
 184      A758AA15 
 184      8CC65AE3 
 184      0A8C7902 
 185 033a B5345462 		.ascii	"\2654TbP\023\322\313W\373:R\373\346:\357skl\312\026"
 185      5013D2CB 
 185      57FB3A52 
 185      FBE63AEF 
 185      736B6CCA 
 186 034f 6153A576 		.ascii	"aS\245vk\356\012\335\235Z~\264\370\023\350\313@\371"
 186      6BEE0ADD 
 186      9D5A7EB4 
 186      F813E8CB 
 186      40F9
 187 0361 CB606C6D 		.ascii	"\313`lm}}\230~[\232\342\315[^l\212\277\262j\303\206"
 187      7D7D987E 
 187      5B9AE2CD 
 187      5B5E6C8A 
 187      BFB26AC3 
 188 0376 5878CD13 		.ascii	"Xx\315\023\315Om^\265n\335c\341X\274ykS\274%\274\346"
 188      CD4F6D5E 
 188      B56EDD63 
 188      E158BC79 
 188      6B53BC25 
 189 038c 99D58D8F 		.ascii	"\231\325\215\217F\032\326\206\2676\204\243T\362|)P\277"
 189      461AD686 
 189      B73684A3 
 189      54F27C29 
 189      50BF
 190 039e 9E59D1C4 		.ascii	"\236Y\321\304\352\306\365\221\206\027\364h,\026\327"
 190      EAC6F591 
 190      8617F468 
 190      2C16D7
 191 03ad 63D14494 		.ascii	"c\321D\224oj\335h&\23276mnM\030-\211h\242\265\345/\324"
 191      6F6ADD68 
 191      269A3736 
 191      6D6E4D18 
 191      2D8968A2 
 192 03c5 7CD4E5   		.ascii	"|\324\345"
 193              		.text
ARM GAS  /tmp/ccvCcraz.s 			page 15


 194              		.section	.gnu.lto_at24c01b_lld_write_byte.9ba226c0d8442010,"e",%progbits
 195 0000 789C7552 		.ascii	"x\234uRKL\023Q\024}g\336\224N+-\352\312\244\361\263"
 195      4B4C1351 
 195      147D67DE 
 195      944E2B2D 
 195      EACAA4F1 
 196 0015 318485B4 		.ascii	"1\204\205\264\240\033w\342g\207.\324\205;\255\266\211"
 196      A01B77E2 
 196      67872ED4 
 196      853BADB6 
 196      89
 197 0026 351A49AD 		.ascii	"5\032I\255\032W\276\026D#\006\011\201\250\304f@B\374"
 197      1A57BE16 
 197      44230609 
 197      81A8C466 
 197      4042FC
 198 0039 8B462389 		.ascii	"\213F#\211 \216\342\207\237R?\370\017&\0325\032\343"
 198      208EE287 
 198      9F523FF8 
 198      0F261A35 
 198      1AE3
 199 004b 5FA289A8 		.ascii	"_\242\211\250\367\316\224\370o\246\223\271\367\236s"
 199      F7CE94F8 
 199      6FA693B9 
 199      F79E73
 200 005a EE7DE73E 		.ascii	"\356}\347>C@\344\351B\304\204\020\023\351\017)\240)"
 200      4340E4E9 
 200      42C48410 
 200      13E90F29 
 200      A029
 201 006c A566B993 		.ascii	"\245f\271\223\206\006\330_\312\200\330\254a3v\312]\022"
 201      8606D85F 
 201      CA80D8AC 
 201      613376CA 
 201      5D12
 202 007e ED475ADF 		.ascii	"\355GZ\337\372\013\366SEY\273\336\272\017\035\317(i"
 202      FA0BF653 
 202      4559BBDE 
 202      BA0F1DCF 
 202      2869
 203 0090 4A21F610 		.ascii	"J!\366\020sz\000\241\200\340\037\316\240\200\300C\251"
 203      737A00A1 
 203      80E01FCE 
 203      A080C043 
 203      A9
 204 00a1 F4E7DC6A 		.ascii	"\364\347\334j\252\003:\205u\275\247z\274\034j\230B\341"
 204      AA033A85 
 204      75BDA77A 
 204      BC1C6A98 
 204      42E1
 205 00b3 A34FE55D 		.ascii	"\243O\345]n9\017\202\276\207\257\016\014\270\363[TM"
 205      6E390F82 
 205      BE87AF0E 
 205      0CB8F35B 
 205      544D
 206 00c5 4A591F27 		.ascii	"JY\037'4(K7\245\304YH\326\355@\000\355 e\312\221v'\362"
 206      34284B37 
ARM GAS  /tmp/ccvCcraz.s 			page 16


 206      A5C45948 
 206      D6ED4000 
 206      ED2065CA 
 207 00dd 59ECE4D1 		.ascii	"Y\354\344\321-\036\271\300fW\364\036\330k\214\262\003"
 207      2D1EB9C0 
 207      6657F41E 
 207      D86B8CB2 
 207      03
 208 00ee BB950553 		.ascii	"\273\225\005S\3528\347\260\263SQ\206\270\226\315=<|"
 208      EA38E7B0 
 208      B3535186 
 208      B896CD3D 
 208      3C7C
 209 0100 A5037291 		.ascii	"\245\003r\221\315\035\251\033\264|Y\356\255I\243\334"
 209      CD1DA91B 
 209      B47C59EE 
 209      AD49A3DC 
 210 0110 F3FFE05E 		.ascii	"\363\377\340^\260\271\017\253\353\236\372\345\022\233"
 210      B0B90FAB 
 210      EB9EFAE5 
 210      129B
 211 011e BBED4326 		.ascii	"\273\355C&\351\317r\373\013\234\251]\350\372kj\027\261"
 211      E9CF72FB 
 211      0B9CA95D 
 211      E8FA6B6A 
 211      17B1
 212 0130 2F225F30 		.ascii	"/\"_0\247\362RM\273\317\361D\243\260i0\223\202\343\311"
 212      A7F2524D 
 212      BBCFF144 
 212      A3B06930 
 212      9382E3C9 
 213 0144 580AFBDE 		.ascii	"X\012\373\336uf \227\331\352w\325\366\214kj\263\312"
 213      75662097 
 213      D9EA77D5 
 213      F68C6B6A 
 213      B3CA
 214 0156 90D5CFCC 		.ascii	"\220\325\317\314\361\265Ju+j\220\203+N\203\313\324\340"
 214      F1B54A75 
 214      2B6A9083 
 214      2B4E83CB 
 214      D4E0
 215 0168 121CC319 		.ascii	"\022\034\303\031\377\370\304\267z_\216\216nL\345u\360"
 215      FFF8C4B7 
 215      7A5F8E8E 
 215      6E4CE575 
 215      F0
 216 0179 1A7A9043 		.ascii	"\032z\220C\033\026\340\\\353\015\227\245\276}\337\252"
 216      1B16E05C 
 216      EB0D97A5 
 216      BE7DDFAA 
 217 0189 AC6B939B 		.ascii	"\254k\223\233\276\344\371A\203\2715z\031\222_.\2609"
 217      BEE4F941 
 217      83B9357A 
 217      19925F2E 
 217      B039
 218 019b 6EF0313D 		.ascii	"n\3601=`\223\275\340\241s\005\257WTI\301;\327\241,!"
 218      6093BDE0 
ARM GAS  /tmp/ccvCcraz.s 			page 17


 218      A17305AF 
 218      575449C1 
 218      3BD7A12C 
 219 01b0 7648CD09 		.ascii	"vH\315\011\222\024\274D\252\341\305\327f/7\243)\236"
 219      9214BC44 
 219      AAE1C5D7 
 219      662F37A3 
 219      299E
 220 01c2 9DFE5CEF 		.ascii	"\235\376\\\357+\016\231\322\303M\021\264\347C/\212\323"
 220      2B0E99D2 
 220      C34D11B4 
 220      E7432F8A 
 220      D3
 221 01d3 6403633D 		.ascii	"d\003c=\377\006:7\007}\014t3\260\343\305HW\016c\323"
 221      FF063A37 
 221      077D0C74 
 221      33B0E3C5 
 221      48570E63 
 222 01e8 1204AF2E 		.ascii	"\022\004\257.\1773d\260Q\3226\307\272\177\374\236\277"
 222      7F3364B0 
 222      51D236C7 
 222      BA7FFC9E 
 222      BF
 223 01f9 05CD499A 		.ascii	"\005\315I\232\243\3611\037\303\233&\245~\366\203\312"
 223      A3F1311F 
 223      C39B26A5 
 223      7EF683CA 
 224 0209 C7DAF60F 		.ascii	"\307\332\366\017\370B\307T\015UW\231r\014\256\242\005"
 224      F842C754 
 224      0D555799 
 224      720CAEA2 
 224      05
 225 021a BB1D53AE 		.ascii	"\273\035S\256!d\353\367\264JG^\373Co\312\377\305\250"
 225      2164EBF7 
 225      B44A475E 
 225      FB436FCA 
 225      FFC5A8
 226 022d 948B015B 		.ascii	"\224\213\001[\013\254\225\261\265\312k\267\036\314j"
 226      0BAC95B1 
 226      B5CA6BB7 
 226      1ECC6A
 227 023c 4947EE74 		.ascii	"IG\356tM[\245\316\323\032\310\010\\'\241Wh \303lL.\001"
 227      4D5BA5CE 
 227      D31AC808 
 227      5C27A157 
 227      6820C36C 
 228 0253 D207FABF 		.ascii	"\322\007\372\277{*\220J\032\246\364\355a1\334@\005\004"
 228      7B2A904A 
 228      1AA6F4ED 
 228      6131DC40 
 228      0504
 229 0265 1D964408 		.ascii	"\035\226D\010\360\340\366\221N\027\003\370\010\373\374"
 229      F0E0F691 
 229      4E1703F8 
 229      08FBFC
 230 0274 A6F4DB36 		.ascii	"\246\364\3336\331\033\275IH\202\264T\355s\256R\0364"
 230      D91BBD49 
ARM GAS  /tmp/ccvCcraz.s 			page 18


 230      4882B454 
 230      ED73AE52 
 230      1E34
 231 0286 DC42E057 		.ascii	"\334B\340W\227\306B`\360\367T\036\245n#\220\226^S\216"
 231      97C64260 
 231      F0F7541E 
 231      A56E2390 
 231      965E538E 
 232 029a A3A92F0C 		.ascii	"\243\251/\014\201\345X\226`\317\337?\031\0323\263Mm"
 232      81E55896 
 232      60CFDF3F 
 232      191A33B3 
 232      4D6D
 233 02ac A3FB4F2D 		.ascii	"\243\373O-\356`\246x\215T\343\252\354\310\302\276\003"
 233      EE60A678 
 233      8D54E3AA 
 233      ECC8C2BE 
 233      03
 234 02bd F8790784 		.ascii	"\370y\007\204\230]X\030\244\247,\032\217\225\255\214"
 234      985D5818 
 234      A4A72C1A 
 234      8F95AD8C 
 235 02cd C6374D5B 		.ascii	"\3067M[\275:\022,\231\037[\270vZi\351\334`$\036\333"
 235      BD3A122C 
 235      991F5BB8 
 235      765A69E9 
 235      DC60241E 
 236 02e2 108DAF0B 		.ascii	"\020\215\257\013\226,.\2361'T4;\270\241(\030&\310\322"
 236      962C2E9E 
 236      31275434 
 236      3BB8A128 
 236      1826C8D2 
 237 02f6 D144E10A 		.ascii	"\321D\341\012a\204\023\3053V\204\212\226\353\341H$\256"
 237      618413C5 
 237      3356848A 
 237      96EBE148 
 237      24AE
 238 0308 47C289B0 		.ascii	"G\302\211\260;\021[\023]\273>\341\331\030\217%\242\234"
 238      3B115B13 
 238      5DBB3EE1 
 238      D9188F25 
 238      A29C
 239 031a F9019F7F 		.ascii	"\371\001\237\177a\256"
 239      61AE
 240              		.text
 241              		.section	.gnu.lto_at24c01b_lld_write_page.9ba226c0d8442010,"e",%progbits
 242 0000 789C9555 		.ascii	"x\234\225U]PTe\030\376\336\363\035\366\234]\226\205"
 242      5D505465 
 242      18FEDEF3 
 242      1DF69C5D 
 242      9685
 243 0012 08C4DA9A 		.ascii	"\010\304\332\232\270a\030*\331\205\234\361\242\033\264"
 243      B861182A 
 243      D9859CF1 
 243      A21BB4
 244 0021 9AE9C2BA 		.ascii	"\232\351\302\272\250.\272h\246!wg\244\301d6\264\361"
 244      A82EBA68 
ARM GAS  /tmp/ccvCcraz.s 			page 19


 244      A6217767 
 244      A4C16436 
 244      B4F1
 245 0033 26CFFEF0 		.ascii	"&\317\376\360\2238\264\323\240\262\214\333b\016\211"
 245      9338B4D3 
 245      A0B28CDB 
 245      620E89
 246 0042 A88025DA 		.ascii	"\250\200%\332$\312Y\225\004D\3314J\011!\0113\034\372"
 246      24CA5995 
 246      0444D934 
 246      4A092109 
 246      331CFA
 247 0055 3374AA31 		.ascii	"3t\2521\350}\277s Z\355og\367\233\363\275\357\373<\357"
 247      E87DBF73 
 247      205AED6F 
 247      67F79BF3 
 247      BDEFFB3C 
 248 006a FF599501 		.ascii	"\377Y\225\001\363*\214mb\214=\210?\340\014$M\323J\024"
 248      F32A8C6D 
 248      628C3D88 
 248      3FE00C24 
 248      4DD34A14 
 249 007e BF2A0188 		.ascii	"\277*\001\210'M\005\266Y\202\315\3606\337\301\341\350"
 249      274D05B6 
 249      5982CDF0 
 249      36DFC1E1 
 249      E8
 250 008f FE8E1F1D 		.ascii	"\376\216\037\035\005{P\243\351;\016\331\332:\023\032"
 250      057B50A3 
 250      E93B0ED9 
 250      DA3A131A 
 251 009f 8F71C622 		.ascii	"\217q\306\"\210|\314\011n'\243\017|\014\005h<\026\210"
 251      887CCC09 
 251      6E27A30F 
 251      7C0C0568 
 251      3C1688
 252 00b2 FE62AF47 		.ascii	"\376b\257G=\200\214\327\206\201C\3756\272J\220\213\327"
 252      3D808CD7 
 252      868143FD 
 252      36BA4A90 
 252      8BD7
 253 00c4 F19BC193 		.ascii	"\361\233\301\223\012\177\012\030>\337:;4\244\344\267"
 253      0A7F0A18 
 253      3EDF3A3B 
 253      34A4E4B7 
 254 00d4 68E180A6 		.ascii	"h\341\200\246\317,m\322t9\3069\034\003N\274\335\340"
 254      CF2C6DD2 
 254      7439C639 
 254      1C034EBC 
 254      DDE0
 255 00e6 84A380CC 		.ascii	"\204\243\200\314(C\356\343\220Od\037\036\250\262\362"
 255      2843EEE3 
 255      904F641F 
 255      1EA8B2F2 
 256 00f6 67053A34 		.ascii	"g\005:4\320\272S\235G;\0335\035b\\\206\036\003mF\205"
 256      D0BA539D 
 256      473B1B35 
ARM GAS  /tmp/ccvCcraz.s 			page 20


 256      1D625C86 
 256      1E036D46 
 257 010b 12C4EA02 		.ascii	"\022\304\352\002\273\357\326\351n\340\317\013\354\273"
 257      BBEFD6E9 
 257      6EE0CF0B 
 257      ECBB
 258 0119 93C7E216 		.ascii	"\223\307\342\026\023;\370\220\3419\005\342wxNA\364\011"
 258      133BF890 
 258      E13905E2 
 258      77784E41 
 258      F409
 259 012b 811E6BED 		.ascii	"\201\036k\355\013\333\370\213\002}\370\224>\014&z\272"
 259      0BDBF88B 
 259      027DF894 
 259      3E0C267A 
 259      BA
 260 013c 60DEF3C9 		.ascii	"`\336\363\311\273x>%\260\243\365\015W\035\374%\201\255"
 260      BB783E25 
 260      B0A3F50D 
 260      571DFC25 
 260      81AD
 261 014e FD39E177 		.ascii	"\3759\341w\230\330\321G\015\317\026\350\275\303\263"
 261      98D8D147 
 261      0DCF16E8 
 261      BDC3B3
 262 015d 05D19F40 		.ascii	"\005\321\237@>\023\321\372\267\276\311=\002^w\256\276"
 262      3E13D1FA 
 262      B7BEC93D 
 262      025E77AE 
 262      BE
 263 016e 2B256FB7 		.ascii	"+%o\267\246Uk\372\354\336%\273\202\241>\015\031\200"
 263      A6556BFA 
 263      ECDE25BB 
 263      82A13E0D 
 263      1980
 264 0180 FD054E1F 		.ascii	"\375\005N\0374n\272\271}R\261\325R\333\232\203\232\365"
 264      346EBAB9 
 264      7D52B1D5 
 264      52DB9A83 
 264      9AF5
 265 0192 696AC982 		.ascii	"ij\311\202\015\364\203\215\201\313\011}\220G\306\361"
 265      0DF4838D 
 265      81CB097D 
 265      9047C6F1 
 266 01a2 F746AE70 		.ascii	"\367F\256p\2239\021\227\376\201\266gn{\217l4X\305\353"
 266      93391197 
 266      FE81B667 
 266      6E7B8F6C 
 266      3458C5EB 
 267 01b6 B6B6F86D 		.ascii	"\266\266\370m\273\321`\235\324\301\366\337\366\311&"
 267      BBD1609D 
 267      D4C1F6DF 
 267      F6C926
 268 01c5 D1C5B854 		.ascii	"\321\305\270T\033,A\225 \032D\2423\213\210\366\277\337"
 268      1B2C4195 
 268      201A44A2 
 268      338B88F6 
ARM GAS  /tmp/ccvCcraz.s 			page 21


 268      BFDF
 269 01d7 3663CD0C 		.ascii	"6c\315\014S|x\224`\025\0258\013y0\200\02118\007\231"
 269      537C7894 
 269      60151538 
 269      0B793080 
 269      11313807 
 270 01ec 4690C2B6 		.ascii	"F\220\302\266w$tC\261o\321\264\200\221\013\251\027%"
 270      77247443 
 270      B16FD1B4 
 270      80910BA9 
 270      1725
 271 01fe 33047633 		.ascii	"3\004v3\270\356\256\205,\374\224\005\251\340tR}\315"
 271      B8EEAE85 
 271      2CFC9405 
 271      A9E07452 
 271      7DCD
 272 0210 00DEFAE8 		.ascii	"\000\336\372\350\3068\254\350\322\264\014A\227 \277"
 272      C638ACE8 
 272      D2B40C41 
 272      9720BF
 273 021f FFAB14FF 		.ascii	"\377\253\024\377=\3273?\035O\000\257\020M\214\366\327"
 273      3DD7333F 
 273      1D4F00AF 
 273      104D8CF6 
 273      D7
 274 0230 0D114AC7 		.ascii	"\015\021J\307uR\033\303\262p\376\231\021\342\005\314"
 274      75521BC3 
 274      B270FE99 
 274      11E205CC 
 275 0240 FFBCC8FF 		.ascii	"\377\274\310\377SXab'\016\316nK\263\3100\214r\264\241"
 275      53586162 
 275      270ECE6E 
 275      4BB3C830 
 275      8C72B4A1 
 276 0254 55FB1C2C 		.ascii	"U\373\034,\270\305L\242\356Q\334\035\347S\364\360\354"
 276      B8C54CA2 
 276      EE51DC1D 
 276      E753F4F0 
 276      EC
 277 0265 5C8DA68F 		.ascii	"\\\215\246\217\025\354:\220}\0370\322H8H\200m\3021\224"
 277      15EC3A90 
 277      7D1F30D2 
 277      48384880 
 277      6DC23194 
 278 0279 F15155F0 		.ascii	"\361QU\360\260\252x\330\254x\244\332\350H\305\303n\247"
 278      B0AA78D8 
 278      AC78A4DA 
 278      E848C5C3 
 278      6EA7
 279 028b 230D8FB4 		.ascii	"#\015\217\264tFt\031@K\223\0114\374Y@\313\227\0154\216"
 279      74467419 
 279      404B9309 
 279      34FC5940 
 279      CB970D34 
 280 02a0 398CD69E 		.ascii	"9\214\326\236\325qFM\223A\323\031\333\312%\343\342\307"
 280      D571464D 
 280      9341D319 
ARM GAS  /tmp/ccvCcraz.s 			page 22


 280      DBCA25E3 
 280      E2C7
 281 02b2 CB34049B 		.ascii	"\3134\004\233\277\313\242\360\242\234\266?\332:8g\015"
 281      BFCBA2F0 
 281      A29CB63F 
 281      DA3A3867 
 281      0D
 282 02c3 41C0AFC6 		.ascii	"A\300\257\306\270#\202Ud\360\005\204\000i\322\331u\010"
 282      B8238255 
 282      64F00584 
 282      0069D2D9 
 282      7508
 283 02d5 DCAEF9FD 		.ascii	"\334\256\371\375B\271a\015Q\334\363\353\020\334Y\015"
 283      42B9610D 
 283      51DCF3EB 
 283      10DC590D 
 284 02e5 86404219 		.ascii	"\206@B\031\255\3224T\365\311\206(=\2111#\202\325fp\221"
 284      ADD23454 
 284      F5C98628 
 284      3D893123 
 284      82D56670 
 285 02fa 18114005 		.ascii	"\030\021@\005\217\361{\210\270i\252\265\312F D\034\234"
 285      8FF17B88 
 285      B869AAB5 
 285      CA462044 
 285      1C9C
 286 030c 1B3D21D5 		.ascii	"\033=!\325s1\010T\316_C\327\366)-\260\333\217S\327\354"
 286      73310854 
 286      CE5F43D7 
 286      F6292DB0 
 286      DB8F53D7 
 287 0321 138386D4 		.ascii	"\023\203\206\324p\211\272\205\352\266\236\326\031[q"
 287      7089BA85 
 287      EAB69ED6 
 287      195B71
 288 0330 27E5944B 		.ascii	"'\345\224K\0239\002-\000\017\213N\302\227P\034\345\031"
 288      1339022D 
 288      000F8B4E 
 288      C297501C 
 288      E519
 289 0342 E4A0614B 		.ascii	"\344\240aKtx\255\021\225\222\314\371\001\374+\351(\221"
 289      7478AD11 
 289      9592CCF9 
 289      01FC2BE9 
 289      2891
 290 0354 3EE2341B 		.ascii	">\3424\033\334\333r\271S\242\234hS_\305\036\301e(Fw"
 290      DCDB72B9 
 290      53A29C68 
 290      535FC51E 
 290      C1652846 
 291 0369 6394D834 		.ascii	"c\224\3304T7;D\303\223\262\317\214\2107\343\270\221"
 291      54373B44 
 291      C393B2CF 
 291      8C8837E3 
 291      B891
 292 037b BD12E5E8 		.ascii	"\275\022\345\350\021w\350^\012\257{\252\255\327b\204"
 292      1177E85E 
ARM GAS  /tmp/ccvCcraz.s 			page 23


 292      0AAF7BAA 
 292      ADD76284 
 293 038b 473B5A1F 		.ascii	"G;Z\037\374aL\245\035\345\242\002\372H\347%\207\210"
 293      FC614CA5 
 293      1DE5A202 
 293      FA48E725 
 293      8788
 294 039d 16FD4DD0 		.ascii	"\026\375M\320\224dEy\026|e\006\333~d\317P\232\273\235"
 294      94644579 
 294      167C6506 
 294      DB7E64CF 
 294      509ABB9D 
 295 03b1 9692A2C9 		.ascii	"\226\222\242\311\206+\030m\2431x\023\340\026\374\375"
 295      862B186D 
 295      A3317813 
 295      E016FCFD 
 296 03c1 1DDCA0B7 		.ascii	"\035\334\240\267&\361\345\376=\031\252\226\300\327\202"
 296      26F1E5FE 
 296      3D19AA96 
 296      C0D782
 297 03d0 0B886B52 		.ascii	"\013\210kRp\005\337\251\331kr\331\014\272\303\341#\325"
 297      7005DFA9 
 297      D96B72D9 
 297      0CBAC3E1 
 297      23D5
 298 03e2 E205930A 		.ascii	"\342\005\223\012\011\006W\221H\214\312\324\343\206U"
 298      09065791 
 298      488CCAD4 
 298      E38655
 299 03f1 6AF2A4D8 		.ascii	"j\362\244\330QF\305\024V\363\\i(\307\3325i\346\354\344"
 299      5146C514 
 299      56F35C69 
 299      28C7DA35 
 299      69E6ECE4 
 300 0405 24552F27 		.ascii	"$U/'\"\336\320\337\030\325S\205\363t\204-\256\326Rl"
 300      22DED0DF 
 300      18D55385 
 300      F374842D 
 300      AED6526C 
 301 0419 E435702E 		.ascii	"\3445p.\026\321f}\013\316(\317\216\361\373\221_\276"
 301      16D1667D 
 301      0BCE28CF 
 301      8EF1FB91 
 301      5FBE
 302 042b 5B679C11 		.ascii	"[g\234\021\361\3171ep\343\333\343\001\366=\004r\315"
 302      F1CF3165 
 302      70E3DBE3 
 302      01F63D04 
 302      72CD
 303 043d 4098D820 		.ascii	"@\230\330 \370s\203\030[UX\350\302o\205\327WV\261\326"
 303      F8738318 
 303      5B5558E8 
 303      C26F85D7 
 303      5756B1D6 
 304 0451 EBDBB4AC 		.ascii	"\353\333\264\254\274\334\343Z\371L\331s\353\227\255"
 304      BCDCE35A 
 304      F94CD973 
ARM GAS  /tmp/ccvCcraz.s 			page 24


 304      EB97AD
 305 0460 5EFDA4CB 		.ascii	"^\375\244\313\343+\333\350\365\275\356Z\371B\361\362"
 305      E32BDBE8 
 305      F5BDEE5A 
 305      F942F1F2 
 306 0470 27DC45AB 		.ascii	"'\334E\253\\\033\213\\\245h\362\362\274\240p\015SK+"
 306      5C1B8B5C 
 306      A568F2F2 
 306      BCA0700D 
 306      534B2B
 307 0483 8B97AF71 		.ascii	"\213\227\257q\027\275\"\227z<>\331SZY\312_\333\260N"
 307      17BD2297 
 307      7A3C3ED9 
 307      535A59CA 
 307      5FDBB04E 
 308 0497 A92C5BE7 		.ascii	"\251,[\347]\277\2412\365\015_Y\245\227\244\205n\353"
 308      5DBFA132 
 308      F50D5F59 
 308      A597A485 
 308      6EEB
 309 04a9 C2F31F56 		.ascii	"\302\363\037V\303dH"
 309      C36448
 310              		.text
 311              		.section	.gnu.lto_.symbol_nodes.9ba226c0d8442010,"e",%progbits
 312 0000 789C75CE 		.ascii	"x\234u\316\273\025\3020\014\205\341{-'N\262\004\015"
 312      BB15C230 
 312      0C85E17B 
 312      2D274EB2 
 312      040D
 313 0012 83C0644A 		.ascii	"\203\300dJ\301\000\034f\240`\006jj\012f\310\341\021"
 313      C1001C66 
 313      A060066A 
 313      6A0A66C8 
 313      E111
 314 0024 5EA969C0 		.ascii	"^\251i\300`\003\215\255\352?\372T\250\002\261 \000\263"
 314      60038DAD 
 314      EA3FFA54 
 314      A802B120 
 314      00B3
 315 0036 A7A2F563 		.ascii	"\247\242\365c9\337\002\012\254\333)\336\002s\2402CG"
 315      39DF020A 
 315      ACDB29DE 
 315      0273A032 
 315      4347
 316 0048 AAC9D089 		.ascii	"\252\311\320\211*\031\352\2516M<S\213g\234\321\207\341"
 316      2A19EAA9 
 316      364D3C53 
 316      8B679CD1 
 316      87E1
 317 005a DF9A78B9 		.ascii	"\337\232x\271P\313\264\014T\227\226;\265J\313\215Z\247"
 317      50CBB40C 
 317      5497963B 
 317      B54ACB8D 
 317      5AA7
 318 006c E54A6D92 		.ascii	"\345Jm\222\"(\302\323K\012\377i\312\2203\237\305nx\254"
 318      2228C2D3 
 318      4B0AFF69 
ARM GAS  /tmp/ccvCcraz.s 			page 25


 318      CA90339F 
 318      C56E78AC 
 319 0080 C8AE1489 		.ascii	"\310\256\024\211\333\015\3056!\307b\353\337\251\255"
 319      DB0DC536 
 319      21C762EB 
 319      DFA9AD
 320 008f 42763EBF 		.ascii	"Bv>\277\247N\254\213[\207\027q\237\210i"
 320      A74EAC8B 
 320      5B871771 
 320      9F8869
 321              		.text
 322              		.section	.gnu.lto_.refs.9ba226c0d8442010,"e",%progbits
 323 0000 789CE360 		.ascii	"x\234\343``\004B \000\000\000]\000\013"
 323      60044220 
 323      0000005D 
 323      000B
 324              		.text
 325              		.section	.gnu.lto_.decls.9ba226c0d8442010,"e",%progbits
 326 0000 789CAD59 		.ascii	"x\234\255Y{PTW\232\357sO\323\3354\257,\2321\033\335"
 326      7B505457 
 326      9AEF734F 
 326      D3DD34AF 
 326      2C9A311B 
 327 0015 4A324B32 		.ascii	"J2K2;5KZM\2526\251\375'\306L\355lm2[\225\270[\345Vm"
 327      3B354B5A 
 327      4DAA36A9 
 327      FD27C64C 
 327      ED6C6D32 
 328 0030 F5B47095 		.ascii	"\365\264p\225\336\341\225\2461\272U\273{y\012\010\212"
 328      DEE195A6 
 328      31BA55BB 
 328      7B790A08 
 328      8A
 329 0041 202282F2 		.ascii	" \"\202\362\2267\242`\360\201\202\340\013\345-\242\202"
 329      9637A260 
 329      F08182E0 
 329      0BE52DA2 
 329      82
 330 0052 0F404111 		.ascii	"\017@A\021\025E\301\007\002\373\235s\356\355\276\227"
 330      1545C107 
 330      02FB9D73 
 330      EEEDBE97 
 331 0062 EE36999D 		.ascii	"\3566\231\235m\375\350s\276\373=~\277\357<\356\275\247"
 331      6DFDE873 
 331      BEFB3D7E 
 331      BFEF3CEE 
 331      BDA7
 332 0074 752AA49A 		.ascii	"u*\244\232xO\245\252S\253T:\254R\315\303G\243R\251\272"
 332      784FA5AA 
 332      53AB543A 
 332      AC52CDC3 
 332      47A352A9 
 333 0089 413C412E 		.ascii	"A<A.\201\\\001i\003\031\000\271\0162\0102\0042\014r"
 333      815C0169 
 333      031900B9 
 333      0E320832 
 333      04320C72 
ARM GAS  /tmp/ccvCcraz.s 			page 26


 334 009d 1B640464 		.ascii	"\033d\004d-\210\257\212}<@\236\201\314\200`\244R\351"
 334      2D88AF8A 
 334      7D3C409E 
 334      81CC8060 
 334      A452E9
 335 00b0 417C4196 		.ascii	"A|A\226\202|\004\362\267 \177\017\262\012\344\267H\345"
 335      827C04F2 
 335      B7207F0F 
 335      B20AE4B7 
 335      48E5
 336 00c2 F019039D 		.ascii	"\360\031\003\235\017|O\2121\027\313p\020\014\373I\034"
 336      0F7C4F8A 
 336      3117CB70 
 336      100CFB49 
 336      1C
 337 00d3 116309B4 		.ascii	"\021c\011\264KA\312\220\035\333\273\320\346\340\273"
 337      4B41CA90 
 337      1DDBBBD0 
 337      E6E0BB
 338 00e2 03A453C5 		.ascii	"\003\244S\305\332\004\317R'\271\236\273\310%\361\273"
 338      DA04CF52 
 338      27B99EBB 
 338      C825F1BB 
 339 00f2 22CBB7D6 		.ascii	"\"\313\267\326INg\271f\\\344\322r,\376\302\\\303b>y"
 339      494E67B9 
 339      665CE4D2 
 339      722CFEC2 
 339      5CC3623E 
 340 0107 AE254EF2 		.ascii	"\256%N\362\225\203\334\0219~\350\"?\026k\376\021r\216"
 340      9583DC11 
 340      397EE822 
 340      3F166BFE 
 340      11728E
 341 011a E16D8EE5 		.ascii	"\341m\216\345v\206\201\344\257Bv\014\313\234\344\257"
 341      768681E4 
 341      AF42760C 
 341      CB9CE4AF 
 342 012a 46F6F1FF 		.ascii	"F\366\361\377\320\011w\275\230{\341\347C\270\370W.\362"
 342      D00977BD 
 342      987BE1E7 
 342      43B8F857 
 342      2EF2
 343 013c 8EA8EC63 		.ascii	"\216\250\354c\273A\305\306Q\302\360ob\035\016@\377+"
 343      BB41C5C6 
 343      51C2F06F 
 343      621D0E40 
 343      FF2B
 344 014e 901A902F 		.ascii	"\220\032\220/@\016\202\324#G|C\262\372\034\001\371\315"
 344      400E82D4 
 344      23477C43 
 344      B2FA1C01 
 344      F9CD
 345 0160 028C646E 		.ascii	"\002\214dn\373\212\363n\2258\017\2459\271\360\223\211"
 345      FB8AF36E 
 345      95380FA5 
 345      39B9F093 
 345      89
ARM GAS  /tmp/ccvCcraz.s 			page 27


 346 0171 D1CDE8BD 		.ascii	"\321\315\350\275/<\267a\344\253Gj\350\356\274P\327\252"
 346      2F3CB761 
 346      E4AB476A 
 346      E8EEBC50 
 346      D7AA
 347 0183 87EE623D 		.ascii	"\207\356b=z\037\272\361gR\217{\261\253\034t\363/wE#"
 347      7A1FBAF1 
 347      67528F7B 
 347      B1AB1C74 
 347      F32F7745 
 348 0198 76F52DE8 		.ascii	"v\365-\350V<8\324\2121\207H\234\326k\361\367\325XK\333"
 348      563C38D4 
 348      8A318748 
 348      9CD66BF1 
 348      F7D5584B 
 349 01ad F587AAAF 		.ascii	"\365\207\252\257\270\031\252\004\366\321ea\025jD\330"
 349      B819AA04 
 349      F6D16561 
 349      156A44D8 
 350 01bd 9E732E2A 		.ascii	"\236s.*\241\331\023\177Km\323'\322s\265\213v\210\266"
 350      A1D9137F 
 350      4B6DD327 
 350      D273B58B 
 350      7688B6
 351 01d0 02A228D1 		.ascii	"\002\242(\321)\204Q3Z\204\232\220A\364y\235uw+\207M"
 351      29845133 
 351      5A849A90 
 351      41F4799D 
 351      75772B87 
 352 01e5 D42763BE 		.ascii	"\324'c\276\365w\016.-\016.i\035\327F\335=\223\004!Z"
 352      F5770E2E 
 352      2D0E2E69 
 352      1DD746DD 
 352      3D930421 
 353 01fa C88B11DC 		.ascii	"\310\213\021\334\177\207N\303\345\343h):\206\226\202"
 353      7F874EC3 
 353      E5E36829 
 353      3A869682 
 354 020a C319E4C9 		.ascii	"\303\031\344\311\354\032\347w5\252\031I\035\211^~\352"
 354      EC1AE777 
 354      35AA1949 
 354      1D895E7E 
 354      EA
 355 021b B52723D9 		.ascii	"\265'#\331D.\357\254\255\212s\307\337\323\314\205\207"
 355      442EEFAC 
 355      AD8A73C7 
 355      DFD3CC85 
 355      87
 356 022c AB4A7DE0 		.ascii	"\253J}\340\332Gz4?\217Aqn\342a/b\012r\2757&\351\226"
 356      DA477A34 
 356      3F8F4171 
 356      6EE2612F 
 356      620A72BD 
 357 0244 37DE48DB 		.ascii	"7\336H\333w\206\272_\350\365\011$}j\214\340\3667*t\002"
 357      7786BA5F 
 357      E8F50924 
 357      7D6A8CE0 
ARM GAS  /tmp/ccvCcraz.s 			page 28


 357      F6372A74 
 358 0259 7237406E 		.ascii	"r7@nt\021Q\017\200\212.\200\256\025t\231\030\217\244"
 358      7411510F 
 358      808A2E80 
 358      AE157499 
 358      188FA4
 359 026c 558EB9A3 		.ascii	"U\216\271\243E~~\224Z*\241\246V\241s`p\226\002ng\354"
 359      457E7E94 
 359      5A2AA1A6 
 359      56A17360 
 359      7096026E 
 360 0282 5007F243 		.ascii	"P\007\362C\235\310\217\260, \321\233\356\226\372e_\275"
 360      9DC88FB0 
 360      2C20D19B 
 360      EE96FA65 
 360      5FBD
 361 0294 270869EF 		.ascii	"'\010i\357\020R\350$DoWP5\220?+\226J\366}\331\276i1"
 361      1052E824 
 361      446F5750 
 361      35903F2B 
 361      964AF67D 
 362 02ac 42E91F50 		.ascii	"B\351\037P\033\322\243\363\242\265\004N\264>N\232\300"
 362      1BD2A3F3 
 362      A2B5044E 
 362      B43E4E9A 
 362      C0
 363 02bd E2F48E43 		.ascii	"\342\364\216Cg5\370\034\242\224*s\307\333\304\301J\025"
 363      6735F81C 
 363      A2942A73 
 363      C7DBC4C1 
 363      4A15
 364 02cf 6215F050 		.ascii	"b\025\360P\227\030g\001B\360\032\251?7\245\221\217C"
 364      97186701 
 364      42F01AA9 
 364      3F37A591 
 364      8F43
 365 02e1 B7025C8F 		.ascii	"\267\002\\\2174\016\257N]-\366\220\354b]\330\241K\310"
 365      340EAF4E 
 365      5D2DF690 
 365      EC625DD8 
 365      A14BC8
 366 02f4 136C1BE2 		.ascii	"\023l\033\342gOj\241\356\277\"\0031?\357#\033\212_\261"
 366      674F6AA1 
 366      EEBF2203 
 366      313FEF23 
 366      1B8A5FB1 
 367 0308 A1785C93 		.ascii	"\241x\\\223\262O\217\373\030\360\207\323\311\205j6\026"
 367      B24F8FFB 
 367      18F087D3 
 367      C9856A36 
 367      16
 368 0319 34B4CA16 		.ascii	"4\264\312\026\027\365!\352B`_\006]/\321]Azpj\032Ly\211"
 368      17F521EA 
 368      42605F06 
 368      5D2FD15D 
 368      417A706A 
 369 0331 21E032C8 		.ascii	"!\3402\310\201d\011\226\261\004e\271\245\247\275\360"
ARM GAS  /tmp/ccvCcraz.s 			page 29


 369      81640996 
 369      B10465B9 
 369      A5A7BDF0 
 370 0341 104B30DE 		.ascii	"\020K0\336\331T\353\301\022\010\205\002~G\205>Y\212"
 370      D954EBC1 
 370      12088502 
 370      7E47853E 
 370      598A
 371 0353 9643A87E 		.ascii	"\226C\250~D\035H\370k\020\376*\011?@\303\317\035\336"
 371      441D48F8 
 371      6B10FE2A 
 371      093F40C3 
 371      CF1DDE
 372 0366 53AA9697 		.ascii	"S\252\226\227\005\3242\272\327\031\335\353\012\272k"
 372      05D432BA 
 372      D719DDEB 
 372      0ABA6B
 373 0375 1DE9AE65 		.ascii	"\035\351\256eh\212^N\324{\3421\206&\265\351\345\244"
 373      688A5E4E 
 373      D47BE231 
 373      8626B5E9 
 373      E5A4
 374 0387 B773BAB7 		.ascii	"\267s\272\267\020u!xn\202\356\006\321\015R<\327\037"
 374      10752178 
 374      6E82EE06 
 374      D10D523C 
 374      D71F
 375 0399 44BFF492 		.ascii	"D\277\364\222\227\337)\236!\212\247\254\250\245\315"
 375      97DF299E 
 375      218AA7AC 
 375      A8A5CD
 376 03a8 4637F627 		.ascii	"F7\366'\350\016\323\360\227'2\267p\022&\341'1\335\246"
 376      E80ED3F0 
 376      972732B7 
 376      701226E1 
 376      2731DDA6 
 377 03bc 4EA3CF8F 		.ascii	"N\243\317\217\316p\362\032\015+0\335\221\246\316\320"
 377      CE70F21A 
 377      0D2B30DD 
 377      91A6CED0 
 378 03cc 78FA331F 		.ascii	"x\3723\0379vgvh\204b\317\2771\330\350>\004I\311\256"
 378      39766776 
 378      688462CF 
 378      BF31D8E8 
 378      3E0449C9 
 379 03e1 89D03DD8 		.ascii	"\211\320=\330\263\310?\362\207\355$\344\033\2216\221"
 379      B3C83FF2 
 379      87ED24E4 
 379      1B913691 
 380 03f1 79E983C8 		.ascii	"y\351\203\310G\264c_\304\200\351\330\227\364\207\351"
 380      47B4635F 
 380      C480E9D8 
 380      97F487E9 
 381 0401 38310A27 		.ascii	"81\012'\356{\210\371\260\350\264+\013\315\256#\361\272"
 381      EE7B88F9 
 381      B0E8B42B 
 381      0BCDAE23 
ARM GAS  /tmp/ccvCcraz.s 			page 30


 381      F1BA
 382 0413 14843930 		.ascii	"\024\20490TvGQ\305\211\351\344\036\310\001\261=\240"
 382      54764751 
 382      C589E9E4 
 382      1EC801B1 
 382      3DA0
 383 0425 CA1654FA 		.ascii	"\312\026T\372 \333\206\274o6%\327{\030\015F\301\302"
 383      20DB86BC 
 383      6F3625D7 
 383      7B180D46 
 383      C1C2
 384 0437 AE997DFC 		.ascii	"\256\231}\374\236\012\275\235\372\276\212\355\317\331"
 384      9E0ABD9D 
 384      FABE8AED 
 384      CFD9
 385 0445 9787D578 		.ascii	"\227\207\325x\013\333\344\347F\333\272\221\3631t\262"
 385      0BDBE4E7 
 385      46DBBA91 
 385      F33174B2 
 386 0455 8CC0E179 		.ascii	"\214\300\341yyz\267\247\032J\200\306`@\"\325D7\020w"
 386      797AB7A7 
 386      1A4A80C6 
 386      604022D5 
 386      44371077 
 387 0469 701B5AB8 		.ascii	"p\033Z\270}\253\320\270b\357~<=\036\253\226\214b\245"
 387      7DABD0B8 
 387      62EF7E3C 
 387      3D1EAB96 
 387      8C62A5
 388 047c 3D9EEC31 		.ascii	"=\236\3541J\273\344\276\2368\037\371\004y\240\3303\036"
 388      4ABBE4BE 
 388      9E381FF9 
 388      0479A0D8 
 388      331E
 389 048e 4A136464 		.ascii	"J\023dd\377\371\223\036\024\010\250\320}D\2214\304O"
 389      FFF9931E 
 389      1408A8D0 
 389      7D449134 
 389      C44F
 390 04a0 5D243BFD 		.ascii	"]$;\375\022XU\244\337\2675\375\242\226\365\205\377\201"
 390      125855A4 
 390      DFB735FD 
 390      A296F585 
 390      FF81
 391 04b2 7E56E1E8 		.ascii	"~V\341\350?\341\275\214\372\255\222\270c\224\272\260"
 391      3FE1BD8C 
 391      FAAD92B8 
 391      6394BAB0 
 392 04c2 60813F41 		.ascii	"`\201?A\324\201\020\177\014y'\030\361'\015=\215\332"
 392      D481107F 
 392      0C792718 
 392      F1270D3D 
 392      8DDA
 393 04d4 251974A7 		.ascii	"%\031t\247\214\021\336\342\320$\360\267o\261O\321\022"
 393      8C11DEE2 
 393      D024F0B7 
 393      6FB14FD1 
ARM GAS  /tmp/ccvCcraz.s 			page 31


 393      12
 394 04e5 157A0428 		.ascii	"\025z\004((\270\276C\2153>\277\314\023\006\007\205\246"
 394      28B8BE43 
 394      8D333EBF 
 394      CC130607 
 394      85A6
 395 04f7 E7ED9F95 		.ascii	"\347\355\237\225\234\211\027\272\300\361\013j\207\356"
 395      9C8917BA 
 395      C0F10B6A 
 395      87EE
 396 0505 41029130 		.ascii	"A\002\2210i\253\320]\230\335h\024V\"(\236\241_\222j"
 396      69ABD05D 
 396      98DD6814 
 396      5622289E 
 396      A15F926A 
 397 0519 DD1F7BED 		.ascii	"\335\037{\355\205\2370\244\316j\376\344\361N\201\321"
 397      859F30A4 
 397      CE6AFEE4 
 397      F14E81D1 
 398 0529 278B7A9A 		.ascii	"'\213z\232\321\277\\t\263PK\225\260\266\321s\246\214"
 398      D1BF5C74 
 398      B3504B95 
 398      B0B6D173 
 398      A68C
 399 053b DE3579CD 		.ascii	"\3365y\315\307V\250\027LY\0345\275\217s\315\346\025"
 399      C756A817 
 399      4C591C35 
 399      BD8F73CD 
 399      E615
 400 054d 61F35262 		.ascii	"a\363Rb\223\02679\250\023\331\274\372\313=B\023\354"
 400      93163739 
 400      A813D9BC 
 400      FACB3D42 
 400      13EC
 401 055f 1102478C 		.ascii	"\021\002G\214\320\224\214\312\324B*3\224J\307\215\366"
 401      D0948CCA 
 401      D4422A33 
 401      944AC78D 
 401      F6
 402 0570 640EA7E3 		.ascii	"d\016\247\343\237Ie\326\031\2259\246|},\253\026\331"
 402      9F4965D6 
 402      199539A6 
 402      7C7D2CAB 
 402      16D9
 403 0582 2CE799B2 		.ascii	",\347\231\262\274\364\306\2476z\002Gu\355\305\347\277"
 403      BCF4C6A7 
 403      367A0247 
 403      75EDC5E7 
 403      BF
 404 0593 74CD2E9A 		.ascii	"t\315.\232\003vQ\234\310.zW\307E\265\310\356\3022\033"
 404      0376519C 
 404      C82E7A57 
 404      C745B5C8 
 404      EEC2321B 
 405 05a7 3B3042AF 		.ascii	";0B\257e\354^/d\027\303\021ve\273\017n\321\340\342\237"
 405      65EC5E2F 
 405      6417C311 
ARM GAS  /tmp/ccvCcraz.s 			page 32


 405      7665BB0F 
 405      6ED1E0E2 
 406 05bc CB2E8EE1 		.ascii	"\313.\216\341;P\337~EcS\3063\345\243\332\370\327\236"
 406      3B50DF7E 
 406      456353C6 
 406      33E5A3DA 
 406      F8D79E
 407 05cf 36265B98 		.ascii	"6&[\230\262\267e{\217\207k*\211\204J\202D%}\264\275"
 407      B2B7657B 
 407      8F876B2A 
 407      89844A82 
 407      44257DB4 
 408 05e4 0E89549A 		.ascii	"\016\211T\232\337\263Q\001#\024\313\331\251@[I%\211"
 408      DFB35101 
 408      2314CBD9 
 408      A9405B49 
 408      2589
 409 05f6 5229A81F 		.ascii	"R)\250\037\334\241\306'~.\225d\0060%\266t\212Q\201="
 409      DCA1C627 
 409      7E2E9564 
 409      063025B6 
 409      748A5181 
 410 060b 19A53065 		.ascii	"\031\2450e\337@\327\230\326f\271\215)\273\362^\235r"
 410      DF40D798 
 410      D666B98D 
 410      29BBF25E 
 410      9D72
 411 061d B3F1DBCE 		.ascii	"\263\361\333\316\224cG\273v\272\271\346\267\203\360"
 411      946347BB 
 411      76BAB9E6 
 411      B783F0
 412 062c 4B95F809 		.ascii	"K\225\370\011\207\247m\374z~m\343\007Fh\253\214\337"
 412      87A76DFC 
 412      7A7E6DE3 
 412      074668AB 
 412      8CDF
 413 063e D685FCD2 		.ascii	"\326\205\374\322(\277\272\351\211:5\276\354\232\337"
 413      28BFBAE9 
 413      893A35BE 
 413      EC9ADF
 414 064d 9F764303 		.ascii	"\237vC\003\207\330\303\323m\034\015\222\301\351\321"
 414      87D8C3D3 
 414      6D1C0D92 
 414      C1E9D1
 415 065c 4EC6E862 		.ascii	"N\306\350b\346`\271\3066sw1\345\213\033)\331^TI\236"
 415      E660B9C6 
 415      36737731 
 415      E58B1B29 
 415      D95E5449 
 416 0671 D03299F2 		.ascii	"\3202\231\362UQq\003s'\017y\273\231\362q\361\225jw\327"
 416      55517103 
 416      73270F79 
 416      BB99F271 
 416      F1956A77 
 417 0686 05D9430A 		.ascii	"\005\331C\012\222%\025\344\311\231\234I/R\020Ah\272"
 417      922515E4 
 417      C9999C49 
ARM GAS  /tmp/ccvCcraz.s 			page 33


 417      2F521041 
 417      68BA
 418 0698 32BBBC35 		.ascii	"2\273\2745fk\212\220\217\250\025J\227U\004\332lO\316"
 418      666B8A90 
 418      8FA8154A 
 418      975504DA 
 418      6C4FCE
 419 06ab A695E83D 		.ascii	"\246\225\350=y\255\022\343\235j\227\225P\022\333\353"
 419      79AD12E3 
 419      9D6A9795 
 419      5012DBEB 
 420 06bb 8CD83EEE 		.ascii	"\214\330>\356\377V\263\362'\035\031,J\036\204\316eQ"
 420      FF56B3F2 
 420      271D192C 
 420      4A1E84CE 
 420      6551
 421 06cd E63A269E 		.ascii	"\346:&\236\330'Q>S\306f\214\336\363\266\325\254\200"
 421      D827513E 
 421      53C6668C 
 421      DEF3B6D5 
 421      AC80
 422 06df 29773DBD 		.ascii	")w=\275\223\243\263\325\254PD\326\2354\350\345\272f"
 422      93A3B3D5 
 422      AC5044D6 
 422      9D34E8E5 
 422      BA66
 423 06f1 C5A46645 		.ascii	"\305\244fER\315\352z\247\307\335\305\232\3657\342=B"
 423      52CDEA7A 
 423      A7C7DDC5 
 423      9AF537E2 
 423      3D42
 424 0703 33472C50 		.ascii	"3G,P\216\254^9R\275\366\323z]H\034\031\340p9\253W\373"
 424      8EAC5E39 
 424      52BDF6D3 
 424      7A5D481C 
 424      19E07039 
 425 071a 81B1AD1A 		.ascii	"\201\261\255\032\334\314:5\331\243\027\310DG\245\324"
 425      DCCC3A35 
 425      D9A317C8 
 425      4447A5D4 
 426 072a 0334D595 		.ascii	"\0034\325\22535z\012p\203\247X\315\236\226\363U>rxA"
 426      33357A0A 
 426      7083A758 
 426      CD9E96F3 
 426      553E7278 
 427 073f BF90A1AB 		.ascii	"\277\220\241\253 \350\312%t%\0055\245\236\004]\236\220"
 427      20E8CA25 
 427      74250535 
 427      A59E045D 
 427      9E90
 428 0751 B747F832 		.ascii	"\267G\3702ZH\026\232nr\304\010\225H\000Q\031X\223.\303"
 428      5A48169A 
 428      6E72C408 
 428      95480051 
 428      1958932E 
 429 0766 58493166 		.ascii	"XI1f\227\037\257\205\307zW\260j\242\232J\274p\007\273"
 429      971FAF85 
ARM GAS  /tmp/ccvCcraz.s 			page 34


 429      C77A57B0 
 429      6AA29A4A 
 429      BC7007BB 
 430 077a 5C50BCAF 		.ascii	"\\P\274\257\307\235\\>@VJ5+\342\321\352\214>L\201\337"
 430      C79D5C3E 
 430      40564A35 
 430      2BE2D1EA 
 430      8C3E4C81 
 431 078f B6CD83EE 		.ascii	"\266\315\203\356\222\264B6\017\314\236\350 \263K{\324"
 431      92B44236 
 431      0FCC9EE8 
 431      20B34B7B 
 431      D4
 432 07a0 D06A2378 		.ascii	"\320j#xH\\\3571\311\323\336\037\364\251s\005\035\315"
 432      485CEF31 
 432      C9D3DE1F 
 432      F4A97305 
 432      1DCD
 433 07b2 76226BAC 		.ascii	"v\"k\254VMm\352\270\017\250fz8%]\213\257\262\374Or\237"
 433      564D6DEA 
 433      B80FA866 
 433      7A38255D 
 433      8BAFB2FC 
 434 07c9 EE27C38D 		.ascii	"\356'\303\215~\004J"
 434      7E044A
 435 07d0 87097550 		.ascii	"\207\011uP>\273\236\325\340\206\007\231EEfQ\027%p\204"
 435      3EBB9ED5 
 435      E0860799 
 435      45456651 
 435      17257084 
 436 07e4 20AC6759 		.ascii	" \254gYn\015'\365*n\301\000@\254#:JJr\214\224\262V*"
 436      6E0D27F5 
 436      2A6EC100 
 436      40AC233A 
 436      4A4A728C 
 437 07fc 6573DEFC 		.ascii	"es\336\374s/V\312\246s{\377\272\361\320=!!IX.\364ab"
 437      732F56CA 
 437      A6737BFF 
 437      BAF1D03D 
 437      21214958 
 438 0814 88AA6CE5 		.ascii	"\210\252l\345\254!\276UR9\217\323rN%\2147\253\361Y\267"
 438      AC21BE55 
 438      52398FD3 
 438      724E258C 
 438      37ABF159 
 439 0829 9F1CE5B5 		.ascii	"\237\034\345\265R\255\206JF\"%\315Iq\262v6?\300\316"
 439      52AD864A 
 439      462225CD 
 439      4971B276 
 439      363FC0CE 
 440 083d 01835D13 		.ascii	"\001\203]\023A\333(\241}v\252{@9\360\011\302-\216\030"
 440      41DB28A1 
 440      7D76AA7B 
 440      4039F009 
 440      C22D8E18 
 441 0851 A1061BD2 		.ascii	"\241\006\033\322\023\004i\203\204\364\024E\3326}\270"
 441      13046983 
ARM GAS  /tmp/ccvCcraz.s 			page 35


 441      84F41445 
 441      DA367DB8 
 442 0861 DF1B0FBB 		.ascii	"\337\033\017\273B\232Qp\272\327\335%\206\323\004C\244"
 442      429A5170 
 442      BAD7DD25 
 442      86D30443 
 442      A4
 443 0872 08A14618 		.ascii	"\010\241F\030\012PN=\001\246\036\230\240f\033\202\026"
 443      0A504E3D 
 443      01A61E98 
 443      A0661B82 
 443      16
 444 0883 82A05942 		.ascii	"\202\240YBp\206\"h\251\037\030\343\330\353\366\362L"
 444      70862268 
 444      A91F18E3 
 444      D8EBF6F2 
 444      4C
 445 0894 FB89832F 		.ascii	"\373\211\203/;q\220\216\030|\331\021C\325\374\335l\037"
 445      3B71908E 
 445      187CD911 
 445      43D5FCDD 
 445      6C1F
 446 08a6 F6322E90 		.ascii	"\3662.\220w\260\323\355\375\365\336\3709\203_\032\367"
 446      77B0D3ED 
 446      FDF5DEF8 
 446      39835F1A 
 446      F7
 447 08b7 384D83E7 		.ascii	"8M\203\347Y\2470\177rJ\217\3434\264\323\330\265=N\207"
 447      59A7307F 
 447      724A8FE3 
 447      34B4D3D8 
 447      B53D4E87 
 448 08cb 5368C7ED 		.ascii	"Sh\307\355F\376\351\031\037\344\007\237E\354\375\367"
 448      46FEE919 
 448      1FE4079F 
 448      45ECFDF7 
 449 08db D6059C72 		.ascii	"\326\005\234r\260\264'J(ZNw\220\213\200\267\207\223"
 449      B0B4274A 
 449      285A4E77 
 449      908B80B7 
 449      8793
 450 08ed 3F37B217 		.ascii	"?7\262\027n\373\033sG\"n\255\023\204DO:\333/\270\260"
 450      6EFB1B73 
 450      47226EAD 
 450      1384444F 
 450      3ADB2FB8 
 451 0902 A7EFCCCC 		.ascii	"\247\357\314\314\341\321\374\342\242\030\341\374\037"
 451      E1D1FCE2 
 451      A218E1FC 
 451      1F
 452 090f E8E6D7EE 		.ascii	"\350\346\327\356`\277\340\205\274#A\036\276\315\271"
 452      60BFE085 
 452      BC23411E 
 452      BECDB9
 453 091e 398DAE38 		.ascii	"9\215\2568\032h\345\226\242\363\034}7\346\330\213w\027"
 453      1A68E596 
 453      A2F31C7D 
ARM GAS  /tmp/ccvCcraz.s 			page 36


 453      37E6D88B 
 453      7717
 454 0930 E787BA41 		.ascii	"\347\207\272A:@:9\351\005\374H\314@\016\302\275\254"
 454      3A403A39 
 454      E905FC48 
 454      CC400EC2 
 454      BDAC
 455 0942 342E1EBF 		.ascii	"4.\036\277{9\371c\365H\305\330^\017\334\317<r\366\277"
 455      7B39F963 
 455      F548C5D8 
 455      5E0FDCCF 
 455      3C72F6BF 
 456 0956 FEBDC3A3 		.ascii	"\376\275\303\243\370e\000\251\364y\234\324vK+\177\024"
 456      F86500A9 
 456      F4799CD4 
 456      764B2B7F 
 456      14
 457 0967 EF5370B8 		.ascii	"\357Sp\270\302\211\217\342\005e\211{u\370!\213\035?"
 457      C2898FE2 
 457      0565897B 
 457      75F8218B 
 457      1D3F
 458 0979 D9BACD1D 		.ascii	"\331\272\315\035?e\235\262\242\035\005\032<\313:{\006"
 458      3F659DB2 
 458      A21D051A 
 458      3CCB3A7B 
 458      06
 459 098a 2BF23D9D 		.ascii	"+\362=\235\337*\3729g\357\032\331\007+F=q<=\202r\233"
 459      DF2AFA39 
 459      67EF1AD9 
 459      072B463D 
 459      713C3D82 
 460 09a0 789837E5 		.ascii	"x\2307\345M\306|\221\037+\361\350\2348 \200\003]\202"
 460      4DC67C91 
 460      1F2BF1E8 
 460      9C382080 
 460      035D82
 461 09b3 00836F1E 		.ascii	"\000\203o\036\300\346\377\206\007\206X\0155\277\352"
 461      C0E6FF86 
 461      0786580D 
 461      35BFEA
 462 09c2 C2DC3E80 		.ascii	"\302\334>\200\243\263\276,\372\000\334\245\2569\230"
 462      A3B3BE2C 
 462      FA00DCA5 
 462      AE3998
 463 09d1 FFE4F80D 		.ascii	"\377\344\370\015\212\3437\004\343v\013\344&\310\015"
 463      8AE33704 
 463      E3760BE4 
 463      26C80D
 464 09e0 4E76C4D3 		.ascii	"Nv\304\323\374_\014\016\211\177\335y\374\025\364\300"
 464      FC5F0C0E 
 464      897FDD79 
 464      FC15F4C0 
 465 09f0 065FBA37 		.ascii	"\006_\2727S\351\205\374\026\023\336p\317z4\247\217\242"
 465      53E985FC 
 465      1613DE70 
 465      CF7A34A7 
ARM GAS  /tmp/ccvCcraz.s 			page 37


 465      8FA2
 466 0a02 9EE0017B 		.ascii	"\236\340\001{5\267X\226\325\346\226\346\034\025\261"
 466      35B75896 
 466      D5E696E6 
 466      1C15B1
 467 0a11 26A88601 		.ascii	"&\250\206\001\315\035\033\032\010\332\223\210Y\320\236"
 467      CD1D1B1A 
 467      08DA9388 
 467      59D09E
 468 0a20 37042537 		.ascii	"7\004%7\352\252\254\347\032\234\312N\005\307wT%k\235"
 468      EAAAACE7 
 468      1A9CCA4E 
 468      05C77754 
 468      256B9D
 469 0a33 9F878D70 		.ascii	"\237\207\215pN\316\303P\325\217\311\331Z\266\025\274"
 469      4ECEC350 
 469      D58FC9D9 
 469      5AB615BC 
 470 0a43 434E3866 		.ascii	"CN8f\267{\341=b\254\321\212>\016\347\263N\354\226\254"
 470      B77BE13D 
 470      62ACD18A 
 470      3E0EE7B3 
 470      4EEC96AC 
 471 0a57 56CEE13C 		.ascii	"V\316\341<p\014b\336WL\320\332\371\262x\214+D\247\251"
 471      700C62DE 
 471      574CD0DA 
 471      F9B2788C 
 471      2B44A7A9 
 472 0a6b DC693707 		.ascii	"\334i7\007\247q\007\247]\025\355{u\212\027LE\345\037"
 472      A77107A7 
 472      5D15ED7B 
 472      758A174C 
 472      45E51F
 473 0a7e 4AB3FAE8 		.ascii	"J\263\372\350\216\264\207:\\\307\202\337\351\254;\245"
 473      8EB4873A 
 473      5CC782DF 
 473      E9AC3BA5 
 474 0a8e 71E5841E 		.ascii	"q\345\204\036A\022\233\337\221\306\2239Z|\216\371U<"
 474      41129BDF 
 474      91C69339 
 474      5A7C8EF9 
 474      553C
 475 0aa0 8F3DEC83 		.ascii	"\217=\354\203\333Y\347U\372\321\303\036\370\022\353"
 475      DB59E755 
 475      FAD1C31E 
 475      F812EB
 476 0aaf A45E7FD9 		.ascii	"\244^\177\331\340\201\257\261N\347\305a\036\337d\355"
 476      E081AFB1 
 476      4EE7C561 
 476      1EDF64ED 
 477 0abf E1675525 		.ascii	"\341gU%\216\344\237A\212)\005\217\311\316\314\365\370"
 477      8EE49F41 
 477      8A29058F 
 477      C9CECCF5 
 477      F8
 478 0ad0 2EF349BF 		.ascii	".\363I\277\2208\256w\360\231v\360\351\331}~\211\234"
 478      9038AE77 
ARM GAS  /tmp/ccvCcraz.s 			page 38


 478      F09976F0 
 478      E9D97D7E 
 478      899C
 479 0ae2 C57305F5 		.ascii	"\305s\005\365\027\022\205\274\346!\177<IC\343\230\231"
 479      171285BC 
 479      E6217F3C 
 479      4943E398 
 479      99
 480 0af3 D17F7579 		.ascii	"\321\177uy\204Ia\275\022\247\372k\230T3\362)>?\207\267"
 480      844961BD 
 480      12A7FA6B 
 480      985433F2 
 480      293E3F87 
 481 0b08 B76C4B11 		.ascii	"\267lK\021\362\2421\211\215^\212\306\316\226\021\363"
 481      F2A23189 
 481      8D5E8AC6 
 481      CE9611F3 
 482 0b18 987C872D 		.ascii	"\230|\207-\012b\375\324\271\2658\0213\322w\217\340E"
 482      0A62FDD4 
 482      B9B53811 
 482      33D2778F 
 482      E045
 483 0b2a CE414D3B 		.ascii	"\316AM;\007E^ \213;\257\352p\261\216\215\351\323\312"
 483      07455E20 
 483      8B3BAFEA 
 483      70B18E8D 
 483      E9D3CA
 484 0b3d 673E0E45 		.ascii	"g>\016E\233\003\347yE\321N\315^\313\321\343j\346t\252"
 484      9B03E779 
 484      45D14ECD 
 484      5ECBD1E3 
 484      6AE674AA 
 485 0b51 6EA4DADB 		.ascii	"n\244\332\333\301I\300\013\235\016EU\016(\366\316(,"
 485      C149C00B 
 485      9D0E4555 
 485      0E28F6CE 
 485      282C
 486 0b63 A7128D59 		.ascii	"\247\022\215Y\251\325\011?\216\245q\310\276\253=\335"
 486      A9D5093F 
 486      8EA571C8 
 486      BEAB3DDD 
 487 0b73 E6F69ADD 		.ascii	"\346\366\232\3358`B\241'\000&\016\273\334\247`\341\366"
 487      386042A1 
 487      2700260E 
 487      BBDCA760 
 487      E1F6
 488 0b85 656AD9C2 		.ascii	"ej\331\302\235\205\364\223\242\271\375\204\331V2\247"
 488      9D85F493 
 488      A2B9FD84 
 488      D95632A7 
 489 0b95 DB14254B 		.ascii	"\333\024%K\034H\245b\261\037\212\001\211\307\262!\234"
 489      1C48A562 
 489      B11F8A01 
 489      89C7B221 
 489      9C
 490 0ba6 2ED1B211 		.ascii	".\321\262\021\001\300tD\234\241\221N\226\333\347\312"
 490      01C07444 
ARM GAS  /tmp/ccvCcraz.s 			page 39


 490      9CA1914E 
 490      96DBE7CA 
 491 0bb6 67D022E7 		.ascii	"g\320\"\347\231H\205\\d\002\317kOG\335\3610\253p|^^"
 491      9948855C 
 491      6402CF6B 
 491      4F47DDF1 
 491      30AB707C 
 492 0bcc A51B1E63 		.ascii	"\245\033\036c\235\211\204\252\007Z\347\367\214D\354"
 492      9D8984AA 
 492      075AE7F7 
 492      8C44EC
 493 0bdb EC9E3136 		.ascii	"\354\23616w\340\256\032?c\336}S\347oc<\303:\375\217"
 493      77E0AE1A 
 493      3F63DE7D 
 493      53E76F63 
 493      3CC33AFD 
 494 0bf0 7AF7398E 		.ascii	"z\3679\216\\2DI\301\362\221k\031\354\033\3058\311\235"
 494      5C324449 
 494      C1F2916B 
 494      19EC1BC5 
 494      38C99D
 495 0c03 3AA54D66 		.ascii	":\245Mfui\035n\225\333\034\234\222\322\266\245{\310"
 495      75691D6E 
 495      95DB1C9C 
 495      92D2B6A5 
 495      7BC8
 496 0c15 877BBBA2 		.ascii	"\207{\273\242N\251\342p\243\033{'\236\252\361N\026|"
 496      4EA9E270 
 496      A31B7B27 
 496      9EAAF14E 
 496      167C
 497 0c27 ACE9F2B8 		.ascii	"\254\351\362\270N\027O\317\\[d'P\360\302\212u4\270\355"
 497      4E174FCF 
 497      5C5B6427 
 497      50F0C28A 
 497      7534B8ED 
 498 0c3b C895BC3E 		.ascii	"\310\225\274>\217\236\276\357\211\3670\327\227\331["
 498      8F9EBEEF 
 498      89F730D7 
 498      97D95B
 499 0c4a E2901357 		.ascii	"\342\220\023W\224\016\320\234yw\247\367\337rg[\357g"
 499      940ED09C 
 499      7977A7F7 
 499      DF72675B 
 499      EF67
 500 0c5c 2458E1CE 		.ascii	"$X\341\316-Z\361'\021\362\253\307\356\214\261I\214\213"
 500      2D5AF127 
 500      11F2ABC7 
 500      EE8CB149 
 500      8C8B
 501 0c6e DDDFF440 		.ascii	"\335\337\364@\261[\3018ov&\336\013\2271\217\313;\242"
 501      B15BC138 
 501      6F7626DE 
 501      0B97318F 
 501      CB3BA2
 502 0c81 121D9752 		.ascii	"\022\035\227R\026`Q:\355\256\316\332\2528!\337\243("
 502      1660513A 
ARM GAS  /tmp/ccvCcraz.s 			page 40


 502      EDAECEDA 
 502      AA3821DF 
 502      A328
 503 0c93 53B65826 		.ascii	"S\266X&\367\226\324\332\007\364f\357'\273\341\303C^"
 503      F796D4DA 
 503      07F466EF 
 503      27BBE1C3 
 503      435E
 504 0ca5 C381CE64 		.ascii	"\303\201\316d!/\012\243Q\216\375\316Q\210\345\277s\234"
 504      212F0AA3 
 504      518EFDCE 
 504      5188E5BF 
 504      739C
 505 0cb7 E39437F1 		.ascii	"\343\2247\361\351\027\313\012\351M\034\352\217\266b"
 505      E917CB0A 
 505      E94D1CEA 
 505      8FB662
 506 0cc6 66EE62F7 		.ascii	"f\356b\367\201\2654\367\362\335t\201\230o\001\263\307"
 506      81B534F7 
 506      F2DD7481 
 506      986F01B3 
 506      C7
 507 0cd7 1C33B7DF 		.ascii	"\0343\267\337\007\035\236(z6\263\265\221\204\365(\301"
 507      071D9E28 
 507      7A36B3B5 
 507      9184F528 
 507      C1
 508 0ce8 21FAC227 		.ascii	"!\372\302'\212\236M\273\205\246(\015\332\011\243\263"
 508      8A9E4DBB 
 508      85A6280D 
 508      DA09A3B3 
 509 0cf8 43B496C6 		.ascii	"C\264\226\306\333\240\\\3247\0231\003\0027b\325\002"
 509      DBA05CD4 
 509      37133103 
 509      023762D5 
 509      02
 510 0d09 148CA30C 		.ascii	"\024\214\243\014\305\\\">\311v\014(\037<Q;\340\260;"
 510      C55C223E 
 510      C9760C28 
 510      1F3C513B 
 510      E0B03B
 511 0d1c 2896E62E 		.ascii	"(\226\346.\274\024e\340\245\354\247\271Bqi\346\301\262"
 511      BC1465E0 
 511      A5ECA7B9 
 511      427169E6 
 511      C1B2
 512 0d2e DC0B920B 		.ascii	"\334\013\222\013\262\017\244\010$\007$\037\244@\276"
 512      B20FA408 
 512      2407241F 
 512      A440BE
 513 0d3d 319C9D79 		.ascii	"1\234\235y\227\225v\002\266\251{\334\302\244w9\371\306"
 513      97957602 
 513      B6A97BDC 
 513      C2A47739 
 513      F9C6
 514 0d4f 903F7C25 		.ascii	"\220?|%f\301fm\313\336\362\247e'g)\321g\023\024k\255"
 514      66C1666D 
ARM GAS  /tmp/ccvCcraz.s 			page 41


 514      CBDEF2A7 
 514      65276729 
 514      D1671314 
 515 0d65 58917A3F 		.ascii	"X\221z?\235D\344\013lo\3378\235\253\227\377\214\340"
 515      9D44E40B 
 515      6C6FDF38 
 515      9DAB97FF 
 515      8CE0
 516 0d77 D4B684DA 		.ascii	"\324\266\204\3326'?+\347\244\307\231\330\237\372y\017"
 516      36273F2B 
 516      E7A4C799 
 516      D89FFA79 
 516      0F
 517 0d88 9562F27B 		.ascii	"\225b\362{\306\243\232\314K\212\343jr\364bOP\306\022"
 517      C6A39ACC 
 517      4B8AE36A 
 517      72F4624F 
 517      50C612
 518 0d9b 94D10435 		.ascii	"\224\321\0045}9\327\275\025\300\025\266\345\314\266"
 518      7D39D7BD 
 518      15C015B6 
 518      E5CCB6
 519 0daa 9CDAD69F 		.ascii	"\234\332\326\237\350\337\356\315N\247\231\255\257\374"
 519      E8DFEECD 
 519      4EA799AD 
 519      AFFC
 520 0db8 E78F0AAC 		.ascii	"\347\217\012\254'\223\206L\036\3628\337\276\357\204"
 520      2793864C 
 520      1EF238DF 
 520      BEEF84
 521 0dc7 C637552C 		.ascii	"\3067U,\357\027\210\036\272\331WE%\366e\036\354E\340"
 521      EF17881E 
 521      BAD95745 
 521      25F6651E 
 521      EC45E0
 522 0dda D15492C2 		.ascii	"\321T\222\302x\330\2251\252\302\276\340p\277\340L\202"
 522      78D89531 
 522      AAC2BEE0 
 522      70BFE04C 
 522      82
 523 0deb 8221A865 		.ascii	"\202!\250eP\252\031\352jV\3563\217\236z)~\240U0<\300"
 523      50AA19EA 
 523      6A56EE33 
 523      8F9E7A29 
 523      7EA05530 
 524 0e01 6C0F50DB 		.ascii	"l\017P\333\3043\223\235Xn\333\244\260\255a\2665\324"
 524      C433939D 
 524      586EDBA4 
 524      B0AD61B6 
 524      35D4
 525 0e13 76B6ADE5 		.ascii	"v\266\255\345\250b\310\217)l\0172\333\203\324\326\331"
 525      A862C88F 
 525      296C0F32 
 525      DB83D4D6 
 525      D9
 526 0e24 39C674F1 		.ascii	"9\306t\361\314a\333\3358\012\374\377\343\0272w\263\270"
 526      CC61DBDD 
ARM GAS  /tmp/ccvCcraz.s 			page 42


 526      380AFCFF 
 526      E3173277 
 526      B3B8
 527 0e36 394F2437 		.ascii	"9O$7\316\261S\250ZXI\207\260s\327 \271+\274L\323\335"
 527      CEB153A8 
 527      5A584987 
 527      B073D720 
 527      B92BBC4C 
 528 0e4c 8DDCF1FB 		.ascii	"\215\334\361\373\217\266\260\343\252\303\340]\307\274"
 528      8FB6B0E3 
 528      AAC3E05D 
 528      C7BC
 529 0e5a 93520E6C 		.ascii	"\223R\016l\327\275\351\310\242\036\303\013\370\217\230"
 529      D7BDE9C8 
 529      A21EC30B 
 529      F88F98
 530 0e69 BC819336 		.ascii	"\274\201\2236\231\206\275\325\323\012\256\025\012\256"
 530      9986BDD5 
 530      D30AAE15 
 530      0AAE
 531 0e77 47B09892 		.ascii	"G\260\230\222\264Tj\363\312\200\300U\037\177l\200\377"
 531      B4546AF3 
 531      CA80C055 
 531      1F7F6C80 
 531      FF
 532 0e88 E1BCC51C 		.ascii	"\341\274\305\034\036\304[6\373\007\007\007\032V}c\376"
 532      1EC45B36 
 532      FB070707 
 532      1A567D63 
 532      FE
 533 0e99 36CCFFEB 		.ascii	"6\314\377\353\257\2772\004Z\314\033yK\204a\325\232\225"
 533      AFBF3204 
 533      5ACC1B79 
 533      4B8461D5 
 533      9A95
 534 0eab 9FAE5EBE 		.ascii	"\237\256^\276\342K\303\306\025\006\023\230\030%\305"
 534      E24BC3C6 
 534      15061398 
 534      1825C5
 535 0eba C701BA7F 		.ascii	"\307\001\272\177\370\375\277\274\277\372\363\317U\336"
 535      F8FDBFBC 
 535      BFFAF3CF 
 535      55DE
 536 0ec8 41A66023 		.ascii	"A\246`#\30442'\037S\270)\370\037W\256\376\212\366\214"
 536      C4343227 
 536      1F53B829 
 536      F81F57AE 
 536      FE8AF68C 
 537 0edc 56B52930 		.ascii	"V\265)0\320\342%*I\333h\375\362\317M\036\244\362\226"
 537      D0E2252A 
 537      49DB68FD 
 537      F2CF4D1E 
 537      A4F296
 538 0eef DA2C8D9E 		.ascii	"\332,\215\236\304_c\016\341\215Vm\2449\324\372\231\321"
 538      C45F630E 
 538      E18D566D 
 538      A439D4FA 
ARM GAS  /tmp/ccvCcraz.s 			page 43


 538      99D1
 539 0f01 AA8930FF 		.ascii	"\252\2110\377't\271OU:\223%d\343\337\371\207\250\364"
 539      2774B94F 
 539      553A9325 
 539      64E3DFF9 
 539      87A8F4
 540 0f14 0161162B 		.ascii	"\001a\026+\277\311?\344\023\325\333&\353\312O\003\226"
 540      BFC93FE4 
 540      13D5DB26 
 540      EBCA4F03 
 540      96
 541 0f25 AF586724 		.ascii	"\257Xg$\201\303\303\202\203\215\246\200?\276E\302\374"
 541      81C3C382 
 541      838DA680 
 541      3FBE45C2 
 541      FC
 542 0f36 7693D9FA 		.ascii	"v\223\331\372\235\325d\215\214\370\177@\032\240\372"
 542      9DD5648D 
 542      8CF87F40 
 542      1AA0FA
 543 0f45 4091C9C2 		.ascii	"@\221\311\302\233\002\215\001\221\026\013\037j5\222"
 543      9B028D01 
 543      91160B1F 
 543      6A3592
 544 0f54 6AF01111 		.ascii	"j\360\021\021\177\341`\261D\241\371\301b\266\362\306"
 544      7FE160B1 
 544      44A1F9C1 
 544      62B6F2C6 
 545 0f64 759BADBC 		.ascii	"u\233\255\2743}\270i\003\277X,\3577\246\010+o\371\226"
 545      337DB869 
 545      03BF582C 
 545      EF37A608 
 545      2B6FF996 
 546 0f78 0FE001D7 		.ascii	"\017\340\001\327\257\337\214\235\351W}\015\305|[\341"
 546      AFDF8C9D 
 546      E9577D0D 
 546      C57C5BE1 
 547 0f88 BEC6620A 		.ascii	"\276\306b\012\215\0101[\227\030\215\353\"\315\301Vs"
 547      8D08315B 
 547      97188DEB 
 547      22CDC156 
 547      73
 548 0f99 A831C20A 		.ascii	"\2501\302\012\305\001d"
 548      C50164
 549 0fa0 11D6300B 		.ascii	"\021\3260\013\257\016\346M\3535!|H@\370fmh\2305\310"
 549      AF0EE64D 
 549      EB35217C 
 549      4840F866 
 549      6D689835 
 550 0fb5 12F6035A 		.ascii	"\022\366\003Z\241]\037\372~D8\037\000\232\320\320\310"
 550      A15D1FFA 
 550      7E44381F 
 550      009AD0D0 
 550      C8
 551 0fc6 E0E07F37 		.ascii	"\340\340\1777\004\205\205\360\206p\263\325\260! \300"
 551      048585F0 
 551      8670B3D5 
ARM GAS  /tmp/ccvCcraz.s 			page 44


 551      B02120C0 
 552 0fd6 1F86C09F 		.ascii	"\037\206\300\237\017Y\307\007\006\362\2016\005\230\362"
 552      0F59C707 
 552      06F28136 
 552      0598F2
 553 0fe5 FEBC699D 		.ascii	"\376\274i\235\331\377s\377\225\313W.\367\377~\245\177"
 553      D9FF73FF 
 553      95CB572E 
 553      F7FF7EA5 
 553      7F
 554 0ff6 6478A0C9 		.ascii	"dx\240\311\312\033\024\227\015\346"
 554      CA1B1497 
 554      0DE6
 555 1000 D080E0C8 		.ascii	"\320\200\340\310@\336\020a\265\230C7\000\342\245vlP"
 555      40DE1061 
 555      B5984337 
 555      00E2A576 
 555      6C50
 556 1012 EFB00093 		.ascii	"\357\260\000\223\361\007\2635\010\332\346\015\241\213"
 556      F107B335 
 556      08DAE60D 
 556      A18B
 557 1020 17E28E30 		.ascii	"\027\342\2160m\344\265\326M\244\200\021n\360\035\271"
 557      6DE4B5D6 
 557      4DA48011 
 557      6EF01DB9 
 558 1030 5E6B117B 		.ascii	"^k\021{\026\322\373\202\025\352\217\274%\224\0176\254"
 558      16D2FB82 
 558      15EA8FBC 
 558      25940F36 
 558      AC
 559 1041 0E32AF33 		.ascii	"\0162\2573\377\363w\206\260\010\003LlC8L\231\010\303"
 559      FFF37786 
 559      B008034C 
 559      6C43384C 
 559      9908C3
 560 1054 776BBEF9 		.ascii	"wk\276\371d\245\201\224\015\312\004\203,My()\240q\013"
 560      64A58194 
 560      0DCA0483 
 560      2C4D7928 
 560      29A0710B 
 561 1068 0C315937 		.ascii	"\0141Y7\371FXC>Yi\2046\344\205Q\0141Z\311\005\313&w"
 561      F9465843 
 561      3E596984 
 561      36E48551 
 561      0C315AC9 
 562 1080 EB26F80E 		.ascii	"\353&\370\016\011\013\344udn\202\215\325\335\"\251\334"
 562      090BE475 
 562      646E828D 
 562      D5DD22A9 
 562      DC
 563 1091 210C5B15 		.ascii	"!\014[\025\032\250$\214\275{@\220\221\265t\354\313h"
 563      1AA8248C 
 563      BD7B4090 
 563      91B574EC 
 563      CB68
 564 10a3 F5151B16 		.ascii	"\365\025\033\026~=\017\023'\000\246\265[H$\314d\267"
ARM GAS  /tmp/ccvCcraz.s 			page 45


 564      7E3D0F13 
 564      2700A6B5 
 564      5B4824CC 
 564      64B7
 565 10b5 B01F4279 		.ascii	"\260\037By\213\333\367\221|$\257\016\3457Yu\340L{z\251"
 565      8BDBF791 
 565      7C24AF0E 
 565      E5375975 
 565      E04C7B7A 
 566 10ca 010B30DC 		.ascii	"\001\0130\334\302o\364w\305\321b\265U7 (\330\034a\215"
 566      C26FF477 
 566      C5D162B5 
 566      55372028 
 566      D81C618D 
 567 10de 0042240C 		.ascii	"\000B$\014M\240\245\177\215\326\337\374,\367\020\353"
 567      4DA0A57F 
 567      8DD6DFFC 
 567      2CF710EB 
 568 10ee 2670D6F0 		.ascii	"&p\326\360\026K\230%B\017\304\326\007\2336\300*\322"
 568      164B9825 
 568      420FC4D6 
 568      079B36C0 
 568      2AD2
 569 1100 048485AE 		.ascii	"\004\204\205\2567o\260m\024\254\353\016\245\\M[n0NV"
 569      376FB06D 
 569      14ACEB0E 
 569      A55C4D5B 
 569      6E304E56 
 570 1114 9E38D086 		.ascii	"\2368\320\206\321\212\241\351\001\227\215k6\207\363"
 570      D18AA1E9 
 570      01978D6B 
 570      3687F3
 571 1123 5FF1EBFF 		.ascii	"_\361\353\377\027\307[\326\334"
 571      17C75BD6 
 571      DC
 572              		.text
 573              		.section	.gnu.lto_.symtab.9ba226c0d8442010,"e",%progbits
 574 0000 61743234 		.ascii	"at24c01b_lld_poll_ack\000"
 574      63303162 
 574      5F6C6C64 
 574      5F706F6C 
 574      6C5F6163 
 575 0016 00       		.ascii	"\000"
 576 0017 00       		.ascii	"\000"
 577 0018 00       		.ascii	"\000"
 578 0019 00000000 		.ascii	"\000\000\000\000\000\000\000\000"
 578      00000000 
 579 0021 F4000000 		.ascii	"\364\000\000\000"
 580 0025 61743234 		.ascii	"at24c01b_lld_read_current_address\000"
 580      63303162 
 580      5F6C6C64 
 580      5F726561 
 580      645F6375 
 581 0047 00       		.ascii	"\000"
 582 0048 00       		.ascii	"\000"
 583 0049 00       		.ascii	"\000"
 584 004a 00000000 		.ascii	"\000\000\000\000\000\000\000\000"
ARM GAS  /tmp/ccvCcraz.s 			page 46


 584      00000000 
 585 0052 FB000000 		.ascii	"\373\000\000\000"
 586 0056 61743234 		.ascii	"at24c01b_lld_read\000"
 586      63303162 
 586      5F6C6C64 
 586      5F726561 
 586      6400
 587 0068 00       		.ascii	"\000"
 588 0069 00       		.ascii	"\000"
 589 006a 00       		.ascii	"\000"
 590 006b 00000000 		.ascii	"\000\000\000\000\000\000\000\000"
 590      00000000 
 591 0073 03010000 		.ascii	"\003\001\000\000"
 592 0077 61743234 		.ascii	"at24c01b_lld_write_byte\000"
 592      63303162 
 592      5F6C6C64 
 592      5F777269 
 592      74655F62 
 593 008f 00       		.ascii	"\000"
 594 0090 00       		.ascii	"\000"
 595 0091 00       		.ascii	"\000"
 596 0092 00000000 		.ascii	"\000\000\000\000\000\000\000\000"
 596      00000000 
 597 009a 0A010000 		.ascii	"\012\001\000\000"
 598 009e 61743234 		.ascii	"at24c01b_lld_write_page\000"
 598      63303162 
 598      5F6C6C64 
 598      5F777269 
 598      74655F70 
 599 00b6 00       		.ascii	"\000"
 600 00b7 00       		.ascii	"\000"
 601 00b8 00       		.ascii	"\000"
 602 00b9 00000000 		.ascii	"\000\000\000\000\000\000\000\000"
 602      00000000 
 603 00c1 12010000 		.ascii	"\022\001\000\000"
 604 00c5 6170616C 		.ascii	"apalI2CMasterReceive\000"
 604      4932434D 
 604      61737465 
 604      72526563 
 604      65697665 
 605 00da 00       		.ascii	"\000"
 606 00db 02       		.ascii	"\002"
 607 00dc 00       		.ascii	"\000"
 608 00dd 00000000 		.ascii	"\000\000\000\000\000\000\000\000"
 608      00000000 
 609 00e5 1B010000 		.ascii	"\033\001\000\000"
 610 00e9 6170616C 		.ascii	"apalI2CMasterTransmit\000"
 610      4932434D 
 610      61737465 
 610      72547261 
 610      6E736D69 
 611 00ff 00       		.ascii	"\000"
 612 0100 02       		.ascii	"\002"
 613 0101 00       		.ascii	"\000"
 614 0102 00000000 		.ascii	"\000\000\000\000\000\000\000\000"
 614      00000000 
 615 010a 26010000 		.ascii	"&\001\000\000"
ARM GAS  /tmp/ccvCcraz.s 			page 47


 616              		.text
 617              		.section	.gnu.lto_.opts,"e",%progbits
 618 0000 272D666E 		.ascii	"'-fno-openmp' '-fno-openacc' '-fno-pie' '-mcpu=cort"
 618      6F2D6F70 
 618      656E6D70 
 618      2720272D 
 618      666E6F2D 
 619 0033 65782D6D 		.ascii	"ex-m3' '-mthumb' '-mfloat-abi=soft' '-march=armv7-m"
 619      33272027 
 619      2D6D7468 
 619      756D6227 
 619      20272D6D 
 620 0066 2720272D 		.ascii	"' '-O2' '-fstack-usage' '-ffunction-sections' '-fda"
 620      4F322720 
 620      272D6673 
 620      7461636B 
 620      2D757361 
 621 0099 74612D73 		.ascii	"ta-sections' '-fno-common' '-flto' '-fshort-enums'\000"
 621      65637469 
 621      6F6E7327 
 621      20272D66 
 621      6E6F2D63 
 622              		.text
 623              		.comm	__gnu_lto_v1,1,1
 624              		.comm	__gnu_lto_slim,1,1
 625              		.ident	"GCC: (GNU Arm Embedded Toolchain 9-2020-q2-update) 9.3.1 20200408 (release)"
ARM GAS  /tmp/ccvCcraz.s 			page 48


DEFINED SYMBOLS
                            *ABS*:0000000000000000 alld_AT24C01B.c
                            *COM*:0000000000000001 __gnu_lto_v1
                            *COM*:0000000000000001 __gnu_lto_slim

NO UNDEFINED SYMBOLS
