ARM GAS  /tmp/cc8I2XuX.s 			page 1


   1              		.cpu cortex-m4
   2              		.eabi_attribute 27, 1
   3              		.eabi_attribute 20, 1
   4              		.eabi_attribute 21, 1
   5              		.eabi_attribute 23, 3
   6              		.eabi_attribute 24, 1
   7              		.eabi_attribute 25, 1
   8              		.eabi_attribute 26, 1
   9              		.eabi_attribute 30, 2
  10              		.eabi_attribute 34, 1
  11              		.eabi_attribute 18, 4
  12              		.file	"urt_message.c"
  13              		.section	.gnu.lto_.profile.efaddd6c412bed73,"e",%progbits
  14 0000 789CE360 		.ascii	"x\234\343``\004B \000\000\000]\000\013"
  14      60044220 
  14      0000005D 
  14      000B
  15              		.text
  16              		.section	.gnu.lto_.icf.efaddd6c412bed73,"e",%progbits
  17 0000 789CE360 		.ascii	"x\234\343``d\340`@\000F\206u7fO\342`\000\000\016\024"
  17      6064E060 
  17      40004686 
  17      7537664F 
  17      E2600000 
  18 0016 02CE     		.ascii	"\002\316"
  19              		.text
  20              		.section	.gnu.lto_.jmpfuncs.efaddd6c412bed73,"e",%progbits
  21 0000 789CE360 		.ascii	"x\234\343``d\340g@\000F\006&FF\346\372\371\314\014@"
  21      6064E067 
  21      40004606 
  21      264646E6 
  21      FAF9CC0C 
  22 0015 CCC80000 		.ascii	"\314\310\000\000\021\255\002d"
  22      11AD0264 
  23              		.text
  24              		.section	.gnu.lto_.inline.efaddd6c412bed73,"e",%progbits
  25 0000 789CE360 		.ascii	"x\234\343``dPe@\000F\006\006\256\206\206\206\005Li\214"
  25      60645065 
  25      40004606 
  25      06AE8686 
  25      86054C69 
  26 0015 0C4CEC40 		.ascii	"\014L\354@\326\001\346\024\006\006^ \343\001S*\023\003"
  26      D601E614 
  26      06065E20 
  26      E301532A 
  26      1303
  27 0027 13581100 		.ascii	"\023X\021\000\262\226\010K"
  27      B296084B 
  28              		.text
  29              		.section	.gnu.lto_.pureconst.efaddd6c412bed73,"e",%progbits
  30 0000 789CE360 		.ascii	"x\234\343``d`a`\000\222\263X\000\001\322\000\255"
  30      60646061 
  30      600092B3 
  30      580001D2 
  30      00AD
  31              		.text
  32              		.section	.gnu.lto_urtMessageInit.efaddd6c412bed73,"e",%progbits
ARM GAS  /tmp/cc8I2XuX.s 			page 2


  33 0000 789C9D92 		.ascii	"x\234\235\222\315kSA\024\305\347\274yyI\223V\301U\241"
  33      CD6B5341 
  33      14C5E7BC 
  33      79794993 
  33      56C155A1 
  34 0014 085908A1 		.ascii	"\010Y\010\241\013}\371\0174J]\010.\214\356KH\202F\032"
  34      0B7DF90F 
  34      344A5D08 
  34      2E8CEE4B 
  34      4882461A 
  35 0028 12925671 		.ascii	"\022\222Vq\325I\202vQ\255\0335i5\244\322F\005\301X\020"
  35      D5498276 
  35      51AD1B35 
  35      6935A4D2 
  35      4605C158 
  36 003d F1A3EA33 		.ascii	"\361\243\3523~\324F\253\265v\243\324\026T\212\012\265"
  36      7ED446AB 
  36      B576A3D4 
  36      16548A0A 
  36      B5
  37 004e 2028AEAA 		.ascii	" (\256\252w&i\264(b\035\030\230;3\347w\317\2753\016"
  37      772669B4 
  37      28621D18 
  37      983B33E7 
  37      77CFBD33 
  38 0063 06768033 		.ascii	"\006v\2003\266\2131\266\236&8\203&\204\330bO94@\255"
  38      B68B31B6 
  38      9E263883 
  38      2684D862 
  38      4F393440 
  39 0078 8403AC5B 		.ascii	"\204\003\254[C7\216\363,G\271g\376\272\326z\236N\204"
  39      43378EF3 
  39      2C47B967 
  39      FEBAD67A 
  39      9E4E84
  40 008b 953D651C 		.ascii	"\225=e\034\021\207\233\013\004\350\247Y\035\270\201"
  40      11879B0B 
  40      04E8A759 
  40      1DB881
  41 009a 56BA379B 		.ascii	"V\2727\233\316\177k\354\343\005\016\350\024\236\250"
  41      CE7F6BEC 
  41      E3050EE8 
  41      149EA8
  42 00a9 5C1977CA 		.ascii	"\\\031w\312P\203\233\302\231\211J\326\305\267\202\321"
  42      50839BC2 
  42      99894AD6 
  42      C5B782D1 
  43 00b9 BAF26561 		.ascii	"\272\362ea\273\247(DZX\357\206\271\330P\340\034\267"
  43      BBA72844 
  43      5A58EF86 
  43      B9D850E0 
  43      1CB7
  44 00cb C0898851 		.ascii	"\300\211\210Q\264\340&Z\030\243=\"\337\206\207\356\217"
  44      B4E0265A 
  44      18A33D22 
  44      DF8687EE 
  44      8F
ARM GAS  /tmp/cc8I2XuX.s 			page 3


  45 00dc 7ECD5D58 		.ascii	"~\315]X\313w(m\352uyR\257\211g\316)\261\216;\277\211"
  45      CB77286D 
  45      EA757952 
  45      AF8967CE 
  45      29B18E3B 
  46 00f2 75125BF0 		.ascii	"u\022[\3600)y3\262t\262\311\320k\216q\027\006\365\200"
  46      30297933 
  46      B274B2C9 
  46      D06B8E71 
  46      1706F580 
  47 0106 B1D294CD 		.ascii	"\261\322\224\315\022K\337{\2045\337|v\244\311I\325S"
  47      124BDF7B 
  47      8435DF7C 
  47      76A4C949 
  47      D553
  48 0118 3A03555D 		.ascii	":\003U]/g\262b\035\302b\354(\327\252A\212\202\217H\177"
  48      2F67B262 
  48      1DC262EC 
  48      28D7AA41 
  48      8A828F48 
  49 012d 7E9F1B72 		.ascii	"~\237\033rJ\020\321\3732\213\263\016Y'W\376\254W\227"
  49      4A10D1FB 
  49      328BB30E 
  49      592757FE 
  49      AC5797
  50 0140 5FAE2962 		.ascii	"_\256)b(E\367\007\367\223\023[\236:P\226\256\244\373"
  50      2845F707 
  50      F793135B 
  50      9E3A5096 
  50      AEA4FB
  51 0153 C2DC35C3 		.ascii	"\302\3345\303{I\302\334\005n\340\036\212\310Um\335\207"
  51      7B49C2DC 
  51      056EE01E 
  51      8AC8556D 
  51      DD87
  52 0165 F7579A01 		.ascii	"\367W\232\001\206\007\244R\331\372\337\332k\331V\203"
  52      8607A452 
  52      D9FADFDA 
  52      6BD95683 
  53 0175 B7E3A1C2 		.ascii	"\267\343\241\302\313b1\246\360c\213\013\323\220xza<"
  53      CB6231A6 
  53      F0638B0B 
  53      D390787A 
  53      613C
  54 0187 5AC60F04 		.ascii	"Z\306\017\004\377@w\377\225\335\200q\305\326\230:\274"
  54      FF4077FF 
  54      95DD8071 
  54      C5D6983A 
  54      BC
  55 0198 3A5DAA34 		.ascii	":]\2524\324\017\235\250\300\233\223\017\310\360xeYN"
  55      D40F9DA8 
  55      C09B930F 
  55      C8F07865 
  55      594E
  56 01aa CAFBA49A 		.ascii	"\312\373\244\232w\340\303\351\214\353\237\312*\\\034"
  56      77E0C3E9 
  56      8CEB9FCA 
ARM GAS  /tmp/cc8I2XuX.s 			page 4


  56      2A5C1C
  57 01b9 9E6BACD3 		.ascii	"\236k\254\323uL\250\324\272\304?\2057\317\215j\031g"
  57      754CA8D4 
  57      BAC43F85 
  57      37CF8D6A 
  57      1967
  58 01cb EA6FB29A 		.ascii	"\352o\262\232.\271\360L\341l\0227\271\322\255\213\334"
  58      2EB9F04C 
  58      E16C1237 
  58      B9D2AD8B 
  58      DC
  59 01dc 3E5FEE52 		.ascii	">_\356R>\263\356\277\360S\012oH\374\013x\025\357\023"
  59      3EB3EEBF 
  59      F0530A6F 
  59      48FC0B78 
  59      15EF13
  60 01ef D283A563 		.ascii	"\322\203\245c\\}E9z9~~6\3066\233\373b\321\260\031\217"
  60      5C7D4539 
  60      7A397E7E 
  60      36C6369B 
  60      FB62D1B0 
  61 0205 749ABEDD 		.ascii	"t\232\276\335m\355~\337\2666\323\2673\342\217m\364\305"
  61      6DED7EDF 
  61      B636D3B7 
  61      33E28F6D 
  61      F4C5
  62 0217 E349331A 		.ascii	"\343I3\032\011\205:\302\007\003\211\260\331\345\337"
  62      09853AC2 
  62      070389B0 
  62      D9E5DF
  63 0226 63261341 		.ascii	"c&\023A\263+\321\331\036\015'\223\201\275\341MAf\257"
  63      B32BD1D9 
  63      1E0D2793 
  63      81BDE14D 
  63      4166AF
  64 0239 2DEDF1C0 		.ascii	"-\355\361\300\241\216X \364\0031#<\236"
  64      A18E5820 
  64      F4033123 
  64      3C9E
  65              		.text
  66              		.section	.gnu.lto_.symbol_nodes.efaddd6c412bed73,"e",%progbits
  67 0000 789CE360 		.ascii	"x\234\343``d\220e\000\002\246\351\314\365\014\015@\300"
  67      60649065 
  67      0002A6E9 
  67      CCF50C0D 
  67      40C0
  68 0012 C238E11C 		.ascii	"\3028\341\034\003C=\003\303\256\006G\240$\010\000\000"
  68      03433D03 
  68      C3AE0647 
  68      A0240800 
  68      00
  69 0023 781A06A0 		.ascii	"x\032\006\240"
  70              		.text
  71              		.section	.gnu.lto_.refs.efaddd6c412bed73,"e",%progbits
  72 0000 789CE360 		.ascii	"x\234\343``\004B \000\000\000]\000\013"
  72      60044220 
  72      0000005D 
ARM GAS  /tmp/cc8I2XuX.s 			page 5


  72      000B
  73              		.text
  74              		.section	.gnu.lto_.decls.efaddd6c412bed73,"e",%progbits
  75 0000 789C9555 		.ascii	"x\234\225UkLTG\024\236s\357\226\307\262<\312\022%\365"
  75      6B4C5447 
  75      149E73EF 
  75      96C7B23C 
  75      CA1225F5 
  76 0014 0F312435 		.ascii	"\0171$5\251pcB\332\372\247-!\2464\251mBm\023\377t\273"
  76      A9706342 
  76      DAFAA72D 
  76      21A634A9 
  76      6D426D13 
  77 002b 81153671 		.ascii	"\201\0256q\037e\357\266\266\177za\355\202\246\325\245"
  77      1F65EFB6 
  77      B67F7A61 
  77      ED82A6D5 
  77      A5
  78 003c 912E8A08 		.ascii	"\221.\212\010\022(\304\212\245V\254uy\277DQ\212\362"
  78      1228C48A 
  78      A556AC75 
  78      79BF4451 
  78      8AF2
  79 004e AC022E0F 		.ascii	"\254\002.\017\251Z\025I\012\321\264\225\236\271s\027"
  79      A95A1549 
  79      0AD1B495 
  79      9EB97317 
  80 005e 2E5DDAD4 		.ascii	".]\332\324\331=w\346\314\234\363\235o\356937\214\000"
  80      D93D77E6 
  80      CC9CF39D 
  80      6FEE3933 
  80      378C00
  81 0071 490F25A4 		.ascii	"I\017%\244\010\010\251 \204,a\343\260\277\212B\373["
  81      0808A920 
  81      842C61E3 
  81      B0BF8A42 
  81      FB5B
  82 0083 28D98435 		.ascii	"(\331\20454!\017Ip\233\304\005\035\3669(\261(q*\277"
  82      34210F49 
  82      709BC405 
  82      1DF63928 
  82      B128712A 
  83 0098 19947994 		.ascii	"\031\224y\224A\224\235\012\356\025\224N\024\014K\306"
  83      41949D0A 
  83      EE15944E 
  83      140C4BC6 
  84 00a8 50FC2813 		.ascii	"P\374(\023(}(\343(S(7\377#\236\227\207\211\374\262G"
  84      287D28E3 
  84      28532837 
  84      FF239E97 
  84      8789FCB2 
  85 00bd BA033CC4 		.ascii	"\272\003<\304jA\203\352\241Kg.jQ\215\323B\002\252ug"
  85      6A4183EA 
  85      A14B672E 
  85      6A518DD3 
  85      4202AA75 
  86 00d2 BF280D65 		.ascii	"\277(\015e\253\361\250\036\037\352\317\007\246\306\240"
ARM GAS  /tmp/cc8I2XuX.s 			page 6


  86      ABF1A81E 
  86      1FEACF07 
  86      A6C6A0
  87 00e1 5A9937D4 		.ascii	"Z\2317\324\033\311s@q\032\335\1775S\313\235Z\240;\217"
  87      1BC97340 
  87      711ADD7F 
  87      3553CB9D 
  87      5AA03B8F 
  88 00f5 C6A90B73 		.ascii	"\306\251\013s\367\007\201MQ\213#=G=\021|\250<>U:\260"
  88      F707814D 
  88      518B233D 
  88      473D117C 
  88      A83C3E55 
  89 010b 1025D449 		.ascii	"\020%\324I\254\205\035\340\011\264\001\277\302\252\352"
  89      AC851DE0 
  89      09B401BF 
  89      C2AAEA
  90 011a F1DC8F3A 		.ascii	"\361\334\217:\376m\331vh\316[\300i\013%)_\252pI\341"
  90      FE6DD976 
  90      68CE5BC0 
  90      690B2529 
  90      5FAA7049 
  91 012f E9047CB0 		.ascii	"\351\004|\260\001\316\303\006\002\035 \243\267\203\000"
  91      01CEC306 
  91      021D20A3 
  91      B78300
  92 013e AD38D782 		.ascii	"\2558\327\202s\224\312bIm4\377\236\354\334\262\364u"
  92      7394CA62 
  92      496D34FF 
  92      9EECDCB2 
  92      F475
  93 0150 8B86310E 		.ascii	"\213\2061\016C\265\370D\333\237:\266\275V\272\274\257"
  93      43B5F844 
  93      DB9F3AB6 
  93      BD56BABC 
  93      AF
  94 0161 757FA796 		.ascii	"u\177\247\226\177_6\365z\275?\204\361\231\362\370\344"
  94      7F5F36F5 
  94      7ABD3F84 
  94      F199F2F8 
  94      E4
  95 0172 DC828FEE 		.ascii	"\334\202\217\356f\223\026>S\355d\023\333I\301\336\332"
  95      6693163E 
  95      53ED6413 
  95      DB49C1DE 
  95      DA
  96 0183 8311FC87 		.ascii	"\203\021\374\207\362\330\177h_G\010cW\357\222\236\315"
  96      F2D87F68 
  96      5F470863 
  96      57EF929E 
  96      CD
  97 0194 DB42E002 		.ascii	"\333B\340\002R\351\246\364.\203\354B\351\365\342\334"
  97      52E9A6F4 
  97      2E83EC42 
  97      E9F5E2DC 
  98 01a4 25991ED7 		.ascii	"%\231\036\327\362}ai\010$\352+\251O\353Hy\212\357\334"
  98      F27D6169 
ARM GAS  /tmp/cc8I2XuX.s 			page 7


  98      0824EA2B 
  98      A94FEB48 
  98      798AEFDC 
  99 01b8 3D499A92 		.ascii	"=I\232\222x\270\002Z\350A\237\237A\277\014B@\240\217"
  99      78B8025A 
  99      E8419F9F 
  99      41BF0C42 
  99      40A08F
 100 01cb 2DF828A2 		.ascii	"-\370(\242\357\012\203H\020\257\012rQq\240Q\372 Qy\201"
 100      EF0A8348 
 100      10AF0A72 
 100      5171A051 
 100      FA205179 
 101 01e0 7973639B 		.ascii	"ysc\233\371b\220)\036\273\346\231~F\277\266w\377\232"
 101      F9629029 
 101      1EBBE699 
 101      7E46BFB6 
 101      77FF9A
 102 01f3 DE676BBE 		.ascii	"\336gk\276\274\313\363\225\314}~\251f2\204\257f\312"
 102      BCCBF395 
 102      CC7D7EA9 
 102      663284AF 
 102      66CA
 103 0205 999186E6 		.ascii	"\231\221\206\346\250\265\2231\260f2<c\217\033#\370\006"
 103      A8B59331 
 103      B066323C 
 103      638F1B23 
 103      F806
 104 0217 E63DDED6 		.ascii	"\346=\336\326\361-\307\237g\312w\263S\013\032F\2136"
 104      F12DC79F 
 104      67CA77B3 
 104      530B1A46 
 104      8B36
 105 0229 00F9640C 		.ascii	"\000\371d\014#\312\010#\244\220q5<\251\003\335\376\345"
 105      23CA0823 
 105      A4907135 
 105      3CA903DD 
 105      FEE5
 106 023b 90F27220 		.ascii	"\220\362r *\201Q\3201\273@\351\306\262\322=\341\273"
 106      2A8151D0 
 106      31BB40E9 
 106      C6B2D23D 
 106      E1BB
 107 024d 53C2B154 		.ascii	"S\302\261TK\034\352\247G\253\307\243\371n9vho\315\302"
 107      4B1CEAA7 
 107      47ABC7A3 
 107      F96E3976 
 107      686FCDC2 
 108 0261 37519048 		.ascii	"7Q\220H\233>QI\204\357\345\243\023\267%\351\253x\012"
 108      9B3E5149 
 108      84EFE5A3 
 108      13B725E9 
 108      AB780A
 109 0274 0943C863 		.ascii	"\011C\310crU\240\345<0\373\341\362\330\343.\251\347"
 109      7255A0E5 
 109      3C30FBE1 
 109      F2D8E32E 
ARM GAS  /tmp/cc8I2XuX.s 			page 8


 109      A9E7
 110 0286 03C8D641 		.ascii	"\003\310\326AW\220q\023\250\254%\251\365\301\261\230"
 110      57907113 
 110      A8AC25A9 
 110      F5C1B198 
 111 0296 D32EA9D0 		.ascii	"\323.\251\320\245\203\253h\327\243\330\257$\271\033"
 111      A583AB68 
 111      D7A3D8AF 
 111      24B91B
 112 02a5 56A3CFD6 		.ascii	"V\243\317\326\3061\364N\254\211\033A\360\215\3770_,"
 112      C631F44E 
 112      AC891B41 
 112      F08DFF30 
 112      5F2C
 113 02b7 5B57299B 		.ascii	"[W)\233\017\242\371\265\265\251\373 PC\036\211U\301"
 113      0FA2F9B5 
 113      B5A9FB20 
 113      50431E89 
 113      55C1
 114 02c9 7534F885 		.ascii	"u4\370\205\246nX\361\240\271\033\203D\360\243L\240\214"
 114      A66E58F1 
 114      A0B91B83 
 114      44F0A34C 
 114      A08C
 115 02db A34CA1DC 		.ascii	"\243L\241\334d\225\301b=)WQk\376\227\235\313\301\360"
 115      6495C162 
 115      3D295751 
 115      6BFE979D 
 115      CBC1F0
 116 02ee ADBB67AA 		.ascii	"\255\273g\252~\012\345\217\260;\342\340\341\317\333"
 116      7E0AE58F 
 116      B03BE2E0 
 116      E1CFDB
 117 02fd 23F56B53 		.ascii	"#\365kS\230\376\177\024\020e\330=\360;\257\256\207\231"
 117      98FE7F14 
 117      1065D83D 
 117      F03BAFAE 
 117      8799
 118 030f 55F16FC9 		.ascii	"U\361o\311\365@;za\215\373[\302'\321\231\336\300\000"
 118      F5403B7A 
 118      618DFB5B 
 118      C227D199 
 118      DEC000
 119 0322 A3E140E8 		.ascii	"\243\341@\350\217>X\271\321\036\350\230\312R\240\001"
 119      8F3E58B9 
 119      D11EE898 
 119      CA52A001 
 120 0332 6D8A1DEB 		.ascii	"m\212\035\353\250\001\233c]\340\301\3468\005\205\013"
 120      A8019B63 
 120      5DE0C1E6 
 120      3805850B 
 121 0342 DCEFCC87 		.ascii	"\334\357\314\207\241\313\252\012\232\255\203\262\036"
 121      A1CBAA0A 
 121      9AAD83B2 
 121      1E
 122 034f 00610E8C 		.ascii	"\000a\016\214\325\212\2432\305)\341\324\036\020\304"
 122      D58AA332 
ARM GAS  /tmp/cc8I2XuX.s 			page 9


 122      C529E1D4 
 122      1E10C4
 123 035e 7805902C 		.ascii	"x\005\220,\203\006\032,_\255K\203\355=\341S\340\317"
 123      83061A2C 
 123      5FAD4B83 
 123      ED3DE153 
 123      E0CF
 124 0370 A3D741E9 		.ascii	"\243\327A\351\344\363\004\242<\011D\316O\211\273\352"
 124      E4F304A2 
 124      3C0944CE 
 124      4F89BBEA 
 125 0380 5138DFC1 		.ascii	"Q8\337\301\222u\352\344\037\365Z\015\356\210\026\270"
 125      9275EAE4 
 125      1FF55A0D 
 125      EE8816B8 
 126 0390 5343A73A 		.ascii	"SC\247:\027\233\252\243\202N\354t\320\211\355+\353j"
 126      179BAAA3 
 126      824EEC74 
 126      D089ED2B 
 126      EB6A
 127 03a2 E4D419BA 		.ascii	"\344\324\031\272\273*C\277\005Nl\201\313\275W#\207\300"
 127      BB2A43BF 
 127      054E6C81 
 127      CBBD5723 
 127      87C0
 128 03b4 29B80372 		.ascii	")\270\003r\020w\227\307\027\311\2161\247\372\344\304"
 128      107797C7 
 128      17C98E31 
 128      A7FAE4C4 
 129 03c4 B14FCEB9 		.ascii	"\261O\316\271\336\242y\335\372b\271\204\\R\014\0079"
 129      DEA279DD 
 129      FA62B984 
 129      5C520C07 
 129      39
 130 03d5 EBE00122 		.ascii	"\353\340\001\"\337\227\221\347`=\201{\210#\303\3277"
 130      DF9791E7 
 130      603D817B 
 130      8823C3D7 
 130      37
 131 03e6 F54E466F 		.ascii	"\365NFo\254\220\374~<\335\3277\227\\vK\375\350\367\232"
 131      AC90FC7E 
 131      3CDDD737 
 131      975C764B 
 131      FDE8F79A 
 132 03fa 6C07B791 		.ascii	"l\007\267\221\266B\231\216\011\374\212u\006\263@\277"
 132      B642998E 
 132      09FC8A75 
 132      06B340BF 
 133 040a C1F01036 		.ascii	"\301\360\0206\"\300\341\256\033\336U7\317\352J\237g"
 133      22C0E1AE 
 133      1BDE5537 
 133      CFEA4A9F 
 133      67
 134 041b 95463B8D 		.ascii	"\225F;\215\303\374\251\351\025!\307f1\011v\263(\244"
 134      C3FCA9E9 
 134      1521C766 
 134      310976B3 
ARM GAS  /tmp/cc8I2XuX.s 			page 10


 134      28A4
 135 042d BEB3CD90 		.ascii	"\276\263\315\220\221\232\266MH\335n\316\260%\245\332"
 135      919AB64D 
 135      48DD6ECE 
 135      B025A5DA 
 136 043d ED0EC162 		.ascii	"\355\016\301b\316\312\332m\372\330\230k\022\234\031"
 136      CECADA6D 
 136      FAD8986B 
 136      129C19
 137 044c 3B04476E 		.ascii	";\004Gn\246\340\314\025\015\026\223\303a\3146%g\206"
 137      A6E0CC15 
 137      0D1693C3 
 137      61CC3625 
 137      6786
 138 045e BDFED6BB 		.ascii	"\275\376\326\273\011i[\267\222\020\012f\020C\355\306"
 138      09695BB7 
 138      92100A66 
 138      1043EDC6 
 139 046e 4F76DB8C 		.ascii	"Ov\333\214Y\032\321l1E\032m\016\003\0358D\243\305\036"
 139      591AD16C 
 139      31451A6D 
 139      0E031D38 
 139      44A3C51E 
 140 0482 E6345BC5 		.ascii	"\3464[\305\027S\014\342s\311\311\002\3763m\010j\266"
 140      17530CE2 
 140      73C9C902 
 140      FE336D08 
 140      6AB6
 141 0494 660A01AB 		.ascii	"f\012\001\253\344\034\242\243\3406\307\016\324\014\""
 141      E41CA2A3 
 141      E036C70E 
 141      D40C22
 142 04a3 67CE8A56 		.ascii	"g\316\212V\0053g\031D\215\325\264G\214PM\352\255NKz"
 142      05336719 
 142      448DD5B4 
 142      478C504D 
 142      EAAD4E4B 
 143 04b8 AE9866B3 		.ascii	"\256\230f\263:\234\026S\256\343M\323.\361\325\247\332"
 143      3A9C1653 
 143      AEE34DD3 
 143      2EF1D5A7 
 143      DA
 144 04c9 1265A0DE 		.ascii	"\022e\240\336R\016\211T\251\310\"\205\350\214\271\226"
 144      520E8954 
 144      A9C82285 
 144      E88CB996 
 145 04d9 8F5E3225 		.ascii	"\217^2%Y^\330e'Z\344-\232\366$YRH\024\032ngvoX\315O"
 145      595ED865 
 145      275AE42D 
 145      9AF62459 
 145      5248141A 
 146 04f4 1937E855 		.ascii	"\0317\350U\222\277\0016\001\227\250"
 146      92BF0136 
 146      0197A8
 147              		.text
 148              		.section	.gnu.lto_.symtab.efaddd6c412bed73,"e",%progbits
 149 0000 7572744D 		.ascii	"urtMessageInit\000"
ARM GAS  /tmp/cc8I2XuX.s 			page 11


 149      65737361 
 149      6765496E 
 149      697400
 150 000f 00       		.ascii	"\000"
 151 0010 00       		.ascii	"\000"
 152 0011 00       		.ascii	"\000"
 153 0012 00000000 		.ascii	"\000\000\000\000\000\000\000\000"
 153      00000000 
 154 001a F0000000 		.ascii	"\360\000\000\000"
 155              		.text
 156              		.section	.gnu.lto_.opts,"e",%progbits
 157 0000 272D666E 		.ascii	"'-fno-openmp' '-fno-openacc' '-fno-pie' '-mcpu=cort"
 157      6F2D6F70 
 157      656E6D70 
 157      2720272D 
 157      666E6F2D 
 158 0033 65782D6D 		.ascii	"ex-m4' '-mthumb' '-mfloat-abi=softfp' '-mfpu=fpv4-s"
 158      34272027 
 158      2D6D7468 
 158      756D6227 
 158      20272D6D 
 159 0066 702D6431 		.ascii	"p-d16' '-march=armv7e-m+fp' '-O2' '-fstack-usage' '"
 159      36272027 
 159      2D6D6172 
 159      63683D61 
 159      726D7637 
 160 0099 2D666675 		.ascii	"-ffunction-sections' '-fdata-sections' '-fno-common"
 160      6E637469 
 160      6F6E2D73 
 160      65637469 
 160      6F6E7327 
 161 00cc 2720272D 		.ascii	"' '-flto' '-fshort-enums'\000"
 161      666C746F 
 161      2720272D 
 161      6673686F 
 161      72742D65 
 162              		.text
 163              		.comm	__gnu_lto_v1,1,1
 164              		.comm	__gnu_lto_slim,1,1
 165              		.ident	"GCC: (GNU Arm Embedded Toolchain 9-2020-q2-update) 9.3.1 20200408 (release)"
ARM GAS  /tmp/cc8I2XuX.s 			page 12


DEFINED SYMBOLS
                            *ABS*:0000000000000000 urt_message.c
                            *COM*:0000000000000001 __gnu_lto_v1
                            *COM*:0000000000000001 __gnu_lto_slim

NO UNDEFINED SYMBOLS
