ARM GAS  /tmp/ccqrD9Jg.s 			page 1


   1              		.cpu cortex-m4
   2              		.eabi_attribute 27, 1
   3              		.eabi_attribute 20, 1
   4              		.eabi_attribute 21, 1
   5              		.eabi_attribute 23, 3
   6              		.eabi_attribute 24, 1
   7              		.eabi_attribute 25, 1
   8              		.eabi_attribute 26, 1
   9              		.eabi_attribute 30, 2
  10              		.eabi_attribute 34, 1
  11              		.eabi_attribute 18, 4
  12              		.file	"urt_message.c"
  13              		.section	.gnu.lto_.profile.e105b385c74141ed,"e",%progbits
  14 0000 789CE360 		.ascii	"x\234\343``\004B \000\000\000]\000\013"
  14      60044220 
  14      0000005D 
  14      000B
  15              		.text
  16              		.section	.gnu.lto_.icf.e105b385c74141ed,"e",%progbits
  17 0000 789CE360 		.ascii	"x\234\343``d\340`@\000F\206u7fO\342`\000\000\016\024"
  17      6064E060 
  17      40004686 
  17      7537664F 
  17      E2600000 
  18 0016 02CE     		.ascii	"\002\316"
  19              		.text
  20              		.section	.gnu.lto_.jmpfuncs.e105b385c74141ed,"e",%progbits
  21 0000 789CE360 		.ascii	"x\234\343``d\340g@\000F\006&FF\346\372\371\314\014@"
  21      6064E067 
  21      40004606 
  21      264646E6 
  21      FAF9CC0C 
  22 0015 CCC80000 		.ascii	"\314\310\000\000\021\255\002d"
  22      11AD0264 
  23              		.text
  24              		.section	.gnu.lto_.inline.e105b385c74141ed,"e",%progbits
  25 0000 789CE360 		.ascii	"x\234\343``dPe@\000F\006\006\256\206\206\206\005Li\214"
  25      60645065 
  25      40004606 
  25      06AE8686 
  25      86054C69 
  26 0015 0C4CEC40 		.ascii	"\014L\354@\326\001\346\024\006\006^ \343\001S*\023\003"
  26      D601E614 
  26      06065E20 
  26      E301532A 
  26      1303
  27 0027 13581100 		.ascii	"\023X\021\000\262\226\010K"
  27      B296084B 
  28              		.text
  29              		.section	.gnu.lto_.pureconst.e105b385c74141ed,"e",%progbits
  30 0000 789CE360 		.ascii	"x\234\343``d`a`\000\222\263X\000\001\322\000\255"
  30      60646061 
  30      600092B3 
  30      580001D2 
  30      00AD
  31              		.text
  32              		.section	.gnu.lto_urtMessageInit.e105b385c74141ed,"e",%progbits
ARM GAS  /tmp/ccqrD9Jg.s 			page 2


  33 0000 789C9D92 		.ascii	"x\234\235\222\315kSA\024\305\347\274yyI\223V\301U\241"
  33      CD6B5341 
  33      14C5E7BC 
  33      79794993 
  33      56C155A1 
  34 0014 085908A1 		.ascii	"\010Y\010\241\013}\371\0174J]\010.\214\356KH\202F\032"
  34      0B7DF90F 
  34      344A5D08 
  34      2E8CEE4B 
  34      4882461A 
  35 0028 12925671 		.ascii	"\022\222Vq\325I\202vQ\255\0335i5\244\322F\005\301X\020"
  35      D5498276 
  35      51AD1B35 
  35      6935A4D2 
  35      4605C158 
  36 003d F1A3EA33 		.ascii	"\361\243\3523~\324F\253\265v\243\324\026T\212\012\265"
  36      7ED446AB 
  36      B576A3D4 
  36      16548A0A 
  36      B5
  37 004e 2028AEAA 		.ascii	" (\256\252w&i\264(b\035\030\230;3\347w\317\2753\016"
  37      772669B4 
  37      28621D18 
  37      983B33E7 
  37      77CFBD33 
  38 0063 06768033 		.ascii	"\006v\2003\266\2131\266\236&8\203&\204\330bO94@\255"
  38      B68B31B6 
  38      9E263883 
  38      2684D862 
  38      4F393440 
  39 0078 8403AC5B 		.ascii	"\204\003\254[C7\216\363,G\271g\376\272\326z\236N\204"
  39      43378EF3 
  39      2C47B967 
  39      FEBAD67A 
  39      9E4E84
  40 008b 953D651C 		.ascii	"\225=e\034\021\207\233\013\004\350\247Y\035\270\201"
  40      11879B0B 
  40      04E8A759 
  40      1DB881
  41 009a 56BA379B 		.ascii	"V\2727\233\316\177k\354\343\005\016\350\024\236\250"
  41      CE7F6BEC 
  41      E3050EE8 
  41      149EA8
  42 00a9 5C1977CA 		.ascii	"\\\031w\312P\203\233\302\231\211J\326\305\267\202\321"
  42      50839BC2 
  42      99894AD6 
  42      C5B782D1 
  43 00b9 BAF26561 		.ascii	"\272\362ea\273\247(DZX\357\206\271\330P\340\034\267"
  43      BBA72844 
  43      5A58EF86 
  43      B9D850E0 
  43      1CB7
  44 00cb C0898851 		.ascii	"\300\211\210Q\264\340&Z\030\243=\"\337\206\207\356\217"
  44      B4E0265A 
  44      18A33D22 
  44      DF8687EE 
  44      8F
ARM GAS  /tmp/ccqrD9Jg.s 			page 3


  45 00dc 7ECD5D58 		.ascii	"~\315]X\313w(m\352uyR\257\211g\316)\261\216;\277\211"
  45      CB77286D 
  45      EA757952 
  45      AF8967CE 
  45      29B18E3B 
  46 00f2 75125BF0 		.ascii	"u\022[\3600)y3\262t\262\311\320k\216q\027\006\365\200"
  46      30297933 
  46      B274B2C9 
  46      D06B8E71 
  46      1706F580 
  47 0106 B1D294CD 		.ascii	"\261\322\224\315\022K\337{\2045\337|v\244\311I\325S"
  47      124BDF7B 
  47      8435DF7C 
  47      76A4C949 
  47      D553
  48 0118 3A03555D 		.ascii	":\003U]/g\262b\035\302b\354(\327\252A\212\202\217H\177"
  48      2F67B262 
  48      1DC262EC 
  48      28D7AA41 
  48      8A828F48 
  49 012d 7E9F1B72 		.ascii	"~\237\033rJ\020\321\3732\213\263\016Y'W\376\254W\227"
  49      4A10D1FB 
  49      328BB30E 
  49      592757FE 
  49      AC5797
  50 0140 5FAE2962 		.ascii	"_\256)b(E\367\007\367\223\023[\236:P\226\256\244\373"
  50      2845F707 
  50      F793135B 
  50      9E3A5096 
  50      AEA4FB
  51 0153 C2DC35C3 		.ascii	"\302\3345\303{I\302\334\005n\340\036\212\310Um\335\207"
  51      7B49C2DC 
  51      056EE01E 
  51      8AC8556D 
  51      DD87
  52 0165 F7579A01 		.ascii	"\367W\232\001\206\007\244R\331\372\337\332k\331V\203"
  52      8607A452 
  52      D9FADFDA 
  52      6BD95683 
  53 0175 B7E3A1C2 		.ascii	"\267\343\241\302\313b1\246\360c\213\013\323\220xza<"
  53      CB6231A6 
  53      F0638B0B 
  53      D390787A 
  53      613C
  54 0187 5AC60F04 		.ascii	"Z\306\017\004\377@w\377\225\335\200q\305\326\230:\274"
  54      FF4077FF 
  54      95DD8071 
  54      C5D6983A 
  54      BC
  55 0198 3A5DAA34 		.ascii	":]\2524\324\017\235\250\300\233\223\017\310\360xeYN"
  55      D40F9DA8 
  55      C09B930F 
  55      C8F07865 
  55      594E
  56 01aa CAFBA49A 		.ascii	"\312\373\244\232w\340\303\351\214\353\237\312*\\\034"
  56      77E0C3E9 
  56      8CEB9FCA 
ARM GAS  /tmp/ccqrD9Jg.s 			page 4


  56      2A5C1C
  57 01b9 9E6BACD3 		.ascii	"\236k\254\323uL\250\324\272\304?\2057\317\215j\031g"
  57      754CA8D4 
  57      BAC43F85 
  57      37CF8D6A 
  57      1967
  58 01cb EA6FB29A 		.ascii	"\352o\262\232.\271\360L\341l\0227\271\322\255\213\334"
  58      2EB9F04C 
  58      E16C1237 
  58      B9D2AD8B 
  58      DC
  59 01dc 3E5FEE52 		.ascii	">_\356R>\263\356\277\360S\012oH\374\013x\025\357\023"
  59      3EB3EEBF 
  59      F0530A6F 
  59      48FC0B78 
  59      15EF13
  60 01ef D283A563 		.ascii	"\322\203\245c\\}E9z9~~6\3066\233\373b\321\260\031\217"
  60      5C7D4539 
  60      7A397E7E 
  60      36C6369B 
  60      FB62D1B0 
  61 0205 749ABEDD 		.ascii	"t\232\276\335m\355~\337\2666\323\2673\342\217m\364\305"
  61      6DED7EDF 
  61      B636D3B7 
  61      33E28F6D 
  61      F4C5
  62 0217 E349331A 		.ascii	"\343I3\032\011\205:\302\007\003\211\260\331\345\337"
  62      09853AC2 
  62      070389B0 
  62      D9E5DF
  63 0226 63261341 		.ascii	"c&\023A\263+\321\331\036\015'\223\201\275\341MAf\257"
  63      B32BD1D9 
  63      1E0D2793 
  63      81BDE14D 
  63      4166AF
  64 0239 2DEDF1C0 		.ascii	"-\355\361\300\241\216X \364\0031#<\236"
  64      A18E5820 
  64      F4033123 
  64      3C9E
  65              		.text
  66              		.section	.gnu.lto_.symbol_nodes.e105b385c74141ed,"e",%progbits
  67 0000 789CE360 		.ascii	"x\234\343``d\220e\000\002\246~\346z\206\006 `a\234p"
  67      60649065 
  67      0002A67E 
  67      E67A8606 
  67      2060619C 
  68 0015 8E81A19E 		.ascii	"\216\201\241\236\201aW\203#P\022\004\000wB\006\230"
  68      81615783 
  68      23501204 
  68      00774206 
  68      98
  69              		.text
  70              		.section	.gnu.lto_.refs.e105b385c74141ed,"e",%progbits
  71 0000 789CE360 		.ascii	"x\234\343``\004B \000\000\000]\000\013"
  71      60044220 
  71      0000005D 
  71      000B
ARM GAS  /tmp/ccqrD9Jg.s 			page 5


  72              		.text
  73              		.section	.gnu.lto_.decls.e105b385c74141ed,"e",%progbits
  74 0000 789C9555 		.ascii	"x\234\225UkLTG\024\236s\357\226\307\262<\312\022%\365"
  74      6B4C5447 
  74      149E73EF 
  74      96C7B23C 
  74      CA1225F5 
  75 0014 0F312435 		.ascii	"\0171$5\251pcB\332\372\247-!\2464\251mBm\023\377t\273"
  75      A9706342 
  75      DAFAA72D 
  75      21A634A9 
  75      6D426D13 
  76 002b 81153671 		.ascii	"\201\0256q\037e\357\266\266\177za\355\202\246\325\245"
  76      1F65EFB6 
  76      B67F7A61 
  76      ED82A6D5 
  76      A5
  77 003c 912E8A08 		.ascii	"\221.\212\010\022(\304\212\245V\254uy\277DQ\212\362"
  77      1228C48A 
  77      A556AC75 
  77      79BF4451 
  77      8AF2
  78 004e AC022E0F 		.ascii	"\254\002.\017\251Z\025I\012\321\264\225\236\271s\027"
  78      A95A1549 
  78      0AD1B495 
  78      9EB97317 
  79 005e 2E5DDAD4 		.ascii	".]\332\324\331=w\346\314\234\363\235o\356937\214\000"
  79      D93D77E6 
  79      CC9CF39D 
  79      6FEE3933 
  79      378C00
  80 0071 490F25A4 		.ascii	"I\017%\244\010\010\251 \204,a\343\260\277\212B\373["
  80      0808A920 
  80      842C61E3 
  80      B0BF8A42 
  80      FB5B
  81 0083 28D98435 		.ascii	"(\331\20454!\017Ip\233\304\005\035\3669(\261(q*\277"
  81      34210F49 
  81      709BC405 
  81      1DF63928 
  81      B128712A 
  82 0098 19947994 		.ascii	"\031\224y\224A\224\235\012\356\025\224N\024\014K\306"
  82      41949D0A 
  82      EE15944E 
  82      140C4BC6 
  83 00a8 50FC2813 		.ascii	"P\374(\023(}(\343(S(7\377#\236\227\207\211\374\262G"
  83      287D28E3 
  83      28532837 
  83      FF239E97 
  83      8789FCB2 
  84 00bd BA033CC4 		.ascii	"\272\003<\304jA\203\352\241Kg.jQ\215\323B\002\252ug"
  84      6A4183EA 
  84      A14B672E 
  84      6A518DD3 
  84      4202AA75 
  85 00d2 BF280D65 		.ascii	"\277(\015e\253\361\250\036\037\352\317\007\246\306\240"
  85      ABF1A81E 
ARM GAS  /tmp/ccqrD9Jg.s 			page 6


  85      1FEACF07 
  85      A6C6A0
  86 00e1 5A9937D4 		.ascii	"Z\2317\324\033\311s@q\032\335\1775S\313\235Z\240;\217"
  86      1BC97340 
  86      711ADD7F 
  86      3553CB9D 
  86      5AA03B8F 
  87 00f5 C6A90B73 		.ascii	"\306\251\013s\367\007\201MQ\213#=G=\021|\250<>U:\260"
  87      F707814D 
  87      518B233D 
  87      473D117C 
  87      A83C3E55 
  88 010b 1025D449 		.ascii	"\020%\324I\254\205\035\340\011\264\001\277\302\252\352"
  88      AC851DE0 
  88      09B401BF 
  88      C2AAEA
  89 011a F1DC8F3A 		.ascii	"\361\334\217:\376m\331vh\316[\300i\013%)_\252pI\341"
  89      FE6DD976 
  89      68CE5BC0 
  89      690B2529 
  89      5FAA7049 
  90 012f E9047CB0 		.ascii	"\351\004|\260\001\316\303\006\002\035 \243\267\203\000"
  90      01CEC306 
  90      021D20A3 
  90      B78300
  91 013e AD38D782 		.ascii	"\2558\327\202s\224\312bIm4\377\236\354\334\262\364u"
  91      7394CA62 
  91      496D34FF 
  91      9EECDCB2 
  91      F475
  92 0150 8B86310E 		.ascii	"\213\2061\016C\265\370D\333\237:\266\275V\272\274\257"
  92      43B5F844 
  92      DB9F3AB6 
  92      BD56BABC 
  92      AF
  93 0161 757FA796 		.ascii	"u\177\247\226\177_6\365z\275?\204\361\231\362\370\344"
  93      7F5F36F5 
  93      7ABD3F84 
  93      F199F2F8 
  93      E4
  94 0172 DC828FEE 		.ascii	"\334\202\217\356f\223\026>S\355d\023\333I\301\336\332"
  94      6693163E 
  94      53ED6413 
  94      DB49C1DE 
  94      DA
  95 0183 8311FC87 		.ascii	"\203\021\374\207\362\330\177h_G\010cW\357\222\236\315"
  95      F2D87F68 
  95      5F470863 
  95      57EF929E 
  95      CD
  96 0194 DB42E002 		.ascii	"\333B\340\002R\351\246\364.\203\354B\351\365\342\334"
  96      52E9A6F4 
  96      2E83EC42 
  96      E9F5E2DC 
  97 01a4 25991ED7 		.ascii	"%\231\036\327\362}ai\010$\352+\251O\353Hy\212\357\334"
  97      F27D6169 
  97      0824EA2B 
ARM GAS  /tmp/ccqrD9Jg.s 			page 7


  97      A94FEB48 
  97      798AEFDC 
  98 01b8 3D499A92 		.ascii	"=I\232\222x\270\002Z\350A\237\237A\277\014B@\240\217"
  98      78B8025A 
  98      E8419F9F 
  98      41BF0C42 
  98      40A08F
  99 01cb 2DF828A2 		.ascii	"-\370(\242\357\012\203H\020\257\012rQq\240Q\372 Qy\201"
  99      EF0A8348 
  99      10AF0A72 
  99      5171A051 
  99      FA205179 
 100 01e0 7973639B 		.ascii	"ysc\233\371b\220)\036\273\346\231~F\277\266w\377\232"
 100      F9629029 
 100      1EBBE699 
 100      7E46BFB6 
 100      77FF9A
 101 01f3 DE676BBE 		.ascii	"\336gk\276\274\313\363\225\314}~\251f2\204\257f\312"
 101      BCCBF395 
 101      CC7D7EA9 
 101      663284AF 
 101      66CA
 102 0205 999186E6 		.ascii	"\231\221\206\346\250\265\2231\260f2<c\217\033#\370\006"
 102      A8B59331 
 102      B066323C 
 102      638F1B23 
 102      F806
 103 0217 E63DDED6 		.ascii	"\346=\336\326\361-\307\237g\312w\263S\013\032F\2136"
 103      F12DC79F 
 103      67CA77B3 
 103      530B1A46 
 103      8B36
 104 0229 00F9640C 		.ascii	"\000\371d\014#\312\010#\244\220q5<\251\003\335\376\345"
 104      23CA0823 
 104      A4907135 
 104      3CA903DD 
 104      FEE5
 105 023b 90F27220 		.ascii	"\220\362r *\201Q\3201\273@\351\306\262\322=\341\273"
 105      2A8151D0 
 105      31BB40E9 
 105      C6B2D23D 
 105      E1BB
 106 024d 53C2B154 		.ascii	"S\302\261TK\034\352\247G\253\307\243\371n9vho\315\302"
 106      4B1CEAA7 
 106      47ABC7A3 
 106      F96E3976 
 106      686FCDC2 
 107 0261 37519048 		.ascii	"7Q\220H\233>QI\204\357\345\243\023\267%\351\253x\012"
 107      9B3E5149 
 107      84EFE5A3 
 107      13B725E9 
 107      AB780A
 108 0274 0943C863 		.ascii	"\011C\310crU\240\345<0\373\341\362\330\343.\251\347"
 108      7255A0E5 
 108      3C30FBE1 
 108      F2D8E32E 
 108      A9E7
ARM GAS  /tmp/ccqrD9Jg.s 			page 8


 109 0286 03C8D641 		.ascii	"\003\310\326AW\220q\023\250\254%\251\365\301\261\230"
 109      57907113 
 109      A8AC25A9 
 109      F5C1B198 
 110 0296 D32EA9D0 		.ascii	"\323.\251\320\245\203\253h\327\243\330\257$\271\033"
 110      A583AB68 
 110      D7A3D8AF 
 110      24B91B
 111 02a5 56A3CFD6 		.ascii	"V\243\317\326\3061\364N\254\211\033A\360\215\3770_,"
 111      C631F44E 
 111      AC891B41 
 111      F08DFF30 
 111      5F2C
 112 02b7 5B57299B 		.ascii	"[W)\233\017\242\371\265\265\251\373 PC\036\211U\301"
 112      0FA2F9B5 
 112      B5A9FB20 
 112      50431E89 
 112      55C1
 113 02c9 7534F885 		.ascii	"u4\370\205\246nX\361\240\271\033\203D\360\243L\240\214"
 113      A66E58F1 
 113      A0B91B83 
 113      44F0A34C 
 113      A08C
 114 02db A34CA1DC 		.ascii	"\243L\241\334d\225\301b=)WQk\376\227\235\313\301\360"
 114      6495C162 
 114      3D295751 
 114      6BFE979D 
 114      CBC1F0
 115 02ee ADBB67AA 		.ascii	"\255\273g\252~\012\345\217\260;\342\340\341\317\333"
 115      7E0AE58F 
 115      B03BE2E0 
 115      E1CFDB
 116 02fd 23F56B53 		.ascii	"#\365kS\230\376\177\024\020e\330=\360;\257\256\207\231"
 116      98FE7F14 
 116      1065D83D 
 116      F03BAFAE 
 116      8799
 117 030f 55F16FC9 		.ascii	"U\361o\311\365@;za\215\373[\302'\321\231\336\300\000"
 117      F5403B7A 
 117      618DFB5B 
 117      C227D199 
 117      DEC000
 118 0322 A3E140E8 		.ascii	"\243\341@\350\217>X\271\321\036\350\230\312R\240\001"
 118      8F3E58B9 
 118      D11EE898 
 118      CA52A001 
 119 0332 6D8A1DEB 		.ascii	"m\212\035\353\250\001\233c]\340\301\3468\005\205\013"
 119      A8019B63 
 119      5DE0C1E6 
 119      3805850B 
 120 0342 DCEFCC87 		.ascii	"\334\357\314\207\241\313\252\012\232\255\203\262\036"
 120      A1CBAA0A 
 120      9AAD83B2 
 120      1E
 121 034f 00610E8C 		.ascii	"\000a\016\214\325\212\2432\305)\341\324\036\020\304"
 121      D58AA332 
 121      C529E1D4 
ARM GAS  /tmp/ccqrD9Jg.s 			page 9


 121      1E10C4
 122 035e 7805902C 		.ascii	"x\005\220,\203\006\032,_\255K\203\355=\341S\340\317"
 122      83061A2C 
 122      5FAD4B83 
 122      ED3DE153 
 122      E0CF
 123 0370 A3D741E9 		.ascii	"\243\327A\351\344\363\004\242<\011D\316O\211\273\352"
 123      E4F304A2 
 123      3C0944CE 
 123      4F89BBEA 
 124 0380 5138DFC1 		.ascii	"Q8\337\301\222u\352\344\037\365Z\015\356\210\026\270"
 124      9275EAE4 
 124      1FF55A0D 
 124      EE8816B8 
 125 0390 5343A73A 		.ascii	"SC\247:\027\233\252\243\202N\354t\320\211\355+\353j"
 125      179BAAA3 
 125      824EEC74 
 125      D089ED2B 
 125      EB6A
 126 03a2 E4D419BA 		.ascii	"\344\324\031\272\273*C\277\005Nl\201\313\275W#\207\300"
 126      BB2A43BF 
 126      054E6C81 
 126      CBBD5723 
 126      87C0
 127 03b4 29B80372 		.ascii	")\270\003r\020w\227\307\027\311\2161\247\372\344\304"
 127      107797C7 
 127      17C98E31 
 127      A7FAE4C4 
 128 03c4 B14FCEB9 		.ascii	"\261O\316\271\336\242y\335\372b\271\204\\R\014\0079"
 128      DEA279DD 
 128      FA62B984 
 128      5C520C07 
 128      39
 129 03d5 EBE00122 		.ascii	"\353\340\001\"\337\227\221\347`=\201{\210#\303\3277"
 129      DF9791E7 
 129      603D817B 
 129      8823C3D7 
 129      37
 130 03e6 F54E466F 		.ascii	"\365NFo\254\220\374~<\335\3277\227\\vK\375\350\367\232"
 130      AC90FC7E 
 130      3CDDD737 
 130      975C764B 
 130      FDE8F79A 
 131 03fa 6C07B791 		.ascii	"l\007\267\221\266B\231\216\011\374\212u\006\263@\277"
 131      B642998E 
 131      09FC8A75 
 131      06B340BF 
 132 040a C1F01036 		.ascii	"\301\360\0206\"\300\341\256\033\336U7\317\352J\237g"
 132      22C0E1AE 
 132      1BDE5537 
 132      CFEA4A9F 
 132      67
 133 041b 95463B8D 		.ascii	"\225F;\215\303\374\251\351\025!\307f1\011v\263(\244"
 133      C3FCA9E9 
 133      1521C766 
 133      310976B3 
 133      28A4
ARM GAS  /tmp/ccqrD9Jg.s 			page 10


 134 042d BEB3CD90 		.ascii	"\276\263\315\220\221\232\266MH\335n\316\260%\245\332"
 134      919AB64D 
 134      48DD6ECE 
 134      B025A5DA 
 135 043d ED0EC162 		.ascii	"\355\016\301b\316\312\332m\372\330\230k\022\234\031"
 135      CECADA6D 
 135      FAD8986B 
 135      129C19
 136 044c 3B04476E 		.ascii	";\004Gn\246\340\314\025\015\026\223\303a\3146%g\206"
 136      A6E0CC15 
 136      0D1693C3 
 136      61CC3625 
 136      6786
 137 045e BDFED6BB 		.ascii	"\275\376\326\273\011i[\267\222\020\012f\020C\355\306"
 137      09695BB7 
 137      92100A66 
 137      1043EDC6 
 138 046e 4F76DB8C 		.ascii	"Ov\333\214Y\032\321l1E\032m\016\003\0358D\243\305\036"
 138      591AD16C 
 138      31451A6D 
 138      0E031D38 
 138      44A3C51E 
 139 0482 E6345BC5 		.ascii	"\3464[\305\027S\014\342s\311\311\002\3763m\010j\266"
 139      17530CE2 
 139      73C9C902 
 139      FE336D08 
 139      6AB6
 140 0494 660A01AB 		.ascii	"f\012\001\253\344\034\242\243\3406\307\016\324\014\""
 140      E41CA2A3 
 140      E036C70E 
 140      D40C22
 141 04a3 67CE8A56 		.ascii	"g\316\212V\0053g\031D\215\325\264G\214PM\352\255NKz"
 141      05336719 
 141      448DD5B4 
 141      478C504D 
 141      EAAD4E4B 
 142 04b8 AE9866B3 		.ascii	"\256\230f\263:\234\026S\256\343M\323.\361\325\247\332"
 142      3A9C1653 
 142      AEE34DD3 
 142      2EF1D5A7 
 142      DA
 143 04c9 1265A0DE 		.ascii	"\022e\240\336R\016\211T\251\310\"\205\350\214\271\226"
 143      520E8954 
 143      A9C82285 
 143      E88CB996 
 144 04d9 8F5E3225 		.ascii	"\217^2%Y^\330e'Z\344-\232\366$YRH\024\032ngvoX\315O"
 144      595ED865 
 144      275AE42D 
 144      9AF62459 
 144      5248141A 
 145 04f4 1937E855 		.ascii	"\0317\350U\222\277\0016\001\227\250"
 145      92BF0136 
 145      0197A8
 146              		.text
 147              		.section	.gnu.lto_.symtab.e105b385c74141ed,"e",%progbits
 148 0000 7572744D 		.ascii	"urtMessageInit\000"
 148      65737361 
ARM GAS  /tmp/ccqrD9Jg.s 			page 11


 148      6765496E 
 148      697400
 149 000f 00       		.ascii	"\000"
 150 0010 00       		.ascii	"\000"
 151 0011 00       		.ascii	"\000"
 152 0012 00000000 		.ascii	"\000\000\000\000\000\000\000\000"
 152      00000000 
 153 001a F0000000 		.ascii	"\360\000\000\000"
 154              		.text
 155              		.section	.gnu.lto_.opts,"e",%progbits
 156 0000 272D666E 		.ascii	"'-fno-openmp' '-fno-openacc' '-fno-pie' '-mcpu=cort"
 156      6F2D6F70 
 156      656E6D70 
 156      2720272D 
 156      666E6F2D 
 157 0033 65782D6D 		.ascii	"ex-m4' '-mthumb' '-mfloat-abi=softfp' '-mfpu=fpv4-s"
 157      34272027 
 157      2D6D7468 
 157      756D6227 
 157      20272D6D 
 158 0066 702D6431 		.ascii	"p-d16' '-march=armv7e-m+fp' '-O2' '-fstack-usage' '"
 158      36272027 
 158      2D6D6172 
 158      63683D61 
 158      726D7637 
 159 0099 2D666675 		.ascii	"-ffunction-sections' '-fdata-sections' '-fno-common"
 159      6E637469 
 159      6F6E2D73 
 159      65637469 
 159      6F6E7327 
 160 00cc 2720272D 		.ascii	"' '-flto' '-fshort-enums'\000"
 160      666C746F 
 160      2720272D 
 160      6673686F 
 160      72742D65 
 161              		.text
 162              		.comm	__gnu_lto_v1,1,1
 163              		.comm	__gnu_lto_slim,1,1
 164              		.ident	"GCC: (GNU Arm Embedded Toolchain 9-2020-q2-update) 9.3.1 20200408 (release)"
ARM GAS  /tmp/ccqrD9Jg.s 			page 12


DEFINED SYMBOLS
                            *ABS*:0000000000000000 urt_message.c
                            *COM*:0000000000000001 __gnu_lto_v1
                            *COM*:0000000000000001 __gnu_lto_slim

NO UNDEFINED SYMBOLS
