ARM GAS  /tmp/ccH8oFlO.s 			page 1


   1              		.cpu cortex-m3
   2              		.eabi_attribute 20, 1
   3              		.eabi_attribute 21, 1
   4              		.eabi_attribute 23, 3
   5              		.eabi_attribute 24, 1
   6              		.eabi_attribute 25, 1
   7              		.eabi_attribute 26, 1
   8              		.eabi_attribute 30, 2
   9              		.eabi_attribute 34, 1
  10              		.eabi_attribute 18, 4
  11              		.file	"urt_topic.c"
  12              		.section	.gnu.lto_.profile.2df556de5c531dcb,"e",%progbits
  13 0000 789CE360 		.ascii	"x\234\343``\004B \000\000\000]\000\013"
  13      60044220 
  13      0000005D 
  13      000B
  14              		.text
  15              		.section	.gnu.lto_.icf.2df556de5c531dcb,"e",%progbits
  16 0000 789CE360 		.ascii	"x\234\343``d\020a@\000f\206\267\323\016\377gb\234\277"
  16      60641061 
  16      40006686 
  16      B7D30EFF 
  16      67629CBF 
  17 0014 EDD54446 		.ascii	"\355\325DF\246\243\213O6\2620\000\000d!\010\362"
  17      A6A38B4F 
  17      36B23000 
  17      00642108 
  17      F2
  18              		.text
  19              		.section	.gnu.lto_.jmpfuncs.2df556de5c531dcb,"e",%progbits
  20 0000 789C9D90 		.ascii	"x\234\235\2201\016\302@\014\004=\336\313\221\216\007"
  20      310EC240 
  20      0C043DDE 
  20      CB918E07 
  21 0010 F019EA3C 		.ascii	"\360\031\352<* \321\247\245\274\177P\335K\370B\236\020"
  21      2A20D1A7 
  21      A5BC7F50 
  21      DD4BF842 
  21      9E10
  22 0022 7C124A41 		.ascii	"|\022JA\224\024\254\264\215g\275\262\334\0336`\253d"
  22      9414ACB4 
  22      8D67BDB2 
  22      DC1B3660 
  22      AB64
  23 0034 024EB722 		.ascii	"\002N\267\"\013C\221{\032\003P\023\026^Bg\363\\\273"
  23      0B43917B 
  23      1A035013 
  23      165E4267 
  23      F35CBB
  24 0047 DF217A8A 		.ascii	"\337!z\212\3511\277\373IE\302xqiN\271\3726\274\322\321"
  24      E931BFFB 
  24      4945C278 
  24      71694EB9 
  24      FA36BCD2 
  25 005c B7EDF783 		.ascii	"\267\355\367\203\005\317\327}\210\203\276\327\247\303"
  25      05CFD77D 
  25      8883BED7 
ARM GAS  /tmp/ccH8oFlO.s 			page 2


  25      A7C3
  26 006a 6483ECC2 		.ascii	"d\203\354\302xBk\371\277\301>\236\323Uz"
  26      78426BF9 
  26      BFC13E9E 
  26      D3557A
  27              		.text
  28              		.section	.gnu.lto_.inline.2df556de5c531dcb,"e",%progbits
  29 0000 789CE360 		.ascii	"x\234\343``d8\302\200\000\314\014\014\022\015\015\015"
  29      606438C2 
  29      8000CC0C 
  29      0C120D0D 
  29      0D
  30 0011 13983219 		.ascii	"\023\2302\031\031\031\024\030\031\030\230\270\200\334"
  30      19191418 
  30      191898B8 
  30      80DC
  31 001f 034CA90C 		.ascii	"\003L\251\014\014|@F\003s*\023\003\023X!\017\220`\234"
  31      0C7C4046 
  31      03732A13 
  31      03135821 
  31      0F90609C 
  32 0033 E0C7C40D 		.ascii	"\340\307\304\015\241\301|\246\011~\010\021\030\315\310"
  32      A1C17CA6 
  32      097E0811 
  32      18CDC8
  33 0042 C0F767D1 		.ascii	"\300\367g\321\364]\314\0310\023y\337\035]\367\2069\235"
  33      F45DCC19 
  33      301379DF 
  33      1D5DF786 
  33      399D
  34 0054 8181BD0D 		.ascii	"\201\201\275\015dt\012\324D\210\372~?8\315\300{f\335"
  34      64740AD4 
  34      4488FA7E 
  34      3F38CDC0 
  34      7B66DD
  35 0067 9747087D 		.ascii	"\227G\010}\334\247\326}\231\307\224\001\324\327\212"
  35      DCA7D67D 
  35      99C79401 
  35      D4D78A
  36 0076 5BDF043F 		.ascii	"[\337\004?\006\000\320\345&\015"
  36      0600D0E5 
  36      260D
  37              		.text
  38              		.section	.gnu.lto_.pureconst.2df556de5c531dcb,"e",%progbits
  39 0000 789CE360 		.ascii	"x\234\343``d\340b```f\230\305\3028\213\205i'\013\000"
  39      6064E062 
  39      60606066 
  39      98C5C238 
  39      8B856927 
  40 0016 0ADC0213 		.ascii	"\012\334\002\023"
  41              		.text
  42              		.section	.gnu.lto_urtTopicInit.2df556de5c531dcb,"e",%progbits
  43 0000 789C9D95 		.ascii	"x\234\235\225\177L[U\024\307\357y\367\365\365\265+t"
  43      7F4C5B55 
  43      14C7EF79 
  43      F7F5F5B5 
  43      2B74
ARM GAS  /tmp/ccH8oFlO.s 			page 3


  44 0012 4E145837 		.ascii	"N\024X7W\215\011\331\037\366\221\030\343_&#\313L\374"
  44      578D09D9 
  44      1FF69118 
  44      E35F2623 
  44      CB4CFC
  45 0025 C36898FF 		.ascii	"\303h\230\377/\014\232\320\310hS@\343_<\012\233\021"
  45      2F0C9AD0 
  45      C8685340 
  45      E35F3C0A 
  45      9B11
  46 0037 649B0904 		.ascii	"d\233\011\004\272\244>\026B\330\242\3424\233\350\350"
  46      BAA43E16 
  46      42D8A2E2 
  46      349BE8E8 
  47 0047 461D43B7 		.ascii	"F\035C\267\271)\24287G\251\035(\277\266)N3\023\263y"
  47      B929A238 
  47      3747A91D 
  47      28BFB629 
  47      4E3313B3 
  48 005c CEBD5D1C 		.ascii	"\316\275]\034\320`\200\224\227w\336\273\367s\276\347"
  48      D0608094 
  48      9777DEBB 
  48      F773BEE7 
  49 006c 7C4F6F75 		.ascii	"|Oou\006l\213\316X=cl3\376\003g\240\230\246\271\315"
  49      066C8BCE 
  49      583D636C 
  49      33FE0367 
  49      A098A6B9 
  50 0081 DEA02B00 		.ascii	"\336\240+\000\342\316\324\201\325+P\017\007x\007\207"
  50      E2CED481 
  50      D52B500F 
  50      07780787 
  51 0091 F6B7062E 		.ascii	"\366\267\006.\347l\3555\315\210\231\3508\256\275{l\304"
  51      E76CED35 
  51      CD8899E8 
  51      38AEBD7B 
  51      6CC4
  52 00a3 E416672C 		.ascii	"\344\026g,\212;\237\366@\261\207\321\037\234\204\255"
  52      8A3B9FF6 
  52      40B187D1 
  52      1F9C84AD 
  53 00b3 B8381989 		.ascii	"\2708\031\211\335q\355\307\367\000*\206m\027\216\237"
  53      DD71EDC7 
  53      F7002A86 
  53      6D178E9F 
  54 00c3 7752A880 		.ascii	"wR\250\200\027\303\251wn\314\332\3716`x\277wrp\314Y"
  54      17C3A977 
  54      6ECCDAF9 
  54      366078BF 
  54      777270CC 
  55 00d8 D423B067 		.ascii	"\324#\260g{\270\371\244\3059\234\002N\3308x`\000\020"
  55      7BB8F9A4 
  55      C5399C02 
  55      4ED83878 
  55      600010
  56 00eb 8CCF107D 		.ascii	"\214\317\020}\032\212p\303\276\341\203\0039\022\255"
  56      1A8A70C3 
ARM GAS  /tmp/ccH8oFlO.s 			page 4


  56      BEE18303 
  56      3912AD
  57 00fa 6078786C 		.ascii	"`xxl$\002\022\275\036\303Oz[g9\177^\240\367\265t\276"
  57      240212BD 
  57      1EC34F7A 
  57      5B67397F 
  57      5EA0F7B5 
  58 0110 9C21CF77 		.ascii	"\234!\317wp3\317\342*|.\311\011$\017J\262\212\3443\202"
  58      7033CFE2 
  58      2A7C2EC9 
  58      09240F4A 
  58      B28AE433 
  59 0125 1CFFABF3 		.ascii	"\034\377\253\363\210\233\277 \3666\214\237\031Q3\233"
  59      889BBF20 
  59      F6368C9F 
  59      1951339B 
  60 0135 FF293864 		.ascii	"\377)8d&T\213\333`h\231.\033\356>\013E\214\366\244?"
  60      26548BDB 
  60      6068992E 
  60      1BEE3E0B 
  60      458CF6A4 
  61 014a BADB9EA3 		.ascii	"\272\333\236\243\251\324\021\352\3040h\330d\306>\034"
  61      A9D411EA 
  61      C43068D8 
  61      64C63E1C 
  62 015a B525CCBB 		.ascii	"\265%\314\273\367\3364\023\311\302\303G\335\205\200"
  62      F7DE3413 
  62      C9C2C347 
  62      DD8580
  63 0169 DB34052F 		.ascii	"\3334\005/v\216\027]\305\213\303\206\027\247Fw:P\235"
  63      768E175D 
  63      C58BC386 
  63      17A74677 
  63      3A509D
  64 017c 4E204D6E 		.ascii	"N Mn v>\2436\263\026\316\320\025S\0053\301\330\333\\"
  64      20763EA3 
  64      36B316CE 
  64      D0155305 
  64      33C1D8DB 
  65 0191 91412306 		.ascii	"\221A#\006\263\020Y\230~\357\272\2352\242\214\375\215"
  65      B3105998 
  65      7EEFBA9D 
  65      32A28CFD 
  65      8D
  66 01a2 B7923A75 		.ascii	"\267\222:u\204\213J\022W\217]\311\355\201\356\006\\"
  66      848B4A12 
  66      578F5DC9 
  66      ED81EE06 
  66      5C
  67 01b3 DFB51B59 		.ascii	"\337\265\033Y\353b\\\207/H>\325iM|\252\025\367\021\314"
  67      EB625C87 
  67      2F483ED5 
  67      694D7CAA 
  67      15F711CC 
  68 01c7 6B71177C 		.ascii	"kq\027|\011=\320)\365\237\203\342\007i.`p\036wa\266"
  68      093DD029 
  68      F59F83E2 
ARM GAS  /tmp/ccH8oFlO.s 			page 5


  68      07692E60 
  68      701E7761 
  69 01dc 4333EF77 		.ascii	"C3\357w\337\317\266\032\274\012\027\004\236\272\002"
  69      DFCFB61A 
  69      BC0A1704 
  69      9EBA02
  70 01eb 5F41718C 		.ascii	"_Aq\214;\011\327\326<~\302E\270\030\207%D\357\212\274"
  70      3B09D7D6 
  70      3C7EC245 
  70      B8188725 
  70      44EF8ABC 
  71 01ff 1CB82878 		.ascii	"\034\270(x\012\023/\343\023\223\037+M\020\311l\324\340"
  71      0A132FE3 
  71      13931F2B 
  71      4D10C96C 
  71      D4E0
  72 0211 121463A2 		.ascii	"\022\024c\242\257\241\011\330<4y\205#\270.v\344\342"
  72      AFA109D8 
  72      3C347985 
  72      23B82E76 
  72      E4E2
  73 0223 3D07ADD3 		.ascii	"=\007\255\323-\236\033%5\360\015\255\301\364\026wKE"
  73      2D9E1B25 
  73      35F00DAD 
  73      C1F41677 
  73      4B45
  74 0235 53CF4841 		.ascii	"S\317HA\312\252\004\255\207\021!\210g\025d\207o\205"
  74      CAAA04AD 
  74      87112188 
  74      67156487 
  74      6F85
  75 0247 A0514A46 		.ascii	"\240QJFm\374\373\350\320\355Q\276hr2\245\310\007M\204"
  75      6DFCFBE8 
  75      D0ED51BE 
  75      687232A5 
  75      C8074D84 
  76 025b 4DB5F421 		.ascii	"M\265\364!\217\324\210\267\017\254\206\357A\203\357"
  76      8FD488B7 
  76      0FAC86EF 
  76      4183EF
  77 026a B0260663 		.ascii	"\260&\006c\302\213k\351\231s*y\365\020\024`xb\250\177"
  77      C28B6BE9 
  77      99732A79 
  77      F5101460 
  77      7862A87F 
  78 027e CE85BAB1 		.ascii	"\316\205\272\261\252\015\244\371\207\214\346\261\341"
  78      AA0DA4F9 
  78      878CE6B1 
  78      E1
  79 028b E183BAD4 		.ascii	"\341\203\272\324\234\352m\335\320\347\262\370\303pY"
  79      9CEA6DDD 
  79      D0E7B2F8 
  79      C37059
  80 029a 08975006 		.ascii	"\010\227P\006?\2229\212\230\254;\351\271\024_\203\331"
  80      3F92398A 
  80      98AC3BE9 
  80      B9145F83 
ARM GAS  /tmp/ccH8oFlO.s 			page 6


  80      D9
  81 02ab 79704520 		.ascii	"ypE md\366\325\305\263\224\207\263\364\223\234\245\266"
  81      6D64F6D5 
  81      C5B39487 
  81      B3F4939C 
  81      A5B6
  82 02bd E6D6FE8C 		.ascii	"\346\326\376\214\371|U\275~\004\256\011\276\226\265"
  82      F97C55BD 
  82      7E04AE09 
  82      BE96B5
  83 02cc D73A8C8B 		.ascii	"\327:\214\213^'W2\377\321\2508W&\244\371\250+_*j\177"
  83      5E275732 
  83      FFD1A838 
  83      5726A4F9 
  83      A82B5F2A 
  84 02e2 560A5297 		.ascii	"V\012R\227\226\234\206\225k.\200\224\320d_\256\251+"
  84      969C8695 
  84      6B2E8094 
  84      D0645FAE 
  84      A92B
  85 02f4 17BFDCF0 		.ascii	"\027\277\334\360\263\020\225\226\242\366f\025U\030\025"
  85      B3109596 
  85      A2F66615 
  85      551815
  86 0303 47D27529 		.ascii	"G\322u)J\215q\267\3057\222\256d\363\007\375)X\203\023"
  86      4A8D71B7 
  86      C53792AE 
  86      64F307FD 
  86      29588313 
  87 0317 0E9814AA 		.ascii	"\016\230\024\252trb\212\234U\345\231\021\357\316]\003"
  87      7472628A 
  87      9C55E599 
  87      11EFCE5D 
  87      03
  88 0328 CE03BF08 		.ascii	"\316\003\277\010\234\203p\277.6\326\203\306NKc\027\246"
  88      9C8370BF 
  88      2E36D683 
  88      C64E4B63 
  88      17A6
  89 033a 07D784DF 		.ascii	"\007\327\204\337\0043\002\357$\374\354b\374&\304\317"
  89      043302EF 
  89      24FCEC62 
  89      FC26C4CF 
  90 034a DD9F9B4B 		.ascii	"\335\237\233K\237e\346\306\2664\303\311\377\261i3\314"
  90      9F65E6C6 
  90      B634C3C9 
  90      FFB16933 
  90      CC
  91 035b 8B14EBB2 		.ascii	"\213\024\353\262\333\344\204\033\302\246\233+\315\316"
  91      DBE4841B 
  91      C2A69B2B 
  91      CDCE
  92 0369 635171F6 		.ascii	"cQq\366\337\2226\331,\276\205T\305g\222\215\232T\265"
  92      DF9236D9 
  92      2CBE8554 
  92      C567928D 
  92      9A54B5
ARM GAS  /tmp/ccH8oFlO.s 			page 7


  93 037c B4EE95A7 		.ascii	"\264\356\225\247\331\001\277\375\347\321\357\230^\030"
  93      D901BFFD 
  93      E7D1EF98 
  93      5E18
  94 038a 3EB3EC4C 		.ascii	">\263\354Lw,?\323OS\265\005\230\020\026\262\242\275"
  94      772C3FD3 
  94      4F53B505 
  94      981016B2 
  94      A2BD
  95 039c F08740BB 		.ascii	"\360\207@\273\010}\233\354\327\250\252\256\336\003\033"
  95      087D9BEC 
  95      D7A8AAAE 
  95      DE031B
  96 03ab A5D2FC25 		.ascii	"\245\322\374%\245=\036\245/\025\374)K\303\007O\260\233"
  96      A53D1EA5 
  96      2F15FC29 
  96      4BC3074F 
  96      B09B
  97 03bd 10F16616 		.ascii	"\020\361f\0263\361[\004\362\347'\222\240\3609\2432\270"
  97      33F15B04 
  97      F2E72792 
  97      A0F039A3 
  97      32B8
  98 03cf C76F8402 		.ascii	"\307o\204\002\265F\311\316\035\273JK\266\3570J^\014"
  98      B546C9CE 
  98      1DBB4A4B 
  98      B6EF304A 
  98      5E0C
  99 03e1 94069F2A 		.ascii	"\224\006\237*\011\205j\214=\201\212\212*\377\353ea\277"
  99      09856A8C 
  99      3D818A8A 
  99      2AFFEB65 
  99      61BF
 100 03f3 5157FA8A 		.ascii	"QW\372\212Q\023.7\352\302\265\273j\203\241@\271\257"
 100      51132E37 
 100      EAC2B5BB 
 100      6A83A140 
 100      B9AF
 101 0405 9CD9C48D 		.ascii	"\234\331\304\215\022\250\260\207\312\336\250\012\226"
 101      12A8B087 
 101      CADEA80A 
 101      96
 102 0412 55F87C3E 		.ascii	"U\370|>\003?\257\372\303\325\376*c{e`w\340\245\235F"
 102      033FAFFA 
 102      C3D5FE2A 
 102      637B6560 
 102      77E0A59D 
 103 0427 B0C608D7 		.ascii	"\260\306\010\327\032\201\352\362\252\272\012\277Q^\351"
 103      1A81EAF2 
 103      AABA0ABF 
 103      515EE9
 104 0436 7FCD5F5D 		.ascii	"\177\315_][\343\253d\377\002~\211\304;"
 104      5BE3AB64 
 104      FF027E89 
 104      C43B
 105              		.text
 106              		.section	.gnu.lto_urtTopicAddMessages.2df556de5c531dcb,"e",%progbits
ARM GAS  /tmp/ccH8oFlO.s 			page 8


 107 0000 789C9593 		.ascii	"x\234\225\223]HTA\024\307\347\334\231\273_~\364R\020"
 107      5D485441 
 107      14C7E7DC 
 107      99BB5F7E 
 107      F45210
 108 0013 09E14362 		.ascii	"\011\341Cb>\324]\350\305\227\300%\354!\212B{\027\321"
 108      3ED45DE8 
 108      C597C025 
 108      EC218A42 
 108      7B17D1
 109 0026 A51614CD 		.ascii	"\245\026\024\315]\351\261\331u%\322\320\"\027?h[K\326"
 109      5DE9B1D9 
 109      7525D2D0 
 109      22173F68 
 109      5B4BD6
 110 0039 3602B32F 		.ascii	"6\002\263/\0125\3352\363#3u5\311\007\005SH\261\322\027"
 110      0A35DD32 
 110      F3233375 
 110      35C90705 
 110      5348B1D2 
 111 004e 0929EDCC 		.ascii	"\011)\355\314\334\365\003[\203.\354\3549w\316\371\315"
 111      DCF5035B 
 111      832EECEC 
 111      3977CEF9 
 111      CD
 112 005f FF9C33D7 		.ascii	"\377\2343\327D\200\\b\204d\023B\316\341\017\014\004"
 112      44805C62 
 112      84641342 
 112      CEE10F0C 
 112      04
 113 0070 14CE7986 		.ascii	"\024\316y\206\321mR\200F-\252\250\243K\253\351\214["
 113      D16D5280 
 113      462DAAA8 
 113      A34BABE9 
 113      8C5B
 114 0082 584B75B9 		.ascii	"XKu\271\221\361x5\272gc\000\322\340& W\024\2522\300"
 114      91F17835 
 114      BA676300 
 114      D2E02620 
 114      5714AA32 
 115 0097 956C3ED5 		.ascii	"\225l>\325\264\226\202\357Z\373DB\332}\316=<\\{\303"
 115      B49682EF 
 115      5AFB4442 
 115      DA7DCE3D 
 115      3C5C7BC3 
 116 00ab 72A77598 		.ascii	"r\247u\230\323\000\006\325S\002\307\222\300\232$C\241"
 116      D30006D5 
 116      5302C792 
 116      C09A2443 
 116      A1
 117 00bc 0DD23078 		.ascii	"\015\3220x\312\343\377\031_\205\373\000\014\335\232"
 117      CAE3FF19 
 117      5F85FB00 
 117      0CDD9A
 118 00cb 8167FD16 		.ascii	"\201g\375\026\341*\220\214\356\334\315o\013F\232\001"
 118      E12A908C 
 118      EEDCCD6F 
ARM GAS  /tmp/ccH8oFlO.s 			page 9


 118      0B469A01 
 119 00db 04EDF2D9 		.ascii	"\004\355\362\331\256qKjPb\177\005)?\024\240\024^\001"
 119      AE714B6A 
 119      50627F05 
 119      293F14A0 
 119      145E01
 120 00ee 15D80E48 		.ascii	"\025\330\016H\202v@0\276Ct'\244b\302\213\212\271f3="
 120      82764030 
 120      BE437427 
 120      A462C28B 
 120      8AB96633 
 121 0103 2993DDC1 		.ascii	")\223\335\301[\225\011\321\344\305\375\015<\314\002"
 121      5B9509D1 
 121      E4C5FD0D 
 121      3CCC02
 122 0112 9441D75F 		.ascii	"\224A\327_\331\330\033\010C*\2219\267#_\024zV\346\217"
 122      D9D81B08 
 122      432A9139 
 122      B7235F14 
 122      7A56E68F 
 123 0126 45664EA5 		.ascii	"EfN\2454\311\364\225\320\336{e\274\217K\302\353\035"
 123      34C9F495 
 123      D0DE7B65 
 123      BC8F4BC2 
 123      EB1D
 124 0138 04F160F8 		.ascii	"\004\361`\370\314\3435_\202\201\301\033H\021e\213r\273"
 124      CCE3355F 
 124      8281C11B 
 124      4811658B 
 124      72BB
 125 014a 45AFF15F 		.ascii	"E\257\361_\274{4\252\206\371\332\372U\036\036:|\367"
 125      BC7B34AA 
 125      86F9DAFA 
 125      551E1E3A 
 125      7CF7
 126 015c F9BE44C0 		.ascii	"\371\276D\300\223U\005\027\003\025\032\230pU\"\"\015"
 126      93550517 
 126      03151A98 
 126      70552222 
 126      0D
 127 016d 72358210 		.ascii	"r5\202\020e\006Q\030!\225\224,\255\206\322\201\207\205"
 127      65065118 
 127      2195942C 
 127      AD86D281 
 127      8785
 128 017f AD48DB8D 		.ascii	"\255H\333\215\366u*\206\304\231t\026\300\3231_\327c"
 128      F6752A86 
 128      C4997416 
 128      C0D3315F 
 128      D763
 129 0191 14E7FA29 		.ascii	"\024\347\372)\240\246\252\262\037S&\321Z&+\012O\266"
 129      A0A6AAB2 
 129      1F5326D1 
 129      5A262B0A 
 129      4FB6
 130 01a3 7E4E0C42 		.ascii	"~N\014B\223\033S\222\003\324\350\247\006x+J\020\225"
 130      931B5392 
ARM GAS  /tmp/ccH8oFlO.s 			page 10


 130      03D4E8A7 
 130      06782B4A 
 130      1095
 131 01b5 07A65F1A 		.ascii	"\007\246_\032\254-\\\337R\241\007\202P\247\227\361\016"
 131      AC2D5CDF 
 131      52A10782 
 131      50A797F1 
 131      0E
 132 01c6 AC640EBC 		.ascii	"\254d\016\274_\273\007!\006Z\005\002\275z\037V\304\246"
 132      5FBB0721 
 132      065A0502 
 132      BD7A1F56 
 132      C4A6
 133 01d8 51996C1A 		.ascii	"Q\231l\032Q0Hmk\036\001T\253V\227O\364\342\254Q,[\336"
 133      5130486D 
 133      6B1E0154 
 133      AB56974F 
 133      F4E2AC51 
 134 01ef 108E5A6B 		.ascii	"\020\216Zk*~G\342u\240\262\035Hci5\371\251\031\372b"
 134      2A7E47E2 
 134      75A0B21D 
 134      48636935 
 134      F9A919FA 
 135 0204 6A3543BF 		.ascii	"j5C\277\324\012\372\034:\246g\237(^\360D\023\0150\200"
 135      D40AFA1C 
 135      3AA6679F 
 135      285EF044 
 135      130D3080 
 136 0218 F209BC07 		.ascii	"\362\011\274\007/\220E\360&\313\251`\234?4\270n\026"
 136      2F9045F0 
 136      26CBA960 
 136      9C3F34B8 
 136      6E16
 137 022a 71A600B5 		.ascii	"q\246\000\265\324\213l\030\0241\250&@\343\364f\206\202"
 137      D48B6C18 
 137      1431A826 
 137      40E3F466 
 137      8682
 138 023c 71BA40FA 		.ascii	"q\272@\372_\212\030|\220\212\024\321\275!<^\300\372"
 138      5F8A187C 
 138      908A14D1 
 138      BD213C5E 
 138      C0FA
 139 024e 4FEB2816 		.ascii	"O\353(\026s\020t\327A|\334\032\304\260\216\232\252\230"
 139      731074D7 
 139      417CDC1A 
 139      C4B08E9A 
 139      AA98
 140 0260 A782B503 		.ascii	"\247\202\265\003\324xP\222\324]I#[\244Q\260\242\022"
 140      D4785092 
 140      D45D4923 
 140      5BA451B0 
 140      A212
 141 0272 016B987F 		.ascii	"\001k\230\177\320\263'\026\255S\334\320\177*\213l\361"
 141      D0B32716 
 141      AD53DCD0 
 141      7F2A8B6C 
ARM GAS  /tmp/ccH8oFlO.s 			page 11


 141      F1
 142 0283 C604CF28 		.ascii	"\306\004\317(\372\333\370\320Gwi1\266\003\306\267\265"
 142      FADBF8D0 
 142      47776931 
 142      B603C6B7 
 142      B5
 143 0294 F83B781A 		.ascii	"\370;x\032\237\372\016D\017\337\234?~2\360I^\250\025"
 143      9FFA0E44 
 143      0FDF9C3F 
 143      7E32F049 
 143      5EA815
 144 02a7 50FDE2FB 		.ascii	"P\375\342\373\300K\004\313\033\327\237\220\343\332\305"
 144      C04B04CB 
 144      1BD79F90 
 144      E3DAC5
 145 02b6 A242BB56 		.ascii	"\242B\273V\354pi\266\354\314\234,\333\211L\315v\306"
 145      EC7069B6 
 145      ECCC9C2C 
 145      DB894CCD 
 145      76C6
 146 02c8 915574C4 		.ascii	"\221Ut\304V\\\354\324\012\035\371\371\005\366\313\271"
 146      565CECD4 
 146      0A1DF9F9 
 146      05F6CBB9 
 147 02d8 2576AD34 		.ascii	"%v\2554\353\274\346,\311\323JK\\9\256\242bG\336\321"
 147      EBBCE62C 
 147      C9D34A4B 
 147      5C39AEA2 
 147      6247DED1 
 148 02ec 3CA24AC3 		.ascii	"<\242J\303Thw:s/\330\235\254 \327\351\372\003\215\217"
 148      5468773A 
 148      732FD89D 
 148      AC20D7E9 
 148      FA038D8F 
 149 0300 8E6A     		.ascii	"\216j"
 150              		.text
 151              		.section	.gnu.lto_urtTopicBufferSize.2df556de5c531dcb,"e",%progbits
 152 0000 789C9553 		.ascii	"x\234\225S]HTA\024\236s\317\334uw\335\355!\204 +|HD"
 152      5D485441 
 152      149E73CF 
 152      DC7577DD 
 152      ED218420 
 153 0018 A8AE8FBE 		.ascii	"\250\256\217\276\004J\330K\024d\275K\250\324B\376\340"
 153      044AD84B 
 153      1464BD4B 
 153      A8D442FE 
 153      E0
 154 0029 0F412FCE 		.ascii	"\017A/\316\256k\321\017Jd\251\321\266\376`*\224i\211"
 154      AE6BD10F 
 154      4A64A9D1 
 154      B6FE602A 
 154      946989
 155 003c A4F9B3A6 		.ascii	"\244\371\263\246\371_\351\202\212\006\012\241Q\222\245"
 155      F95FE982 
 155      8A060AA1 
 155      5192A5
 156 004b 2F5242DA 		.ascii	"/RB\332\231\331+\231e\320\205{93s\316\367s\316\\+\003"
ARM GAS  /tmp/ccH8oFlO.s 			page 12


 156      99D92B99 
 156      65D0857B 
 156      393373CE 
 156      F773CE5C 
 157 0061 B69F3376 		.ascii	"\266\2373v\2121v\232^\2600\320\204\020\011an\253\006"
 157      8A31769A 
 157      5EB030D0 
 157      84100961 
 157      6EAB06
 158 0074 DC8CD08C 		.ascii	"\334\214\320\214z\254\\\303\340\362Z<\027v\275\261\244"
 158      7AAC5CC3 
 158      E0F25A3C 
 158      1776BDB1 
 158      A4
 159 0085 288C0B87 		.ascii	"(\214\013\207\016\240\316\204\025X\201\206\\\207\002"
 159      0EA0CE84 
 159      15588186 
 159      5C8702
 160 0094 8D00379F 		.ascii	"\215\0007\237\022,C\230\365\370\2769\212\321\217\014"
 160      122C4398 
 160      F5F8BE39 
 160      8AD18F0C 
 161 00a4 382D4B87 		.ascii	"8-K\207[\206\354r\011\020EK\357\344\2036\036['\204G"
 161      5B86EC72 
 161      0910454B 
 161      EFE48336 
 161      1E5B2784 
 162 00b9 04CAD6ED 		.ascii	"\004\312\326\355\345-c\302\346G\215UP\372\013\210\204"
 162      E52D63C2 
 162      E6478D55 
 162      50FA0B88 
 162      84
 163 00ca 76885450 		.ascii	"v\210TP\320\001\261\224\276pki1\014\023\200Q\\4\337"
 163      D001B194 
 163      BE706B69 
 163      310C1380 
 163      515C34DF 
 164 00de 3D618FA9 		.ascii	"=a\217\251U\245}\265(\016\372\021\241\023\360\267R\332"
 164      55A57DB5 
 164      280EFA11 
 164      A113F0B7 
 164      52DA
 165 00f0 A3E22E88 		.ascii	"\243\342.\210a\262\244\332=1\342\304\343\252|\245\250"
 165      61B2A4DA 
 165      3D31E2C4 
 165      E3AA7CA5 
 165      A8
 166 0101 2BE88CAE 		.ascii	"+\350\214\256Q\345\037\036ET\025\212A\301\211\032\272"
 166      51E51F1E 
 166      4554158A 
 166      41C1891A 
 166      BA
 167 0112 B741C887 		.ascii	"\267A\310\207\362\3377\257\337qZ8\004 Z\252\223\232"
 167      F2DF37AF 
 167      DF715A38 
 167      04205AAA 
 167      939A
ARM GAS  /tmp/ccH8oFlO.s 			page 13


 168 0124 7AC00274 		.ascii	"z\300\002t2\332\3246\305\361\204B\275\275\324\336l1"
 168      32DAD436 
 168      C5F18442 
 168      BDBDD4DE 
 168      6C31
 169 0136 51271F1F 		.ascii	"Q'\037\037\2506Q9\274\3747j/\241J<\011\333G\260\214"
 169      A8365139 
 169      BCFC376A 
 169      2FA14A3C 
 169      09DB47B0 
 170 014b 699249EE 		.ascii	"i\222I\356?\011\352\001\261\276qU\004\372\017U5\354"
 170      3F09EA01 
 170      B1BE7155 
 170      04FA0F55 
 170      35EC
 171 015d 710299D2 		.ascii	"q\002\231\3225\372p\302\243\034\256\276:\223\271\026"
 171      35FA70C2 
 171      A31CAEBE 
 171      3A93B916 
 172 016d 905E6D2A 		.ascii	"\220^m*\016W\373\016\0253v\003\331\362Z}<\210\000c7"
 172      0E57FB0E 
 172      15337603 
 172      D9F25A7D 
 172      3C880063 
 173 0182 5153B19B 		.ascii	"QS\261\233\342E\360\224^\3771\355\220\344>\224v\212"
 173      E245F094 
 173      5EFF31ED 
 173      90E43E94 
 173      768A
 174 0194 0BBFCE5A 		.ascii	"\013\277\316Z\345\204P9\012\3144M\357\252\205\0327M"
 174      E5845039 
 174      0ACC344D 
 174      EFAA851A 
 174      374D
 175 01a6 3ACA8F94 		.ascii	":\312\217\224d\201W\322\001\235\271\375s\317-q\215\""
 175      648157D2 
 175      019DB9FD 
 175      73CF2D71 
 175      8D22
 176 01b8 741406FD 		.ascii	"t\024\006\375P\013\345hZ\353\230\233\177\252y\301c\026"
 176      500BE568 
 176      5AEB989B 
 176      7FAA79C1 
 176      6316
 177 01ca EA300071 		.ascii	"\3520\000q\344n\020\274\300>\2037J\331\245<_\375\350"
 177      E46E10BC 
 177      C03E8337 
 177      4AD9A53C 
 177      5FFDE8
 178 01dd 864DE659 		.ascii	"\206M\346Y\375h\255 R\006C2\207\324\370\321&\005v|\232"
 178      FD68AD20 
 178      52064332 
 178      87D4F8D1 
 178      2605767C 
 179 01f2 79B55BB6 		.ascii	"y\265[\266\305\207\332\177)\3420\254\024\201l\353\010"
 179      C587DA7F 
 179      29E230AC 
ARM GAS  /tmp/ccH8oFlO.s 			page 14


 179      14816CEB 
 179      08
 180 0203 D14BB021 		.ascii	"\321K\260!#\004e\333\352\225\377\341\265\362!R\217\355"
 180      230465DB 
 180      EA95FFE1 
 180      B5F22152 
 180      8FED
 181 0215 4409A37F 		.ascii	"D\011\243\177\005\017\207\327\012\\\223\340o\2447j,"
 181      050F87D7 
 181      0A5C93E0 
 181      6FA4376A 
 181      2C
 182 0226 96144D0D 		.ascii	"\226\024M\015\240\354,.B\341\375+\235\357\"Bl\341>\224"
 182      A0EC2C2E 
 182      42E1FD2B 
 182      9DEF2242 
 182      6CE13E94 
 183 023a D7BFF5DA 		.ascii	"\327\277\365\332R\203M\022j\000\360\226pM{\231\241,"
 183      52834D12 
 183      6A00F096 
 183      704D7B99 
 183      A12C
 184 024c C77611EB 		.ascii	"\307v\021\353\316\220\010}G\021c\277D\214\233\"\344"
 184      CE90087D 
 184      471163BF 
 184      448C9B22 
 184      E4
 185 025d 0F2BB814 		.ascii	"\017+\270\024\001\013\340\375\330\273\317\354\035\301"
 185      010BE0FD 
 185      D8BBCFEC 
 185      1DC1
 186 026b C8D9AC02 		.ascii	"\310\331\254\002\227\324\332\275g\343@\302p\2555v\025"
 186      97D4DABD 
 186      67E340C2 
 186      70AD3576 
 186      15
 187 027c 746A8836 		.ascii	"tj\2106\323\372\235\222\034\030\314$\024}e\363\216\320"
 187      D3FA9D92 
 187      1C18CC24 
 187      147D65F3 
 187      8ED0
 188 028e B42A37EE 		.ascii	"\264*7\356\342\016\003#j\010n\031\330\027\360T\326\225"
 188      E20E0323 
 188      6A086E19 
 188      D817F054 
 188      D695
 189 02a0 ED0D5D28 		.ascii	"\355\015](T|H\346\271\274\203\260\262y\007\031;j\\\310"
 189      547C48E6 
 189      B9BC83B0 
 189      B2790719 
 189      3B6A5CC8 
 190 02b4 CA4837B2 		.ascii	"\312H7\262]yF\342\231\244\224\344\304cIF\342IWr\326"
 190      5D7946E2 
 190      99A494E4 
 190      C4634946 
 190      E2495772 
 191 02c9 E1C4ECEC 		.ascii	"\341\304\354\354\\#\303\225\226v1\375\322\271\234t#"
ARM GAS  /tmp/ccH8oFlO.s 			page 15


 191      5C23C395 
 191      967631FD 
 191      D2B99C74 
 191      23
 192 02da 3FF9AC91 		.ascii	"?\371\254\221\233\223j\344\347\344\245\344ee\273R\217"
 192      9B936AE4 
 192      E7E4A5E4 
 192      6565BB52 
 192      8F
 193 02eb A4325D05 		.ascii	"\2442]\005<\327u9\0353r\317\377\004\270\276p\024"
 193      3CD77539 
 193      1D3372CF 
 193      FF04B8BE 
 193      7014
 194              		.text
 195              		.section	.gnu.lto_.symbol_nodes.2df556de5c531dcb,"e",%progbits
 196 0000 789C6DD0 		.ascii	"x\234m\320\273\021\302@\014\004\320\325\312\277s\023"
 196      BB11C240 
 196      0C04D0D5 
 196      CABF7313 
 197 0010 B4410833 		.ascii	"\264A\0103\264B\035r@\001\024A@\015\304\304\346g\240"
 197      B4421D72 
 197      40011441 
 197      400DC4C4 
 197      E667A0
 198 0023 010A8094 		.ascii	"\001\012\200\224\004\316\366\021!E;z\032\005[A\260\024"
 198      04CEF611 
 198      21453B7A 
 198      1A055B41 
 198      B014
 199 0035 006C6968 		.ascii	"\000lih\342d\262n\001\003v\315\034\275\200\007\232<"
 199      E264B26E 
 199      010376CD 
 199      1CBD8007 
 199      9A3C
 200 0047 DFDBE9BF 		.ascii	"\337\333\351\277\034itE\2564\375\244\231\014\214\370"
 200      1C697445 
 200      AE34FDA4 
 200      990C8CF8 
 201 0057 7E16A5A3 		.ascii	"~\026\245\243e\276\\h\271/gZ\341\313\211V\372r\247U"
 201      65BE5C68 
 201      B92F675A 
 201      E1CB8956 
 201      FA72A755 
 202 006b BEDC68C1 		.ascii	"\276\334h\301\025E9V\260\022E1\306M\241\310\307\370"
 202      15453956 
 202      B0124531 
 202      C64DA1C8 
 202      C7F8
 203 007d 88314B07 		.ascii	"\2101K\007\265B\323\266V\011\257\276\204\275\250TC\212"
 203      B542D3B6 
 203      5609AFBE 
 203      84BDA854 
 203      438A
 204 008f 970C4331 		.ascii	"\227\014C1\013\345o\205/\267k\206\243"
 204      0BE56F85 
 204      2FB76B86 
ARM GAS  /tmp/ccH8oFlO.s 			page 16


 204      A3
 205              		.text
 206              		.section	.gnu.lto_.refs.2df556de5c531dcb,"e",%progbits
 207 0000 789CE360 		.ascii	"x\234\343``\004B \000\000\000]\000\013"
 207      60044220 
 207      0000005D 
 207      000B
 208              		.text
 209              		.section	.gnu.lto_.decls.2df556de5c531dcb,"e",%progbits
 210 0000 789C9D5A 		.ascii	"x\234\235Z\013PTW\232\356\323\247\033\232\246\033\214"
 210      0B505457 
 210      9AEED3A7 
 210      1B9AA61B 
 210      8C
 211 0011 984C76CC 		.ascii	"\230Lv\314N\245f\254\031\2676\011IMj7S3\273;\0317\265"
 211      4EA566AC 
 211      19B73609 
 211      494D6A37 
 211      5333BB3B 
 212 0028 335BC966 		.ascii	"3[\311f+\311\314Tvk\213\264\320*\033\036Nwctvk\247\261"
 212      2BC9CC54 
 212      766B8BB4 
 212      D02A1B1E 
 212      4E776374 
 213 0040 9187F252 		.ascii	"\221\207\362RD\344!\202\200\240\200\002\002\242<\005"
 213      44E42182 
 213      80A08002 
 213      02A23C05 
 214 0050 441EF212 		.ascii	"D\036\362\022E\345\015\"\202\012\250\010\010\"\354\177"
 214      45E50D22 
 214      820AA808 
 214      0822EC7F 
 215 0060 CEB9B7FB 		.ascii	"\316\271\267\373\336\276\335\0313\255?\367\376\367~"
 215      DEBEDD19 
 215      33AD3FF7 
 215      FEF77E
 216 006f FFF3FCE7 		.ascii	"\377\363\374\347\331\255\222!Y\320\3332\331\233*\231"
 216      D9AD9221 
 216      59D0DB32 
 216      D99B2A99 
 217 007f EC2DB94C 		.ascii	"\354-\271L\266\006\037\205L&\353\006R\002\205#\231\354"
 217      B6061F85 
 217      4C26EB06 
 217      52028523 
 217      99EC
 218 0091 6F80B6C3 		.ascii	"o\200\266\303}\004\\#\201\310G\015t\024\356\217\001"
 218      7D045C23 
 218      81C8470D 
 218      7414EE8F 
 218      01
 219 00a2 6502E500 		.ascii	"e\002\345\000\025\000\025\003]\000\252\006\252\005\272"
 219      15001503 
 219      5D00AA06 
 219      AA05BA
 220 00b1 C4E1859F 		.ascii	"\304\341\205\237\367\260L\366#\270\036\201w\353\341"
 220      F7B04CF6 
 220      23B81E81 
ARM GAS  /tmp/ccH8oFlO.s 			page 17


 220      77EBE1
 221 00c0 BAC1819D 		.ascii	"\272\301\201\235z\240\006\316^#\320>\240\313@?\002j"
 221      7AA006CE 
 221      5E23D03E 
 221      A0CB403F 
 221      026A
 222 00d2 02AA025A 		.ascii	"\002\252\002Z\007\324\002\324\014\324\017\324\007\262"
 222      07D402D4 
 222      0CD40FD4 
 222      07B2
 223 00e0 0AB80E00 		.ascii	"\012\270\016\000U\000\315\001?\010\327\"\2406\270\367"
 223      5500CD01 
 223      3F08D722 
 223      A036B8F7 
 224 00f0 84F8BE21 		.ascii	"\204\370\276!rp\315\207\353+p]\017\224\015\367Zx\377"
 224      7270CD87 
 224      EB2B705D 
 224      0F940DF7 
 224      5A78FF
 225 0103 27B8FE11 		.ascii	"'\270\376\021\310\002\264\207<\003\372_\240\275@\273"
 225      C802B487 
 225      3C03FA5F 
 225      A0BD40BB 
 226 0113 81FE0FC8 		.ascii	"\201\376\017\310\014\024\012\364?@\017A\306\225\313"
 226      0C140AF4 
 226      3F400F41 
 226      C695CB
 227 0122 0389F7AF 		.ascii	"\003\211\367\257\344,\366b.\0279\016b\3779\304\256q"
 227      E42CF662 
 227      2E17390E 
 227      62FF39C4 
 227      AE71
 228 0134 107B24E7 		.ascii	"\020{$\347O\004\347\367>\273XA\214\332\263p~\020\376"
 228      4F04E7F7 
 228      3EBB5841 
 228      8CDAB370 
 228      7E10FE
 229 0147 1897DF5A 		.ascii	"\030\227\337Z\007v\266pvx\033}\002;\021H\252\237\330"
 229      0776B670 
 229      76781B7D 
 229      023B1148 
 229      AA9FD8
 230 015a 24F6B1C0 		.ascii	"$\366\261\300\006\261G\370\314o\261\223\204\321\320"
 230      06B147F8 
 230      CC6FB193 
 230      84D1D0
 231 0169 DE63CF34 		.ascii	"\336c\3174\261\030\255W#\005\260\207[K[\324\300nP\243"
 231      B118AD57 
 231      2305B087 
 231      5B4B5BD4 
 231      C06E50A3 
 232 017d 37817D71 		.ascii	"7\201}q\257\376\214\222\275\275E\320\335\011}\303n\214"
 232      AFFE8C92 
 232      BDBD45D0 
 232      DD097DC3 
 232      6E8C
 233 018f FF00D8AE 		.ascii	"\377\000\330\256\254\303\021\256\014]\207\201/\217?"
ARM GAS  /tmp/ccH8oFlO.s 			page 18


 233      ACC311AE 
 233      0C5D8781 
 233      2F8F3F
 234 019e 1FAE60AF 		.ascii	"\037\256`\257\273\010\274\261b9Y\215\345\210\334\257"
 234      BB08BCB1 
 234      6239598D 
 234      E588DCAF 
 235 01ae 1E4F1ED6 		.ascii	"\036O\036\326\342W\350\375\265\311\270.w\357B3\373\250"
 235      E257E8FD 
 235      B5C9B82E 
 235      77EF4233 
 235      FBA8
 236 01c0 D2B10C5D 		.ascii	"\322\261\014]B\330\346\324!\313\314\240\034\377\236"
 236      42D8E6D4 
 236      21CBCCA0 
 236      1CFF9E
 237 01cf 628B0E3C 		.ascii	"b\213\016<\316\366\360:\310a\315\210\206\201\032\020"
 237      CEF6F03A 
 237      C861CD88 
 237      86811A10 
 238 01df 68475EA8 		.ascii	"hG^\250\036ys2\015\271IY*\315~\263y\2579\303bv\3735"
 238      1E797332 
 238      0DB94959 
 238      2ACD7EB3 
 238      79AF39C3 
 239 01f7 7D5D8936 		.ascii	"}]\2116\242\213h#\010\\F\032\206kK\355\012U3\037\233"
 239      A28B6823 
 239      085C461A 
 239      866B4BED 
 239      0A55331F 
 240 020c 095F72AF 		.ascii	"\011_r\257\244I\211\375\251\255\252\360\0275$\236/\325"
 240      A44989FD 
 240      A9ADAAF0 
 240      1735249E 
 240      2FD5
 241 021e 8874254F 		.ascii	"\210t%Oxtev\372:b\217\010\342\361Z\356\250\013\336M"
 241      78746576 
 241      FA3A628F 
 241      08E2F15A 
 241      EEA80BDE 
 242 0233 EF4B6F96 		.ascii	"\357Ko\226\325x\250#\255\026eVs\250\025Q\011\360\016"
 242      D578A823 
 242      AD166556 
 242      73A81551 
 242      09F00E
 243 0246 B5C0B366 		.ascii	"\265\300\263fx\006\002-gNGkq$\242\322\203\227\032\362"
 243      7806022D 
 243      674E476B 
 243      7124A2D2 
 243      83971AF2 
 244 025a E5F80863 		.ascii	"\345\370\010c\316N\214\315+$A\266\203\226\016Q\220\341"
 244      CE4E8CCD 
 244      2B2441B6 
 244      83960E51 
 244      90E1
 245 026c E3D9175C 		.ascii	"\343\331\027\\\361\011&\324\270P\235#\315L\247D\250"
 245      F10926D4 
ARM GAS  /tmp/ccH8oFlO.s 			page 19


 245      B8509D23 
 245      CD4CA744 
 245      A8
 246 027d E3D8E52A 		.ascii	"\343\330\345*\27103]\242\314t\363\231\271{\342\341\253"
 246      B930335D 
 246      A2CC74F3 
 246      99B97BE2 
 246      E1AB
 247 028f 2C319B05 		.ascii	",1\233\005\225\260\236U\302\351\312\251\243r\326\324"
 247      95B09E55 
 247      C2E9CAA9 
 247      A372D6D4 
 248 029f 6639097E 		.ascii	"f9\011~2|?\302E\314\223\302\362\350TW\206}\035\330\314"
 248      327C3FC2 
 248      45CC93C2 
 248      F2E85457 
 248      867D1DD8 
 249 02b4 1B5D7B11 		.ascii	"\033]{\021c\327\001{\"\364F\233\026_b\320\354\245\331"
 249      63D7017B 
 249      22F4469B 
 249      165F62D0 
 249      ECA5D9
 250 02c7 F31ADCC4 		.ascii	"\363\032\334\304\230\033\263I\021r\307\031\274\3550"
 250      981BB349 
 250      1172C719 
 250      BCED30
 251 02d6 83550B47 		.ascii	"\203U\013G\363<q;\223\256];R\313U\233\012\330\304\323"
 251      F33C713B 
 251      93AE5D3B 
 251      52CB559B 
 251      0AD8C4D3 
 252 02ea 9756345C 		.ascii	"\227V4\\1\222\327Qu\373\033\325\370\006\303&%%\235S"
 252      3192D751 
 252      75FB1BD5 
 252      F806C326 
 252      25259D53 
 253 02fe E13EC614 		.ascii	"\341>\306\024\314\316W\022w7\253\321\237\004M\274\231"
 253      CCCE5712 
 253      7737ABD1 
 253      9F044DBC 
 253      99
 254 030f 35714458 		.ascii	"5qDX^\234;\236d\320\221\303Q\015.\314\303\"\213\371"
 254      5E9C3B9E 
 254      64D091C3 
 254      510D2ECC 
 254      C3228BF9 
 255 0323 95D0F764 		.ascii	"\225\320\367dh\020\334\031 .\216!*C\\\034\205g#\324"
 255      6810DC19 
 255      202E8E21 
 255      2A435C1C 
 255      856723D4 
 256 0337 45796D71 		.ascii	"Eymqd\252\013\332\344u\202\310\324u\326\274_Y\361\320"
 256      64AA0BDA 
 256      E47582C8 
 256      D475D6BC 
 256      5F59F1D0 
 257 034b 6C1E3363 		.ascii	"l\0363ct\007\251\321\020\310\334\205\364\363Jd\310\233"
ARM GAS  /tmp/ccH8oFlO.s 			page 20


 257      7407A9D1 
 257      10C8DC85 
 257      F4F34A64 
 257      C89B
 258 035d FC790FFE 		.ascii	"\374y\017\376\320\206\004#f\364\272\300\3100'@\254\214"
 258      D0860423 
 258      66F4BAC0 
 258      C8302740 
 258      AC8C
 259 036f A34D5C93 		.ascii	"\243M\\\223\206\316\016\274\205\243Y\307J\277\026\177"
 259      86CE0EBC 
 259      85A359C7 
 259      4ABF167F 
 260 037f 47E9E558 		.ascii	"G\351\345Xz\302\241tyn\314}\214\223\231x\374\300R\225"
 260      7AC2A174 
 260      796ECC7D 
 260      8C939978 
 260      FCC05295 
 261 0393 3B4E638C 		.ascii	";Nc\214\245l\265\020\011K\245CT*\367\371R)\271\2253"
 261      A56CB510 
 261      094BA543 
 261      542AF7F9 
 261      5229B995 
 262 03a8 E88933A9 		.ascii	"\350\2113\251\220k[\356\374I\017\264\211|\2746\261\260"
 262      906B5BEE 
 262      FC490FB4 
 262      897CBC36 
 262      B1B0
 263 03ba 673B3E48 		.ascii	"g;>H\033\2324\233\017\275Nd\320\024\270\361X\244\311"
 263      1B9A349B 
 263      0FBD4E64 
 263      D014B8F1 
 263      58A4C9
 264 03cd 1A35C3F7 		.ascii	"\0325\303\367\036_\237i17\177\205\266kP\277\004|\023"
 264      1E5F9F69 
 264      31377F85 
 264      B66B50BF 
 264      047C13
 265 03e0 09D06673 		.ascii	"\011\320fs\335L\372\272\022\2139\322\242A\367\0007\304"
 265      DD4CFABA 
 265      128B39D2 
 265      A241F700 
 265      37C4
 266 03f2 E16D291D 		.ascii	"\341m)\035@b\355\023y\033\230\366>h\201\007\022\365"
 266      4062ED13 
 266      791B98F6 
 266      3E688107 
 266      12F5
 267 0404 BD76F085 		.ascii	"\275v\360\205c\257\235\240\3606\200O:v\275\022\361-"
 267      63AF9DA0 
 267      F036804F 
 267      3A76BD12 
 267      F12D
 268 0416 166F6639 		.ascii	"\026of9\277\016\200\036\222\363vN\202\344\374!\332\204"
 268      BF0E801E 
 268      92F3764E 
 268      82E4FC21 
ARM GAS  /tmp/ccH8oFlO.s 			page 21


 268      DA84
 269 0428 1E01CD00 		.ascii	"\036\001\315\000M\003=\001\232e\355\300l\255\036\027"
 269      4D033D01 
 269      9A65EDC0 
 269      6CAD1E17 
 270 0438 B876CB49 		.ascii	"\270v\313I\344\324\030d=.y_\275\326\313\261\325\316"
 270      E4D41864 
 270      3D2E795F 
 270      BDD6CBB1 
 270      D5CE
 271 044a 97B30A5A 		.ascii	"\227\263\012Z.dE\025i\361<k\360\253a1\327\3248\024S"
 271      2E644515 
 271      69F13C6B 
 271      F0AB6131 
 271      D7D43814 
 272 045f 6639E142 		.ascii	"f9\341B\231;>\314\230\316\2661=Na\367cO\013s\345\222"
 272      993B3ECC 
 272      98CEB631 
 272      3D4E61F7 
 272      634F0B73 
 273 0475 9166114C 		.ascii	"\221f\021L>\023\2154O:\223\266\341,&\223\320\032\365"
 273      3E138D34 
 273      4F3A93B6 
 273      E12C2693 
 273      D01AF5
 274 0488 402D9159 		.ascii	"@-\221Y\222\310\\;\332\374=a\305-\213\022\360\234\257"
 274      92C85C3B 
 274      DAFC3D61 
 274      C52D8B12 
 274      F09CAF
 275 049b B88CFAD1 		.ascii	"\270\214\372\321\267\361\031\252\032[\236O\374\016y"
 275      B7F119AA 
 275      1A5B9E4F 
 275      FC0E79
 276 04aa 6DDA64CB 		.ascii	"m\332d\313\204BP\363\304\255\027\\&\326 \362Ua\276\207"
 276      844250F3 
 276      C4AD175C 
 276      26D620F2 
 276      5561BE87 
 277 04be 677E71F4 		.ascii	"g~q\364)+LP\215V8\254\243\326e\002O^O1\327\205\271P"
 277      292B4C50 
 277      8D5638AC 
 277      A3D66502 
 277      4F5E4F31 
 278 04d6 F49463F4 		.ascii	"\364\224c\364{\254u\022\023\216\336\305^\216}Zr\354"
 278      7BAC7512 
 278      138EDEC5 
 278      5E8E7D5A 
 278      72EC
 279 04e8 130C17C9 		.ascii	"\023\014\027\311\245\327\036( \030\307r\363 \027*gr"
 279      A5D71E28 
 279      2018C772 
 279      F320172A 
 279      6772
 280 04fa 7BE57C1C 		.ascii	"{\345|\034\320\005:W\336M\312\005\001\030U\315\360~"
 280      D0053A57 
 280      DE4DCA05 
ARM GAS  /tmp/ccH8oFlO.s 			page 22


 280      011855CD 
 280      F07E
 281 050c 81C33918 		.ascii	"\201\3039\030V\300\263\233y\227\236\252q\254\202\266"
 281      56C0B39B 
 281      79979EAA 
 281      71AC82B6 
 282 051c CBCC8D53 		.ascii	"\313\314\215S\233\235xi\221K\254\201\300\312\335\346"
 282      9B9D7869 
 282      914BAC81 
 282      C0CADDE6 
 283 052c 73EE389D 		.ascii	"s\3568\235I_-M\033\363\300E\214i\230\032\217T\343\213"
 283      495F2D4D 
 283      1BF3C045 
 283      8C69981A 
 283      8F54E38B 
 284 0540 8C293EDC 		.ascii	"\214)>\334\275\346\202\2570\346\331`v\273\233\244\361"
 284      BDE682AF 
 284      30E6D960 
 284      76BB9BA4 
 284      F1
 285 0551 23417F94 		.ascii	"#A\177\224\\\330\370\235\305=\241\036\270\227\011\025"
 285      5CD8F89D 
 285      C53DA11E 
 285      B8970915 
 286 0561 B6DC18C1 		.ascii	"\266\334\030\301\022\241\375\022\241\342\027\025\275"
 286      12A1FD12 
 286      A1E21715 
 286      BD
 287 056e 9EC29239 		.ascii	"\236\302\2229 \027\266I\264\234\225\214\374I\336B\265"
 287      2017B649 
 287      B49C958C 
 287      FC49DE42 
 287      B5
 288 057f DC3A12AF 		.ascii	"\334:\022\257\245\341\324\206\330\030s\306^L \2641c"
 288      A5E1D486 
 288      D81873C6 
 288      5E4C20B4 
 288      3163
 289 0591 E50E1B93 		.ascii	"\345\016\033\223\272\220aa\331\261\316H\021r&@\262\023"
 289      BA906161 
 289      D9B1CE48 
 289      11722640 
 289      B213
 290 05a3 63CD4EC1 		.ascii	"c\315N\301\275\360\0015>\242\244\021\234\264D%q\375"
 290      BDF00135 
 290      3EA2A411 
 290      9CB44425 
 290      71FD
 291 05b5 44221EE7 		.ascii	"D\"\036\347P\274p\355^\252'7\255\"\340\227\316\017O"
 291      50BC70ED 
 291      5EAA2737 
 291      AD22E097 
 291      CE0F4F
 292 05c8 607C9AA9 		.ascii	"`|\232\251\313_\014+\363\304g\031\363`\"\277W\216\313"
 292      CB5F0C2B 
 292      F3C46719 
 292      F36022BF 
ARM GAS  /tmp/ccH8oFlO.s 			page 23


 292      578ECB
 293 05db 18131691 		.ascii	"\030\023\026\221\334\"\355\220\207\301D\242(U\347\326"
 293      DC22ED90 
 293      87C144A2 
 293      2855E7D6 
 294 05eb 4E85635C 		.ascii	"N\205c\\\313\011\315\037_PJ\204\216H\204\216\344\267"
 294      CB09CD1F 
 294      5F504A84 
 294      8E48848E 
 294      E4B7
 295 05fd 1F13ADA4 		.ascii	"\037\023\255\244\222Di:\312\345\027\255\344t\336R\341"
 295      9244693A 
 295      CAE517AD 
 295      E474DE52 
 295      E1
 296 060e 66A67C7C 		.ascii	"f\246||\256\340\251\247Dy2(O\021)\277\364\342v\232\032"
 296      AEE0A9A7 
 296      44793228 
 296      4F1129BF 
 296      F4E2769A 
 297 0623 7733A14B 		.ascii	"w3\241K\245w\317HW0\251\022\241\222\320\202~W\241Gi"
 297      A577CF48 
 297      5730A912 
 297      A192D082 
 297      7E57A147 
 298 0638 228F8E71 		.ascii	"\"\217\216q\036)\"\313\247\016A\213[\247\241\266J\274"
 298      1E2922CB 
 298      A70E418B 
 298      5BA7A1B6 
 298      4ABC
 299 064a 526A3647 		.ascii	"Rj6Gi\210\323(\001\364f\210\004\007\354&\226\336$\327"
 299      6988D328 
 299      01F46688 
 299      0407EC26 
 299      96DE24D7 
 300 065e 50DADBF9 		.ascii	"P\332\333\371>\225\341\270O\211\272\317A\371F:N\323"
 300      3E95E1B8 
 300      4F89BACF 
 300      41F9463A 
 300      4ED3
 301 0670 6033B816 		.ascii	"`3\270\026>.\337\204\322\2012\345\202\301g!\327\225"
 301      3E2EDF84 
 301      D28132E5 
 301      82C16721 
 301      D795
 302 0682 0D26C7B8 		.ascii	"\015&\307\270\372s\344\015?\330\017\017>\354\327\340"
 302      FA73E40D 
 302      3FD80F0F 
 302      3EECD7E0 
 303 0692 7D2E3451 		.ascii	"}.4Q\303\323\225\305\032/\307fO87KV\214\227\343+\265"
 303      C3D395C5 
 303      1A2FC766 
 303      4F38374B 
 303      568C97E3 
 304 06a8 6C912417 		.ascii	"l\221$\027,\3156\260\245YVYa\036)\277\037\223\005/\026"
 304      2CCD36B0 
 304      A5595659 
ARM GAS  /tmp/ccH8oFlO.s 			page 24


 304      611E29BF 
 304      1F93052F 
 305 06bd AC857ECC 		.ascii	"\254\205~\314\326Bi\323\243\345*\234\300\2348\235\336"
 305      D64269D3 
 305      A3E52A9C 
 305      C09C389D 
 305      DE
 306 06ce 34E8C6D6 		.ascii	"4\350\306\326B\361\026\263r\263\014\345\200\017\331"
 306      42F116B3 
 306      72B30CE5 
 306      800FD9
 307 06dd 72F0214F 		.ascii	"r\360!ONE\210\013\271\360\354\244\234\256\326V#\307"
 307      4E45880B 
 307      B9F0ECA4 
 307      9CAED656 
 307      23C7
 308 06ef 265D7026 		.ascii	"&]p&\223\256\276\222\030 i\352\323 \227/j\352G\243\013"
 308      93AEBE92 
 308      182069EA 
 308      D320972F 
 308      6AEA47A3 
 309 0704 451EC2A6 		.ascii	"E\036\302\246\316\027\345\250\200/\276\262\364\314&"
 309      CE17E5A8 
 309      802FBEB2 
 309      F4CC26
 310 0713 2EAE78D2 		.ascii	".\256x\322q\356\3446\244\363\035\311\215,z\247\343\246"
 310      71EEE436 
 310      A4F31DC9 
 310      8D2C7AA7 
 310      E3A6
 311 0725 B4389FD9 		.ascii	"\2648\237\331n8\337?%g\340wIW:\335w\335\003\227\262"
 311      6E38DF3F 
 311      2567E077 
 311      49573ADD 
 311      77DD0397 
 312 073a 77670A9E 		.ascii	"wg\012\236\027\251\025\260y\"k\217\020\005\235\222\032"
 312      17A915B0 
 312      79226B8F 
 312      10059D92 
 312      1A
 313 074b 9A0B3DBF 		.ascii	"\232\013=\277\227H\263m1\257\223\243\035\257YC\225\241"
 313      9748B36D 
 313      31AF93A3 
 313      1DAF5943 
 313      95A1
 314 075d 73F2EFC9 		.ascii	"s\362\357\311P\211\\\301\374\250\277~f\301]\350/\274"
 314      50895CC1 
 314      FCA8BF7E 
 314      66C15DE8 
 314      2FBC
 315 076f 16F85B0A 		.ascii	"\026\370[\012-M\203\003\350\365\226\3361\214\253\231"
 315      2D4D8303 
 315      E8F596DE 
 315      318CAB99 
 316 077f D9D2A196 		.ascii	"\331\322\241\226\003n\316\344P\031\344E(z\270\354v/"
 316      036ECEE4 
 316      5019E445 
ARM GAS  /tmp/ccH8oFlO.s 			page 25


 316      287AB8EC 
 316      762F
 317 0791 B72D3393 		.ascii	"\267-3\223f\032\311Z\250@\270\307i\004u\245\027\317"
 317      661AC95A 
 317      A840B8C7 
 317      690475A5 
 317      17CF
 318 07a3 69F06DF6 		.ascii	"i\360m\366>f$\273@:\030_\004\023\225\242\324\327=\257"
 318      3E6624BB 
 318      403A185F 
 318      041395A2 
 318      D4D73DAF 
 319 07b7 808ABBCF 		.ascii	"\200\212\273\317\204\316EV\215h$BU\022\241\316\233U"
 319      84CE4556 
 319      8D682442 
 319      5512A1CE 
 319      9B55
 320 07c9 D7457154 		.ascii	"\327EqT\213\332\253"
 320      8BDAAB
 321 07d0 866FAFC1 		.ascii	"\206o\257\301\362\266\\-u\022\036\241\013r\352fZ\357"
 321      F2B65C2D 
 321      75121EA1 
 321      0B72EA66 
 321      5AEF
 322 07e2 D95695D3 		.ascii	"\331V\225\323D\327\221D\327\362\211n]YIW\010\015\325"
 322      44D79144 
 322      D7F2896E 
 322      5D594957 
 322      080DD5
 323 07f5 89127D49 		.ascii	"\211\022}I\220\255\274\363\207\363\335\3612\013d\261"
 323      90ADBCF3 
 323      87F3DDF1 
 323      320B64B1 
 324 0805 A36DD2A9 		.ascii	"\243m\322\251\034\252\207\200\204\242\203\373.6\252"
 324      1CAA8780 
 324      84A283FB 
 324      2E36AA
 325 0814 B0C5958A 		.ascii	"\260\305\225\212\266\216\225o\305\321\354~\242\304r"
 325      B68E956F 
 325      C5D1EC7E 
 325      A2C472
 326 0823 4AE56423 		.ascii	"J\345d#pY\356`#\200J\373\363*\335\361q&\336\222yv\006"
 326      7059EE60 
 326      23804AFB 
 326      F32ADDF1 
 326      7126DE92 
 327 083a CA913137 		.ascii	"\312\22117\273\026\3334NV\354\315rG+\366\326\256'\217"
 327      BB16DB34 
 327      4E56ECCD 
 327      72472BF6 
 327      D6AE278F 
 328 084e F8BD0DA9 		.ascii	"\370\275\015\251\366\247\215\217\237\273\341J\246\256"
 328      F6A78D8F 
 328      9FBBE14A 
 328      A6AE
 329 085c 3063EE18 		.ascii	"0c\356\030\3065\214\031-\250\217r\301\365\21495\037"
 329      C6358C19 
ARM GAS  /tmp/ccH8oFlO.s 			page 26


 329      2DA88F72 
 329      C1F58C39 
 329      351F
 330 086e 9BCAEDE1 		.ascii	"\233\312\355\3414\300^\274\321v\302\203i\031!\257\037"
 330      34C05EBC 
 330      D176C283 
 330      691921AF 
 330      1F
 331 087f F61D388F 		.ascii	"\366\0358\217\360\025\206\015\037/|\201q;c\232\256\265"
 331      F015860D 
 331      1F2F7C81 
 331      713B639A 
 331      AEB5
 332 0891 3C4192D6 		.ascii	"<A\222\326\357\006\337\256\211Z?\252\346L\000\356g2"
 332      EF06DFAE 
 332      895A3FAA 
 332      E64C00EE 
 332      6732
 333 08a3 E7EE9FBF 		.ascii	"\347\356\237\277\342\"\221\351\221\310\214\224\255\244"
 333      E22291E9 
 333      91C88C94 
 333      ADA4
 334 08b1 88F618D7 		.ascii	"\210\366\030\327E\025s\203\257\230\311\346\205\273*"
 334      45157383 
 334      AF98C9E6 
 334      85BB2A
 335 08c0 FCC055B4 		.ascii	"\374\300U\2643\377\211tg\376\0236T-\264$\345k\361c\006"
 335      33FF8974 
 335      67FE1336 
 335      542DB424 
 335      E56BF163 
 336 08d5 8F3E309A 		.ascii	"\217>0\232\355\352dc)\247\"$\277\267\310\020J\207*E"
 336      EDEA6463 
 336      29A72224 
 336      BFB7C810 
 336      4A872A45 
 337 08e9 73FAE83F 		.ascii	"s\372\350?\012&\216\376\231\017\322\330\304\001\356"
 337      0A268EFE 
 337      990FD2D8 
 337      C401EE
 338 08f8 D055E2A0 		.ascii	"\320U\342\240t\251 X%\256\246\255\317b\313x\271\032"
 338      74A92058 
 338      25AEA6AD 
 338      CF62CB78 
 338      B91A
 339 090a C1346D07 		.ascii	"\3014m\007\267\3153\242!\274\023\354w\220\341\263\233"
 339      B7CD33A2 
 339      21BC13EC 
 339      7790E1B3 
 339      9B
 340 091b 93204E0D 		.ascii	"\223 N\015\301\360\335\0174 \2349f\32260\3757\270\231"
 340      C1F0DD0F 
 340      34209C39 
 340      66D23630 
 340      FD37B899 
 341 092f C3813BDC 		.ascii	"\303\201;\334bo>\246z\320n\252\260\332\351qn\007$\273"
 341      626F3EA6 
ARM GAS  /tmp/ccH8oFlO.s 			page 27


 341      7AD06EAA 
 341      B0DAE971 
 341      6E0724BB 
 342 0943 ABD2A6B5 		.ascii	"\253\322\246\265x\215fP\2313\275\274\204`\361\004\233"
 342      788D6650 
 342      9933BDBC 
 342      8460F104 
 342      9B
 343 0954 3A36372E 		.ascii	":67.F*\217g]3\323\365\3230\350\350\002]cp\345\225;\233"
 343      462A8F67 
 343      5D33D3F5 
 343      D330E8E8 
 343      025D6370 
 344 096c 1E5BE13D 		.ascii	"\036[\341=\331a\321\001g\2143>\012\206\307\201\356\000"
 344      D961D101 
 344      678C333E 
 344      0A86C781 
 344      EE00
 345 097e DD1506BA 		.ascii	"\335\025\006\272\232\262!\233\337\010^\345\004\234l"
 345      9AB2219B 
 345      DF085EE5 
 345      049C6C
 346 098d 04013D94 		.ascii	"\004\001=\224\262\236\241\033 -\355\022\270`Be\370\276"
 346      B29EA11B 
 346      202DED12 
 346      B8604265 
 346      F8BE
 347 099f 8D6CFE25 		.ascii	"\215l\376%\2554\342D;?\377\026\305&wk\275\034\207R\365"
 347      AD34E244 
 347      3B3FFF16 
 347      C526776B 
 347      BD1C8752 
 348 09b4 EDA18074 		.ascii	"\355\241\200t\316\213\3249-.W\321j\314\354\254\356\302"
 348      CE8BD439 
 348      2D2E57D1 
 348      6ACCECAC 
 348      EEC2
 349 09c6 B88E322E 		.ascii	"\270\2162.\355\2457\017\310\311\356e\223p\003\003C\300"
 349      EDA5370F 
 349      C8C9EE65 
 349      93700303 
 349      43C0
 350 09d8 79D05E44 		.ascii	"y\320^DZ\351\036h\237\342\264\317\200\326\373@\017\200"
 350      5AE91E68 
 350      9FE2B4CF 
 350      80D6FB40 
 350      0F80
 351 09ea 1E024D0B 		.ascii	"\036\002M\0137\001W\222\225g\356\264\302\2226\372]\004"
 351      37015792 
 351      9567EEB4 
 351      C29236FA 
 351      5D04
 352 09fc CB417485 		.ascii	"\313At\205\023\264\255X\354\267\266\023\251op;\347&"
 352      13B4AD58 
 352      ECB7B613 
 352      A96F703B 
 352      E726
ARM GAS  /tmp/ccH8oFlO.s 			page 28


 353 0a0e 4841A304 		.ascii	"HA\243\004\337c\207\357H{=\323\232\340b\016n\313\330"
 353      DF6387EF 
 353      487B3DD3 
 353      9AE0620E 
 353      6ECBD8
 354 0a21 35FB9D73 		.ascii	"5\373\235s\232m\033?\351\004\3157\007\370\337\221\362"
 354      9A6D1B3F 
 354      E904CD37 
 354      07F8DF91 
 354      F2
 355 0a32 DA213381 		.ascii	"\332!3\201O\000\256\215\303\363I\026Wui\365*,\205\307"
 355      4F00AE8D 
 355      C3F34916 
 355      577569F5 
 355      2A2C85C7 
 356 0a46 593E07D6 		.ascii	"Y>\007\326J\313\225^\216\2237\373\347\223\007\032\366"
 356      4ACB955E 
 356      8E9337FB 
 356      E793071A 
 356      F6
 357 0a57 DFCE4B76 		.ascii	"\337\316Kv\307\217\250:E\322L4l\243\274\354\333\243"
 357      C78FA83A 
 357      45D24C34 
 357      6CA3BCEC 
 357      DBA3
 358 0a69 061CAFA6 		.ascii	"\006\034\257\246\216<\341\364=\005\035s@\363\302\212"
 358      8E3CE1F4 
 358      3D051D73 
 358      40F3C28A 
 359 0a79 ED3CAEEC 		.ascii	"\355<\256\354<\305\355+\312\271,=\021\305]$\027\257"
 359      3CC5ED2B 
 359      CAB92C3D 
 359      11C55D24 
 359      17AF
 360 0a8b 3217AEFE 		.ascii	"2\027\256\376\000\014\221Fx\004\270\012\016\317G 9\033"
 360      000C9146 
 360      7804B80A 
 360      0ECF4720 
 360      391B
 361 0a9d 696AB725 		.ascii	"ij\267%\365\261\023\345|\321.\355}^\256\304%n4Mqm\251"
 361      F5B113E5 
 361      7CD12EED 
 361      7D5EAEC4 
 361      256E344D 
 362 0ab4 CD1A2F87 		.ascii	"\315\032/\2071\241\005N\221\203\260\222\260&<\276\244"
 362      31A1054E 
 362      9183B092 
 362      B0263CBE 
 362      A4
 363 0ac5 54C19FE8 		.ascii	"T\301\237\350\320\017Wp\025\312\252\234V3-\2709\230"
 363      D00F5770 
 363      15CAAA9C 
 363      56332DB8 
 363      3998
 364 0ad7 A46E906D 		.ascii	"\244n\220m-h\341O!\354*\002$\206N\375\200\235\245\304"
 364      2D68E14F 
 364      21EC2A02 
ARM GAS  /tmp/ccH8oFlO.s 			page 29


 364      24864EFD 
 364      809DA5C4 
 365 0aeb 032C5CCE 		.ascii	"\003,\\\316\340\316\217^:\362\326\037\262\230\363\276"
 365      E0CE8F5E 
 365      3AF2D61F 
 365      B298F3BE 
 366 0afb 42A7E4EC 		.ascii	"B\247\344\354\350\205\300m+\002o\273\002\272\377\001"
 366      E885C06D 
 366      2B026FBB 
 366      02BAFF01 
 367 0b0b 2CD78F7E 		.ascii	",\327\217~\205\026\001u\226Snk\266*;\345M\247\005g-"
 367      85160175 
 367      96536E6B 
 367      B62A3BE5 
 367      4DA70567 
 368 0b20 FB9CF822 		.ascii	"\373\234\370\"=\3309\003\346\013Ii\235\346D\350&\036"
 368      3DD83903 
 368      E60B4969 
 368      9DE644E8 
 368      261E
 369 0b32 F2B50C64 		.ascii	"\362\265\014d\301\233\320\022\\W\200\366\302\3753\270"
 369      C19BD012 
 369      5C5780F6 
 369      C2FD33B8 
 370 0b42 AE0299E1 		.ascii	"\256\002\231\341>\024\350\271\260Tz\0136\260dt#\030"
 370      3E14E8B9 
 370      B0547A0B 
 370      36B06474 
 370      2318
 371 0b54 DD90BD03 		.ascii	"\335\220\275\003M\366\235\365\370\367\031\274\200\033"
 371      4DF69DF5 
 371      F8F719BC 
 371      801B
 372 0b62 F4C570BB 		.ascii	"\364\305p\2732\351(\024\234Z]q\242\\0\026.\234\371>"
 372      32E92814 
 372      9C5A5D71 
 372      A25C3016 
 372      2E9CF93E 
 373 0b76 9B522E83 		.ascii	"\233R.\2033u\022|\255]C\256\236\346\372j\030\300\236"
 373      3375127C 
 373      AD5D43AE 
 373      9EE6FA6A 
 373      18C09E
 374 0b89 72702703 		.ascii	"rp'\003\007\251qhH\012\317\002\330!.q\374\226E8!\222"
 374      07A97168 
 374      480ACF02 
 374      D8212E71 
 374      FC964538 
 375 0b9f 4DC8DE96 		.ascii	"M\310\336\226b\214WY\321\236\353\274\337cW\264\326\006"
 375      628C5759 
 375      D19EEBBC 
 375      DF6357B4 
 375      D606
 376 0bb1 08C37F71 		.ascii	"\010\303\177q\003\220UakI\242\350\330`\037\026\006\034"
 376      03905561 
 376      6B49A2E8 
 376      D8601F16 
ARM GAS  /tmp/ccH8oFlO.s 			page 30


 376      061C
 377 0bc3 8EC9BA83 		.ascii	"\216\311\272\203\\\000\273\267\264bL\264\013\311\022"
 377      5C00BBB7 
 377      B4624CB4 
 377      0BC912
 378 0bd2 25278261 		.ascii	"%'\202a#(\2667\274\347)\026b\347DGD\221\014\033I\261"
 378      2328B637 
 378      BCE72916 
 378      62E74447 
 378      44910C1B 
 379 0be8 998323B5 		.ascii	"\231\203#\265n\243h\030\311\3113\224\362%\222\221\177"
 379      6EA36818 
 379      C9C93394 
 379      F2259291 
 379      7F
 380 0bf9 E40F5B2E 		.ascii	"\344\017[.\221+\"\367\204\326\370\017\"\037\016\307"
 380      912B22F7 
 380      84D6F80F 
 380      221F0EC7 
 381 0c09 2E04C09E 		.ascii	".\004\300\236\261\013\377\207=\223sZ\210\025\252\226"
 381      B10BFF87 
 381      3D93735A 
 381      8815AA96 
 382 0c19 C930ED94 		.ascii	"\3110\355\224\025\250f\357\021\367\236W\302\004\230"
 382      15A866EF 
 382      11F79E57 
 382      C20498
 383 0c28 573641EE 		.ascii	"W6A\356\221\2343'\224@\022\217m\012eV\245\374\207\273"
 383      919C3327 
 383      9440128F 
 383      6D0A6556 
 383      A5FC87BB 
 384 0c3c 27C7D72F 		.ascii	"'\307\327/b\216{\214\241\221Ph\355\256\204\003\277\177"
 384      628E7B8C 
 384      A1915068 
 384      EDAE8403 
 384      BF7F
 385 0c4e 0BBD1AFF 		.ascii	"\013\275\032\377\246\214\326B\315bI\273\006g\252\235"
 385      A68CD642 
 385      CD6249BB 
 385      0667AA9D 
 386 0c5e EE728AAF 		.ascii	"\356r\212\257%+\350#2\\Dc\3720\343\346\263\237KV\241"
 386      252BE823 
 386      325C4463 
 386      FA30E3E6 
 386      B39F4B56 
 387 0c73 A472C4FB 		.ascii	"\244r\304\373\314\322\252\341\027\242C\216XQ5\304an"
 387      CCD2AAE1 
 387      17A2438E 
 387      585135C4 
 387      616E
 388 0c85 157AEA64 		.ascii	"\025z\352d\362E\027j\003\036\241\030f\243n$f\011\303"
 388      F245176A 
 388      031EA118 
 388      66A36E24 
 388      6609C3
 389 0c98 D2F30D58 		.ascii	"\322\363\015X\215\"\301R\364\015\346jd\376\315\002%"
ARM GAS  /tmp/ccH8oFlO.s 			page 31


 389      8D22C152 
 389      F40DE66A 
 389      64FECD02 
 389      25
 390 0ca9 3EC3989E 		.ascii	">\303\230\236\352\260\031OU81dn0c\250\347\237nD\357"
 390      EAB0194F 
 390      55383164 
 390      6E3063A8 
 390      E79F6E44 
 391 0cbe 42352780 		.ascii	"B5'\200O\207\261\212\372\204\016\341\215\350 \246\373"
 391      4F87B18A 
 391      FA840EE1 
 391      8DE820A6 
 391      FB
 392 0ccf 86C5BBA7 		.ascii	"\206\305\273\247\036z\342\013L\272:\355B\266C\351D'"
 392      1E7AE20B 
 392      4CBA3AED 
 392      42B643E9 
 392      4427
 393 0ce1 D28D4D39 		.ascii	"\322\215M9]X\270\245:\002 \333\010\232\204aO\025\217"
 393      5D58B8A5 
 393      3A0220DB 
 393      089A8461 
 393      4F158F
 394 0cf4 B93D95A5 		.ascii	"\271=\225\245\246;\012\3770\303<2\002\353\273[\312\224"
 394      A63B0AFF 
 394      30C33C32 
 394      02EBBB5B 
 394      CA94
 395 0d06 860898C7 		.ascii	"\206\010\230\307\320/\011\012\035\000\003\\\272\310"
 395      D02F090A 
 395      1D00035C 
 395      BAC8
 396 0d14 BD0CEDC7 		.ascii	"\275\014\355\307c\010E\341Q\322\256G\361\017\311)_b"
 396      630845E1 
 396      51D2AE47 
 396      F10FC929 
 396      5F62
 397 0d26 E4821287 		.ascii	"\344\202\022\207\271SO\243\212\312\322\335i\242\310"
 397      B9534FA3 
 397      8ACAD2DD 
 397      69A2C8
 398 0d35 E8C61A28 		.ascii	"\350\306\032(q\351\311\274\312\232\274\024\226\274\343"
 398      71E9C9BC 
 398      CA9ABC14 
 398      96BCE3
 399 0d44 4DE7C355 		.ascii	"M\347\303U\316=L#\036\246\362\036^\261\024\335\321p"
 399      CE3D4C23 
 399      1EA6F21E 
 399      5EB114DD 
 399      D170
 400 0d56 1ED66F86 		.ascii	"\036\326o\206\325\033\344\301,' \224,p0\331\336\301"
 400      D51BE4C1 
 400      2C272094 
 400      2C7030D9 
 400      DEC1
 401 0d68 63D4C1F2 		.ascii	"c\324\301\362Ki\267\324\370(sp\361\326\360\317\254\276"
ARM GAS  /tmp/ccH8oFlO.s 			page 32


 401      4B69B7D4 
 401      F8287370 
 401      F1D6F0CF 
 401      ACBE
 402 0d7a 30FFEED4 		.ascii	"0\377\356\324\356\253\321\012]!3\203\315\225\014\342"
 402      EEABD10A 
 402      5D213383 
 402      CD950CE2 
 403 0d8a CA71DE95 		.ascii	"\312q\336\225\363-\263\023J\316\225\325\374u0\225\344"
 403      F32DB313 
 403      4ACE95D5 
 403      FC753095 
 403      E4
 404 0d9b 81DC9B04 		.ascii	"\201\334\233\004\205\322\005\276\244\333\373\222I}\251"
 404      85D205BE 
 404      A4DBFB92 
 404      497DA9
 405 0daa CA2984D9 		.ascii	"\312)\204\331;\337\251/7\026\257\226{8OK6\361%\213\367"
 405      3BDFA92F 
 405      3716AF96 
 405      7B384F4B 
 405      36F1258B 
 406 0dbf 657F75F3 		.ascii	"e\177u\363\250\234\370\002C\355\360\254\262\315\262"
 406      A89CF802 
 406      43EDF0AC 
 406      B2CDB2
 407 0dce 3FC69C89 		.ascii	"?\306\234\211(\012\235\020\370\002\367\254\273\345P"
 407      280A9D10 
 407      F802F7AC 
 407      BBE550
 408 0ddd 1FE696DB 		.ascii	"\037\346\226\333\017x\340g\314\207\376}\305\261\222"
 408      0F78E067 
 408      CC87FE7D 
 408      C5B192
 409 0dec 3D9E0CE5 		.ascii	"=\236\014\345b\321\351\374\311\245d\351\231!Y=\210q"
 409      62D1E9FC 
 409      C9A564E9 
 409      9921593D 
 409      8871
 410 0dfe 571E149E 		.ascii	"W\036\024\236\024\035\003\344\211\272\323)\276;\245"
 410      141D03E4 
 410      89BAD329 
 410      BE3BA5
 411 0e0d 750F4CBB 		.ascii	"u\017L\273\262.k\215|iry\325\371)@>\011\3744\037\370"
 411      B22E6B8D 
 411      7C697279 
 411      D5F92940 
 411      3E09FC34 
 412 0e23 B9C69C3A 		.ascii	"\271\306\234:\304\005>\033\351z\241r\244+4~\003E\241"
 412      C4053E1B 
 412      E97AA172 
 412      A42B347E 
 412      0345A1
 413 0e36 9382C04F 		.ascii	"\223\202\300O\362\201\027\320\300\217\206g?s\3035\032"
 413      F28117D0 
 413      C08F8667 
 413      3F73C335 
ARM GAS  /tmp/ccH8oFlO.s 			page 33


 413      1A
 414 0e47 67234984 		.ascii	"g#I\204%<La-\3363\254P+\332\016>\3268\365\253\210\370"
 414      253C4C61 
 414      2DDE33AC 
 414      502BDA0E 
 414      3ED638F5 
 415 0e5e 7596F76B 		.ascii	"u\226\367k\245\177\365\254\033\347\327\203\216\315\371"
 415      A57FF5AC 
 415      1BE7D783 
 415      8ECDF9
 416 0e6d A5E63025 		.ascii	"\245\3460%\201\240B\201S\205\274S\305\324\251\212\321"
 416      81A04281 
 416      5385BC53 
 416      C5D4A98A 
 416      D1
 417 0e7e ABBB713B 		.ascii	"\253\273q;\363\251\361\326\364\254\364\333\022r\374"
 417      F3A9F1D6 
 417      F4ACF4DB 
 417      1272FC
 418 0e8d 7F4E94E7 		.ascii	"\177N\224\347\266\244\303O]\360\020\023zv\261\353\222"
 418      B6A4C34F 
 418      5DF01013 
 418      7A76B1EB 
 418      92
 419 0e9e 5622548A 		.ascii	"V\"T\212\355\205J\363\322\216\211f\2762Q\343\224\363"
 419      ED854AF3 
 419      D28E8966 
 419      BE3251E3 
 419      94F3
 420 0eb0 8D335172 		.ascii	"\2153Qr\265\231%\246\334\33289\343\235'\234\237\205"
 420      B59925A6 
 420      DCDA3839 
 420      E39D279C 
 420      9F85
 421 0ec2 5590249C 		.ascii	"U\220$\234\347\223pl6\257Z\301%\241m\345\375T\232\004"
 421      E793706C 
 421      36AF5AC1 
 421      25A16DE5 
 421      FD549A04 
 422 0ed6 80A01241 		.ascii	"\200\240\022A\022J\370$\\\240IxT\322\222\355\201\347"
 422      124AF824 
 422      5CA04978 
 422      54D292ED 
 422      81E7
 423 0ee8 58409396 		.ascii	"X@\223\226\350UD\035 '\244\314\201s1G\236;o\205*\342"
 423      E855441D 
 423      2027A4CC 
 423      81733147 
 423      9E3B6F85 
 424 0efe 4025EFC0 		.ascii	"@%\357\300ZY\303mw\336\201J\334\321\020^\367\357\024"
 424      5A59C36D 
 424      77DE814A 
 424      DCD1105E 
 424      F7EF14
 425 0f11 832E0A3C 		.ascii	"\203.\012<\270\310{PM=\310;90\346\216-Z\352A\354\374"
 425      B8C87B50 
 425      4D3DC83B 
ARM GAS  /tmp/ccH8oFlO.s 			page 34


 425      3930E68E 
 425      2D5AEA41 
 426 0f27 F805BE1D 		.ascii	"\370\005\276\035\373\376:\305\\/\247\3425\002\361\032"
 426      FBFE3AC5 
 426      5C2FA7E2 
 426      3502F11A 
 427 0f37 5EBC968A 		.ascii	"^\274\226\212G\014\225\246\251p\034\023\257\337\233"
 427      470C95A6 
 427      A9701C13 
 427      AFDF9B
 428 0f46 7541CD89 		.ascii	"uA\315\211/\277a\025\257\023\210\327\361\342\227\330"
 428      2FBF6115 
 428      AF1388D7 
 428      F1E297D8 
 429 0f56 18BADC14 		.ascii	"\030\272\334\024+:\332\216\027\2554\352\331\352\241"
 429      2B3ADA8E 
 429      17AD34EA 
 429      D9EAA1
 430 0f65 9EAE1EEA 		.ascii	"\236\256\036\352\347\027j\265Bl\230\010\333\300\260"
 430      E7176AB5 
 430      426C9808 
 430      DBC0B0
 431 0f74 0D141B37 		.ascii	"\015\024\0337\226\333'\352\220\213\"l#\3036RlJ\331B"
 431      96DB27EA 
 431      908B226C 
 431      23C33652 
 431      6C4AD942 
 432 0f88 965A8815 		.ascii	"\226Z\210\025/\005/3\354e\212Mo8b\026\035\247\221\370"
 432      2F052F33 
 432      EC658A4D 
 432      6F386216 
 432      1DA791F8 
 433 0f9c 04CB4C86 		.ascii	"\004\313L\206"
 434 0fa0 6DA2D8FE 		.ascii	"m\242\330\376\345\313{=q2KMX\346\271\002W'\337\215\\"
 434      E5CB7B3D 
 434      71324B4D 
 434      58E6B902 
 434      5727DF8D 
 435 0fb5 C18EBE1B 		.ascii	"\301\216\276\033\031\234Y>\245\021\232j\026\225m\013"
 435      199C593E 
 435      A5119A6A 
 435      16956D0B 
 436 0fc5 33D5424D 		.ascii	"3\325BM%\246L\274\216\363\230\245\374\250\236=\370\014"
 436      25A64CBC 
 436      8EF398A5 
 436      FCA89E3D 
 436      F80C
 437 0fd7 BB3F71B6 		.ascii	"\273?q\266\267X\351\370 \250\015;8\010B\311\271/`\257"
 437      B758E9F8 
 437      20A80D3B 
 437      380842C9 
 437      B92F60AF 
 438 0feb 5EC9A49B 		.ascii	"^\311\244\233\342\302\242\325\270\2361\267\347NV\270"
 438      E2C2A2D5 
 438      B89E31B7 
 438      E74E56B8 
 439 0ffb 3B56D5E1 		.ascii	";V\325\341P"
ARM GAS  /tmp/ccH8oFlO.s 			page 35


 439      50
 440 1000 55F542D5 		.ascii	"U\365B\325e\017\334\241\345\366\254\323\343\036\354"
 440      650FDCA1 
 440      E5F6ACD3 
 440      E31EEC
 441 100f 286E03B0 		.ascii	"(n\003\260SM\251\023Zv\024\227AV\020\231\011\3119\032"
 441      534DA913 
 441      5A761497 
 441      41561099 
 441      09C9391A 
 442 1023 7C93625D 		.ascii	"|\223b]\016?\232\352\220\036\021@\302\256\301<\337\015"
 442      0E3F9AEA 
 442      901E1140 
 442      C2AEC13C 
 442      DF0D
 443 1035 F33CFD26 		.ascii	"\363<\375&\355:\353\343\350&\254ro\001\365\002\335\000"
 443      ED3AEBE3 
 443      E826AC72 
 443      6F01F502 
 443      DD00
 444 1047 BA8D055B 		.ascii	"\272\215\005[\216\2654\034\225\305\355N\257b5j\305L"
 444      8EB5341C 
 444      95C5ED4E 
 444      AF62356A 
 444      C54C
 445 1059 F05B0E49 		.ascii	"\360[\016I\226s\2619\373]\324\011\350v'h\301\027\367"
 445      9673B139 
 445      FB5DD409 
 445      E8762768 
 445      C117F7
 446 106c FC571AFC 		.ascii	"\374W\032\374Wjb\270\335\036\345>SM\276\214\351\222"
 446      576A62B8 
 446      DD1EE53E 
 446      534DBE8C 
 446      E992
 447 107e A8B63F53 		.ascii	"\250\266?S\033:\312\235\251\021\277{$\360\233\302-D"
 447      1B3ACA9D 
 447      A911BF7B 
 447      24F09BC2 
 447      2D44
 448 1090 7961CA6E 		.ascii	"ya\312n/\307\251\332\377\347SEV\002\351\261'ECd\237"
 448      2FC7A9DA 
 448      FFE75345 
 448      5602E9B1 
 448      27454364 
 449 10a5 C8583FAB 		.ascii	"\310X?\253\265~Zk\013SW\337\020B+D=`\200A\007(4\376"
 449      B57E5A6B 
 449      0B5357DF 
 449      10422B44 
 449      3D608041 
 450 10bd F1C41151 		.ascii	"\361\304\021Q/,\022a\007\031v\220b\243c\022\027=Y\205"
 450      2F2C1261 
 450      07197690 
 450      62A36312 
 450      173D5985 
 451 10d1 3C232EDD 		.ascii	"<#.\335\232\012?\241\300C\254|\366\307\224&y\342{\214"
 451      9A0A3FA1 
ARM GAS  /tmp/ccH8oFlO.s 			page 36


 451      C043AC7C 
 451      F6C79426 
 451      79E27B8C 
 452 10e5 39D83497 		.ascii	"9\3304\227\245\301\363\214I\315\037\271\346\211W\030"
 452      A5C1F38C 
 452      49CD1FB9 
 452      E6895718 
 453 10f5 D3D77577 		.ascii	"\323\327uw\306\305\351\267\012cX\364\255\202\"\254q"
 453      C6C5E9B7 
 453      0A6358F4 
 453      AD8222AC 
 453      71
 454 1106 39D3FEE0 		.ascii	"9\323\376\340Cp\\(C\343\\\336& Ww\201\356\011K\253\263"
 454      43705C28 
 454      43E35CDE 
 454      26205777 
 454      81EE094B 
 455 111c CD75E841 		.ascii	"\315u\350A8+-\230HGA\371\370\2676h\307 w\266w\007\263"
 455      382B2D98 
 455      484741F9 
 455      F8B73668 
 455      C72077B6 
 456 1133 63120770 		.ascii	"c\022\007pAe\015o\330k1\303\346\236\254\203F8\345l\361"
 456      41650D6F 
 456      D86B31C3 
 456      E69EAC83 
 456      4638E56C 
 457 1148 6BB77F2C 		.ascii	"k\267\177,\211\236x\302\375\204\355\021\341\347\022"
 457      899E78C2 
 457      FD84ED11 
 457      E1E712
 458 1157 63A69478 		.ascii	"c\246\224x\300\203\375\326'=?\324\023O1\246\366Ak.v"
 458      C083FDD6 
 458      273D3FD4 
 458      134F31A6 
 458      F6416B2E 
 459 116c DC85EF3B 		.ascii	"\334\205\357;\354\302\235\267#\352\224x\236I7\304\327"
 459      ECC29DB7 
 459      23EA9478 
 459      9E4937C4 
 459      D7
 460 117d 5D726176 		.ascii	"]rav&\351\\<\371\342\231\026\233=\331\257p\012\263\227"
 460      26E95C3C 
 460      F9E29916 
 460      9B3DD9AF 
 460      700AB397 
 461 1191 5CF001C6 		.ascii	"\\\360\001\306\360\007\355\353\271\203\366\366\276\204"
 461      F007EDEB 
 461      B983F6F6 
 461      BE84
 462 119f 384F9CC8 		.ascii	"8O\234\310^\306\214\317\237S\342l\3064\2556e*p)c\"^"
 462      5EC68CCF 
 462      9F53E26C 
 462      C634AD36 
 462      652A7029 
 463 11b6 ACC4C170 		.ascii	"\254\304\301p\303\230\373\007\333.jq\007c\022\246\343"
 463      C398FB07 
ARM GAS  /tmp/ccH8oFlO.s 			page 37


 463      DB2E6A71 
 463      076312A6 
 463      E3
 464 11c7 FE0BF7B1 		.ascii	"\376\013\367\261\373\314\236\250:\265\223b_\300/S\354"
 464      FBCC9EA8 
 464      3AB59362 
 464      5FC02F53 
 464      EC
 465 11d8 770F4EDF 		.ascii	"w\017N\337w\305\217\230\272\203k\331\327\335\360\002"
 465      77C58F98 
 465      BA836BD9 
 465      D7DDF002 
 466 11e8 636ACE1E 		.ascii	"cj\316\036\212u\307\313\214\211\215\267\364H\277\235"
 466      8A75C7CB 
 466      8C898DB7 
 466      F448BF9D 
 467 11f8 5D0613CF 		.ascii	"]\006\023\317E\313\213S\011W;\255\337\333\2079\3075"
 467      45CB8B53 
 467      09573BAD 
 467      DFDB8739 
 467      C735
 468 120a 255EBD2C 		.ascii	"%^\275,\232\352VD\355\377\202_\206\014\265\326\336\341"
 468      9AEA5644 
 468      EDFF825F 
 468      860CB5D6 
 468      DEE1
 469 121c 7ED71549 		.ascii	"~\327\025I\306\306\356#\365\227\271\261\262N\225\204"
 469      C6C6EE23 
 469      F597B9B1 
 469      B24E9584 
 470 122c 3DD30EE5 		.ascii	"=\323\016\345<\324\210N\247\330\001\025\024M\375\247"
 470      3CD4884E 
 470      A7D80115 
 470      144DFDA7 
 471 123c 6C3422AB 		.ascii	"l4\"\253\270'\340\300>\205\320\302#lw|\334.8\002!\203"
 471      B827E0C0 
 471      3E85D0C2 
 471      236C777C 
 471      DC2E3802 
 472 1252 9718DE63 		.ascii	"\227\030\336c?2N\\]\227C\361\340*Z\222\250\267+\340"
 472      3F324E5C 
 472      5D9743F1 
 472      E02A5A92 
 472      A8B72BE0 
 473 1266 99AB2E36 		.ascii	"\231\253.6g\236J\320\275\366\332\233n\377\200\035O="
 473      679E4AD0 
 473      BDF6DA9B 
 473      6EFF801D 
 473      4F3D
 474 1278 80F16E56 		.ascii	"\200\361nV\202\237\266:/:\034Y\203\246_%M\337\300\371"
 474      829FB63A 
 474      2F3A1C59 
 474      83A65F25 
 474      4DDFC0F9 
 475 128c 4F7FBCA1 		.ascii	"O\177\274\241\330\204\"\200b\200,@Q@\241@\221@f\240"
 475      D8842280 
 475      62802C40 
ARM GAS  /tmp/ccH8oFlO.s 			page 38


 475      5140A140 
 475      914066A0 
 476 12a0 FD406140 		.ascii	"\375@a@\321@\341@\007\200b\025\202\276}\355?\230\353"
 476      D140E140 
 476      07806215 
 476      82BE7DED 
 476      3F98EB
 477 12b3 C4958712 		.ascii	"\304\225\207\022W&\261\223H\311A\3253\307y\021\234\332"
 477      5726B193 
 477      48C941D5 
 477      33C77911 
 477      9CDA
 478 12c5 F57690B3 		.ascii	"\365v\220\263!r\376\311\237\333\021\274\355\334\316"
 478      2172FEC9 
 478      9FDB11BC 
 478      EDDCCE
 479 12d4 FE54D9AA 		.ascii	"\376T\331\252\236\234l\315I\324\333\237Y7\335\022\344"
 479      9E9C6CCD 
 479      49D4DB9F 
 479      5937DD12 
 479      E4
 480 12e5 F1B19322 		.ascii	"\361\261\223\"\020~)\360\237\266X\247\234\304*\200\337"
 480      107E29F0 
 480      9FB658A7 
 480      9CC42A80 
 480      DF
 481 12f6 FFD2069F 		.ascii	"\377\322\006\237q\322J\202`\301y\366\223\202E(\366y"
 481      71D24A82 
 481      60C179F6 
 481      93824528 
 481      F679
 482 1308 0ECFF757 		.ascii	"\016\317\367W\351/\020\206\206\325\014NF\273a\016n\033"
 482      E92F1086 
 482      86D50C4E 
 482      46BB610E 
 482      6E1B
 483 131a 9087AC99 		.ascii	"\220\207\254\231'\253\345\260\323:\321y\226\310\223"
 483      27ABE5B0 
 483      D33AD179 
 483      96C893
 484 1329 38059D5B 		.ascii	"8\005\235[\340\002\320\347\215\261%\242\351-_4\017\305"
 484      E002D0E7 
 484      8DB125A2 
 484      E92D5F34 
 484      0FC5
 485 133b 336C3CC5 		.ascii	"3l<\305&_\356O\022}?'\376I\332A\206=H\261\031\343\207"
 485      265FEE4F 
 485      127D3F27 
 485      FE49DA41 
 485      863D48B1 
 486 1352 2F88BA74 		.ascii	"/\210\272t\266H\357!\206=D\261\315\035S\031\030\037"
 486      B648EF21 
 486      863D44B1 
 486      CD1D5319 
 486      181F
 487 1364 5CC77E75 		.ascii	"\\\307~u\230\023\373#\311\320B~asX!\0342.\316\025\256"
 487      9813FB23 
ARM GAS  /tmp/ccH8oFlO.s 			page 39


 487      C9D0427E 
 487      61735821 
 487      1C322ECE 
 488 137a AA2438B2 		.ascii	"\252$8\262\\\024\343\036\337\313\037\024\371\234(\312"
 488      5C14E31E 
 488      DFCB1F14 
 488      F99C28CA 
 489 138a C5110537 		.ascii	"\305\021\0057\264<-Y\254b\373<x\304m0\262nV}\345t\177"
 489      B43C2D59 
 489      AC62FB3C 
 489      78C46D30 
 489      B26E567D 
 490 13a1 715401FB 		.ascii	"qT\001\373\213$\005\267\277()\356_p\201\345}\335\010"
 490      8B2405B7 
 490      BF2829EE 
 490      5F7081E5 
 490      7DDD08
 491 13b4 5D590DEF 		.ascii	"]Y\015\357;\000\323_\250\371\227\277&8\224\240\260\255"
 491      3B00D35F 
 491      A8F997BF 
 491      263894A0 
 491      B0AD
 492 13c6 F2E15E7C 		.ascii	"\362\341^|\010\220\254\370\241\314c\207\301\364y\310"
 492      0890ACF8 
 492      A1CC6387 
 492      C1F479C8 
 493 13d6 56A3AFC1 		.ascii	"V\243\257\301\177\253\336`\374\205\367\216\340@\275"
 493      7FABDE60 
 493      FC85F78E 
 493      E040BD
 494 13e5 F74E7F93 		.ascii	"\367N\177\223\367\207\237\177\344\363\331\207[>\362"
 494      F7879F7F 
 494      E4F3D987 
 494      5B3EF2
 495 13f4 FEF013FF 		.ascii	"\376\360\023\377\317\202\337\376p\347N\243w\240\277"
 495      CF82DFFE 
 495      70E74EA3 
 495      77A0BF
 496 1403 9F5F80FE 		.ascii	"\237_\200\376\033\235A\357\035\362\331\027\336F\203"
 496      1B9D41EF 
 496      1DF2D917 
 496      DE4683
 497 1412 AF7788C1 		.ascii	"\257w\210\301\344c\012\336\351\357\373\216\257\352_"
 497      E4630ADE 
 497      E9EFFB8E 
 497      AFEA5F
 498 1421 FEEDB76F 		.ascii	"\376\355\267on\371\331\317d\257\220\207\240\330hU\354"
 498      6EF9D9CF 
 498      64AF9087 
 498      A0D86855 
 498      EC
 499 1432 11A8371A 		.ascii	"\021\2507\032u\333\365[\202C\202Lz\203'\001p\217\374"
 499      75DBF55B 
 499      8243824C 
 499      7A832701 
 499      708FFC
 500 1445 FD7C4CDA 		.ascii	"\375|L\332\000\235Io4}\302\236\270\013\336j\005\367"
ARM GAS  /tmp/ccH8oFlO.s 			page 40


 500      009D496F 
 500      347DC29E 
 500      B80BDE6A 
 500      05F7
 501 1457 3EA67581 		.ascii	">\246u\201\272 ?\235)\330\260\207\203*\214\376\177\324"
 501      BA203F9D 
 501      29D8B087 
 501      832A8CFE 
 501      7FD4
 502 1469 BB903F3E 		.ascii	"\273\220?>&\327\235\272=\001\301:?\205\311?P\257\325"
 502      26D79DBA 
 502      3D01C13A 
 502      3F85C93F 
 502      50AFD5
 503 147c 051B7DC8 		.ascii	"\005\033}\310\215\321\244\013\334\251\012\361\0172\375"
 503      8DD1A40B 
 503      DCA90AF1 
 503      0F32FD
 504 148b DDFB3EA6 		.ascii	"\335\373>\246\357\277\363\2167\374\367\015\206\010\374"
 504      EFBFF38E 
 504      37FCF70D 
 504      8608FC
 505 149a 837CBD79 		.ascii	"\203|\275y\324;;d\032b)\330\370\005p>&\271\277\237\""
 505      D43B3B64 
 505      1A6229D8 
 505      F805703E 
 505      26B9BF9F 
 506 14af 48BFDBE4 		.ascii	"H\277\333\344\025\024\022\370k\203iKp\2201$\020\362"
 506      151412F8 
 506      6B83694B 
 506      70903124 
 506      10F2
 507 14c1 F3B17E9B 		.ascii	"\363\261~\233\351\237\276S\216\210\025A\014`\310\035"
 507      E99FBE53 
 507      8E881541 
 507      0C60C81D 
 508 14d1 32F3993E 		.ascii	"2\363\231>@\2573\352\375\326\373\006\007\371\371\233"
 508      40AF33EA 
 508      FDD6FB06 
 508      07F9F99B 
 509 14e1 FC83837C 		.ascii	"\374\203\203|v\351\014\376\272\255\001z\345\037B\364"
 509      76E90CFE 
 509      BAAD017A 
 509      E51F42F4 
 510 14f1 217A95EF 		.ascii	"!z\225\357\016\037z\243\346o|L\212\235\006\375\256\267"
 510      0E1F7AA3 
 510      E66F7C4C 
 510      8A9D06FD 
 510      AEB7
 511 1503 59045FEB 		.ascii	"Y\004_\353\015A\372\000\357-;\374\267\372\177\372\271"
 511      0D41FA00 
 511      EF2D3BFC 
 511      B7FA7FFA 
 511      B9
 512 1514 77B0D1DB 		.ascii	"w\260\321\333`\"\266\002B\374\364\336\276;\002\374\215"
 512      6022B602 
 512      42FCF4DE 
ARM GAS  /tmp/ccH8oFlO.s 			page 41


 512      BE3B02FC 
 512      8D
 513 1525 2623D87A 		.ascii	"&#\330z\353\245\320\304\011\000{\262\014@\260~\340\214"
 513      EBA5D0C4 
 513      09007BB2 
 513      0C40B07E 
 513      E08C
 514 1537 8FE91516 		.ascii	"\217\351\025\026\274\240<\334\364\273L\237\007\207\030"
 514      BCA03CDC 
 514      F4BB4C9F 
 514      078718
 515 1546 7CF51AFD 		.ascii	"|\365\032\375.}\220\311\307H\031\017\306\020\243\372"
 515      2E7D90C9 
 515      C748190F 
 515      C610A3FA 
 516 1556 20BD619D 		.ascii	" \275a\235\230\3651\275\363R^P)\342\264\027\363\343"
 516      98F531BD 
 516      F3525E50 
 516      29E2B417 
 516      F3E3
 517 1568 23C2336B 		.ascii	"#\3023k\020{@\260\357\327\312\340o@\237\033d\304\264"
 517      107B40B0 
 517      EFD7CAE0 
 517      6F409F1B 
 517      64C4B4
 518 157b C3A0D7F9 		.ascii	"\303\240\327\371\251\330\305\307D\262\025\030b\322\357"
 518      A9D8C5C7 
 518      44B21518 
 518      62D2EF
 519 158a 76A57F7D 		.ascii	"v\245\177}L\177\373R\026\003M\273\301\234\226\231\373"
 519      4C7FFB52 
 519      16034DBB 
 519      C19C9699 
 519      FB
 520 159b 84496AAD 		.ascii	"\204Ij\255\005M\012\323\315\312\251\376\300j\303\240"
 520      054D0AD3 
 520      CDCAA9FE 
 520      C06AC3A0 
 521 15ab F2D50504 		.ascii	"\362\325\005\004l\325\371~\375\252\255`\014[\270g>&"
 521      6CD5F97E 
 521      FDAAAD60 
 521      0C5BB867 
 521      3E26
 522 15bd 252927C3 		.ascii	"%)'\303:ph\227\277\301\024\242\013\240\365e\360\024"
 522      3A706897 
 522      BFC114A2 
 522      0BA0F565 
 522      F014
 523 15cf 71E0F12E 		.ascii	"q\340\361.\323\266\220 _\270\361'\035b\227.`=\251\305"
 523      D3B69020 
 523      5FB8F127 
 523      1D62972E 
 523      603DA9C5 
 524 15e3 80E0A0ED 		.ascii	"\200\340\240\355\374\003\037\223\273\311\340\277}\273"
 524      FC031F93 
 524      BBC9E0BF 
 524      7DBB
ARM GAS  /tmp/ccH8oFlO.s 			page 42


 525 15f1 DE40643C 		.ascii	"\336@d<E\005\015\025\272\313\204w\352\014\012\242E\351"
 525      45050D15 
 525      BACB8477 
 525      EA0C0AA2 
 525      45E9
 526 1603 4772AD05 		.ascii	"Gr\255\005\233~\372\000\223\216f\336S\304\201_\224\321"
 526      9B7EFA00 
 526      938E66DE 
 526      53C4815F 
 526      94D1
 527 1615 1AF7186D 		.ascii	"\032\367\030m\372]\014z\322a\274_*Y\301[\377[\357K\333"
 527      FA5D0C7A 
 527      D261BC5F 
 527      2A59C15B 
 527      FF5BEF4B 
 528 162a C78D77C5 		.ascii	"\307\215w\305\340\352\273\025|\320\005nt\322\255\014"
 528      E0EABB15 
 528      7CD0056E 
 528      74D2AD0C 
 529 163a A4DCAD0C 		.ascii	"\244\334\255\014i'\2067~\360\322}H\007\274\017d:\330"
 529      69278637 
 529      7EF0D27D 
 529      4807BC0F 
 529      643AD8
 530 164d A80BB035 		.ascii	"\250\013\2605\326\027L\337?\374E]\221\015W\340\231\225"
 530      D6174CDF 
 530      3FFC455D 
 530      910D57E0 
 530      9995
 531 165f 8174BE2F 		.ascii	"\201t\276/S\351\014\201\273\376\376\355@\231\032\342"
 531      53E90C81 
 531      BBFEFEED 
 531      40991AE2 
 532 166f 805A783B 		.ascii	"\200Zx;\360\247tP\370\202 ~\023\344oR\023<\244\337\024"
 532      F0A77450 
 532      F882207E 
 532      13E46F52 
 532      133CA4DF 
 533 1684 62D4D86E 		.ascii	"b\324\330n\277\253\027v\203&\255vj\342C??nT3\256\347"
 533      BFAB1776 
 533      8326AD76 
 533      6AE2433F 
 533      3F6E5433 
 534 169a 9FFD2A64 		.ascii	"\237\375*d\3336\275\341s\030\337H\347\334\002\371\005"
 534      DB36BDE1 
 534      7318DF48 
 534      E7DC02F9 
 534      05
 535 16ab 147DF3DD 		.ascii	"\024}\363\335Fj>t\322B\334XGSH\302z\371\266 \232X\376"
 535      466A3E74 
 535      D242DC58 
 535      475348C2 
 535      7AF9B620 
 536 16c2 695B78C0 		.ascii	"i[x\300=\3471\321\0035O\206\216Oi\235\220\007\033\244"
 536      3DE731D1 
 536      03354F86 
 536      8E4F699D 
ARM GAS  /tmp/ccH8oFlO.s 			page 43


 536      90071BA4 
 537 16d6 839B0FA9 		.ascii	"\203\233\017\251\313OL\273m w\312\3776\210\364o7z\377"
 537      CB4F4CBB 
 537      6D2077CA 
 537      FF3688F4 
 537      6F377AFF 
 538 16ea 31DC7908 		.ascii	"1\334y\010\207\027(\336m\001\272\355F6\346\320[\250"
 538      871728DE 
 538      6D01BAED 
 538      4636E6D0 
 538      5BA8
 539 16fc 5D365CB8 		.ascii	"]6\\\270\323K\240\316\010]O\305\2178.\337P\220\312\240"
 539      D34BA0CE 
 539      085D4FC5 
 539      8F382EDF 
 539      5090CAA0 
 540 1710 F70DDEA5 		.ascii	"\367\015\336\2457\354\321\356\362\017\206\031\006\034"
 540      37ECD1EE 
 540      F20F8619 
 540      061C
 541 171e D912ECA7 		.ascii	"\331\022\354\247wa%\370\206d\222\362\341\361>\333~\365"
 541      776125F8 
 541      866492F2 
 541      E1F13EDB 
 541      7EF5
 542 1730 1765D7A6 		.ascii	"\027e\327\246\212\344X\277{'\304\250\367\373\014\346"
 542      8AE458BF 
 542      7B27C4A8 
 542      F7FB0CE6 
 543 1740 365A6AD0 		.ascii	"6Zj\320\003u{|L\352@\335\356\217\341Y\220\357\036u\240"
 543      03757B7C 
 543      4CEA40DD 
 543      EE8FE159 
 543      90EF1E75 
 544 1755 7F1077EB 		.ascii	"\177\020w\353\006O\377\325\337\004]\323\303\017\306"
 544      064FFFD5 
 544      DF045DD3 
 544      C30FC6
 545 1764 B400FF20 		.ascii	"\264\000\377 \375\247\333\266\031\365&O~\340\341R\015"
 545      FDA7DBB6 
 545      19F5264F 
 545      7EE0E152 
 545      0D
 546 1775 73A575A6 		.ascii	"s\245u\246\374\315?\273\0138\310\205\351c.\005\257\012"
 546      FCCD3FBB 
 546      0B38C885 
 546      E9632E05 
 546      AF0A
 547 1787 C6D08FAD 		.ascii	"\306\320\217\255\003\261\222\026\035\336\025hz\215\274"
 547      03B19216 
 547      1DDE1568 
 547      7A8DBC
 548 1796 DF0A5390 		.ascii	"\337\012S\220 \374\337}\362\005\264\316G\273L\266\326"
 548      20FCDF7D 
 548      F205B4CE 
 548      47BB4CB6 
 548      D6
ARM GAS  /tmp/ccH8oFlO.s 			page 44


 549 17a7 F97F11FB 		.ascii	"\371\177\021\373\014/"
 549      0C2F
 550              		.text
 551              		.section	.gnu.lto_.symtab.2df556de5c531dcb,"e",%progbits
 552 0000 75727454 		.ascii	"urtTopicInit\000"
 552      6F706963 
 552      496E6974 
 552      00
 553 000d 00       		.ascii	"\000"
 554 000e 00       		.ascii	"\000"
 555 000f 00       		.ascii	"\000"
 556 0010 00000000 		.ascii	"\000\000\000\000\000\000\000\000"
 556      00000000 
 557 0018 98010000 		.ascii	"\230\001\000\000"
 558 001c 75727454 		.ascii	"urtTopicAddMessages\000"
 558      6F706963 
 558      4164644D 
 558      65737361 
 558      67657300 
 559 0030 00       		.ascii	"\000"
 560 0031 00       		.ascii	"\000"
 561 0032 00       		.ascii	"\000"
 562 0033 00000000 		.ascii	"\000\000\000\000\000\000\000\000"
 562      00000000 
 563 003b 9D010000 		.ascii	"\235\001\000\000"
 564 003f 75727454 		.ascii	"urtTopicBufferSize\000"
 564      6F706963 
 564      42756666 
 564      65725369 
 564      7A6500
 565 0052 00       		.ascii	"\000"
 566 0053 00       		.ascii	"\000"
 567 0054 00       		.ascii	"\000"
 568 0055 00000000 		.ascii	"\000\000\000\000\000\000\000\000"
 568      00000000 
 569 005d A1010000 		.ascii	"\241\001\000\000"
 570 0061 75727443 		.ascii	"urtCoreAddTopic\000"
 570      6F726541 
 570      6464546F 
 570      70696300 
 571 0071 00       		.ascii	"\000"
 572 0072 02       		.ascii	"\002"
 573 0073 00       		.ascii	"\000"
 574 0074 00000000 		.ascii	"\000\000\000\000\000\000\000\000"
 574      00000000 
 575 007c A5010000 		.ascii	"\245\001\000\000"
 576 0080 75727454 		.ascii	"urtTimerInit\000"
 576      696D6572 
 576      496E6974 
 576      00
 577 008d 00       		.ascii	"\000"
 578 008e 02       		.ascii	"\002"
 579 008f 00       		.ascii	"\000"
 580 0090 00000000 		.ascii	"\000\000\000\000\000\000\000\000"
 580      00000000 
 581 0098 AC010000 		.ascii	"\254\001\000\000"
 582 009c 7572744D 		.ascii	"urtMessageInit\000"
ARM GAS  /tmp/ccH8oFlO.s 			page 45


 582      65737361 
 582      6765496E 
 582      697400
 583 00ab 00       		.ascii	"\000"
 584 00ac 02       		.ascii	"\002"
 585 00ad 00       		.ascii	"\000"
 586 00ae 00000000 		.ascii	"\000\000\000\000\000\000\000\000"
 586      00000000 
 587 00b6 B1010000 		.ascii	"\261\001\000\000"
 588 00ba 6368436F 		.ascii	"chCondObjectInit\000"
 588      6E644F62 
 588      6A656374 
 588      496E6974 
 588      00
 589 00cb 00       		.ascii	"\000"
 590 00cc 02       		.ascii	"\002"
 591 00cd 00       		.ascii	"\000"
 592 00ce 00000000 		.ascii	"\000\000\000\000\000\000\000\000"
 592      00000000 
 593 00d6 B9010000 		.ascii	"\271\001\000\000"
 594 00da 63684D74 		.ascii	"chMtxObjectInit\000"
 594      784F626A 
 594      65637449 
 594      6E697400 
 595 00ea 00       		.ascii	"\000"
 596 00eb 02       		.ascii	"\002"
 597 00ec 00       		.ascii	"\000"
 598 00ed 00000000 		.ascii	"\000\000\000\000\000\000\000\000"
 598      00000000 
 599 00f5 BD010000 		.ascii	"\275\001\000\000"
 600 00f9 63684D74 		.ascii	"chMtxUnlock\000"
 600      78556E6C 
 600      6F636B00 
 601 0105 00       		.ascii	"\000"
 602 0106 02       		.ascii	"\002"
 603 0107 00       		.ascii	"\000"
 604 0108 00000000 		.ascii	"\000\000\000\000\000\000\000\000"
 604      00000000 
 605 0110 BF010000 		.ascii	"\277\001\000\000"
 606 0114 63684D74 		.ascii	"chMtxLock\000"
 606      784C6F63 
 606      6B00
 607 011e 00       		.ascii	"\000"
 608 011f 02       		.ascii	"\002"
 609 0120 00       		.ascii	"\000"
 610 0121 00000000 		.ascii	"\000\000\000\000\000\000\000\000"
 610      00000000 
 611 0129 C1010000 		.ascii	"\301\001\000\000"
 612              		.text
 613              		.section	.gnu.lto_.opts,"e",%progbits
 614 0000 272D666E 		.ascii	"'-fno-openmp' '-fno-openacc' '-fno-pie' '-mcpu=cort"
 614      6F2D6F70 
 614      656E6D70 
 614      2720272D 
 614      666E6F2D 
 615 0033 65782D6D 		.ascii	"ex-m3' '-mthumb' '-mfloat-abi=soft' '-march=armv7-m"
 615      33272027 
ARM GAS  /tmp/ccH8oFlO.s 			page 46


 615      2D6D7468 
 615      756D6227 
 615      20272D6D 
 616 0066 2720272D 		.ascii	"' '-O2' '-fstack-usage' '-ffunction-sections' '-fda"
 616      4F322720 
 616      272D6673 
 616      7461636B 
 616      2D757361 
 617 0099 74612D73 		.ascii	"ta-sections' '-fno-common' '-flto' '-fshort-enums'\000"
 617      65637469 
 617      6F6E7327 
 617      20272D66 
 617      6E6F2D63 
 618              		.text
 619              		.comm	__gnu_lto_v1,1,1
 620              		.comm	__gnu_lto_slim,1,1
 621              		.ident	"GCC: (GNU Arm Embedded Toolchain 9-2020-q2-update) 9.3.1 20200408 (release)"
ARM GAS  /tmp/ccH8oFlO.s 			page 47


DEFINED SYMBOLS
                            *ABS*:0000000000000000 urt_topic.c
                            *COM*:0000000000000001 __gnu_lto_v1
                            *COM*:0000000000000001 __gnu_lto_slim

NO UNDEFINED SYMBOLS
