ARM GAS  /tmp/ccGOMnVw.s 			page 1


   1              		.cpu cortex-m4
   2              		.eabi_attribute 27, 1
   3              		.eabi_attribute 20, 1
   4              		.eabi_attribute 21, 1
   5              		.eabi_attribute 23, 3
   6              		.eabi_attribute 24, 1
   7              		.eabi_attribute 25, 1
   8              		.eabi_attribute 26, 1
   9              		.eabi_attribute 30, 2
  10              		.eabi_attribute 34, 1
  11              		.eabi_attribute 18, 4
  12              		.file	"alld_AT24C01B.c"
  13              		.section	.gnu.lto_.profile.e0f041e74533a5bc,"e",%progbits
  14 0000 789CE360 		.ascii	"x\234\343``\004B \000\000\000]\000\013"
  14      60044220 
  14      0000005D 
  14      000B
  15              		.text
  16              		.section	.gnu.lto_.icf.e0f041e74533a5bc,"e",%progbits
  17 0000 789CE360 		.ascii	"x\234\343``dP`@\000V\206\235\317\376\037bg\374\373\353"
  17      60645060 
  17      40005686 
  17      9DCFFE1F 
  17      6267FCFB 
  18 0015 FC051EA6 		.ascii	"\374\005\036\2467\207\026M\342f^\177k\312f\026\226\317"
  18      3787164D 
  18      E2665E7F 
  18      6BCA6616 
  18      96CF
  19 0027 679FFF60 		.ascii	"g\237\377`e\000\000\032\033\020\247"
  19      6500001A 
  19      1B10A7
  20              		.text
  21              		.section	.gnu.lto_.jmpfuncs.e0f041e74533a5bc,"e",%progbits
  22 0000 789CA593 		.ascii	"x\234\245\223MK\303@\020\206\347\335IbZ\321\376\200"
  22      4D4BC340 
  22      1086E7DD 
  22      49625AD1 
  22      FE80
  23 0012 1CFC13FE 		.ascii	"\034\374\023\376>\025\274(J/\202z\013\010\012\352\335"
  23      3E15BC28 
  23      4A2F827A 
  23      0B080AEA 
  23      DD
  24 0023 83D1B67E 		.ascii	"\203\321\266~\"z\351\331C\301\243\202\010=yP\352\314"
  24      227AE9D9 
  24      43C1A382 
  24      083D7950 
  24      EACC
  25 0035 6E1AF361 		.ascii	"n\032\363aK\212\013K\310\314\273\263\317\354\273\033"
  25      4B8A0B4B 
  25      C8CCBBB3 
  25      CFECBB1B 
  26 0045 1268C3A3 		.ascii	"\022h\303\243l\370d\000^\215\231\0203\232D\350y \231"
  26      6CF86400 
  26      5E8D9910 
  26      339A44E8 
ARM GAS  /tmp/ccGOMnVw.s 			page 2


  26      792099
  27 0058 23192DCA 		.ascii	"#\031-\312\3773\314\036c\2603|D\233c6\350\023\316\021"
  27      FF33CC1E 
  27      63B0337C 
  27      449B6336 
  27      E813CE11 
  28 006c 49ECE5E8 		.ascii	"I\354\345\350m\331\205T\225 \"\200$\336^\377\030\204"
  28      6DD98554 
  28      95202280 
  28      24DE5EFF 
  28      1884
  29 007e 9A60102E 		.ascii	"\232`\020.\020\025j\203\363\012I\340R\0242u\227\263"
  29      10156A83 
  29      F30A49E0 
  29      52143275 
  29      97B3
  30 0090 CDF7E386 		.ascii	"\315\367\343\206\306}\000\035-(\313\354r\362VP\246\204"
  30      C67D001D 
  30      2D28CBEC 
  30      72F25650 
  30      A684
  31 00a2 E48056DA 		.ascii	"\344\200V\332E \337\271:\335(\275\322JELV\302\266\235"
  31      4520DFB9 
  31      3ADD28BD 
  31      D24A454C 
  31      56C2B69D 
  32 00b6 818622ED 		.ascii	"\201\206\"\355\332\256\277\037N\237\233.$\242\236\326"
  32      DAAEBF1F 
  32      4E9F9B2E 
  32      24A29ED6 
  33 00c6 E1F28E46 		.ascii	"\341\362\216F\371\201%EK\261,\236\231\011\317LQ\012"
  33      F9812545 
  33      4BB12C9E 
  33      9909CF4C 
  33      510A
  34 00d8 9EF2B8FD 		.ascii	"\236\362\270\375\275\262p\261\346\036%\03183\243t\372"
  34      BDB270B1 
  34      E61E2519 
  34      3833A374 
  34      FA
  35 00e9 85B308E4 		.ascii	"\205\263\010\344,\256\322\264\256\375t=\347%\276H\256"
  35      2CAED2B4 
  35      AEFD743D 
  35      E725BE48 
  35      AE
  36 00fa 7312F5AF 		.ascii	"s\022\365\257B\311\277\376\351\341\214\375\233\035\376"
  36      42C9BFFE 
  36      E9E18CFD 
  36      9B1DFE
  37 0109 AB042F24 		.ascii	"\253\004/$\207[\007\311\202#1\270II\214\353\345/\370"
  37      875B07C9 
  37      822331B8 
  37      49498CEB 
  37      E52FF8
  38 011c 0A6DC553 		.ascii	"\012m\305S\257\352ic\214\\q\352\337\006\344\022\356"
  38      AFEA6963 
  38      8C5C71EA 
ARM GAS  /tmp/ccGOMnVw.s 			page 3


  38      DF06E412 
  38      EE
  39 012d 0176B6FB 		.ascii	"\001v\266\373O\254\0155\005\342\326\336\304\223\344"
  39      4FAC0D35 
  39      05E2D6DE 
  39      C493E4
  40 013c 75DFB8D0 		.ascii	"u\337\270\320\232\301\235\272V\247\263\212\017\301D"
  40      9AC19DBA 
  40      56A7B38A 
  40      0FC144
  41 014b 0AB983D3 		.ascii	"\012\271\203\323\237Hv\007\213\274\012h\201\204\262"
  41      9F487607 
  41      8BBC0A68 
  41      8184B2
  42 015a 3BDAED7A 		.ascii	";\332\355zJ9\217\020\367)KhY\210~\000\"|3W"
  42      4A398F10 
  42      F7294B68 
  42      59887E00 
  42      227C3357 
  43              		.text
  44              		.section	.gnu.lto_.inline.e0f041e74533a5bc,"e",%progbits
  45 0000 789CAD92 		.ascii	"x\234\255\222=\016\3020\014\205\237\355\000A\242\250"
  45      3D0EC230 
  45      0C859FED 
  45      0041A2A8 
  46 0010 B0302171 		.ascii	"\2600!q\242\036\202\026\301)P\2218@\007X\0308\000+;"
  46      A21E8216 
  46      C1295091 
  46      38400758 
  46      1838002B 
  47 0025 E2081CA0 		.ascii	"\342\010\034\240\003\023\307@8\215\372+6H\244\310y\216"
  47      0313C740 
  47      388DFA2B 
  47      3648A4C8 
  47      798E
  48 0037 F2F9C5B1 		.ascii	"\362\371\305\261 \254\030\325\350\201\306i\232>yM\214"
  48      20AC18D5 
  48      E881C669 
  48      9A3E794D 
  48      8C
  49 0048 05418050 		.ascii	"\005A\200P\327E\237UM9\006\372E\2200\030T\204K\206\251"
  49      D7459F55 
  49      4D3906FA 
  49      45903018 
  49      54844B86 
  50 005d 62985AB5 		.ascii	"b\230Z\265\014q\261\304\260\356\356A\350\000Y\224E@"
  50      0C71B1C4 
  50      B0EEEE41 
  50      E8005994 
  50      4540
  51 006f 161102CD 		.ascii	"\026\021\002\315=\024$M\020[R\006\260\323\344\366?4"
  51      3D14244D 
  51      105B5206 
  51      B0D3E4F6 
  51      3F34
  52 0081 3F19F3D3 		.ascii	"?\031\363\323\365\265\347M\233'\005ot;\344oI\000{\314"
  52      F5B5E74D 
ARM GAS  /tmp/ccGOMnVw.s 			page 4


  52      9B27056F 
  52      743BE46F 
  52      49007BCC 
  53 0095 CF97BFF0 		.ascii	"\317\227\277\360\206S'z\267\316\257\360DOg\322}X\343"
  53      8653277A 
  53      B7CEAFF0 
  53      444F67D2 
  53      7D58E3
  54 00a8 1DFE62B5 		.ascii	"\035\376b\265\2132\230i\366\356\254\026\366\232\274"
  54      8B329869 
  54      F6EEAC16 
  54      F69ABC
  55 00b7 C1B74696 		.ascii	"\301\267F\2265\264\031%\331\326jX\223\303\352\317P\323"
  55      35B41925 
  55      D9D66A58 
  55      93C3EACF 
  55      50D3
  56 00c9 6CD95E13 		.ascii	"l\331^\023\250\"~O\256\006\366\325\271\361\001\232\314"
  56      A8227E4F 
  56      AE06F6D5 
  56      B9F1019A 
  56      CC
  57 00da 780E     		.ascii	"x\016"
  58              		.text
  59              		.section	.gnu.lto_.pureconst.e0f041e74533a5bc,"e",%progbits
  60 0000 789CE360 		.ascii	"x\234\343``d\020````e\230\311\3028\223\205i&\013\363"
  60      60641060 
  60      60606065 
  60      98C9C238 
  60      93856926 
  61 0016 4C169659 		.ascii	"L\026\226Y\254\000\0331\003<"
  61      AC001B31 
  61      033C
  62              		.text
  63              		.section	.gnu.lto_at24c01b_lld_poll_ack.e0f041e74533a5bc,"e",%progbits
  64 0000 789C7591 		.ascii	"x\234u\221OHTQ\024\306\317\367\3568\357\215\343L\273"
  64      4F485451 
  64      14C6CFF7 
  64      EE38EF8D 
  64      E34CBB
  65 0013 1286C08D 		.ascii	"\022\206\300\215\210\013\235\321\334\270K\253\235\265"
  65      880B9DD1 
  65      DCB84BAB 
  65      9DB5
  66 0021 88085A85 		.ascii	"\210\010Z\205\351@\023\2122MB+\357\314X\232\206I\030"
  66      E940138A 
  66      324D422B 
  66      EFCC589A 
  66      864918
  67 0034 6A30BC40 		.ascii	"j0\274@\304\204\320\202PH\263\227\332\037\315\177\264"
  67      C484D082 
  67      5048B397 
  67      DA1FCD7F 
  67      B4
  68 0045 08B29A20 		.ascii	"\010\262\232 \013K\372\207Q\264\020\355\334\367\214"
  68      0B4BFA87 
  68      51B410ED 
ARM GAS  /tmp/ccGOMnVw.s 			page 5


  68      DCF78C
  69 0054 A46878F3 		.ascii	"\244hx\363x\347\336\357\373\335s\276k\020h\207 :FD\273"
  69      78E7DEEF 
  69      FBDD73BE 
  69      6B106887 
  69      203A4644 
  70 0069 F90F41D0 		.ascii	"\371\017A\320\244\224{\365\270\241\001\366\2274@\215"
  70      A4947BF5 
  70      B8A101F6 
  70      9734408D 
  71 0079 1A1A7149 		.ascii	"\032\032qIt\011\214\336\030\372\352\317\357\347\035"
  71      74098CDE 
  71      18FAEACF 
  71      EFE71D
  72 0088 6975ADE7 		.ascii	"iu\255\347'\222\347\262M\006\364\260qO\000\241\000\251"
  72      2792E7B2 
  72      4D06F4B0 
  72      714F00A1 
  72      00A9
  73 009a 1FEE209F 		.ascii	"\037\356 \237\265\351D\352gV\2730\005\340\342\262s\346"
  73      B5E944EA 
  73      6756BB30 
  73      05E0E2B2 
  73      73E6
  74 00ac F674A62A 		.ascii	"\366t\246*5\344p\371\372{rR\027\007@\374\375cnaA\317"
  74      35E470F9 
  74      FA7B7252 
  74      170740FC 
  74      FD636E61 
  75 00c2 EB931D09 		.ascii	"\353\223\035\011i\275\315\276*-\227)\004\356B(\356\030"
  75      69BDCDBE 
  75      2A2D9729 
  75      04EE4228 
  75      EE18
  76 00d4 02180593 		.ascii	"\002\030\005\223y\215\331\343\310c\307\313\366\316w"
  76      798DD9E3 
  76      C863C7CB 
  76      F6CE77
  77 00e3 7E71C876 		.ascii	"~q\310v\267|[\214\373\267\334\353\001\307\355\302\275"
  77      B77C5B8C 
  77      FBB7DCEB 
  77      01C7EDC2 
  77      BD
  78 00f4 7FDC2E76 		.ascii	"\177\334.v[\310#\345Y]z1\354\025Gm\377\312\374\224\345"
  78      5BC823E5 
  78      595D7A31 
  78      EC15476D 
  78      FFCAFC94 
  79 0109 CBED9516 		.ascii	"\313\355\225\026\373\237u\357\214'e\267dD\006\356;\210"
  79      FB9F75EF 
  79      8C2765B7 
  79      644406EE 
  79      3B88
  80 011b 3F8329F5 		.ascii	"?\203)\365\233[\033W|n\027&\220\253\306V\343N\302\315"
  80      9B5B1B57 
  80      7C6E1726 
  80      90ABC656 
ARM GAS  /tmp/ccGOMnVw.s 			page 6


  80      E34EC2CD 
  81 012f 4112D4DA 		.ascii	"A\022\324\332\320\323\014Knl6KkcWk\225\027|\256[\343"
  81      D0D30C4B 
  81      6E6C364B 
  81      6B63576B 
  81      95177CAE 
  82 0145 972ED4CB 		.ascii	"\227.\324\313\015\325\277\016\325\207\207Tr\324&H\245"
  82      0DD5BF0E 
  82      D5878754 
  82      72D42648 
  82      A5
  83 0156 E982B488 		.ascii	"\351\202\264\210.\012\315)\342\\\254\"\261\366\276u"
  83      2E0ACD29 
  83      E25CAC22 
  83      B1F6BE75 
  84 0166 D9ADF80A 		.ascii	"\331\255\370\012\315\207\267'\277\244\015\225a\006\010"
  84      CD87B727 
  84      BFA40D95 
  84      610608
  85 0175 533C166B 		.ascii	"S<\026k\306>\264M\332\232\224\300v\211\260\207\263\226"
  85      C63EB44D 
  85      DA9A94C0 
  85      7689B087 
  85      B396
  86 0187 6E3EF7F7 		.ascii	"n>\367\367\2417\316\330k\343\252\023#%\334x\240\"\341"
  86      A137CED8 
  86      6BE3AA13 
  86      2325DC78 
  86      A022E1
  87 019a EDC191FE 		.ascii	"\355\301\221\376\005_hPv\360\356)Sx\360\020}\350v\306"
  87      055F6850 
  87      76F0EE29 
  87      5378F010 
  87      7DE876C6 
  88 01ae 7A8490CD 		.ascii	"z\204\220\315\237\036\024\016^\373\213\227\363\177\030"
  88      9F1E140E 
  88      5EFB8B97 
  88      F37F18
  89 01bd 6F65E2B1 		.ascii	"oe\342\261\315\202bM\333\254\344\345\346\201-\226pp"
  89      CD82624D 
  89      DBACE4E5 
  89      E6812D96 
  89      7070
  90 01cf C31D23E7 		.ascii	"\303\035#\347]\252[\035\213\204\031\006}\004\247\357"
  90      5DAA5B1D 
  90      8B841906 
  90      7D04A7EF 
  91 01df 683C2C48 		.ascii	"h<,H]\237\335\3644!\0217L\341\355Q0<A\023\210\207e\010"
  91      5D9FDDF4 
  91      34211137 
  91      4CE1ED51 
  91      303C4113 
  92 01f7 0BCC57CD 		.ascii	"\013\314W\3153B\011\234\206\262TR\316\215\314\262N\035"
  92      3342099C 
  92      86B25452 
  92      CE8DCCB2 
  92      4E1D
ARM GAS  /tmp/ccGOMnVw.s 			page 7


  93 0209 71E1D380 		.ascii	"q\341\323\200G\035\341\0030\207@J\350\246\360s7\023"
  93      471DE103 
  93      3087404A 
  93      E8A6F073 
  93      3713
  94 021b 696C8B76 		.ascii	"il\213vem9\355-\035\221-\340t\011\363(\245\317H\344"
  94      656D39ED 
  94      2D1D912D 
  94      E07409F3 
  94      28A5CF48 
  95 0230 6C7542F6 		.ascii	"luB\366M\341\317M\021\225\027\026\006\371\251\017G#"
  95      4DE1CF4D 
  95      11951716 
  95      06F9A90F 
  95      4723
  96 0242 F527C3D1 		.ascii	"\365'\303\321\263\00555\325\301\262\203\221\303u\005"
  96      B3053535 
  96      D5C1B283 
  96      91C37505 
  97 0252 1515FB83 		.ascii	"\025\025\373\203\325\321HC8z:Xv\244\270d_\250\250<\330"
  97      D5D14843 
  97      387A3A58 
  97      76A4B864 
  97      5FA8A83C 
  98 0267 5014AC64 		.ascii	"P\024\254d\311\361\337\013\205UdT\306\212K\252BE'\364"
  98      C9F1DF0B 
  98      85556454 
  98      C68A4BAA 
  98      424527F4 
  99 027b 58A4365C 		.ascii	"X\2446\\w&&b\265\365\277\0004\235\017\332"
  99      77262662 
  99      B5F5BF00 
  99      349D0FDA 
 100              		.text
 101              		.section	.gnu.lto_at24c01b_lld_read_current_address.e0f041e74533a5bc,"e",%progbits
 102 0000 789C7591 		.ascii	"x\234u\221\337K\024Q\024\307\317w\35683\253\356\376"
 102      DF4B1451 
 102      14C7CF77 
 102      EE3833AB 
 102      EEFE
 103 0012 018AE49B 		.ascii	"\001\212\344\233\030\350\256\346\037\220Vo\326C\005"
 103      18E8AEE6 
 103      1F90566F 
 103      D64305
 104 0021 BD159B2E 		.ascii	"\275\025\233.\264\241)\333*\364\344\335U2(l\011C\015"
 104      B4A129DB 
 104      2AF4E4DD 
 104      5532286C 
 104      09430D
 105 0034 B62D42B4 		.ascii	"\266-B\264\0225(\205\374\321\230\346\257\014E\350\241"
 105      12352885 
 105      FCD198E6 
 105      AF0C45E8 
 105      A1
 106 0045 1083A887 		.ascii	"\020\203\250\207B*\210\244\207\320\316\275\263\021$"
 106      422A88A4 
 106      87D0CEBD 
ARM GAS  /tmp/ccGOMnVw.s 			page 8


 106      B31124
 107 0054 0D339739 		.ascii	"\0153\2279\367\334\317\367\334\3579\016\201\266\015"
 107      F7DCCFF7 
 107      DCEF390E 
 107      81B60D
 108 0063 A2D34454 		.ascii	"\242\323DT\304\037\004\301\220R\036\264\023\216\001"
 108      C41F04C1 
 108      90521EB4 
 108      138E01
 109 0072 E83FE980 		.ascii	"\350?\351\200\332\014\264\341\272\350\021\230\030\032"
 109      DA0CB4E1 
 109      BAE81198 
 109      181A
 110 0080 F916281D 		.ascii	"\371\026(\035\340\214t{\246\255\007\243kRd\004Q\037"
 110      E08C747B 
 110      A6AD07A3 
 110      6B526404 
 110      511F
 111 0092 93070A11 		.ascii	"\223\007\012\021*$\365\340)J\371\360f2\3753\277\213"
 111      2A24F5E0 
 111      294AF9F0 
 111      6632FD33 
 111      BF8B
 112 00a4 F380C961 		.ascii	"\363\200\311a\367\362\343\245\\\025\032(\346\360\335"
 112      F7F2E3A5 
 112      5C151A28 
 112      E6F0DD
 113 00b3 8FF6595B 		.ascii	"\217\366Y[\034\001\361\377\366\253\325U\273\244_\246"
 113      1C01F1FF 
 113      F6ABD555 
 113      BBA45FA6 
 114 00c3 92D29D2B 		.ascii	"\222\322\235+\270%]3#\004\246 \224\356$\0121\001V\346"
 114      B8255D33 
 114      2304A620 
 114      94EE240A 
 114      310156E6 
 115 00d7 3DD69E46 		.ascii	"=\326\236F\011\023\017\267\027&!\216i\372\366\207\251"
 115      09130FB7 
 115      1726218E 
 115      69FAF687 
 115      A9
 116 00e8 192B4BAF 		.ascii	"\031+K\257\024y\264\211g{h\223iW\323\233\203\213\251"
 116      1479B489 
 116      677B6893 
 116      6957D39B 
 116      838BA9
 117 00fb 5C7142D3 		.ascii	"\\qB\323cs\356kd\351\255}\275\322EF\344`\306\243\263"
 117      6373EE6B 
 117      64E9AD7D 
 117      BDD24546 
 117      E460C6A3 
 118 0110 9E7887D9 		.ascii	"\236x\207\331\347\232\335\350\352\376\030\020\2474{"
 118      E79ADDE8 
 118      EAFE1810 
 118      A7347B
 119 011f E5FB5A22 		.ascii	"\345\373Z\"\220e7\366{\225-\314\356\251l1=\207\022R"
 119      906537F6 
ARM GAS  /tmp/ccGOMnVw.s 			page 9


 119      7B952DCC 
 119      EEA96C31 
 119      3D871252 
 120 0133 CCFB473B 		.ascii	"\314\373G;7\375\226\251Z\246Z\365\002\026O\201hd=\307"
 120      37FD96A9 
 120      5AA65AF5 
 120      02164F81 
 120      68643DC7 
 121 0147 953BBB9D 		.ascii	"\225;\273\235\322\235/\270\373\304\237\017\306l\203"
 121      D29D2FB8 
 121      FBC49F0F 
 121      C66C83
 122 0156 1747A8C5 		.ascii	"\027G\250\305\344\305gA\271\267\241n\342@y\361A\351"
 122      E4C56741 
 122      B9B7A16E 
 122      E24079F1 
 122      41E9
 123 0168 E6919A01 		.ascii	"\346\221\232\001]\025\244\006cB\272D\327\204\341\005"
 123      5D15A406 
 123      6342BA44 
 123      D784E105 
 124 0178 090E3E23 		.ascii	"\011\016>#9\371ih\326R\325\322\002|\213\256\366\257"
 124      39F96968 
 124      D652D5D2 
 124      027C8BAE 
 124      F6AF
 125 018a 9B8E1A86 		.ascii	"\233\216\032\206\320F\334\267\243o\002\375\270\227`"
 125      D046DCB7 
 125      A36F02FD 
 125      B89760
 126 0199 E4CEB42A 		.ascii	"\344\316\264*\233\233f'\363\352\372\234\036\036\037"
 126      9B9B6627 
 126      F3EAFA9C 
 126      1E1E1F
 127 01a8 58F58786 		.ascii	"X\365\207\206e\212\263\3473\"\017\013\350G\257g`\021"
 127      658AB3E7 
 127      33220F0B 
 127      E847AF67 
 127      6011
 128 01ba 21ADBF34 		.ascii	"!\255\2774,<y\343\037\275\342\377\213q*\037KZK\365\000"
 128      2C3C79E3 
 128      1FBDE2FF 
 128      8B712A1F 
 128      4B5A4BF5 
 129 01cf CB5AABFD 		.ascii	"\313Z\253\375F\347\375\254\226\360\344\306R\343\227"
 129      46E7FDAC 
 129      96F0E4C6 
 129      52E397
 130 01de 4D755B07 		.ascii	"Mu[\007k\204\227,\304\025\177u\302;d\246\205M[\350e"
 130      6B84972C 
 130      C4157F75 
 130      C23B64A6 
 130      854D5BE8 
 131 01f3 B33ACE63 		.ascii	"\263:\316c\"=\270\262\353\353@2\341d\204\277O\251c\005"
 131      223DB8B2 
 131      EBEB4032 
 131      E16484BF 
ARM GAS  /tmp/ccGOMnVw.s 			page 10


 131      4FA96305 
 132 0207 1D2076AF 		.ascii	"\035 v\257U\035\215\3712\"@_\220,\316\202\244\273\210"
 132      551D8DF9 
 132      3222405F 
 132      902CCE82 
 132      A4BB88
 133 021a BF5D24AA 		.ascii	"\277]$\252)/\017\362\333\034\211E\233\317Eb\227\312"
 133      292F0FF2 
 133      DB1C8945 
 133      9BCF4562 
 133      97CA
 134 022c 1A1AEA83 		.ascii	"\032\032\352\203\325G\243\307\233\312jk\017\007\353"
 134      D547A3C7 
 134      9BCA6A6B 
 134      0F07EB
 135 023b 63D1D648 		.ascii	"c\321\326H\354b\260\372de\325\241PEM\260\265\"\030\346"
 135      EC62B0FA 
 135      6465D5A1 
 135      50454DB0 
 135      B52218E6 
 136 024f 2367FE6C 		.ascii	"#g\376l\224\327\221\023\216WV\325\205*\316\232\365\341"
 136      94D79113 
 136      8E5756D5 
 136      852ACE9A 
 136      F5E1
 137 0261 78585C68 		.ascii	"xX\\hi\264\343\321\306HSK\3747}_\005O"
 137      69B4E3D1 
 137      C648534B 
 137      FC377D5F 
 137      054F
 138              		.text
 139              		.section	.gnu.lto_at24c01b_lld_read.e0f041e74533a5bc,"e",%progbits
 140 0000 789C9553 		.ascii	"x\234\225SmlSU\030>\317=\267\367c\266\335\346FB\254"
 140      6D6C5355 
 140      183ECF3D 
 140      B7F763B6 
 140      DDE64642 
 141 0015 26FC2113 		.ascii	"&\374!\023\022\326\016\367\317?\202\372\017\375\241"
 141      12D60EF7 
 141      CF3F82FA 
 141      0FFDA1
 142 0024 FEF08789 		.ascii	"\376\360\207\211\251t\2113|\245\3530\376\221\323n\263"
 142      A9748933 
 142      7CA5EB30 
 142      FE91D36E 
 142      B3
 143 0035 7EC05810 		.ascii	"~\300X\020e#\326b\226\205\2520fT\210l\350\305M\306`"
 143      6523D662 
 143      9685AA30 
 143      6654886C 
 143      E8C54DC6 
 144 004a D83201D9 		.ascii	"\3302\001\3314\303\250$h\200-.4B\310\346{\316\275Me"
 144      34C3A824 
 144      68802D2E 
 144      3442C8E6 
 144      7BCEBD4D 
 145 005f A88937ED 		.ascii	"\250\2117\355\311=\357\373>\317\363\236\3679\327b`\233"
ARM GAS  /tmp/ccGOMnVw.s 			page 11


 145      C93DEFFB 
 145      3ECFF39E 
 145      F739D762 
 145      609B
 146 0071 7C8CBDC4 		.ascii	"|\214\275\304\030{\230\376\3601hB\210G\314\244\245i"
 146      187B98FE 
 146      F0316842 
 146      8847CCA4 
 146      A569
 147 0083 FCCDFE9D 		.ascii	"\374\315\376\235KtQ\241\027\317\316\256\324\205\237"
 147      4B7451A1 
 147      17CFCEAE 
 147      D4859F
 148 0092 43F7723A 		.ascii	"C\367r:\240\336\204\005\266M\343:\266a'\337\3031x\340"
 148      A0DE8405 
 148      B64DE33A 
 148      B66127DF 
 148      C33178E0 
 149 00a6 D06C70C5 		.ascii	"\320lp\305~\312\011g\317.\363\243\201\202\340Y\316X"
 149      7ECA0967 
 149      CF2EF3A3 
 149      8182E059 
 149      CE58
 150 00b8 0F677828 		.ascii	"\017gx(\204H\210\311\007G\261\202\212\247S\231?\375"
 150      844888C9 
 150      0747B182 
 150      8AA75399 
 150      3FFD
 151 00ca 9D940774 		.ascii	"\235\224\007t\332\356>\365\331X\205\334jXF\333K7\332"
 151      DAEE3EF5 
 151      D95885DC 
 151      6A5846DB 
 151      4B37DA
 152 00dd 864DFE38 		.ascii	"\206M\3768\030\275\027\317\344\363f]\237\350J\011gd"
 152      18BD17CF 
 152      E4F3665D 
 152      9FE84A09 
 152      6764
 153 00ef E95EE1E8 		.ascii	"\351^\341\350Y\316q\014\\\362\016!\204A\0203\305\210"
 153      59CE710C 
 153      5CF20E21 
 153      84411033 
 153      C588
 154 0101 FB4BD449 		.ascii	"\373K\324I\262O\017v\330\374I\205\236\271\230\373B'"
 154      B24F0F76 
 154      D8FC4985 
 154      9EB998FB 
 154      4227
 155 0113 7441A243 		.ascii	"tA\242C\335\302A\226:\376\312E{]Q\204\260\216\302~\\"
 155      DDC24196 
 155      3AFECA45 
 155      7B5D5184 
 155      B08EC27E 
 156 0128 1C1D027F 		.ascii	"\034\035\002\177Za\337\377\365\330q\303S\276\372\200"
 156      5A61DFFF 
 156      F5D871C3 
 156      53BEFA80 
ARM GAS  /tmp/ccGOMnVw.s 			page 12


 157 0138 ABECC3F1 		.ascii	"\253\354\303\361\273\224i\206\370Z\241\247s'\273*\370"
 157      BB946986 
 157      F85AA1A7 
 157      7327BB2A 
 157      F8
 158 0149 B30A7D78 		.ascii	"\263\012}x\3049\017\017=\376`Iy\370\037\224G\024\366"
 158      C4390F0F 
 158      3DFE6049 
 158      79F81F94 
 158      4714F6
 159 015c C7CEDD97 		.ascii	"\307\316\335\227\203\3749\205}}\256\220\014z\330\333"
 159      83FC3985 
 159      7D7DAE90 
 159      0C7AD8DB 
 160 016c 2B5D6503 		.ascii	"+]e\003\337\334\245l\020\372\004\352\230\304\\\351\020"
 160      DFDCA56C 
 160      10FA04EA 
 160      98C45CE9 
 160      10
 161 017d 076D1E53 		.ascii	"\007m\036S\370t:5\340_\336\253\254\230\177oi\252Mt\013"
 161      F8743A35 
 161      E05FDEAB 
 161      AC987F6F 
 161      69AA4D74 
 162 0192 A26018BD 		.ascii	"\242`\030\275C^>T\375\363'\363\357\004\014\035'\261"
 162      435E3E54 
 162      FDF327F3 
 162      EF040C1D 
 162      27B1
 163 01a4 5C9A254D 		.ascii	"\\\232%M\032\203A\267\203A\306\016M\370\0341\277\220"
 163      1A8341B7 
 163      8341C60E 
 163      4DF81C31 
 163      BF90
 164 01b6 16CE85FB 		.ascii	"\026\316\205\373?\270\021\\\002\02265Z,.\027\235\026"
 164      3FB8115C 
 164      02123635 
 164      5A2C2E17 
 164      9D16
 165 01c8 DB276386 		.ascii	"\333'c\206\334\232r\261h\251\260\231D\373!]\011@\366"
 165      DC9A72B1 
 165      68A9B099 
 165      44FB215D 
 165      0940F6
 166 01db 59A92255 		.ascii	"Y\251\"U\220'\256\206\234Y\215\004\327\2520coq&;\326"
 166      9027AE86 
 166      9C598D04 
 166      D7AA3063 
 166      6F71263B 
 167 01f0 211CC6B6 		.ascii	"!\034\306\266s\315\335$i\363;RC\277\345{+e_\031\016"
 167      73CDDD24 
 167      69F33B52 
 167      43BFE57B 
 167      2B655F19 
 168 0205 EAB9B36D 		.ascii	"\352\271\263mf\332\222\027\206\253\003;S\003\223\301"
 168      66DA9217 
 168      86AB033B 
ARM GAS  /tmp/ccGOMnVw.s 			page 13


 168      530393C1 
 169 0215 3EF42609 		.ascii	">\364&\011\262\357\272\354\353\236\014\367\343\224\034"
 169      B2EFBAEC 
 169      EB9E0CF7 
 169      E3941C
 170 0224 13A5FB8F 		.ascii	"\023\245\373\217\354\317\007\"\375\242\213\262E\362"
 170      ECCF0722 
 170      FDA28BB2 
 170      45F2
 171 0232 C18FD3E8 		.ascii	"\301\217\323\350C\267{\326qD\224\300\330\024w\371\265"
 171      43B77BD6 
 171      714494C0 
 171      D81477F9 
 171      B5
 172 0243 4584CBFE 		.ascii	"E\204\313\376\235\215R\001\234Q\\\220\\\337*\256\266"
 172      9D8D5201 
 172      9C515C90 
 172      5CDF2AAE 
 172      B6
 173 0254 5DE949D3 		.ascii	"]\351I\323\345\342.\335\341\256#\257\351\262]\013\005"
 173      E5E22EDD 
 173      E1AE23AF 
 173      E9B25D0B 
 173      05
 174 0265 863C115D 		.ascii	"\206<\021]\305^:\234\252\251\244\202Ln|\301nG*iey\260"
 174      C55E3A9C 
 174      AAA9A482 
 174      4C6E7CC1 
 174      6E472A69 
 175 027c 4792A180 		.ascii	"G\222\241\200v0:-\221PA\307\333\237\307d\336\025\255"
 175      76303A2D 
 175      915041C7 
 175      DB9FC764 
 175      DE15AD
 176 028f 94D7D575 		.ascii	"\224\327\325u\351,\225I\2057\256}hK\005\032/&\020\372"
 176      E92C9549 
 176      8537AE7D 
 176      684B051A 
 176      2F2610FA 
 177 02a3 FB8C7C60 		.ascii	"\373\214|`\370\356\316P\025\205\316!\224\341\201,\257"
 177      F8EECE50 
 177      1585CE21 
 177      94E1812C 
 177      AF
 178 02b4 962DBF9B 		.ascii	"\226-\277\233\3361\230\323\334\206t\267\247\233\007"
 178      DE3198D3 
 178      DC8674B7 
 178      A79B07
 179 02c3 167618B2 		.ascii	"\026v\030\262\330\306\3138O=_F\373\245\341F\257\206"
 179      D8C6CB38 
 179      4F3D5F46 
 179      FBA5E146 
 179      AF86
 180 02d5 0A4667AE 		.ascii	"\012Fg\256\235\203[\300p\001\356\215\332\316\371\304"
 180      9D835BC0 
 180      7001EE8D 
 180      DACEF9C4 
ARM GAS  /tmp/ccGOMnVw.s 			page 14


 181 02e5 ECAD1CCA 		.ascii	"\354\255\034\312\306M\376\342\015\303\267\330\251?\264"
 181      C64DFEE2 
 181      0DC3B7D8 
 181      A93FB4
 182 02f4 FF72EA55 		.ascii	"\377r\352Ui\324\367e\243.\226\214\032\364\2142\376\247"
 182      69D4F765 
 182      A32E968C 
 182      1AF48C32 
 182      FEA7
 183 0306 519365A3 		.ascii	"Q\223e\243\246JF\335\364\270L\242S\306\220\302\3554"
 183      A64A46DD 
 183      F4B84CA2 
 183      53C690C2 
 183      ED34
 184 0318 DCA095E1 		.ascii	"\334\240\225\341U\344Tw\311\251\232EN\335\333\3035\""
 184      55E45477 
 184      C9A99A45 
 184      4EDDDBC3 
 184      3522
 185 032a FBC175CA 		.ascii	"\373\301u\312\247X\252\025\214\306Z\343\012\214y\002"
 185      A758AA15 
 185      8CC65AE3 
 185      0A8C7902 
 186 033a B5345462 		.ascii	"\2654TbP\023\322\313W\373:R\373\346:\357skl\312\026"
 186      5013D2CB 
 186      57FB3A52 
 186      FBE63AEF 
 186      736B6CCA 
 187 034f 6153A576 		.ascii	"aS\245vk\356\012\335\235Z~\264\370\023\350\313@\371"
 187      6BEE0ADD 
 187      9D5A7EB4 
 187      F813E8CB 
 187      40F9
 188 0361 CB606C6D 		.ascii	"\313`lm}}\230~[\232\342\315[^l\212\277\262j\303\206"
 188      7D7D987E 
 188      5B9AE2CD 
 188      5B5E6C8A 
 188      BFB26AC3 
 189 0376 5878CD13 		.ascii	"Xx\315\023\315Om^\265n\335c\341X\274ykS\274%\274\346"
 189      CD4F6D5E 
 189      B56EDD63 
 189      E158BC79 
 189      6B53BC25 
 190 038c 99D58D8F 		.ascii	"\231\325\215\217F\032\326\206\2676\204\243T\362|)P\277"
 190      461AD686 
 190      B73684A3 
 190      54F27C29 
 190      50BF
 191 039e 9E59D1C4 		.ascii	"\236Y\321\304\352\306\365\221\206\027\364h,\026\327"
 191      EAC6F591 
 191      8617F468 
 191      2C16D7
 192 03ad 63D14494 		.ascii	"c\321D\224oj\335h&\23276mnM\030-\211h\242\265\345/\324"
 192      6F6ADD68 
 192      269A3736 
 192      6D6E4D18 
 192      2D8968A2 
ARM GAS  /tmp/ccGOMnVw.s 			page 15


 193 03c5 7CD4E5   		.ascii	"|\324\345"
 194              		.text
 195              		.section	.gnu.lto_at24c01b_lld_write_byte.e0f041e74533a5bc,"e",%progbits
 196 0000 789C7552 		.ascii	"x\234uRKL\023Q\024}g\336\224N+-\352\312\244\361\263"
 196      4B4C1351 
 196      147D67DE 
 196      944E2B2D 
 196      EACAA4F1 
 197 0015 318485B4 		.ascii	"1\204\205\264\240\033w\342g\207.\324\205;\255\266\211"
 197      A01B77E2 
 197      67872ED4 
 197      853BADB6 
 197      89
 198 0026 351A49AD 		.ascii	"5\032I\255\032W\276\026D#\006\011\201\250\304f@B\374"
 198      1A57BE16 
 198      44230609 
 198      81A8C466 
 198      4042FC
 199 0039 8B462389 		.ascii	"\213F#\211 \216\342\207\237R?\370\017&\0325\032\343"
 199      208EE287 
 199      9F523FF8 
 199      0F261A35 
 199      1AE3
 200 004b 5FA289A8 		.ascii	"_\242\211\250\367\316\224\370o\246\223\271\367\236s"
 200      F7CE94F8 
 200      6FA693B9 
 200      F79E73
 201 005a EE7DE73E 		.ascii	"\356}\347>C@\344\351B\304\204\020\023\351\017)\240)"
 201      4340E4E9 
 201      42C48410 
 201      13E90F29 
 201      A029
 202 006c A566B993 		.ascii	"\245f\271\223\206\006\330_\312\200\330\254a3v\312]\022"
 202      8606D85F 
 202      CA80D8AC 
 202      613376CA 
 202      5D12
 203 007e ED475ADF 		.ascii	"\355GZ\337\372\013\366SEY\273\336\272\017\035\317(i"
 203      FA0BF653 
 203      4559BBDE 
 203      BA0F1DCF 
 203      2869
 204 0090 4A21F610 		.ascii	"J!\366\020sz\000\241\200\340\037\316\240\200\300C\251"
 204      737A00A1 
 204      80E01FCE 
 204      A080C043 
 204      A9
 205 00a1 F4E7DC6A 		.ascii	"\364\347\334j\252\003:\205u\275\247z\274\034j\230B\341"
 205      AA033A85 
 205      75BDA77A 
 205      BC1C6A98 
 205      42E1
 206 00b3 A34FE55D 		.ascii	"\243O\345]n9\017\202\276\207\257\016\014\270\363[TM"
 206      6E390F82 
 206      BE87AF0E 
 206      0CB8F35B 
 206      544D
ARM GAS  /tmp/ccGOMnVw.s 			page 16


 207 00c5 4A591F27 		.ascii	"JY\037'4(K7\245\304YH\326\355@\000\355 e\312\221v'\362"
 207      34284B37 
 207      A5C45948 
 207      D6ED4000 
 207      ED2065CA 
 208 00dd 59ECE4D1 		.ascii	"Y\354\344\321-\036\271\300fW\364\036\330k\214\262\003"
 208      2D1EB9C0 
 208      6657F41E 
 208      D86B8CB2 
 208      03
 209 00ee BB950553 		.ascii	"\273\225\005S\3528\347\260\263SQ\206\270\226\315=<|"
 209      EA38E7B0 
 209      B3535186 
 209      B896CD3D 
 209      3C7C
 210 0100 A5037291 		.ascii	"\245\003r\221\315\035\251\033\264|Y\356\255I\243\334"
 210      CD1DA91B 
 210      B47C59EE 
 210      AD49A3DC 
 211 0110 F3FFE05E 		.ascii	"\363\377\340^\260\271\017\253\353\236\372\345\022\233"
 211      B0B90FAB 
 211      EB9EFAE5 
 211      129B
 212 011e BBED4326 		.ascii	"\273\355C&\351\317r\373\013\234\251]\350\372kj\027\261"
 212      E9CF72FB 
 212      0B9CA95D 
 212      E8FA6B6A 
 212      17B1
 213 0130 2F225F30 		.ascii	"/\"_0\247\362RM\273\317\361D\243\260i0\223\202\343\311"
 213      A7F2524D 
 213      BBCFF144 
 213      A3B06930 
 213      9382E3C9 
 214 0144 580AFBDE 		.ascii	"X\012\373\336uf \227\331\352w\325\366\214kj\263\312"
 214      75662097 
 214      D9EA77D5 
 214      F68C6B6A 
 214      B3CA
 215 0156 90D5CFCC 		.ascii	"\220\325\317\314\361\265Ju+j\220\203+N\203\313\324\340"
 215      F1B54A75 
 215      2B6A9083 
 215      2B4E83CB 
 215      D4E0
 216 0168 121CC319 		.ascii	"\022\034\303\031\377\370\304\267z_\216\216nL\345u\360"
 216      FFF8C4B7 
 216      7A5F8E8E 
 216      6E4CE575 
 216      F0
 217 0179 1A7A9043 		.ascii	"\032z\220C\033\026\340\\\353\015\227\245\276}\337\252"
 217      1B16E05C 
 217      EB0D97A5 
 217      BE7DDFAA 
 218 0189 AC6B939B 		.ascii	"\254k\223\233\276\344\371A\203\2715z\031\222_.\2609"
 218      BEE4F941 
 218      83B9357A 
 218      19925F2E 
 218      B039
ARM GAS  /tmp/ccGOMnVw.s 			page 17


 219 019b 6EF0313D 		.ascii	"n\3601=`\223\275\340\241s\005\257WTI\301;\327\241,!"
 219      6093BDE0 
 219      A17305AF 
 219      575449C1 
 219      3BD7A12C 
 220 01b0 7648CD09 		.ascii	"vH\315\011\222\024\274D\252\341\305\327f/7\243)\236"
 220      9214BC44 
 220      AAE1C5D7 
 220      662F37A3 
 220      299E
 221 01c2 9DFE5CEF 		.ascii	"\235\376\\\357+\016\231\322\303M\021\264\347C/\212\323"
 221      2B0E99D2 
 221      C34D11B4 
 221      E7432F8A 
 221      D3
 222 01d3 6403633D 		.ascii	"d\003c=\377\006:7\007}\014t3\260\343\305HW\016c\323"
 222      FF063A37 
 222      077D0C74 
 222      33B0E3C5 
 222      48570E63 
 223 01e8 1204AF2E 		.ascii	"\022\004\257.\1773d\260Q\3226\307\272\177\374\236\277"
 223      7F3364B0 
 223      51D236C7 
 223      BA7FFC9E 
 223      BF
 224 01f9 05CD499A 		.ascii	"\005\315I\232\243\3611\037\303\233&\245~\366\203\312"
 224      A3F1311F 
 224      C39B26A5 
 224      7EF683CA 
 225 0209 C7DAF60F 		.ascii	"\307\332\366\017\370B\307T\015UW\231r\014\256\242\005"
 225      F842C754 
 225      0D555799 
 225      720CAEA2 
 225      05
 226 021a BB1D53AE 		.ascii	"\273\035S\256!d\353\367\264JG^\373Co\312\377\305\250"
 226      2164EBF7 
 226      B44A475E 
 226      FB436FCA 
 226      FFC5A8
 227 022d 948B015B 		.ascii	"\224\213\001[\013\254\225\261\265\312k\267\036\314j"
 227      0BAC95B1 
 227      B5CA6BB7 
 227      1ECC6A
 228 023c 4947EE74 		.ascii	"IG\356tM[\245\316\323\032\310\010\\'\241Wh \303lL.\001"
 228      4D5BA5CE 
 228      D31AC808 
 228      5C27A157 
 228      6820C36C 
 229 0253 D207FABF 		.ascii	"\322\007\372\277{*\220J\032\246\364\355a1\334@\005\004"
 229      7B2A904A 
 229      1AA6F4ED 
 229      6131DC40 
 229      0504
 230 0265 1D964408 		.ascii	"\035\226D\010\360\340\366\221N\027\003\370\010\373\374"
 230      F0E0F691 
 230      4E1703F8 
 230      08FBFC
ARM GAS  /tmp/ccGOMnVw.s 			page 18


 231 0274 A6F4DB36 		.ascii	"\246\364\3336\331\033\275IH\202\264T\355s\256R\0364"
 231      D91BBD49 
 231      4882B454 
 231      ED73AE52 
 231      1E34
 232 0286 DC42E057 		.ascii	"\334B\340W\227\306B`\360\367T\036\245n#\220\226^S\216"
 232      97C64260 
 232      F0F7541E 
 232      A56E2390 
 232      965E538E 
 233 029a A3A92F0C 		.ascii	"\243\251/\014\201\345X\226`\317\337?\031\0323\263Mm"
 233      81E55896 
 233      60CFDF3F 
 233      191A33B3 
 233      4D6D
 234 02ac A3FB4F2D 		.ascii	"\243\373O-\356`\246x\215T\343\252\354\310\302\276\003"
 234      EE60A678 
 234      8D54E3AA 
 234      ECC8C2BE 
 234      03
 235 02bd F8790784 		.ascii	"\370y\007\204\230]X\030\244\247,\032\217\225\255\214"
 235      985D5818 
 235      A4A72C1A 
 235      8F95AD8C 
 236 02cd C6374D5B 		.ascii	"\3067M[\275:\022,\231\037[\270vZi\351\334`$\036\333"
 236      BD3A122C 
 236      991F5BB8 
 236      765A69E9 
 236      DC60241E 
 237 02e2 108DAF0B 		.ascii	"\020\215\257\013\226,.\2361'T4;\270\241(\030&\310\322"
 237      962C2E9E 
 237      31275434 
 237      3BB8A128 
 237      1826C8D2 
 238 02f6 D144E10A 		.ascii	"\321D\341\012a\204\023\3053V\204\212\226\353\341H$\256"
 238      618413C5 
 238      3356848A 
 238      96EBE148 
 238      24AE
 239 0308 47C289B0 		.ascii	"G\302\211\260;\021[\023]\273>\341\331\030\217%\242\234"
 239      3B115B13 
 239      5DBB3EE1 
 239      D9188F25 
 239      A29C
 240 031a F9019F7F 		.ascii	"\371\001\237\177a\256"
 240      61AE
 241              		.text
 242              		.section	.gnu.lto_at24c01b_lld_write_page.e0f041e74533a5bc,"e",%progbits
 243 0000 789C9555 		.ascii	"x\234\225U]PTe\030\376\336\363\035\366\234]\226\205"
 243      5D505465 
 243      18FEDEF3 
 243      1DF69C5D 
 243      9685
 244 0012 08C4DA9A 		.ascii	"\010\304\332\232\270a\030*\331\205\234\361\242\033\264"
 244      B861182A 
 244      D9859CF1 
 244      A21BB4
ARM GAS  /tmp/ccGOMnVw.s 			page 19


 245 0021 9AE9C2BA 		.ascii	"\232\351\302\272\250.\272h\246!wg\244\301d6\264\361"
 245      A82EBA68 
 245      A6217767 
 245      A4C16436 
 245      B4F1
 246 0033 26CFFEF0 		.ascii	"&\317\376\360\2238\264\323\240\262\214\333b\016\211"
 246      9338B4D3 
 246      A0B28CDB 
 246      620E89
 247 0042 A88025DA 		.ascii	"\250\200%\332$\312Y\225\004D\3314J\011!\0113\034\372"
 247      24CA5995 
 247      0444D934 
 247      4A092109 
 247      331CFA
 248 0055 3374AA31 		.ascii	"3t\2521\350}\277s Z\355og\367\233\363\275\357\373<\357"
 248      E87DBF73 
 248      205AED6F 
 248      67F79BF3 
 248      BDEFFB3C 
 249 006a FF599501 		.ascii	"\377Y\225\001\363*\214mb\214=\210?\340\014$M\323J\024"
 249      F32A8C6D 
 249      628C3D88 
 249      3FE00C24 
 249      4DD34A14 
 250 007e BF2A0188 		.ascii	"\277*\001\210'M\005\266Y\202\315\3606\337\301\341\350"
 250      274D05B6 
 250      5982CDF0 
 250      36DFC1E1 
 250      E8
 251 008f FE8E1F1D 		.ascii	"\376\216\037\035\005{P\243\351;\016\331\332:\023\032"
 251      057B50A3 
 251      E93B0ED9 
 251      DA3A131A 
 252 009f 8F71C622 		.ascii	"\217q\306\"\210|\314\011n'\243\017|\014\005h<\026\210"
 252      887CCC09 
 252      6E27A30F 
 252      7C0C0568 
 252      3C1688
 253 00b2 FE62AF47 		.ascii	"\376b\257G=\200\214\327\206\201C\3756\272J\220\213\327"
 253      3D808CD7 
 253      868143FD 
 253      36BA4A90 
 253      8BD7
 254 00c4 F19BC193 		.ascii	"\361\233\301\223\012\177\012\030>\337:;4\244\344\267"
 254      0A7F0A18 
 254      3EDF3A3B 
 254      34A4E4B7 
 255 00d4 68E180A6 		.ascii	"h\341\200\246\317,m\322t9\3069\034\003N\274\335\340"
 255      CF2C6DD2 
 255      7439C639 
 255      1C034EBC 
 255      DDE0
 256 00e6 84A380CC 		.ascii	"\204\243\200\314(C\356\343\220Od\037\036\250\262\362"
 256      2843EEE3 
 256      904F641F 
 256      1EA8B2F2 
 257 00f6 67053A34 		.ascii	"g\005:4\320\272S\235G;\0335\035b\\\206\036\003mF\205"
ARM GAS  /tmp/ccGOMnVw.s 			page 20


 257      D0BA539D 
 257      473B1B35 
 257      1D625C86 
 257      1E036D46 
 258 010b 12C4EA02 		.ascii	"\022\304\352\002\273\357\326\351n\340\317\013\354\273"
 258      BBEFD6E9 
 258      6EE0CF0B 
 258      ECBB
 259 0119 93C7E216 		.ascii	"\223\307\342\026\023;\370\220\3419\005\342wxNA\364\011"
 259      133BF890 
 259      E13905E2 
 259      77784E41 
 259      F409
 260 012b 811E6BED 		.ascii	"\201\036k\355\013\333\370\213\002}\370\224>\014&z\272"
 260      0BDBF88B 
 260      027DF894 
 260      3E0C267A 
 260      BA
 261 013c 60DEF3C9 		.ascii	"`\336\363\311\273x>%\260\243\365\015W\035\374%\201\255"
 261      BB783E25 
 261      B0A3F50D 
 261      571DFC25 
 261      81AD
 262 014e FD39E177 		.ascii	"\3759\341w\230\330\321G\015\317\026\350\275\303\263"
 262      98D8D147 
 262      0DCF16E8 
 262      BDC3B3
 263 015d 05D19F40 		.ascii	"\005\321\237@>\023\321\372\267\276\311=\002^w\256\276"
 263      3E13D1FA 
 263      B7BEC93D 
 263      025E77AE 
 263      BE
 264 016e 2B256FB7 		.ascii	"+%o\267\246Uk\372\354\336%\273\202\241>\015\031\200"
 264      A6556BFA 
 264      ECDE25BB 
 264      82A13E0D 
 264      1980
 265 0180 FD054E1F 		.ascii	"\375\005N\0374n\272\271}R\261\325R\333\232\203\232\365"
 265      346EBAB9 
 265      7D52B1D5 
 265      52DB9A83 
 265      9AF5
 266 0192 696AC982 		.ascii	"ij\311\202\015\364\203\215\201\313\011}\220G\306\361"
 266      0DF4838D 
 266      81CB097D 
 266      9047C6F1 
 267 01a2 F746AE70 		.ascii	"\367F\256p\2239\021\227\376\201\266gn{\217l4X\305\353"
 267      93391197 
 267      FE81B667 
 267      6E7B8F6C 
 267      3458C5EB 
 268 01b6 B6B6F86D 		.ascii	"\266\266\370m\273\321`\235\324\301\366\337\366\311&"
 268      BBD1609D 
 268      D4C1F6DF 
 268      F6C926
 269 01c5 D1C5B854 		.ascii	"\321\305\270T\033,A\225 \032D\2423\213\210\366\277\337"
 269      1B2C4195 
ARM GAS  /tmp/ccGOMnVw.s 			page 21


 269      201A44A2 
 269      338B88F6 
 269      BFDF
 270 01d7 3663CD0C 		.ascii	"6c\315\014S|x\224`\025\0258\013y0\200\02118\007\231"
 270      537C7894 
 270      60151538 
 270      0B793080 
 270      11313807 
 271 01ec 4690C2B6 		.ascii	"F\220\302\266w$tC\261o\321\264\200\221\013\251\027%"
 271      77247443 
 271      B16FD1B4 
 271      80910BA9 
 271      1725
 272 01fe 33047633 		.ascii	"3\004v3\270\356\256\205,\374\224\005\251\340tR}\315"
 272      B8EEAE85 
 272      2CFC9405 
 272      A9E07452 
 272      7DCD
 273 0210 00DEFAE8 		.ascii	"\000\336\372\350\3068\254\350\322\264\014A\227 \277"
 273      C638ACE8 
 273      D2B40C41 
 273      9720BF
 274 021f FFAB14FF 		.ascii	"\377\253\024\377=\3273?\035O\000\257\020M\214\366\327"
 274      3DD7333F 
 274      1D4F00AF 
 274      104D8CF6 
 274      D7
 275 0230 0D114AC7 		.ascii	"\015\021J\307uR\033\303\262p\376\231\021\342\005\314"
 275      75521BC3 
 275      B270FE99 
 275      11E205CC 
 276 0240 FFBCC8FF 		.ascii	"\377\274\310\377SXab'\016\316nK\263\3100\214r\264\241"
 276      53586162 
 276      270ECE6E 
 276      4BB3C830 
 276      8C72B4A1 
 277 0254 55FB1C2C 		.ascii	"U\373\034,\270\305L\242\356Q\334\035\347S\364\360\354"
 277      B8C54CA2 
 277      EE51DC1D 
 277      E753F4F0 
 277      EC
 278 0265 5C8DA68F 		.ascii	"\\\215\246\217\025\354:\220}\0370\322H8H\200m\3021\224"
 278      15EC3A90 
 278      7D1F30D2 
 278      48384880 
 278      6DC23194 
 279 0279 F15155F0 		.ascii	"\361QU\360\260\252x\330\254x\244\332\350H\305\303n\247"
 279      B0AA78D8 
 279      AC78A4DA 
 279      E848C5C3 
 279      6EA7
 280 028b 230D8FB4 		.ascii	"#\015\217\264tFt\031@K\223\0114\374Y@\313\227\0154\216"
 280      74467419 
 280      404B9309 
 280      34FC5940 
 280      CB970D34 
 281 02a0 398CD69E 		.ascii	"9\214\326\236\325qFM\223A\323\031\333\312%\343\342\307"
ARM GAS  /tmp/ccGOMnVw.s 			page 22


 281      D571464D 
 281      9341D319 
 281      DBCA25E3 
 281      E2C7
 282 02b2 CB34049B 		.ascii	"\3134\004\233\277\313\242\360\242\234\266?\332:8g\015"
 282      BFCBA2F0 
 282      A29CB63F 
 282      DA3A3867 
 282      0D
 283 02c3 41C0AFC6 		.ascii	"A\300\257\306\270#\202Ud\360\005\204\000i\322\331u\010"
 283      B8238255 
 283      64F00584 
 283      0069D2D9 
 283      7508
 284 02d5 DCAEF9FD 		.ascii	"\334\256\371\375B\271a\015Q\334\363\353\020\334Y\015"
 284      42B9610D 
 284      51DCF3EB 
 284      10DC590D 
 285 02e5 86404219 		.ascii	"\206@B\031\255\3224T\365\311\206(=\2111#\202\325fp\221"
 285      ADD23454 
 285      F5C98628 
 285      3D893123 
 285      82D56670 
 286 02fa 18114005 		.ascii	"\030\021@\005\217\361{\210\270i\252\265\312F D\034\234"
 286      8FF17B88 
 286      B869AAB5 
 286      CA462044 
 286      1C9C
 287 030c 1B3D21D5 		.ascii	"\033=!\325s1\010T\316_C\327\366)-\260\333\217S\327\354"
 287      73310854 
 287      CE5F43D7 
 287      F6292DB0 
 287      DB8F53D7 
 288 0321 138386D4 		.ascii	"\023\203\206\324p\211\272\205\352\266\236\326\031[q"
 288      7089BA85 
 288      EAB69ED6 
 288      195B71
 289 0330 27E5944B 		.ascii	"'\345\224K\0239\002-\000\017\213N\302\227P\034\345\031"
 289      1339022D 
 289      000F8B4E 
 289      C297501C 
 289      E519
 290 0342 E4A0614B 		.ascii	"\344\240aKtx\255\021\225\222\314\371\001\374+\351(\221"
 290      7478AD11 
 290      9592CCF9 
 290      01FC2BE9 
 290      2891
 291 0354 3EE2341B 		.ascii	">\3424\033\334\333r\271S\242\234hS_\305\036\301e(Fw"
 291      DCDB72B9 
 291      53A29C68 
 291      535FC51E 
 291      C1652846 
 292 0369 6394D834 		.ascii	"c\224\3304T7;D\303\223\262\317\214\2107\343\270\221"
 292      54373B44 
 292      C393B2CF 
 292      8C8837E3 
 292      B891
ARM GAS  /tmp/ccGOMnVw.s 			page 23


 293 037b BD12E5E8 		.ascii	"\275\022\345\350\021w\350^\012\257{\252\255\327b\204"
 293      1177E85E 
 293      0AAF7BAA 
 293      ADD76284 
 294 038b 473B5A1F 		.ascii	"G;Z\037\374aL\245\035\345\242\002\372H\347%\207\210"
 294      FC614CA5 
 294      1DE5A202 
 294      FA48E725 
 294      8788
 295 039d 16FD4DD0 		.ascii	"\026\375M\320\224dEy\026|e\006\333~d\317P\232\273\235"
 295      94644579 
 295      167C6506 
 295      DB7E64CF 
 295      509ABB9D 
 296 03b1 9692A2C9 		.ascii	"\226\222\242\311\206+\030m\2431x\023\340\026\374\375"
 296      862B186D 
 296      A3317813 
 296      E016FCFD 
 297 03c1 1DDCA0B7 		.ascii	"\035\334\240\267&\361\345\376=\031\252\226\300\327\202"
 297      26F1E5FE 
 297      3D19AA96 
 297      C0D782
 298 03d0 0B886B52 		.ascii	"\013\210kRp\005\337\251\331kr\331\014\272\303\341#\325"
 298      7005DFA9 
 298      D96B72D9 
 298      0CBAC3E1 
 298      23D5
 299 03e2 E205930A 		.ascii	"\342\005\223\012\011\006W\221H\214\312\324\343\206U"
 299      09065791 
 299      488CCAD4 
 299      E38655
 300 03f1 6AF2A4D8 		.ascii	"j\362\244\330QF\305\024V\363\\i(\307\3325i\346\354\344"
 300      5146C514 
 300      56F35C69 
 300      28C7DA35 
 300      69E6ECE4 
 301 0405 24552F27 		.ascii	"$U/'\"\336\320\337\030\325S\205\363t\204-\256\326Rl"
 301      22DED0DF 
 301      18D55385 
 301      F374842D 
 301      AED6526C 
 302 0419 E435702E 		.ascii	"\3445p.\026\321f}\013\316(\317\216\361\373\221_\276"
 302      16D1667D 
 302      0BCE28CF 
 302      8EF1FB91 
 302      5FBE
 303 042b 5B679C11 		.ascii	"[g\234\021\361\3171ep\343\333\343\001\366=\004r\315"
 303      F1CF3165 
 303      70E3DBE3 
 303      01F63D04 
 303      72CD
 304 043d 4098D820 		.ascii	"@\230\330 \370s\203\030[UX\350\302o\205\327WV\261\326"
 304      F8738318 
 304      5B5558E8 
 304      C26F85D7 
 304      5756B1D6 
 305 0451 EBDBB4AC 		.ascii	"\353\333\264\254\274\334\343Z\371L\331s\353\227\255"
ARM GAS  /tmp/ccGOMnVw.s 			page 24


 305      BCDCE35A 
 305      F94CD973 
 305      EB97AD
 306 0460 5EFDA4CB 		.ascii	"^\375\244\313\343+\333\350\365\275\356Z\371B\361\362"
 306      E32BDBE8 
 306      F5BDEE5A 
 306      F942F1F2 
 307 0470 27DC45AB 		.ascii	"'\334E\253\\\033\213\\\245h\362\362\274\240p\015SK+"
 307      5C1B8B5C 
 307      A568F2F2 
 307      BCA0700D 
 307      534B2B
 308 0483 8B97AF71 		.ascii	"\213\227\257q\027\275\"\227z<>\331SZY\312_\333\260N"
 308      17BD2297 
 308      7A3C3ED9 
 308      535A59CA 
 308      5FDBB04E 
 309 0497 A92C5BE7 		.ascii	"\251,[\347]\277\2412\365\015_Y\245\227\244\205n\353"
 309      5DBFA132 
 309      F50D5F59 
 309      A597A485 
 309      6EEB
 310 04a9 C2F31F56 		.ascii	"\302\363\037V\303dH"
 310      C36448
 311              		.text
 312              		.section	.gnu.lto_.symbol_nodes.e0f041e74533a5bc,"e",%progbits
 313 0000 789C75CE 		.ascii	"x\234u\316\273\021\302@\014E\321\247\247\265\327v\023"
 313      BB11C240 
 313      0C45D1A7 
 313      A7B5D776 
 313      13
 314 0011 24140295 		.ascii	"$\024\002\225\311\001\0050\324\300\014\346\217Sbb\002"
 314      C9010530 
 314      D4C00CE6 
 314      8F536262 
 314      02
 315 0022 6A7001C4 		.ascii	"jp\001\304$\260\260\006\222\265\242;:\012T@\260\020"
 315      24B0B006 
 315      92B5A23B 
 315      3A0A5440 
 315      B010
 316 0034 005CD150 		.ascii	"\000\\\321P\207q2\277\002\006\234\353)\336\00264\031"
 316      877132BF 
 316      02069CEB 
 316      29DE0236 
 316      3419
 317 0046 A0358D03 		.ascii	"\2405\215\003\264\241\351\000mi.M\262\243e\317~F\037"
 317      B4A1E900 
 317      6D692E4D 
 317      B2A365CF 
 317      7E461F
 318 0059 46786B12 		.ascii	"Fxk\022dO\313\323\322\322|ZN\264\"-GZ\231\226\003\255"
 318      644FCBD3 
 318      D2D27C5A 
 318      4EB4222D 
 318      475A9996 
 319 006f 4A8A228B 		.ascii	"J\212\"\213O/E\345\237\314c\316Bf\267\373\243\021\351"
ARM GAS  /tmp/ccGOMnVw.s 			page 25


 319      4F2F45E5 
 319      9FCC63CE 
 319      4266B7FB 
 319      A311E9
 320 0082 72D57E7B 		.ascii	"r\325~{\021uU\314\261\272\362w\352\212\230]\310\357"
 320      117555CC 
 320      B1BAF277 
 320      EA8A985D 
 320      C8EF
 321 0094 A957E7FB 		.ascii	"\251W\347\373\255\307\013\253\313\205\277"
 321      ADC70BAB 
 321      CB85BF
 322              		.text
 323              		.section	.gnu.lto_.refs.e0f041e74533a5bc,"e",%progbits
 324 0000 789CE360 		.ascii	"x\234\343``\004B \000\000\000]\000\013"
 324      60044220 
 324      0000005D 
 324      000B
 325              		.text
 326              		.section	.gnu.lto_.decls.e0f041e74533a5bc,"e",%progbits
 327 0000 789CAD59 		.ascii	"x\234\255YyPT\331z\357sO\323M7\333\004\235\347d4\365"
 327      795054D9 
 327      7AEF734F 
 327      D34D37DB 
 327      049DE764 
 328 0016 665E9879 		.ascii	"f^\230yy5aZ\035\2532S\371g\034\347U^*3/U3&U\246*\325"
 328      7935615A 
 328      1DAB3253 
 328      F9671CE7 
 328      555E2A33 
 329 0032 AF85AB74 		.ascii	"\257\205\253t\036\3334\215\243\251JrYDVe\021\001Ae\225"
 329      1EDB348D 
 329      A3A94A72 
 329      59445665 
 329      11014165 
 330 0047 7D517470 		.ascii	"}QtpA\331\\@E\004\021\334P@A\021\025E\001\025\201|\347"
 330      41D95C40 
 330      450411DC 
 330      50404111 
 330      15450115 
 331 005e 9C7B9B7B 		.ascii	"\234{\233{\351n\235\227\227\326\217>\347\273\337\362"
 331      E96E9D97 
 331      97D68F3E 
 331      E7BBDFF2 
 332 006e FB7D67B9 		.ascii	"\373}g\271\367\236vU!\325\330/U\252#j\225\312\025\253"
 332      F79E7655 
 332      21D5D82F 
 332      55AA236A 
 332      95CA15AB 
 333 0082 5473F0D1 		.ascii	"Ts\360\321\250T\252N\020w\220\313 \275 \027@n\200\334"
 333      A854AA4E 
 333      107790CB 
 333      20BD2017 
 333      406E80DC 
 334 0096 04E90719 		.ascii	"\004\351\007\031\000\031\004\271\0032\004\262\016\304"
 334      001904B9 
 334      033204B2 
ARM GAS  /tmp/ccGOMnVw.s 			page 26


 334      0EC4
 335 00a4 5BC53E6E 		.ascii	"[\305>n \317A\246A0R\251\364 \336 KA>\006\371[\220\277"
 335      20CF41A6 
 335      413052A9 
 335      F420DE20 
 335      4B413E06 
 336 00bc 07590DF2 		.ascii	"\007Y\015\362[\244\262\373\214\200\316\013\276\307\305"
 336      5BA4B2FB 
 336      8C80CE0B 
 336      BEC7C5
 337 00cb 988B6538 		.ascii	"\230\213e8\010\206\375$\216\210\261\030\332% \245h\036"
 337      0886FD24 
 337      8E88B118 
 337      DA2520A5 
 337      681E
 338 00dd DBFBD0E6 		.ascii	"\333\373\320\346\340\373\"H\207\212\265\011\236\245"
 338      E0FB2248 
 338      878AB509 
 338      9EA5
 339 00eb 0E724D39 		.ascii	"\016rM9\311%\361\353\225\345[\347 \247\243\\\323Nri"
 339      C925F1EB 
 339      95E55BE7 
 339      20A7A35C 
 339      D34E7269 
 340 00ff 39167F61 		.ascii	"9\026\177a\256A1\237<\327\022\007\371\312@\356\212\034"
 340      AE41319F 
 340      3CD71207 
 340      F9CA40EE 
 340      8A1C
 341 0111 3F72921F 		.ascii	"?r\222\037\2135\377\0309\306\360.\307r;\302@\362W\242"
 341      8B35FF18 
 341      39C6F02E 
 341      C7723BC2 
 341      40F257A2 
 342 0125 790CCB1C 		.ascii	"y\014\313\034\344\257B\363\343\377\221\003\356z1\367"
 342      E4AF42F3 
 342      E3FF9103 
 342      EE7A31F7 
 343 0135 C2CF4770 		.ascii	"\302\317Gp\361\257\234\344\035R\315\217\355F\025\033"
 343      F1AF9CE4 
 343      1D52CD8F 
 343      ED46151B 
 344 0145 4709C3BF 		.ascii	"G\011\303\277\211u\250\206\376\327 5 _\202\034\000\251"
 344      8975A886 
 344      FED72035 
 344      205F821C 
 344      00A9
 345 0157 43F6F806 		.ascii	"C\366\370\006d\3659\002\362\311\002\214dn{\213\363n"
 345      64F53902 
 345      F2C9028C 
 345      646E7B8B 
 345      F36E
 346 0169 B5380FA5 		.ascii	"\2658\017\2459\271\360\223\201\321\255\310=/\334\267"
 346      39B9F093 
 346      81D1ADC8 
 346      3D2FDCB7 
 347 0179 63E4AD47 		.ascii	"c\344\255Gj\350\356<w\250M\017\335\305z\364\001tcN'"
ARM GAS  /tmp/ccGOMnVw.s 			page 27


 347      6AE8EE3C 
 347      77A84D0F 
 347      DDC57AF4 
 347      0174634E 
 348 018e 1FF76057 		.ascii	"\037\367`W9\350\346]\271\024\211\330\325w\240[\376\360"
 348      39E8E65D 
 348      B91489D8 
 348      D577A05B 
 348      FEF0
 349 01a0 601BC61C 		.ascii	"`\033\306\034\"q\332\256\305<Pc-m\327\035\254\352u1"
 349      2271DAAE 
 349      C53C5063 
 349      2D6DD71D 
 349      ACEA7531 
 350 01b4 540AECE3 		.ascii	"T\012\354\343\232\205U\250\001\341\371\234\263\021\261"
 350      9A8555A8 
 350      01E1F99C 
 350      B311B1
 351 01c3 CDEEF83B 		.ascii	"\315\356\370;j\2336\226\266O\273(E\264\025\020E\211"
 351      6A9B3696 
 351      B64FBB28 
 351      45B41510 
 351      4589
 352 01d5 9A1046CD 		.ascii	"\232\020F\315h\021jD\006\321\347u\326\275\004\016\233"
 352      68116A44 
 352      06D1E775 
 352      D6BD040E 
 352      9B
 353 01e6 A84FFA5C 		.ascii	"\250O\372\\\333\357\354\\Z\354\\R/^\033\326\271\307"
 353      DBEFEC5C 
 353      5AEC5C52 
 353      2F5E1BD6 
 353      B9C7
 354 01f8 0B42A490 		.ascii	"\013B\244\220\033%\350~\207N\301\345\343h):\206\226"
 354      1B25E87E 
 354      874EC1E5 
 354      E368293A 
 354      8696
 355 020a 82C369E4 		.ascii	"\202\303i\344\316\354\032\346v5\250\031IW\022\275\254"
 355      CEEC1AE6 
 355      7635A819 
 355      495712BD 
 355      AC
 356 021b E9B53B23 		.ascii	"\351\265;#\331H.\357\254\255\334\252\303?\320\314\005"
 356      D9482EEF 
 356      ACADDCAA 
 356      C33FD0CC 
 356      05
 357 022c 872B4BBC 		.ascii	"\207+K\274\340\332\307z47\207Aqv\354Q7b\012r\275;*\376"
 357      E0DAC77A 
 357      34378741 
 357      7176EC51 
 357      37620A72 
 358 0244 B627DE44 		.ascii	"\266'\336D\333w\007:_\350\365\261$}r\224\340\3627*t"
 358      DB77073A 
 358      5FE8F5B1 
 358      247D7294 
ARM GAS  /tmp/ccGOMnVw.s 			page 28


 358      E0F2372A 
 359 0259 0272D743 		.ascii	"\002r\327Cnt\036Q\017\200\212\316\201\256\015t\031\030"
 359      6E741E51 
 359      0F808ACE 
 359      81AE0D74 
 359      1918
 360 026b 0FA5568C 		.ascii	"\017\245V\214\350\320\"\037\037J-\231PS\253\320Y08C"
 360      E8D0221F 
 360      1F4A2D99 
 360      5053ABD0 
 360      59303843 
 361 027f 01B73376 		.ascii	"\001\2673v\350\"\362A\035\310\207\260\314'\321\033\357"
 361      E822F241 
 361      1DC887B0 
 361      CC27D11B 
 361      EF
 362 0290 95F8645F 		.ascii	"\225\370d_\275/\010\251\357\021R\350$DoWP5\220?+\226"
 362      BD2F08A9 
 362      EF1152E8 
 362      24446F57 
 362      5035903F 
 363 02a6 4AF63DD9 		.ascii	"J\366=\331\336\251QB\311\037\320\005\244G\255\242\265"
 363      DEA95142 
 363      C91FD005 
 363      A447ADA2 
 363      B5
 364 02b7 044EB43E 		.ascii	"\004N\264>N\232\300\342T\312\3013\032|\026QJ\025\373"
 364      4E9AC0E2 
 364      54CAC133 
 364      1A7C1651 
 364      4A15FB
 365 02ca 462F8883 		.ascii	"F/\210\203\225,D+\340\241Kb\234\005\010\301k\250\356"
 365      952C442B 
 365      E0A14B62 
 365      9C0508C1 
 365      6BA8EE
 366 02dd EC84463E 		.ascii	"\354\204F>\016\235\012p]\3228\274j\272Z\344&\331E;\261"
 366      0E9D0A70 
 366      5DD238BC 
 366      6ABA5AE4 
 366      26D9453B 
 367 02f2 4397913B 		.ascii	"C\227\221;\330\326\307\314\234\324B\335\177M\006bn\316"
 367      D8D6C7CC 
 367      9CD442DD 
 367      7F4D0662 
 367      6ECE
 368 0304 4B3614BF 		.ascii	"K6\024\277fC\361\244&i\257\036\3670\340\217&\023\013"
 368      6643F1A4 
 368      2669AF1E 
 368      F730E08F 
 368      26130B
 369 0317 D46C2C68 		.ascii	"\324l,hh\225-.\352A\324\205\300\276\002\272n\242\353"
 369      68952D2E 
 369      EA41D485 
 369      C0BE02BA 
 369      6EA2EB
 370 032a 457A706A 		.ascii	"Ezpj\354Oz\211!\3402\310\201d\011\226\261\004\245\373"
ARM GAS  /tmp/ccGOMnVw.s 			page 29


 370      EC4F7A89 
 370      21E032C8 
 370      81640996 
 370      B104A5FB 
 371 033e 4A4E79E0 		.ascii	"JNy\340\001\226`\264\243\261\326\215%\020\012\004\374"
 371      019660B4 
 371      A3B1D68D 
 371      25100A04 
 371      FC
 372 034f 9E0A7DB6 		.ascii	"\236\012}\266\024-\207P\327\021u \341\257A\370\253$"
 372      142D8750 
 372      D7117520 
 372      E1AF41F8 
 372      AB24
 373 0361 FC0D1A7E 		.ascii	"\374\015\032~\366\360\356\022\265\274,\240\226\321\275"
 373      F6F0EE12 
 373      B5BC2CA0 
 373      96D1BD
 374 0370 C9E8DE54 		.ascii	"\311\350\336T\320]gOw\035CS\370r\254\316\035\21704\311"
 374      D05D674F 
 374      771D4353 
 374      F872ACCE 
 374      1D8F3034 
 375 0385 8D2FC73D 		.ascii	"\215/\307=\035\323\275\215\250\013\301s\013t}D\327O"
 375      1DD3BD8D 
 375      A80BC173 
 375      0B747D44 
 375      D74F
 376 0397 F1DC7C18 		.ascii	"\361\334|\030\371\322C^~\207x\006(\236\322\302\226\013"
 376      F9D2435E 
 376      7E877806 
 376      289ED2C2 
 376      960B
 377 03a9 36BAD16F 		.ascii	"6\272\321o\241;H\303_\031\313\330\306I\230\204\267b"
 377      A13B48C3 
 377      5F19CBD8 
 377      C6499884 
 377      B762
 378 03bb BA439D86 		.ascii	"\272C\235\206\247\216Ns\362\032\015*0\335\225\246\316"
 378      A78E4E73 
 378      F21A0D2A 
 378      30DD95A6 
 378      CE
 379 03cc C068DA73 		.ascii	"\300h\332s/9vGvh\210b\317\353\353o\320\015@R\262k\""
 379      2F397647 
 379      76688862 
 379      CFEBEB6F 
 379      D00D4052 
 380 03e3 741FF62C 		.ascii	"t\037\366,\362\217\374a;\011\371F\244MdN\372 \362\021"
 380      F28FFC61 
 380      3B09F946 
 380      A44D644E 
 380      FA20F211 
 381 03f7 EDD81731 		.ascii	"\355\330\0271`:\366%\375a:N\214\302\211\373\036b>,:"
 381      603AF625 
 381      FD613A4E 
 381      8CC289FB 
ARM GAS  /tmp/ccGOMnVw.s 			page 30


 381      1E623E2C 
 382 040c EDCA42B3 		.ascii	"\355\312B\263\353H\274.\005a\016\014\325\274\243\250"
 382      EB48BC2E 
 382      05610E0C 
 382      D5BCA3A8 
 383 041c E2C47472 		.ascii	"\342\304tr\017d\207x>\240\312\026T\372 \333\206<\327"
 383      0F648778 
 383      3EA0CA16 
 383      54FA20DB 
 383      863CD7
 384 042f DDDCAA1B 		.ascii	"\335\334\252\033D\375\021\260\260kfr}T\3103\371\003"
 384      44FD11B0 
 384      B06B6672 
 384      7D54C833 
 384      F903
 385 0441 15DB9FB3 		.ascii	"\025\333\237\263\257\014\252q\002\333\344g\207/t\"\307"
 385      AF0CAA71 
 385      02DBE467 
 385      872F7422 
 385      C7
 386 0452 63E86019 		.ascii	"c\350`\031\201\303TYZ\247\273\032J\200F`@\302\325Dw"
 386      81C35459 
 386      5AA7BB1A 
 386      4A804660 
 386      40C2D544 
 387 0467 63EB81ED 		.ascii	"c\353\201\355h\341\366\255B\243\212\275\373\311\344"
 387      68E1F6AD 
 387      42A38ABD 
 387      FBC9E4
 388 0476 68B45A32 		.ascii	"h\264Z2\212\226\366x\262\307(\355\022{\272\266z\311"
 388      8A96F678 
 388      B2C728ED 
 388      127BBAB6 
 388      7AC9
 389 0488 27C843C5 		.ascii	"'\310C\305\236\361H\232 C\373[O\272Q \240B\017\020E"
 389      9EF1489A 
 389      2043FB5B 
 389      4FBA5120 
 389      A0420F10 
 390 049d 521F3371 		.ascii	"R\0373q\236\354\364K`U\221~OB\332y-\353\013\377\003"
 390      9EECF44B 
 390      6055917E 
 390      4F42DA79 
 390      2DEB0BFF 
 391 04b2 FDAC82E1 		.ascii	"\375\254\202\341\177\302y\214\372\355\342\255\307(u"
 391      7FC2798C 
 391      FAEDE2AD 
 391      C72875
 392 04c1 61C1027F 		.ascii	"a\301\002\177\212\250\003!\376\004\362\2161\342O\353"
 392      8AA80321 
 392      FE04F28E 
 392      31E24FEB 
 393 04d1 BB1AB44B 		.ascii	"\273\032\264K\322\351N\031%\274\303\241q\340?\277\305"
 393      D2E94E19 
 393      25BCC3A1 
 393      71E03FBF 
 393      C5
ARM GAS  /tmp/ccGOMnVw.s 			page 31


 394 04e2 3E434B54 		.ascii	">CKT\3501\240\240\340\366\354\234\310\303\277\312\025"
 394      E831A0A0 
 394      E0F6EC9C 
 394      C8C3BFCA 
 394      15
 395 04f3 FAFB85C6 		.ascii	"\372\373\205\306\336\213\237\027\237\216\021.\201\343"
 395      DE8B9F17 
 395      9F8E112E 
 395      81E3
 396 0501 97D40EDD 		.ascii	"\227\324\016\335\207\004\"a\322V\241{0\273\3210\254"
 396      87042261 
 396      D256A17B 
 396      30BBD130 
 396      AC
 397 0512 44503C47 		.ascii	"DP<G\277\"\325z0\362\332\003O0\244\216j\376\364\311"
 397      BF22D57A 
 397      30F2DA03 
 397      4F30A48E 
 397      6AFEF4C9 
 398 0526 4E81D127 		.ascii	"N\201\321'\213z\222\321\277Rx\253@K\225\260\266\321"
 398      8B7A92D1 
 398      BF5278AB 
 398      404B95B0 
 398      B6D1
 399 0538 145346EE 		.ascii	"\024SF\356\032\277\346e+\324\013\246,\212\230\334\313"
 399      1ABFE665 
 399      2BD40BA6 
 399      2C8A98DC 
 399      CB
 400 0549 3967F38A 		.ascii	"9g\363\212\260y)\261\351k\235\212\365\024\331\274\372"
 400      B07929B1 
 400      E96B9D8A 
 400      F514D9BC 
 400      FA
 401 055a CBDD4223 		.ascii	"\313\335B#\354\021\002G\214\320\204\214\312\304B*\323"
 401      EC110247 
 401      8CD0848C 
 401      CAC4422A 
 401      D3
 402 056b 94CAC5BE 		.ascii	"\224\312\305\276\366D\216\334Y\177\036\225\031GTf\231"
 402      F6448EDC 
 402      597F1E95 
 402      19475466 
 402      99
 403 057c F2F5B1AC 		.ascii	"\362\365\261\254Zd\263\234c\312\262\222\276U6z\002G"
 403      5A64B39C 
 403      63CAB292 
 403      BE55367A 
 403      0247
 404 058e 75ED45AD 		.ascii	"u\355E\255_9g\027\311\001\273\010Ndw\373tB\2514V\347"
 404      5F396717 
 404      C901BB08 
 404      4E6477FB 
 404      7442A934 
 405 05a4 96D9D881 		.ascii	"\226\331\330\201\021z-c\367z!\273(\216\260+\315<\260"
 405      117A2D63 
 405      F77A21BB 
ARM GAS  /tmp/ccGOMnVw.s 			page 32


 405      288EB02B 
 405      CD3CB0
 406 05b7 4D834B7F 		.ascii	"M\203K\177.\273\255\014_u]{\257\306\246\214a\312\307"
 406      2EBBAD0C 
 406      5F755D7B 
 406      AFC6A68C 
 406      61CAC7
 407 05ca B531AFDD 		.ascii	"\2651\257\335mL\2661ew\313\216.7\347T\342\010\225X\211"
 407      6D4CB631 
 407      6577CB8E 
 407      2E37E754 
 407      E2089558 
 408 05df 4ACDAD98 		.ascii	"J\315\255\230\034\265H\245\371\2276*`\204\242\271y*"
 408      1CB548A5 
 408      F997362A 
 408      6084A2B9 
 408      792A
 409 05f1 D0565289 		.ascii	"\320VR\211\247T\362\353\372S\324\270\351\347RId\000"
 409      A754F2EB 
 409      FA53D4B8 
 409      E9E75249 
 409      6400
 410 0603 93A24B26 		.ascii	"\223\242K&\030\025\330\223Q\022S\366\334\2704\242\265"
 410      1815D893 
 410      511253F6 
 410      DCB834A2 
 410      B5
 411 0614 596E67CA 		.ascii	"Yng\312K\271\257\232\\l\374v0\345\310\321K;]\234\363"
 411      4BB9AF9A 
 411      5C6CFC76 
 411      30E5C8D1 
 411      4B3B5D9C 
 412 0629 4B21FC92 		.ascii	"K!\374\222%~\371W\332\037\270\210\374\272~c\343\007"
 412      257EF957 
 412      DA1FB888 
 412      FCBA7E63 
 412      E307
 413 063b 462841C6 		.ascii	"F(A\306/a!\277T\312\357\320\344\330!5\276\346\234\337"
 413      2F6121BF 
 413      54CAEFD0 
 413      E4D82135 
 413      BEE69CDF 
 414 064f 9F764303 		.ascii	"\237vC\003\207\350\303\223\0278\032$\235\323\243\235"
 414      87E8C393 
 414      17381A24 
 414      9DD3A39D 
 415 065f 8CD1F98C 		.ascii	"\214\321\371\214\3762\215m\346\356b\312\027}I\331\036"
 415      FE328D6D 
 415      E6EE62CA 
 415      177D49D9 
 415      1E
 416 0670 54499ED0 		.ascii	"TI\236\3202\230\362UaQ=s'\017y\231L\371\244\250\267"
 416      3298F255 
 416      61513D73 
 416      270F7999 
 416      4CF9A4A8 
 417 0685 4AE7BC20 		.ascii	"J\347\274 \273IA\262\244\202<=\2353\356A\012\"\010\215"
ARM GAS  /tmp/ccGOMnVw.s 			page 33


 417      BB4941B2 
 417      A4823C3D 
 417      9D33EE41 
 417      0A22088D 
 418 0699 5333CBDB 		.ascii	"S3\313\333\242\022\222\204<D\255P\232\254\"\320f{r6"
 418      A2129284 
 418      3C44AD50 
 418      9AAC22D0 
 418      667B7236 
 419 06ad AD44F7C9 		.ascii	"\255D\367\311k\025\030g\252\235VBIl\217#b{\271\377["
 419      6B151867 
 419      AA9D5642 
 419      496C8F23 
 419      627BB9FF 
 420 06c2 CDCA9E5E 		.ascii	"\315\312\236^LgQr!\364>\026e\366\342\330\323\371I\224"
 420      4C675172 
 420      21F43E16 
 420      65F6E2D8 
 420      D3F94994 
 421 06d6 C794D1E9 		.ascii	"\307\224\321\351\303\367=m5\313g\312]\317\356\346\270"
 421      C3F73D6D 
 421      35CB67CA 
 421      5DCFEEE6 
 421      B8
 422 06e7 DA6A5620 		.ascii	"\332jV \"\353\214\357\367p^\263\"R\263B\251f\207\272"
 422      22EB8CEF 
 422      F7705EB3 
 422      2252B342 
 422      A96687BA 
 423 06fb 27477562 		.ascii	"'Gub\315\2567\340\335B3G,P\216\254^9R\275\366\323z\235"
 423      CDAE37E0 
 423      DD423347 
 423      2C508EAC 
 423      5E3952BD 
 424 0713 8B1BBAC1 		.ascii	"\213\033\272\301\341*V\257\366\352\221\004\015>\303"
 424      E12A56AF 
 424      F6EA9104 
 424      0D3EC3
 425 0722 3A35D9C3 		.ascii	":5\331\303\347\310DG%\324\0034U\025\3235z\012p\243\273"
 425      E7C84447 
 425      25D40334 
 425      5515D335 
 425      7A0A70A3 
 426 0737 58CDAE96 		.ascii	"X\315\256\226\326J/9\274\200_\310\320\225\023te\022"
 426      D64A2F39 
 426      BC805FC8 
 426      D0951374 
 426      6512
 427 0749 BAE2FC9A 		.ascii	"\272\342\374\232\022w\202.W\310\335-|\025)$\012\215"
 427      1277822E 
 427      57C8DD2D 
 427      7C152924 
 427      0A8D
 428 075b B7386284 		.ascii	"\2678b\204\212%\200\250\024\254I\227a\254\240\030\263"
 428      8A2580A8 
 428      14AC4997 
 428      61ACA018 
ARM GAS  /tmp/ccGOMnVw.s 			page 34


 428      B3
 429 076c CB8ED76A 		.ascii	"\313\216\327j\360yg\260j\"\032\213=p\027\273\234_\264"
 429      F07967B0 
 429      6A221A8B 
 429      3D7017BB 
 429      9C5FB4
 430 077f B74B472E 		.ascii	"\267KG.W\223\225R\305\212x\264*\275\007S\340wl\363\240"
 430      57939552 
 430      C58A78B4 
 430      2ABD0753 
 430      E0776CF3 
 431 0794 B338B580 		.ascii	"\2638\265\200\315\003\263;:\300\354R\037\327\267\331"
 431      CD03B33B 
 431      3AC0EC52 
 431      1FD7B7D9 
 432 07a4 081E14D7 		.ascii	"\010\036\024\327{T\342\244\347\207\327\325\373\004W"
 432      7B54E2A4 
 432      E787D7D5 
 432      FB0457
 433 07b3 9AED44D6 		.ascii	"\232\355D\326H\255\232\332\034\342>\244\232\311\301"
 433      48AD9ADA 
 433      1CE23EA4 
 433      9AC9C1
 434 07c2 A4342DBE 		.ascii	"\2444-\276\311\362?\335\367l?\031n\364"
 434      C9F23FDD 
 434      F76C3F19 
 434      6EF4
 435 07d0 13503A4C 		.ascii	"\023P:L\250\203\362\371\315\254z\027|\227Y\224g\024"
 435      A883F2F9 
 435      CDAC7A17 
 435      7C975994 
 435      6714
 436 07e2 5EA2048E 		.ascii	"^\242\004\216\020\204u,\313\355\301\370n\305-\030\000"
 436      1084752C 
 436      CBEDC1F8 
 436      6EC52D18 
 436      00
 437 07f3 88754447 		.ascii	"\210uDGII\216\221R\326J\245l\316\235\233\362`\245l\274"
 437      49498E91 
 437      52D64AA5 
 437      6CCE9D9B 
 437      F260A56C 
 438 0808 B7E7AF1B 		.ascii	"\267\347\257\033\016\336\027b\343\205\345B\017&\206"
 438      0EDE1762 
 438      E385E542 
 438      0F2686
 439 0817 A8D256CE 		.ascii	"\250\322V\316\032\342[)\225\3638-\347D\354h\263\032"
 439      1AE25B29 
 439      95F3382D 
 439      E744EC68 
 439      B31A
 440 0829 9F7379EB 		.ascii	"\237sy\353(\257\223j5P<\024.iN\212\223\265\243\371!"
 440      28AF936A 
 440      35503C14 
 440      2E694E8A 
 440      93B5A3F9 
 441 083e 760C18EC 		.ascii	"v\014\030\354\032\011\332\006\011\355\363\246\316\033"
ARM GAS  /tmp/ccGOMnVw.s 			page 35


 441      1A09DA06 
 441      09EDF3A6 
 441      CE1B
 442 084c CA818F15 		.ascii	"\312\201\217\025ns\304\010\325\333\220\236 H\353%\244"
 442      6E73C408 
 442      D5DB909E 
 442      2048EB25 
 442      A4
 443 085d 4D14E985 		.ascii	"M\024\351\205\311\303\327=\361\2603\244\351\371\247"
 443      C9C3D73D 
 443      F1B033A4 
 443      E9F9A7
 444 086c BA754E31 		.ascii	"\272uN1\234\"\030\302\245\333\2070\340\247\234z\002"
 444      9C2218C2 
 444      A5DB8730 
 444      E0A79C7A 
 444      02
 445 087d 4C3D3041 		.ascii	"L=0A\3156\004-\004A\263\204\3404E\320Rwc\204c\257\333"
 445      CD36042D 
 445      0441B384 
 445      E03445D0 
 445      52776384 
 446 0894 CB33E64F 		.ascii	"\3133\346O\034\274\331\211\203t\304\340\315\216\030"
 446      1CBCD989 
 446      8374C4E0 
 446      CD8E18
 447 08a3 2AE7EE65 		.ascii	"*\347\356e{\261\227q\201\274\203\235j\277^\347\211\247"
 447      7BB19771 
 447      81BC839D 
 447      6ABF5EE7 
 447      89A7
 448 08b5 19FC92AD 		.ascii	"\031\374\222\255OR58J\303^\315\363\306'\3648\216u\032"
 448      4F523538 
 448      4AC35ECD 
 448      F3C627F4 
 448      388E751A 
 449 08c9 2EEDD8EA 		.ascii	".\355\330\352\212Sh\307\245/\357\324\264\027\362\201"
 449      8A5368C7 
 449      A52FEFD4 
 449      B417F281 
 450 08d9 CF22F6FE 		.ascii	"\317\"\366\376;w\016'\035(\351\212\020\012\227\323\035"
 450      3B770E27 
 450      1D28E98A 
 450      100A97D3 
 450      1D
 451 08ea E43CE0ED 		.ascii	"\344<\340\355\342\344\317\215\354\205{\376\215\371b"
 451      E2E4CF8D 
 451      EC857BFE 
 451      8DF962
 452 08f9 1C6E3B24 		.ascii	"\034n;$\010q\356t\266\237sbO\337\231\231\303\343\271"
 452      0871EE74 
 452      B69F7362 
 452      4FDF9999 
 452      C3E3B9
 453 090c C5855142 		.ascii	"\305\205QB\353\037\350\346\327ng\277\340\205\374b\254"
 453      EB1FE8E6 
 453      D76E67BF 
ARM GAS  /tmp/ccGOMnVw.s 			page 36


 453      E085FC62 
 453      AC
 454 091d 3CFC05C7 		.ascii	"<\374\005\307\3464\272\342h\240\215[\212Z9\372n\314"
 454      E634BAE2 
 454      68A08D5B 
 454      8A5A39FA 
 454      6ECC
 455 092f B117EF4B 		.ascii	"\261\027\357K\234\017\352\004\271\010\322\301I/\340"
 455      9C0FEA04 
 455      B908D2C1 
 455      492FE0
 456 093e 47A26EE4 		.ascii	"G\242n\344 |\225\225\306\311\343w7'\177\254\036*\037"
 456      207C9595 
 456      C6C9E377 
 456      37277FAC 
 456      1E2A1F
 457 0951 D9E3866F 		.ascii	"\331\343\206o1\217\234\375\257\177o\367(~\005@*}\236"
 457      318F9CFD 
 457      AF7F6FF7 
 457      287E0540 
 457      2A7D9E
 458 0964 C45FB8AD 		.ascii	"\304_\270\255\225?\212\367(8\364r\342\243x~i\334\036"
 458      953F8AF7 
 458      2838F472 
 458      E2A3787E 
 458      69DC1E
 459 0977 57FC94C5 		.ascii	"W\374\224\305\216\031o\333\256\303S\254SZ\230\222\257"
 459      8E196FDB 
 459      AEC353AC 
 459      535A9892 
 459      AF
 460 0988 C111EC10 		.ascii	"\301\021\354\020iw\177y\236\273\343[\305u\316\321\273"
 460      69777F79 
 460      9EBBE35B 
 460      C575CED1 
 460      BB
 461 0999 46F681F2 		.ascii	"F\366\201\362aw\034O\275]\306\036\345Nx\2221_\344\303"
 461      61771C4F 
 461      BD5DC61E 
 461      E54E7892 
 461      315FE4C3 
 462 09ad 4A3C3C2B 		.ascii	"J<<+\016\010\340@\227!@\377\233\007\260\371\277\341"
 462      0E08E040 
 462      972140FF 
 462      9B07B0F9 
 462      BFE1
 463 09bf 81215A43 		.ascii	"\201!ZC\315\257:1\237\037\300\341\031o\026\375\006\334"
 463      CDAF3A31 
 463      9F1FC0E1 
 463      196F16FD 
 463      06DC
 464 09d1 A5AED999 		.ascii	"\245\256\331\231\277u\374\372\305\361\033\200q\273\015"
 464      BF75FCFA 
 464      C5F11B80 
 464      71BB0D
 465 09e0 720BA48F 		.ascii	"r\013\244\217\223\035\3614\377\027\203C\342\337t\034"
 465      931DF134 
ARM GAS  /tmp/ccGOMnVw.s 			page 37


 465      FF178343 
 465      E2DF741C 
 466 09f0 7F053DB0 		.ascii	"\177\005=\260\301\227\357OWx \237\305\2047\334\263\036"
 466      C197EF4F 
 466      5778209F 
 466      C58437DC 
 466      B31E
 467 0a02 CFEA23A8 		.ascii	"\317\352#\250'x\300^\315-\226e\265\271\245:FE\254\011"
 467      2778C05E 
 467      CD2D9665 
 467      B5B9A53A 
 467      4645AC09 
 468 0a16 AA414073 		.ascii	"\252A@s\327\206\006\202v\305a\026\264\353\015A\311\215"
 468      D7860682 
 468      76C56116 
 468      B4EB0D41 
 468      C98D
 469 0a28 BA326B4A 		.ascii	"\2722kJ\203w\262\001\035M\251L\324:>\017\033\342\034"
 469      8377B201 
 469      1D4DA94C 
 469      D43A3E0F 
 469      1BE21C
 470 0a3b 9C87A1CA 		.ascii	"\234\207\241\312\237\022\263\265l+x\217\234p\314\354"
 470      9F12B3B5 
 470      6C2B788F 
 470      9C70CCEC 
 471 0a4b F0C07BC5 		.ascii	"\360\300{\305X\303\345=\034.b\235\350mYm\234\335y\340"
 471      58C3E53D 
 471      1C2E629D 
 471      E86D596D 
 471      9CDD79E0 
 472 0a5f 08C47CA0 		.ascii	"\010\304|\240\230\240\265s\2451\030W\213N\023\373&]"
 472      98A0B573 
 472      A5311857 
 472      8B4E13FB 
 472      265D
 473 0a71 EC9C46ED 		.ascii	"\354\234F\355\234v\225\267\357qU\274`**\377H\232\325"
 473      9C7695B7 
 473      EF7155BC 
 473      602A2AFF 
 473      489AD5
 474 0a84 4753521F 		.ascii	"GSR\037\271\342#,\370\335\216CM\032gN\3501$\261\371"
 474      B9E2232C 
 474      F8DD8E43 
 474      4D1A674E 
 474      E83124B1 
 475 0a99 1D693899 		.ascii	"\035i8\231\243\305\347\231_\371T\364a/\334\311:\257"
 475      A3C5E799 
 475      5FF954F4 
 475      612FDCC9 
 475      3AAF
 476 0aab D28E1E76 		.ascii	"\322\216\036v\303\275\254\223|\363e\275\033\356c\235"
 476      C3BDAC93 
 476      7CF365BD 
 476      1BEE639D 
 477 0abb 8EF3833C 		.ascii	"\216\363\203<\036d\355\301\347\225\305\366\344\237C"
 477      1E64EDC1 
ARM GAS  /tmp/ccGOMnVw.s 			page 38


 477      E795C5F6 
 477      E49F43
 478 0aca 8A09058F 		.ascii	"\212\011\005\217\361\216\214\015x\224\371\244\235\213"
 478      F18E8C0D 
 478      7894F9A4 
 478      9D8B
 479 0ad8 1BD5DBF9 		.ascii	"\033\325\333\371L\332\371te\266.\221\263\230RP\177!"
 479      4CDAF974 
 479      65B62E91 
 479      B3985250 
 479      7F21
 480 0aea 51C86D1E 		.ascii	"Q\310m\036\360\305\22344\216\232\036\376W\247G\230\024"
 480      F0C59334 
 480      348E9A1E 
 480      FE57A747 
 480      9814
 481 0afc D62B71AA 		.ascii	"\326+q\252\277\206I5-\237\342\267\347\360\216\226\355"
 481      BF864935 
 481      2D9FE2B7 
 481      E7F08E96 
 481      ED
 482 0b0d 49426E24 		.ascii	"IBn$&\261\321K\321\330\3212b\036\343\357\261EA\254\237"
 482      26B1D14B 
 482      D1D8D132 
 482      621EE3EF 
 482      B14541AC 
 483 0b22 39B61627 		.ascii	"9\266\026'bzZ\346\020^\344\030\324\244cP\344\005\262"
 483      627A5AE6 
 483      105EE418 
 483      D4A46350 
 483      E405B2
 484 0b35 A8E3AA2B 		.ascii	"\250\343\252+.uec\372\254\342\271\227]\321f\301yNQ\264"
 484      2E756563 
 484      FAACE2B9 
 484      975DD166 
 484      C1794E51 
 485 0b4a A6996B39 		.ascii	"\246\231k9z|\22095\035\032\252\362\264s\022\360B\247"
 485      7A7C9039 
 485      351D1AAA 
 485      F2B47312 
 485      F042A7
 486 0b5d 83111537 		.ascii	"\203\021\0257\024{g\004\226S\211\304\254\324\352\330"
 486      147B6704 
 486      965389C4 
 486      ACD4EAD8 
 487 0b6d 9F465239 		.ascii	"\237FR94\277\253]\336\341\362\232\3358`B\241\247\000"
 487      34BFAB5D 
 487      DEE1F29A 
 487      DD386042 
 487      A1A700
 488 0b80 662B76BA 		.ascii	"f+v\272O\301\302\355\311\320\262\205;\003\351\307E\363"
 488      4FC1C2ED 
 488      C9D0B285 
 488      3B03E9C7 
 488      45F3
 489 0b92 F913665B 		.ascii	"\371\023f[\311\034nS\224,q \225\212\306>(\012$\006\313"
 489      C91C6E53 
ARM GAS  /tmp/ccGOMnVw.s 			page 39


 489      942C7120 
 489      958AC63E 
 489      280A2406 
 490 0ba7 8670B258 		.ascii	"\206p\262X\313F\004\000\323\021q\204F:Yn\237-\233F\213"
 490      CB460400 
 490      D3117184 
 490      463A596E 
 490      9F2D9B46 
 491 0bbc 1C672215 		.ascii	"\034g\"\025r\222\011<\257=\033\326\341aV\341\230\334"
 491      7292093C 
 491      AF3D1BD6 
 491      E16156E1 
 491      98DC
 492 0bce DC0A17FC 		.ascii	"\334\012\027\374\210u\306b+\037j\035\3373\342\260\243"
 492      8875C662 
 492      2B1F6A1D 
 492      DF33E2B0 
 492      A3
 493 0bdf 7BC6C86C 		.ascii	"{\306\310l\365=5~\301\274{&Z\357`<\307:\327\037w\357"
 493      F53D357E 
 493      C1BC7B26 
 493      5AEF603C 
 493      C73AD71F 
 494 0bf5 B51FB944 		.ascii	"\265\037\271D\210\222\204\345#\327\322\3373\214\361"
 494      889284E5 
 494      23D7D2DF 
 494      338CF1
 495 0c04 761D754A 		.ascii	"v\035uJ\035\317\272\244\265\273Un\267s\212O\335\236"
 495      1DCFBAA4 
 495      B5BB556E 
 495      B7738A4F 
 495      DD9E
 496 0c16 E6261FEE 		.ascii	"\346&\037\356\035\212:%\213\303\215\372\366\214=S\343"
 496      1D8A3A25 
 496      8BC38DFA 
 496      F68C3D53 
 496      E3
 497 0c27 4C167CA4 		.ascii	"L\026|\244\361\312\250\253k\014=sm\221\235@\301\013"
 497      F1CAA8AB 
 497      6B0C3D73 
 497      6D919D40 
 497      C10B
 498 0c39 2B76A5C1 		.ascii	"+v\245\301mG\256\344\365y\370\324\003w\274\227\271\276"
 498      6D47AEE4 
 498      F579F8D4 
 498      0377BC97 
 498      B9BE
 499 0c4b CCDEB615 		.ascii	"\314\336\266\0259pEi\000\315\221wg\332\365\333:\266"
 499      39704569 
 499      00CD9177 
 499      67DAF5DB 
 499      3AB6
 500 0c5d F57E4E82 		.ascii	"\365~N\202\025\354\334\246\025\177\022!g3\231\351#\343"
 500      15ECDCA6 
 500      157F1221 
 500      673399E9 
 500      23E3
ARM GAS  /tmp/ccGOMnVw.s 			page 40


 501 0c6f 1897EADE 		.ascii	"\030\227\352\336\364@\221\251`\234;3\035\343\201+\231"
 501      F44091A9 
 501      609C3B33 
 501      1DE3812B 
 501      99
 502 0c80 C7959488 		.ascii	"\307\225\224\2108\373\245\224\005X\224N\231UY\011\212"
 502      38FBA594 
 502      0558944E 
 502      99555909 
 502      8A
 503 0c91 13F2DD8A 		.ascii	"\023\362\335\2122e\213e\322\265$\327>\2447{\037\331"
 503      32658B65 
 503      D2B524D7 
 503      3EA4377B 
 503      1FD9
 504 0ca3 0D1F1EF2 		.ascii	"\015\037\036\362\352\253;\022\205\334\010\214\2069\366"
 504      EAAB3B12 
 504      85DC088C 
 504      8639F6
 505 0cb2 3B470196 		.ascii	";G\001\226\377\316q\226S\336\304'_,+\2407q\250?J\300"
 505      FFCE7196 
 505      53DEC427 
 505      5F2C2BA0 
 505      3771A83F 
 506 0cc8 CCDCC9EE 		.ascii	"\314\334\311\356\003ki\366\345\373i\0021\337\006fO8"
 506      036B69F6 
 506      E5FB6902 
 506      31DF0666 
 506      4F38
 507 0cda 663E7F1F 		.ascii	"f>\177\037\264{\242\350\332\302\326F<\326\243X\273\350"
 507      B47BA2E8 
 507      DAC2D646 
 507      3CD6A358 
 507      BBE8
 508 0cec 0B9F28BA 		.ascii	"\013\237(\2726g\012\215\021\032\264\023F'E\264\226\306"
 508      36670A8D 
 508      111AB413 
 508      462745B4 
 508      96C6
 509 0cfe DBA05CD4 		.ascii	"\333\240\\\324\267\3420\003\0027b\325\002\024\214\243"
 509      B7E23003 
 509      023762D5 
 509      02148CA3 
 510 0d0e 0CC56C1C 		.ascii	"\014\305l\034>\311v\014(\037<Q\333\341\230wP,\315]x"
 510      3EC9760C 
 510      281F3C51 
 510      DBE19877 
 510      502CCD5D 
 511 0d23 294AC74B 		.ascii	")J\307K\331Os\005\342\322\314\205e\271\007d\037\310"
 511      D94F7305 
 511      E2D2CC85 
 511      65B90764 
 511      1FC8
 512 0d35 5E904290 		.ascii	"^\220B\220\034\220<\220|\371\306pf\372}V\3321\330\246"
 512      1C903C90 
 512      7CF9C670 
 512      66FA7D56 
ARM GAS  /tmp/ccGOMnVw.s 			page 41


 512      DA31D8A6 
 513 0d49 EE730B93 		.ascii	"\356s\013\223\336\343\344\033C\336`o\324\202\315\332"
 513      DEE3E41B 
 513      43DE606F 
 513      D482CDDA 
 514 0d59 96BDE54F 		.ascii	"\226\275\345O\313N\316R\"\317\304*\326Z\221\"\365~:"
 514      CB4ECE52 
 514      22CFC42A 
 514      D65A9122 
 514      F57E3A
 515 0d6c 89C817D8 		.ascii	"\211\310\027\330\336\351;\265O/\377\031\301\241m1\265"
 515      DEE93BB5 
 515      4F2FFF19 
 515      C1A16D31 
 515      B5
 516 0d7d 6D4E7C5E 		.ascii	"mN|^\306I\2173\321o\373y\017\225`\362{\306\343\232\214"
 516      C6498F33 
 516      D16FFB79 
 516      0F9560F2 
 516      7BC6E39A 
 517 0d92 CB8AE36A 		.ascii	"\313\212\343jr\3642\237\240\224%(\245\011jzrnz*\200"
 517      72F4329F 
 517      A0942528 
 517      A5096A7A 
 517      726E7A2A 
 518 0da7 2B6CCB98 		.ascii	"+l\313\230m\031\265\255;q}\207';\235f\266\336\362\237"
 518      6D19B5AD 
 518      3B717D87 
 518      273B9D66 
 518      B6DEF29F 
 519 0dbb 3FCAB19E 		.ascii	"?\312\261\236L\0322y\310\343|\373\336\023\032\357d\261"
 519      4C1A3279 
 519      C8E37CFB 
 519      DE131AEF 
 519      64B1
 520 0dcd BC5F227A 		.ascii	"\274_\"z\3506\277**\2607\363`/\002\217'\342\025\306"
 520      E836BF2A 
 520      2AB037F3 
 520      602F028F 
 520      27E215C6 
 521 0de1 83CE8C51 		.ascii	"\203\316\214Q%\366\006\207\007\371\247c\025\014A-\203"
 521      25F60687 
 521      07F9A763 
 521      150C412D 
 521      83
 522 0df2 52C55057 		.ascii	"R\305PW\261r\237~\374\314C\361\003\255\202a5\263\255"
 522      B1729F7E 
 522      FCCC43F1 
 522      03AD8261 
 522      35B3AD
 523 0e05 A6B671A7 		.ascii	"\246\266q\247\307;\260\334\266Qa[\303lk\250\355\314"
 523      C73BB0DC 
 523      B651615B 
 523      C36C6BA8 
 523      EDCC
 524 0e17 8596A38A 		.ascii	"\205\226\243\212!?\246\260=\300l\017P[G\347\030\223"
 524      213FA6B0 
ARM GAS  /tmp/ccGOMnVw.s 			page 42


 524      3DC06C0F 
 524      505B47E7 
 524      1893
 525 0e29 45D3876D 		.ascii	"E\323\207mw\343\010\360\377\217_\310\334\315\342\346"
 525      77E308F0 
 525      FF8F5FC8 
 525      DCCDE2E6 
 526 0e39 3C96D830 		.ascii	"<\226\3300\313N\241ja%\035\304\216]\003\344\256\360"
 526      CB4EA16A 
 526      61251DC4 
 526      8E5D03E4 
 526      AEF0
 527 0e4b 324D7737 		.ascii	"2Mw7r\307\277~\264\205\035W\035\006\357C\314;>\251z"
 527      72C7BF7E 
 527      B4851D57 
 527      1D06EF43 
 527      CC3B3EA9 
 528 0e60 87EB9B8E 		.ascii	"\207\353\233\216,\3520\274\200\377\204\311\0338i\223"
 528      2CEA30BC 
 528      80FF84C9 
 528      1B386993 
 529 0e70 69D85D35 		.ascii	"i\330]5\251\340Z\256\340z\004\213)IK\2456\257\364\363"
 529      A9E05AAE 
 529      E07A048B 
 529      29494BA5 
 529      36AFF4F3 
 530 0e84 5FFDE9A7 		.ascii	"_\375\351\247\006\370\037\312[\314\241\001\274e\213"
 530      06F81FCA 
 530      5BCCA101 
 530      BC658B
 531 0e93 6F60A0BF 		.ascii	"o`\240\277a\365\267\346\357B|\277\371\346k\203\277\305"
 531      61F5B7E6 
 531      EF427CBF 
 531      F9E66B83 
 531      BFC5
 532 0ea5 BC89B784 		.ascii	"\274\211\267\204\031V\257]\271j\315\362\025_\0316\255"
 532      1956AF5D 
 532      B96ACDF2 
 532      155F1936 
 532      AD
 533 0eb6 3098C0C4 		.ascii	"0\230\300\304()>\365s\375\207\337\377\313\007k\276\370"
 533      28293EF5 
 533      73FD87DF 
 533      FFCB076B 
 533      BEF8
 534 0ec8 42E51960 		.ascii	"B\345\031`\0124BL#s\3622\205\232\002\377q\345\232\257"
 534      0A34424C 
 534      2373F232 
 534      859A02FF 
 534      71E59AAF 
 535 0edc 69CF6855 		.ascii	"i\317hU\233\374\375-\036\242\222\264\215\326\257\376"
 535      9BFCFD2D 
 535      1EA292B4 
 535      8DD6AFFE 
 536 0eec DCE4012A 		.ascii	"\334\344\001*O\251\315\322\350I\374\265\346 \336h\325"
 536      4FA9CDD2 
 536      E849FCB5 
ARM GAS  /tmp/ccGOMnVw.s 			page 43


 536      E620DE68 
 536      D5
 537 0efd 869B83AD 		.ascii	"\206\233\203\255\237\033\255\2320\363\177B\227[\245"
 537      9F1BAD9A 
 537      30F37F42 
 537      975BA5
 538 0f0c 72375982 		.ascii	"r7Y\2026\375\035\357\033\364\311\206P\225\336/\304b"
 538      36FD1DEF 
 538      1BF4C986 
 538      5095DE2F 
 538      C462
 539 0f1e E537FB06 		.ascii	"\3457\373\006\255R\275k\262\256\\\345\267|\305z#\011"
 539      AD52BD6B 
 539      B2AE5CE5 
 539      B77CC57A 
 539      2309
 540 0f30 1E1A1218 		.ascii	"\036\032\022\030h4\371\375\361\035\022\352\267\233\315"
 540      6834F9FD 
 540      F11D12EA 
 540      B79BCD
 541 0f3f D6EFAD26 		.ascii	"\326\357\255&kx\330\377\003Z?\325\207\212L\026\336\344"
 541      6B78D8FF 
 541      035A3FD5 
 541      878A4C16 
 541      DEE4
 542 0f51 6FF40BB7 		.ascii	"o\364\013\267X\370`\253\221T\204\017\013\373\013;\213"
 542      58F860AB 
 542      9154840F 
 542      0BFB0B3B 
 542      8B
 543 0f62 250ACD8F 		.ascii	"%\012\315\217\026\263\2257\256\337b\345\035\351CM\033"
 543      16B39537 
 543      AEDF62E5 
 543      1DE9434D 
 543      1B
 544 0f73 F9C56289 		.ascii	"\371\305b\211\2775\205Yy\313w\274\037\017\270~\363f"
 544      BF358559 
 544      79CB77BC 
 544      1F0FB87E 
 544      F366
 545 0f85 EC4CBFFA 		.ascii	"\354L\277\372\033(\350\273\012\367\265\026SpX\220\331"
 545      1B28E8BB 
 545      0AF7B516 
 545      53705890 
 545      D9
 546 0f96 BAC4685C 		.ascii	"\272\304h\\\037n\016\264\232\203"
 546      1F6E0EB4 
 546      9A83
 547 0fa0 8D615628 		.ascii	"\215aV(\016 \013\263\206Xxu o\332\240\011\342\203\374"
 547      0E200BB3 
 547      86587875 
 547      206FDAA0 
 547      09E283FC 
 548 0fb4 42B76883 		.ascii	"B\267h\203C\254\001\226\220\037\321\012\355\206\340"
 548      43AC0196 
 548      901FD10A 
 548      ED86E0
ARM GAS  /tmp/ccGOMnVw.s 			page 44


 549 0fc3 0FC24279 		.ascii	"\017\302By?\320\004\007\207\007\006\376\273! $\2107"
 549      3FD00407 
 549      870706FE 
 549      BB212024 
 549      8837
 550 0fd5 849AAD86 		.ascii	"\204\232\255\206\215~~\2760\014\276|\320z\336\337\237"
 550      8D7E7EBE 
 550      300CBE7C 
 550      D07ADEDF 
 550      9F
 551 0fe6 F7B729C0 		.ascii	"\367\267)\300\224\367\345M\353\315\276_\370\256\\\276"
 551      94F7E54D 
 551      EBCDBE5F 
 551      F8AE5CBE 
 552 0ff6 72B9EF0F 		.ascii	"r\271\357\017+}\303C\375M"
 552      2B7DC343 
 552      FD4D
 553 1000 56DEA0B8 		.ascii	"V\336\240\270l0\007\373\005\206\373\363\2060\253\305"
 553      6C3007FB 
 553      0586FBF3 
 553      8630ABC5 
 554 1010 1CBC1110 		.ascii	"\034\274\021\020/\235\307\006\365\016\3613\031\1774"
 554      2F9DC706 
 554      F50EF133 
 554      197F34
 555 101f 5B03A06D 		.ascii	"[\003\240m\336\030\274x!\3560\323&^k\335L\012\030\346"
 555      DE18BC78 
 555      21EE30D3 
 555      265E6BDD 
 555      4C0A18E6 
 556 1033 02DFE11B 		.ascii	"\002\337\341\033\264\026\261g!\275/Y\241\376\310[\202"
 556      B416B167 
 556      21BD2F59 
 556      A1FEC85B 
 556      82
 557 1044 F940C39A 		.ascii	"\371@\303\232\000\363z\363?\177o\010\0113\300\3446\204"
 557      00F37AF3 
 557      3F7F6F08 
 557      0933C0E4 
 557      3684
 558 1056 C2940933 		.ascii	"\302\224\0113|\277\366\333\317V\032H\331\240L0\310\322"
 558      7CBFF6DB 
 558      CF561A48 
 558      D9A04C30 
 558      C8D2
 559 1068 B4879202 		.ascii	"\264\207\222\002\032\027\377 \223u\263w\2305\350\263"
 559      1A17FF20 
 559      9375B377 
 559      9835E8B3 
 560 1078 95466843 		.ascii	"\225FhC^\030\305 \243\225\\\260l\326Y7\303wP\210?\357"
 560      5E18C520 
 560      A3955CB0 
 560      6CD65937 
 560      C3775088 
 561 108e 4AE627D8 		.ascii	"J\346'\330Xu\026I\245\2030leh\240\2220\366:\277\000"
 561      58751649 
 561      A583306C 
ARM GAS  /tmp/ccGOMnVw.s 			page 45


 561      6568A092 
 561      30F63ABF 
 562 10a3 236BB9B2 		.ascii	"#k\271\262/\243\325[lX\370\015<L\034?\230\332.A\341"
 562      2FA3D55B 
 562      6C58F80D 
 562      3C4C1C3F 
 562      98DA2E41 
 563 10b8 30935D42 		.ascii	"0\223]B~\014\346-.?\204\363\341\274:\230\337lu\005g"
 563      7E0CE62D 
 563      2E3F84F3 
 563      E1BC3A98 
 563      DF6C7505 
 564 10cd DAD34B0D 		.ascii	"\332\323K\015X\204\241\026~\223\2573\216\026\253\255"
 564      5884A116 
 564      7E93AF33 
 564      8E16ABAD 
 565 10dd BA7E0181 		.ascii	"\272~\001\201\3460k\030\020\"ah\002-\375k\264~\362\263"
 565      E6306B18 
 565      10226168 
 565      022DFD6B 
 565      B47EF2B3 
 566 10f1 DC83AC9B 		.ascii	"\334\203\254\233\301Y\303[,!\2260=\020\333\020h\332"
 566      C159C35B 
 566      2C219630 
 566      3D10DB10 
 566      68DA
 567 1103 08AB48E3 		.ascii	"\010\253H\343\027\022\274\301\274\321\266Y\260\256\016"
 567      1712BCC1 
 567      BCD1B659 
 567      B0AE0E
 568 1112 4AB986B6 		.ascii	"J\271\206\266\\`\234\254<q\240\015\243\025C\323\015"
 568      5C609CAC 
 568      3C71A00D 
 568      A31543D3 
 568      0D
 569 1123 2E1BD76E 		.ascii	".\033\327n\011\345\277\3467\374/~\330\330c"
 569      09E5BFE6 
 569      37FC2F7E 
 569      D8D863
 570              		.text
 571              		.section	.gnu.lto_.symtab.e0f041e74533a5bc,"e",%progbits
 572 0000 61743234 		.ascii	"at24c01b_lld_poll_ack\000"
 572      63303162 
 572      5F6C6C64 
 572      5F706F6C 
 572      6C5F6163 
 573 0016 00       		.ascii	"\000"
 574 0017 00       		.ascii	"\000"
 575 0018 00       		.ascii	"\000"
 576 0019 00000000 		.ascii	"\000\000\000\000\000\000\000\000"
 576      00000000 
 577 0021 F4000000 		.ascii	"\364\000\000\000"
 578 0025 61743234 		.ascii	"at24c01b_lld_read_current_address\000"
 578      63303162 
 578      5F6C6C64 
 578      5F726561 
 578      645F6375 
ARM GAS  /tmp/ccGOMnVw.s 			page 46


 579 0047 00       		.ascii	"\000"
 580 0048 00       		.ascii	"\000"
 581 0049 00       		.ascii	"\000"
 582 004a 00000000 		.ascii	"\000\000\000\000\000\000\000\000"
 582      00000000 
 583 0052 FB000000 		.ascii	"\373\000\000\000"
 584 0056 61743234 		.ascii	"at24c01b_lld_read\000"
 584      63303162 
 584      5F6C6C64 
 584      5F726561 
 584      6400
 585 0068 00       		.ascii	"\000"
 586 0069 00       		.ascii	"\000"
 587 006a 00       		.ascii	"\000"
 588 006b 00000000 		.ascii	"\000\000\000\000\000\000\000\000"
 588      00000000 
 589 0073 03010000 		.ascii	"\003\001\000\000"
 590 0077 61743234 		.ascii	"at24c01b_lld_write_byte\000"
 590      63303162 
 590      5F6C6C64 
 590      5F777269 
 590      74655F62 
 591 008f 00       		.ascii	"\000"
 592 0090 00       		.ascii	"\000"
 593 0091 00       		.ascii	"\000"
 594 0092 00000000 		.ascii	"\000\000\000\000\000\000\000\000"
 594      00000000 
 595 009a 0A010000 		.ascii	"\012\001\000\000"
 596 009e 61743234 		.ascii	"at24c01b_lld_write_page\000"
 596      63303162 
 596      5F6C6C64 
 596      5F777269 
 596      74655F70 
 597 00b6 00       		.ascii	"\000"
 598 00b7 00       		.ascii	"\000"
 599 00b8 00       		.ascii	"\000"
 600 00b9 00000000 		.ascii	"\000\000\000\000\000\000\000\000"
 600      00000000 
 601 00c1 12010000 		.ascii	"\022\001\000\000"
 602 00c5 6170616C 		.ascii	"apalI2CMasterReceive\000"
 602      4932434D 
 602      61737465 
 602      72526563 
 602      65697665 
 603 00da 00       		.ascii	"\000"
 604 00db 02       		.ascii	"\002"
 605 00dc 00       		.ascii	"\000"
 606 00dd 00000000 		.ascii	"\000\000\000\000\000\000\000\000"
 606      00000000 
 607 00e5 1B010000 		.ascii	"\033\001\000\000"
 608 00e9 6170616C 		.ascii	"apalI2CMasterTransmit\000"
 608      4932434D 
 608      61737465 
 608      72547261 
 608      6E736D69 
 609 00ff 00       		.ascii	"\000"
 610 0100 02       		.ascii	"\002"
ARM GAS  /tmp/ccGOMnVw.s 			page 47


 611 0101 00       		.ascii	"\000"
 612 0102 00000000 		.ascii	"\000\000\000\000\000\000\000\000"
 612      00000000 
 613 010a 26010000 		.ascii	"&\001\000\000"
 614              		.text
 615              		.section	.gnu.lto_.opts,"e",%progbits
 616 0000 272D666E 		.ascii	"'-fno-openmp' '-fno-openacc' '-fno-pie' '-mcpu=cort"
 616      6F2D6F70 
 616      656E6D70 
 616      2720272D 
 616      666E6F2D 
 617 0033 65782D6D 		.ascii	"ex-m4' '-mthumb' '-mfloat-abi=softfp' '-mfpu=fpv4-s"
 617      34272027 
 617      2D6D7468 
 617      756D6227 
 617      20272D6D 
 618 0066 702D6431 		.ascii	"p-d16' '-march=armv7e-m+fp' '-O2' '-fstack-usage' '"
 618      36272027 
 618      2D6D6172 
 618      63683D61 
 618      726D7637 
 619 0099 2D666675 		.ascii	"-ffunction-sections' '-fdata-sections' '-fno-common"
 619      6E637469 
 619      6F6E2D73 
 619      65637469 
 619      6F6E7327 
 620 00cc 2720272D 		.ascii	"' '-flto' '-fshort-enums'\000"
 620      666C746F 
 620      2720272D 
 620      6673686F 
 620      72742D65 
 621              		.text
 622              		.comm	__gnu_lto_v1,1,1
 623              		.comm	__gnu_lto_slim,1,1
 624              		.ident	"GCC: (GNU Arm Embedded Toolchain 9-2020-q2-update) 9.3.1 20200408 (release)"
ARM GAS  /tmp/ccGOMnVw.s 			page 48


DEFINED SYMBOLS
                            *ABS*:0000000000000000 alld_AT24C01B.c
                            *COM*:0000000000000001 __gnu_lto_v1
                            *COM*:0000000000000001 __gnu_lto_slim

NO UNDEFINED SYMBOLS
