ARM GAS  /tmp/cc9huV7r.s 			page 1


   1              		.cpu cortex-m4
   2              		.eabi_attribute 27, 1
   3              		.eabi_attribute 20, 1
   4              		.eabi_attribute 21, 1
   5              		.eabi_attribute 23, 3
   6              		.eabi_attribute 24, 1
   7              		.eabi_attribute 25, 1
   8              		.eabi_attribute 26, 1
   9              		.eabi_attribute 30, 2
  10              		.eabi_attribute 34, 1
  11              		.eabi_attribute 18, 4
  12              		.file	"urt_topic.c"
  13              		.section	.gnu.lto_.profile.a378710acd3171a1,"e",%progbits
  14 0000 789CE360 		.ascii	"x\234\343``\004B \000\000\000]\000\013"
  14      60044220 
  14      0000005D 
  14      000B
  15              		.text
  16              		.section	.gnu.lto_.icf.a378710acd3171a1,"e",%progbits
  17 0000 789CE360 		.ascii	"x\234\343``d\020a@\000f\206\305\267\366M\345fl{<\347"
  17      60641061 
  17      40006686 
  17      C5B7F64D 
  17      E5666C7B 
  18 0016 001F53EB 		.ascii	"\000\037S\353\343\236\251\\\014\000\\C\010e"
  18      E39EA95C 
  18      0C005C43 
  18      0865
  19              		.text
  20              		.section	.gnu.lto_.jmpfuncs.a378710acd3171a1,"e",%progbits
  21 0000 789C9D90 		.ascii	"x\234\235\2201\016\302@\014\004=\336\313\221\216\007"
  21      310EC240 
  21      0C043DDE 
  21      CB918E07 
  22 0010 F019EA3C 		.ascii	"\360\031\352<* \321\247\245\274\177P\335K\370B\236\020"
  22      2A20D1A7 
  22      A5BC7F50 
  22      DD4BF842 
  22      9E10
  23 0022 7C124A41 		.ascii	"|\022JA\224\024\254\264\215g\275\262\334\0336`\253d"
  23      9414ACB4 
  23      8D67BDB2 
  23      DC1B3660 
  23      AB64
  24 0034 024EB722 		.ascii	"\002N\267\"\013C\221{\032\003P\023\026^Bg\363\\\273"
  24      0B43917B 
  24      1A035013 
  24      165E4267 
  24      F35CBB
  25 0047 DF217A8A 		.ascii	"\337!z\212\3511\277\373IE\302xqiN\271\3726\274\322\321"
  25      E931BFFB 
  25      4945C278 
  25      71694EB9 
  25      FA36BCD2 
  26 005c B7EDF783 		.ascii	"\267\355\367\203\005\317\327}\210\203\276\327\247\303"
  26      05CFD77D 
  26      8883BED7 
ARM GAS  /tmp/cc9huV7r.s 			page 2


  26      A7C3
  27 006a 6483ECC2 		.ascii	"d\203\354\302xBk\371\277\301>\236\323Uz"
  27      78426BF9 
  27      BFC13E9E 
  27      D3557A
  28              		.text
  29              		.section	.gnu.lto_.inline.a378710acd3171a1,"e",%progbits
  30 0000 789CE360 		.ascii	"x\234\343``d8\302\200\000\314\014\014\022\015\015\015"
  30      606438C2 
  30      8000CC0C 
  30      0C120D0D 
  30      0D
  31 0011 13983219 		.ascii	"\023\2302\031\031\031\024\030\031\030\230\270\200\334"
  31      19191418 
  31      191898B8 
  31      80DC
  32 001f 034CA90C 		.ascii	"\003L\251\014\014|@F\003s*\023\003\023X!\017\220`\234"
  32      0C7C4046 
  32      03732A13 
  32      03135821 
  32      0F90609C 
  33 0033 E0C7C40D 		.ascii	"\340\307\304\015\241\301|\246\011~\010\021\030\315\310"
  33      A1C17CA6 
  33      097E0811 
  33      18CDC8
  34 0042 C0F767D1 		.ascii	"\300\367g\321\364]\314\0310\023y\337\035]\367\2069\235"
  34      F45DCC19 
  34      301379DF 
  34      1D5DF786 
  34      399D
  35 0054 8181BD0D 		.ascii	"\201\201\275\015dt\012\324D\210\372~?8\315\300{f\335"
  35      64740AD4 
  35      4488FA7E 
  35      3F38CDC0 
  35      7B66DD
  36 0067 9747087D 		.ascii	"\227G\010}\334\247\326}\231\307\224\001\324\327\212"
  36      DCA7D67D 
  36      99C79401 
  36      D4D78A
  37 0076 5BDF043F 		.ascii	"[\337\004?\006\000\320\345&\015"
  37      0600D0E5 
  37      260D
  38              		.text
  39              		.section	.gnu.lto_.pureconst.a378710acd3171a1,"e",%progbits
  40 0000 789CE360 		.ascii	"x\234\343``d\340b```f\230\305\3028\213\205i'\013\000"
  40      6064E062 
  40      60606066 
  40      98C5C238 
  40      8B856927 
  41 0016 0ADC0213 		.ascii	"\012\334\002\023"
  42              		.text
  43              		.section	.gnu.lto_urtTopicInit.a378710acd3171a1,"e",%progbits
  44 0000 789C9D95 		.ascii	"x\234\235\225\177L[U\024\307\357y\367\365\365\265+t"
  44      7F4C5B55 
  44      14C7EF79 
  44      F7F5F5B5 
  44      2B74
ARM GAS  /tmp/cc9huV7r.s 			page 3


  45 0012 4E145837 		.ascii	"N\024X7W\215\011\331\037\366\221\030\343_&#\313L\374"
  45      578D09D9 
  45      1FF69118 
  45      E35F2623 
  45      CB4CFC
  46 0025 C36898FF 		.ascii	"\303h\230\377/\014\232\320\310hS@\343_<\012\233\021"
  46      2F0C9AD0 
  46      C8685340 
  46      E35F3C0A 
  46      9B11
  47 0037 649B0904 		.ascii	"d\233\011\004\272\244>\026B\330\242\3424\233\350\350"
  47      BAA43E16 
  47      42D8A2E2 
  47      349BE8E8 
  48 0047 461D43B7 		.ascii	"F\035C\267\271)\24287G\251\035(\277\266)N3\023\263y"
  48      B929A238 
  48      3747A91D 
  48      28BFB629 
  48      4E3313B3 
  49 005c CEBD5D1C 		.ascii	"\316\275]\034\320`\200\224\227w\336\273\367s\276\347"
  49      D0608094 
  49      9777DEBB 
  49      F773BEE7 
  50 006c 7C4F6F75 		.ascii	"|Oou\006l\213\316X=cl3\376\003g\240\230\246\271\315"
  50      066C8BCE 
  50      583D636C 
  50      33FE0367 
  50      A098A6B9 
  51 0081 DEA02B00 		.ascii	"\336\240+\000\342\316\324\201\325+P\017\007x\007\207"
  51      E2CED481 
  51      D52B500F 
  51      07780787 
  52 0091 F6B7062E 		.ascii	"\366\267\006.\347l\3555\315\210\231\3508\256\275{l\304"
  52      E76CED35 
  52      CD8899E8 
  52      38AEBD7B 
  52      6CC4
  53 00a3 E416672C 		.ascii	"\344\026g,\212;\237\366@\261\207\321\037\234\204\255"
  53      8A3B9FF6 
  53      40B187D1 
  53      1F9C84AD 
  54 00b3 B8381989 		.ascii	"\2708\031\211\335q\355\307\367\000*\206m\027\216\237"
  54      DD71EDC7 
  54      F7002A86 
  54      6D178E9F 
  55 00c3 7752A880 		.ascii	"wR\250\200\027\303\251wn\314\332\3716`x\277wrp\314Y"
  55      17C3A977 
  55      6ECCDAF9 
  55      366078BF 
  55      777270CC 
  56 00d8 D423B067 		.ascii	"\324#\260g{\270\371\244\3059\234\002N\3308x`\000\020"
  56      7BB8F9A4 
  56      C5399C02 
  56      4ED83878 
  56      600010
  57 00eb 8CCF107D 		.ascii	"\214\317\020}\032\212p\303\276\341\203\0039\022\255"
  57      1A8A70C3 
ARM GAS  /tmp/cc9huV7r.s 			page 4


  57      BEE18303 
  57      3912AD
  58 00fa 6078786C 		.ascii	"`xxl$\002\022\275\036\303Oz[g9\177^\240\367\265t\276"
  58      240212BD 
  58      1EC34F7A 
  58      5B67397F 
  58      5EA0F7B5 
  59 0110 9C21CF77 		.ascii	"\234!\317wp3\317\342*|.\311\011$\017J\262\212\3443\202"
  59      7033CFE2 
  59      2A7C2EC9 
  59      09240F4A 
  59      B28AE433 
  60 0125 1CFFABF3 		.ascii	"\034\377\253\363\210\233\277 \3666\214\237\031Q3\233"
  60      889BBF20 
  60      F6368C9F 
  60      1951339B 
  61 0135 FF293864 		.ascii	"\377)8d&T\213\333`h\231.\033\356>\013E\214\366\244?"
  61      26548BDB 
  61      6068992E 
  61      1BEE3E0B 
  61      458CF6A4 
  62 014a BADB9EA3 		.ascii	"\272\333\236\243\251\324\021\352\3040h\330d\306>\034"
  62      A9D411EA 
  62      C43068D8 
  62      64C63E1C 
  63 015a B525CCBB 		.ascii	"\265%\314\273\367\3364\023\311\302\303G\335\205\200"
  63      F7DE3413 
  63      C9C2C347 
  63      DD8580
  64 0169 DB34052F 		.ascii	"\3334\005/v\216\027]\305\213\303\206\027\247Fw:P\235"
  64      768E175D 
  64      C58BC386 
  64      17A74677 
  64      3A509D
  65 017c 4E204D6E 		.ascii	"N Mn v>\2436\263\026\316\320\025S\0053\301\330\333\\"
  65      20763EA3 
  65      36B316CE 
  65      D0155305 
  65      33C1D8DB 
  66 0191 91412306 		.ascii	"\221A#\006\263\020Y\230~\357\272\2352\242\214\375\215"
  66      B3105998 
  66      7EEFBA9D 
  66      32A28CFD 
  66      8D
  67 01a2 B7923A75 		.ascii	"\267\222:u\204\213J\022W\217]\311\355\201\356\006\\"
  67      848B4A12 
  67      578F5DC9 
  67      ED81EE06 
  67      5C
  68 01b3 DFB51B59 		.ascii	"\337\265\033Y\353b\\\207/H>\325iM|\252\025\367\021\314"
  68      EB625C87 
  68      2F483ED5 
  68      694D7CAA 
  68      15F711CC 
  69 01c7 6B71177C 		.ascii	"kq\027|\011=\320)\365\237\203\342\007i.`p\036wa\266"
  69      093DD029 
  69      F59F83E2 
ARM GAS  /tmp/cc9huV7r.s 			page 5


  69      07692E60 
  69      701E7761 
  70 01dc 4333EF77 		.ascii	"C3\357w\337\317\266\032\274\012\027\004\236\272\002"
  70      DFCFB61A 
  70      BC0A1704 
  70      9EBA02
  71 01eb 5F41718C 		.ascii	"_Aq\214;\011\327\326<~\302E\270\030\207%D\357\212\274"
  71      3B09D7D6 
  71      3C7EC245 
  71      B8188725 
  71      44EF8ABC 
  72 01ff 1CB82878 		.ascii	"\034\270(x\012\023/\343\023\223\037+M\020\311l\324\340"
  72      0A132FE3 
  72      13931F2B 
  72      4D10C96C 
  72      D4E0
  73 0211 121463A2 		.ascii	"\022\024c\242\257\241\011\330<4y\205#\270.v\344\342"
  73      AFA109D8 
  73      3C347985 
  73      23B82E76 
  73      E4E2
  74 0223 3D07ADD3 		.ascii	"=\007\255\323-\236\033%5\360\015\255\301\364\026wKE"
  74      2D9E1B25 
  74      35F00DAD 
  74      C1F41677 
  74      4B45
  75 0235 53CF4841 		.ascii	"S\317HA\312\252\004\255\207\021!\210g\025d\207o\205"
  75      CAAA04AD 
  75      87112188 
  75      67156487 
  75      6F85
  76 0247 A0514A46 		.ascii	"\240QJFm\374\373\350\320\355Q\276hr2\245\310\007M\204"
  76      6DFCFBE8 
  76      D0ED51BE 
  76      687232A5 
  76      C8074D84 
  77 025b 4DB5F421 		.ascii	"M\265\364!\217\324\210\267\017\254\206\357A\203\357"
  77      8FD488B7 
  77      0FAC86EF 
  77      4183EF
  78 026a B0260663 		.ascii	"\260&\006c\302\213k\351\231s*y\365\020\024`xb\250\177"
  78      C28B6BE9 
  78      99732A79 
  78      F5101460 
  78      7862A87F 
  79 027e CE85BAB1 		.ascii	"\316\205\272\261\252\015\244\371\207\214\346\261\341"
  79      AA0DA4F9 
  79      878CE6B1 
  79      E1
  80 028b E183BAD4 		.ascii	"\341\203\272\324\234\352m\335\320\347\262\370\303pY"
  80      9CEA6DDD 
  80      D0E7B2F8 
  80      C37059
  81 029a 08975006 		.ascii	"\010\227P\006?\2229\212\230\254;\351\271\024_\203\331"
  81      3F92398A 
  81      98AC3BE9 
  81      B9145F83 
ARM GAS  /tmp/cc9huV7r.s 			page 6


  81      D9
  82 02ab 79704520 		.ascii	"ypE md\366\325\305\263\224\207\263\364\223\234\245\266"
  82      6D64F6D5 
  82      C5B39487 
  82      B3F4939C 
  82      A5B6
  83 02bd E6D6FE8C 		.ascii	"\346\326\376\214\371|U\275~\004\256\011\276\226\265"
  83      F97C55BD 
  83      7E04AE09 
  83      BE96B5
  84 02cc D73A8C8B 		.ascii	"\327:\214\213^'W2\377\321\2508W&\244\371\250+_*j\177"
  84      5E275732 
  84      FFD1A838 
  84      5726A4F9 
  84      A82B5F2A 
  85 02e2 560A5297 		.ascii	"V\012R\227\226\234\206\225k.\200\224\320d_\256\251+"
  85      969C8695 
  85      6B2E8094 
  85      D0645FAE 
  85      A92B
  86 02f4 17BFDCF0 		.ascii	"\027\277\334\360\263\020\225\226\242\366f\025U\030\025"
  86      B3109596 
  86      A2F66615 
  86      551815
  87 0303 47D27529 		.ascii	"G\322u)J\215q\267\3057\222\256d\363\007\375)X\203\023"
  87      4A8D71B7 
  87      C53792AE 
  87      64F307FD 
  87      29588313 
  88 0317 0E9814AA 		.ascii	"\016\230\024\252trb\212\234U\345\231\021\357\316]\003"
  88      7472628A 
  88      9C55E599 
  88      11EFCE5D 
  88      03
  89 0328 CE03BF08 		.ascii	"\316\003\277\010\234\203p\277.6\326\203\306NKc\027\246"
  89      9C8370BF 
  89      2E36D683 
  89      C64E4B63 
  89      17A6
  90 033a 07D784DF 		.ascii	"\007\327\204\337\0043\002\357$\374\354b\374&\304\317"
  90      043302EF 
  90      24FCEC62 
  90      FC26C4CF 
  91 034a DD9F9B4B 		.ascii	"\335\237\233K\237e\346\306\2664\303\311\377\261i3\314"
  91      9F65E6C6 
  91      B634C3C9 
  91      FFB16933 
  91      CC
  92 035b 8B14EBB2 		.ascii	"\213\024\353\262\333\344\204\033\302\246\233+\315\316"
  92      DBE4841B 
  92      C2A69B2B 
  92      CDCE
  93 0369 635171F6 		.ascii	"cQq\366\337\2226\331,\276\205T\305g\222\215\232T\265"
  93      DF9236D9 
  93      2CBE8554 
  93      C567928D 
  93      9A54B5
ARM GAS  /tmp/cc9huV7r.s 			page 7


  94 037c B4EE95A7 		.ascii	"\264\356\225\247\331\001\277\375\347\321\357\230^\030"
  94      D901BFFD 
  94      E7D1EF98 
  94      5E18
  95 038a 3EB3EC4C 		.ascii	">\263\354Lw,?\323OS\265\005\230\020\026\262\242\275"
  95      772C3FD3 
  95      4F53B505 
  95      981016B2 
  95      A2BD
  96 039c F08740BB 		.ascii	"\360\207@\273\010}\233\354\327\250\252\256\336\003\033"
  96      087D9BEC 
  96      D7A8AAAE 
  96      DE031B
  97 03ab A5D2FC25 		.ascii	"\245\322\374%\245=\036\245/\025\374)K\303\007O\260\233"
  97      A53D1EA5 
  97      2F15FC29 
  97      4BC3074F 
  97      B09B
  98 03bd 10F16616 		.ascii	"\020\361f\0263\361[\004\362\347'\222\240\3609\2432\270"
  98      33F15B04 
  98      F2E72792 
  98      A0F039A3 
  98      32B8
  99 03cf C76F8402 		.ascii	"\307o\204\002\265F\311\316\035\273JK\266\3570J^\014"
  99      B546C9CE 
  99      1DBB4A4B 
  99      B6EF304A 
  99      5E0C
 100 03e1 94069F2A 		.ascii	"\224\006\237*\011\205j\214=\201\212\212*\377\353ea\277"
 100      09856A8C 
 100      3D818A8A 
 100      2AFFEB65 
 100      61BF
 101 03f3 5157FA8A 		.ascii	"QW\372\212Q\023.7\352\302\265\273j\203\241@\271\257"
 101      51132E37 
 101      EAC2B5BB 
 101      6A83A140 
 101      B9AF
 102 0405 9CD9C48D 		.ascii	"\234\331\304\215\022\250\260\207\312\336\250\012\226"
 102      12A8B087 
 102      CADEA80A 
 102      96
 103 0412 55F87C3E 		.ascii	"U\370|>\003?\257\372\303\325\376*c{e`w\340\245\235F"
 103      033FAFFA 
 103      C3D5FE2A 
 103      637B6560 
 103      77E0A59D 
 104 0427 B0C608D7 		.ascii	"\260\306\010\327\032\201\352\362\252\272\012\277Q^\351"
 104      1A81EAF2 
 104      AABA0ABF 
 104      515EE9
 105 0436 7FCD5F5D 		.ascii	"\177\315_][\343\253d\377\002~\211\304;"
 105      5BE3AB64 
 105      FF027E89 
 105      C43B
 106              		.text
 107              		.section	.gnu.lto_urtTopicAddMessages.a378710acd3171a1,"e",%progbits
ARM GAS  /tmp/cc9huV7r.s 			page 8


 108 0000 789C9593 		.ascii	"x\234\225\223]HTA\024\307\347\334\231\273_~\364R\020"
 108      5D485441 
 108      14C7E7DC 
 108      99BB5F7E 
 108      F45210
 109 0013 09E14362 		.ascii	"\011\341Cb>\324]\350\305\227\300%\354!\212B{\027\321"
 109      3ED45DE8 
 109      C597C025 
 109      EC218A42 
 109      7B17D1
 110 0026 A51614CD 		.ascii	"\245\026\024\315]\351\261\331u%\322\320\"\027?h[K\326"
 110      5DE9B1D9 
 110      7525D2D0 
 110      22173F68 
 110      5B4BD6
 111 0039 3602B32F 		.ascii	"6\002\263/\0125\3352\363#3u5\311\007\005SH\261\322\027"
 111      0A35DD32 
 111      F3233375 
 111      35C90705 
 111      5348B1D2 
 112 004e 0929EDCC 		.ascii	"\011)\355\314\334\365\003[\203.\354\3549w\316\371\315"
 112      DCF5035B 
 112      832EECEC 
 112      3977CEF9 
 112      CD
 113 005f FF9C33D7 		.ascii	"\377\2343\327D\200\\b\204d\023B\316\341\017\014\004"
 113      44805C62 
 113      84641342 
 113      CEE10F0C 
 113      04
 114 0070 14CE7986 		.ascii	"\024\316y\206\321mR\200F-\252\250\243K\253\351\214["
 114      D16D5280 
 114      462DAAA8 
 114      A34BABE9 
 114      8C5B
 115 0082 584B75B9 		.ascii	"XKu\271\221\361x5\272gc\000\322\340& W\024\2522\300"
 115      91F17835 
 115      BA676300 
 115      D2E02620 
 115      5714AA32 
 116 0097 956C3ED5 		.ascii	"\225l>\325\264\226\202\357Z\373DB\332}\316=<\\{\303"
 116      B49682EF 
 116      5AFB4442 
 116      DA7DCE3D 
 116      3C5C7BC3 
 117 00ab 72A77598 		.ascii	"r\247u\230\323\000\006\325S\002\307\222\300\232$C\241"
 117      D30006D5 
 117      5302C792 
 117      C09A2443 
 117      A1
 118 00bc 0DD23078 		.ascii	"\015\3220x\312\343\377\031_\205\373\000\014\335\232"
 118      CAE3FF19 
 118      5F85FB00 
 118      0CDD9A
 119 00cb 8167FD16 		.ascii	"\201g\375\026\341*\220\214\356\334\315o\013F\232\001"
 119      E12A908C 
 119      EEDCCD6F 
ARM GAS  /tmp/cc9huV7r.s 			page 9


 119      0B469A01 
 120 00db 04EDF2D9 		.ascii	"\004\355\362\331\256qKjPb\177\005)?\024\240\024^\001"
 120      AE714B6A 
 120      50627F05 
 120      293F14A0 
 120      145E01
 121 00ee 15D80E48 		.ascii	"\025\330\016H\202v@0\276Ct'\244b\302\213\212\271f3="
 121      82764030 
 121      BE437427 
 121      A462C28B 
 121      8AB96633 
 122 0103 2993DDC1 		.ascii	")\223\335\301[\225\011\321\344\305\375\015<\314\002"
 122      5B9509D1 
 122      E4C5FD0D 
 122      3CCC02
 123 0112 9441D75F 		.ascii	"\224A\327_\331\330\033\010C*\2219\267#_\024zV\346\217"
 123      D9D81B08 
 123      432A9139 
 123      B7235F14 
 123      7A56E68F 
 124 0126 45664EA5 		.ascii	"EfN\2454\311\364\225\320\336{e\274\217K\302\353\035"
 124      34C9F495 
 124      D0DE7B65 
 124      BC8F4BC2 
 124      EB1D
 125 0138 04F160F8 		.ascii	"\004\361`\370\314\3435_\202\201\301\033H\021e\213r\273"
 125      CCE3355F 
 125      8281C11B 
 125      4811658B 
 125      72BB
 126 014a 45AFF15F 		.ascii	"E\257\361_\274{4\252\206\371\332\372U\036\036:|\367"
 126      BC7B34AA 
 126      86F9DAFA 
 126      551E1E3A 
 126      7CF7
 127 015c F9BE44C0 		.ascii	"\371\276D\300\223U\005\027\003\025\032\230pU\"\"\015"
 127      93550517 
 127      03151A98 
 127      70552222 
 127      0D
 128 016d 72358210 		.ascii	"r5\202\020e\006Q\030!\225\224,\255\206\322\201\207\205"
 128      65065118 
 128      2195942C 
 128      AD86D281 
 128      8785
 129 017f AD48DB8D 		.ascii	"\255H\333\215\366u*\206\304\231t\026\300\3231_\327c"
 129      F6752A86 
 129      C4997416 
 129      C0D3315F 
 129      D763
 130 0191 14E7FA29 		.ascii	"\024\347\372)\240\246\252\262\037S&\321Z&+\012O\266"
 130      A0A6AAB2 
 130      1F5326D1 
 130      5A262B0A 
 130      4FB6
 131 01a3 7E4E0C42 		.ascii	"~N\014B\223\033S\222\003\324\350\247\006x+J\020\225"
 131      931B5392 
ARM GAS  /tmp/cc9huV7r.s 			page 10


 131      03D4E8A7 
 131      06782B4A 
 131      1095
 132 01b5 07A65F1A 		.ascii	"\007\246_\032\254-\\\337R\241\007\202P\247\227\361\016"
 132      AC2D5CDF 
 132      52A10782 
 132      50A797F1 
 132      0E
 133 01c6 AC640EBC 		.ascii	"\254d\016\274_\273\007!\006Z\005\002\275z\037V\304\246"
 133      5FBB0721 
 133      065A0502 
 133      BD7A1F56 
 133      C4A6
 134 01d8 51996C1A 		.ascii	"Q\231l\032Q0Hmk\036\001T\253V\227O\364\342\254Q,[\336"
 134      5130486D 
 134      6B1E0154 
 134      AB56974F 
 134      F4E2AC51 
 135 01ef 108E5A6B 		.ascii	"\020\216Zk*~G\342u\240\262\035Hci5\371\251\031\372b"
 135      2A7E47E2 
 135      75A0B21D 
 135      48636935 
 135      F9A919FA 
 136 0204 6A3543BF 		.ascii	"j5C\277\324\012\372\034:\246g\237(^\360D\023\0150\200"
 136      D40AFA1C 
 136      3AA6679F 
 136      285EF044 
 136      130D3080 
 137 0218 F209BC07 		.ascii	"\362\011\274\007/\220E\360&\313\251`\234?4\270n\026"
 137      2F9045F0 
 137      26CBA960 
 137      9C3F34B8 
 137      6E16
 138 022a 71A600B5 		.ascii	"q\246\000\265\324\213l\030\0241\250&@\343\364f\206\202"
 138      D48B6C18 
 138      1431A826 
 138      40E3F466 
 138      8682
 139 023c 71BA40FA 		.ascii	"q\272@\372_\212\030|\220\212\024\321\275!<^\300\372"
 139      5F8A187C 
 139      908A14D1 
 139      BD213C5E 
 139      C0FA
 140 024e 4FEB2816 		.ascii	"O\353(\026s\020t\327A|\334\032\304\260\216\232\252\230"
 140      731074D7 
 140      417CDC1A 
 140      C4B08E9A 
 140      AA98
 141 0260 A782B503 		.ascii	"\247\202\265\003\324xP\222\324]I#[\244Q\260\242\022"
 141      D4785092 
 141      D45D4923 
 141      5BA451B0 
 141      A212
 142 0272 016B987F 		.ascii	"\001k\230\177\320\263'\026\255S\334\320\177*\213l\361"
 142      D0B32716 
 142      AD53DCD0 
 142      7F2A8B6C 
ARM GAS  /tmp/cc9huV7r.s 			page 11


 142      F1
 143 0283 C604CF28 		.ascii	"\306\004\317(\372\333\370\320Gwi1\266\003\306\267\265"
 143      FADBF8D0 
 143      47776931 
 143      B603C6B7 
 143      B5
 144 0294 F83B781A 		.ascii	"\370;x\032\237\372\016D\017\337\234?~2\360I^\250\025"
 144      9FFA0E44 
 144      0FDF9C3F 
 144      7E32F049 
 144      5EA815
 145 02a7 50FDE2FB 		.ascii	"P\375\342\373\300K\004\313\033\327\237\220\343\332\305"
 145      C04B04CB 
 145      1BD79F90 
 145      E3DAC5
 146 02b6 A242BB56 		.ascii	"\242B\273V\354pi\266\354\314\234,\333\211L\315v\306"
 146      EC7069B6 
 146      ECCC9C2C 
 146      DB894CCD 
 146      76C6
 147 02c8 915574C4 		.ascii	"\221Ut\304V\\\354\324\012\035\371\371\005\366\313\271"
 147      565CECD4 
 147      0A1DF9F9 
 147      05F6CBB9 
 148 02d8 2576AD34 		.ascii	"%v\2554\353\274\346,\311\323JK\\9\256\242bG\336\321"
 148      EBBCE62C 
 148      C9D34A4B 
 148      5C39AEA2 
 148      6247DED1 
 149 02ec 3CA24AC3 		.ascii	"<\242J\303Thw:s/\330\235\254 \327\351\372\003\215\217"
 149      5468773A 
 149      732FD89D 
 149      AC20D7E9 
 149      FA038D8F 
 150 0300 8E6A     		.ascii	"\216j"
 151              		.text
 152              		.section	.gnu.lto_urtTopicBufferSize.a378710acd3171a1,"e",%progbits
 153 0000 789C9553 		.ascii	"x\234\225S]HTA\024\236s\317\334uw\335\355!\204 +|HD"
 153      5D485441 
 153      149E73CF 
 153      DC7577DD 
 153      ED218420 
 154 0018 A8AE8FBE 		.ascii	"\250\256\217\276\004J\330K\024d\275K\250\324B\376\340"
 154      044AD84B 
 154      1464BD4B 
 154      A8D442FE 
 154      E0
 155 0029 0F412FCE 		.ascii	"\017A/\316\256k\321\017Jd\251\321\266\376`*\224i\211"
 155      AE6BD10F 
 155      4A64A9D1 
 155      B6FE602A 
 155      946989
 156 003c A4F9B3A6 		.ascii	"\244\371\263\246\371_\351\202\212\006\012\241Q\222\245"
 156      F95FE982 
 156      8A060AA1 
 156      5192A5
 157 004b 2F5242DA 		.ascii	"/RB\332\231\331+\231e\320\205{93s\316\367s\316\\+\003"
ARM GAS  /tmp/cc9huV7r.s 			page 12


 157      99D92B99 
 157      65D0857B 
 157      393373CE 
 157      F773CE5C 
 158 0061 B69F3376 		.ascii	"\266\2373v\2121v\232^\2600\320\204\020\011an\253\006"
 158      8A31769A 
 158      5EB030D0 
 158      84100961 
 158      6EAB06
 159 0074 DC8CD08C 		.ascii	"\334\214\320\214z\254\\\303\340\362Z<\027v\275\261\244"
 159      7AAC5CC3 
 159      E0F25A3C 
 159      1776BDB1 
 159      A4
 160 0085 288C0B87 		.ascii	"(\214\013\207\016\240\316\204\025X\201\206\\\207\002"
 160      0EA0CE84 
 160      15588186 
 160      5C8702
 161 0094 8D00379F 		.ascii	"\215\0007\237\022,C\230\365\370\2769\212\321\217\014"
 161      122C4398 
 161      F5F8BE39 
 161      8AD18F0C 
 162 00a4 382D4B87 		.ascii	"8-K\207[\206\354r\011\020EK\357\344\2036\036['\204G"
 162      5B86EC72 
 162      0910454B 
 162      EFE48336 
 162      1E5B2784 
 163 00b9 04CAD6ED 		.ascii	"\004\312\326\355\345-c\302\346G\215UP\372\013\210\204"
 163      E52D63C2 
 163      E6478D55 
 163      50FA0B88 
 163      84
 164 00ca 76885450 		.ascii	"v\210TP\320\001\261\224\276pki1\014\023\200Q\\4\337"
 164      D001B194 
 164      BE706B69 
 164      310C1380 
 164      515C34DF 
 165 00de 3D618FA9 		.ascii	"=a\217\251U\245}\265(\016\372\021\241\023\360\267R\332"
 165      55A57DB5 
 165      280EFA11 
 165      A113F0B7 
 165      52DA
 166 00f0 A3E22E88 		.ascii	"\243\342.\210a\262\244\332=1\342\304\343\252|\245\250"
 166      61B2A4DA 
 166      3D31E2C4 
 166      E3AA7CA5 
 166      A8
 167 0101 2BE88CAE 		.ascii	"+\350\214\256Q\345\037\036ET\025\212A\301\211\032\272"
 167      51E51F1E 
 167      4554158A 
 167      41C1891A 
 167      BA
 168 0112 B741C887 		.ascii	"\267A\310\207\362\3377\257\337qZ8\004 Z\252\223\232"
 168      F2DF37AF 
 168      DF715A38 
 168      04205AAA 
 168      939A
ARM GAS  /tmp/cc9huV7r.s 			page 13


 169 0124 7AC00274 		.ascii	"z\300\002t2\332\3246\305\361\204B\275\275\324\336l1"
 169      32DAD436 
 169      C5F18442 
 169      BDBDD4DE 
 169      6C31
 170 0136 51271F1F 		.ascii	"Q'\037\037\2506Q9\274\3747j/\241J<\011\333G\260\214"
 170      A8365139 
 170      BCFC376A 
 170      2FA14A3C 
 170      09DB47B0 
 171 014b 699249EE 		.ascii	"i\222I\356?\011\352\001\261\276qU\004\372\017U5\354"
 171      3F09EA01 
 171      B1BE7155 
 171      04FA0F55 
 171      35EC
 172 015d 710299D2 		.ascii	"q\002\231\3225\372p\302\243\034\256\276:\223\271\026"
 172      35FA70C2 
 172      A31CAEBE 
 172      3A93B916 
 173 016d 905E6D2A 		.ascii	"\220^m*\016W\373\016\0253v\003\331\362Z}<\210\000c7"
 173      0E57FB0E 
 173      15337603 
 173      D9F25A7D 
 173      3C880063 
 174 0182 5153B19B 		.ascii	"QS\261\233\342E\360\224^\3771\355\220\344>\224v\212"
 174      E245F094 
 174      5EFF31ED 
 174      90E43E94 
 174      768A
 175 0194 0BBFCE5A 		.ascii	"\013\277\316Z\345\204P9\012\3144M\357\252\205\0327M"
 175      E5845039 
 175      0ACC344D 
 175      EFAA851A 
 175      374D
 176 01a6 3ACA8F94 		.ascii	":\312\217\224d\201W\322\001\235\271\375s\317-q\215\""
 176      648157D2 
 176      019DB9FD 
 176      73CF2D71 
 176      8D22
 177 01b8 741406FD 		.ascii	"t\024\006\375P\013\345hZ\353\230\233\177\252y\301c\026"
 177      500BE568 
 177      5AEB989B 
 177      7FAA79C1 
 177      6316
 178 01ca EA300071 		.ascii	"\3520\000q\344n\020\274\300>\2037J\331\245<_\375\350"
 178      E46E10BC 
 178      C03E8337 
 178      4AD9A53C 
 178      5FFDE8
 179 01dd 864DE659 		.ascii	"\206M\346Y\375h\255 R\006C2\207\324\370\321&\005v|\232"
 179      FD68AD20 
 179      52064332 
 179      87D4F8D1 
 179      2605767C 
 180 01f2 79B55BB6 		.ascii	"y\265[\266\305\207\332\177)\3420\254\024\201l\353\010"
 180      C587DA7F 
 180      29E230AC 
ARM GAS  /tmp/cc9huV7r.s 			page 14


 180      14816CEB 
 180      08
 181 0203 D14BB021 		.ascii	"\321K\260!#\004e\333\352\225\377\341\265\362!R\217\355"
 181      230465DB 
 181      EA95FFE1 
 181      B5F22152 
 181      8FED
 182 0215 4409A37F 		.ascii	"D\011\243\177\005\017\207\327\012\\\223\340o\2447j,"
 182      050F87D7 
 182      0A5C93E0 
 182      6FA4376A 
 182      2C
 183 0226 96144D0D 		.ascii	"\226\024M\015\240\354,.B\341\375+\235\357\"Bl\341>\224"
 183      A0EC2C2E 
 183      42E1FD2B 
 183      9DEF2242 
 183      6CE13E94 
 184 023a D7BFF5DA 		.ascii	"\327\277\365\332R\203M\022j\000\360\226pM{\231\241,"
 184      52834D12 
 184      6A00F096 
 184      704D7B99 
 184      A12C
 185 024c C77611EB 		.ascii	"\307v\021\353\316\220\010}G\021c\277D\214\233\"\344"
 185      CE90087D 
 185      471163BF 
 185      448C9B22 
 185      E4
 186 025d 0F2BB814 		.ascii	"\017+\270\024\001\013\340\375\330\273\317\354\035\301"
 186      010BE0FD 
 186      D8BBCFEC 
 186      1DC1
 187 026b C8D9AC02 		.ascii	"\310\331\254\002\227\324\332\275g\343@\302p\2555v\025"
 187      97D4DABD 
 187      67E340C2 
 187      70AD3576 
 187      15
 188 027c 746A8836 		.ascii	"tj\2106\323\372\235\222\034\030\314$\024}e\363\216\320"
 188      D3FA9D92 
 188      1C18CC24 
 188      147D65F3 
 188      8ED0
 189 028e B42A37EE 		.ascii	"\264*7\356\342\016\003#j\010n\031\330\027\360T\326\225"
 189      E20E0323 
 189      6A086E19 
 189      D817F054 
 189      D695
 190 02a0 ED0D5D28 		.ascii	"\355\015](T|H\346\271\274\203\260\262y\007\031;j\\\310"
 190      547C48E6 
 190      B9BC83B0 
 190      B2790719 
 190      3B6A5CC8 
 191 02b4 CA4837B2 		.ascii	"\312H7\262]yF\342\231\244\224\344\304cIF\342IWr\326"
 191      5D7946E2 
 191      99A494E4 
 191      C4634946 
 191      E2495772 
 192 02c9 E1C4ECEC 		.ascii	"\341\304\354\354\\#\303\225\226v1\375\322\271\234t#"
ARM GAS  /tmp/cc9huV7r.s 			page 15


 192      5C23C395 
 192      967631FD 
 192      D2B99C74 
 192      23
 193 02da 3FF9AC91 		.ascii	"?\371\254\221\233\223j\344\347\344\245\344ee\273R\217"
 193      9B936AE4 
 193      E7E4A5E4 
 193      6565BB52 
 193      8F
 194 02eb A4325D05 		.ascii	"\2442]\005<\327u9\0353r\317\377\004\270\276p\024"
 194      3CD77539 
 194      1D3372CF 
 194      FF04B8BE 
 194      7014
 195              		.text
 196              		.section	.gnu.lto_.symbol_nodes.a378710acd3171a1,"e",%progbits
 197 0000 789C6DD0 		.ascii	"x\234m\320\273\021\0021\014\004\320\225\367>\3665A\033"
 197      BB110231 
 197      0C04D095 
 197      F73EF635 
 197      411B
 198 0012 8430432B 		.ascii	"\2040C+\324\241\013(\200\214\377'\270\200\032\210\211"
 198      D4A10B28 
 198      808CFF27 
 198      B8801A88 
 198      89
 199 0023 A9820220 		.ascii	"\251\202\002 %\001\237\317DH\321\216\236F\301z\010\346"
 199      25019FCF 
 199      4448D18E 
 199      9E46C17A 
 199      08E6
 200 0035 02C0ADA8 		.ascii	"\002\300\255\250h\343\024\262\274\003\012\\\333)z\201"
 200      68E314B2 
 200      BC030A5C 
 200      DB297A81 
 201 0045 5B53E5F9 		.ascii	"[S\345\371\276\214\377eCu\246\310\221\312O\236Qb\304"
 201      BE8CFF65 
 201      4375A6C8 
 201      91CA4F9E 
 201      5162C4
 202 0058 F7932807 		.ascii	"\367\223(\007ja\313\236Z\332\262\243V\266l\251\265-"
 202      6A61CB9E 
 202      5ADAB2A3 
 202      56B66CA9 
 202      B52D
 203 006a 67AAB7E5 		.ascii	"g\252\267\345D\015\246\020\365P\301B\210j\210]E\224"
 203      440DA610 
 203      F550C142 
 203      886A885D 
 203      4594
 204 007c 437CC458 		.ascii	"C|\304X\344\203\206`\3366\224\360\352K\270\011\305\247"
 204      E4838660 
 204      DE3694F0 
 204      EA4BB809 
 204      C5A7
 205 008e 142F5D48 		.ascii	"\024/]H\305\314\350~+|\001\303!\204\207"
 205      C5CCE87E 
ARM GAS  /tmp/cc9huV7r.s 			page 16


 205      2B7C01C3 
 205      218487
 206              		.text
 207              		.section	.gnu.lto_.refs.a378710acd3171a1,"e",%progbits
 208 0000 789CE360 		.ascii	"x\234\343``\004B \000\000\000]\000\013"
 208      60044220 
 208      0000005D 
 208      000B
 209              		.text
 210              		.section	.gnu.lto_.decls.a378710acd3171a1,"e",%progbits
 211 0000 789C9D5A 		.ascii	"x\234\235Z\013PT\331\231\356\323\247\033\232\246\033"
 211      0B5054D9 
 211      99EED3A7 
 211      1B9AA61B 
 212 0010 1C3193D9 		.ascii	"\0341\223\3318\233\232J\254\304\255\314\0143\265S\273"
 212      389B9A4A 
 212      ACC4ADCC 
 212      0C33B553 
 212      BB
 213 0021 934A7637 		.ascii	"\223Jv7\263\356\324&[3;[3\223le\267RL\013\255\222\360"
 213      B3EED426 
 213      5B333B5B 
 213      33936C65 
 213      B7524C0B 
 214 0038 30DD8DA3 		.ascii	"0\335\215\243\331\255M#\310Cy) \362\024\004\004\005"
 214      D9AD4D23 
 214      C8437929 
 214      20F21404 
 214      0405
 215 004a 14111005 		.ascii	"\024\021\020\005\344\215\274\237\212\312\033D\004\025"
 215      E48DBC9F 
 215      8ACA1B44 
 215      0415
 216 0058 7C202088 		.ascii	"|  \210\260\3779\347\336\356{\373vOLZ\177\356\375\357"
 216      B0FF39E7 
 216      DEEE7BFB 
 216      764F4C5A 
 216      7FEEFDEF 
 217 006c FDFEC7F9 		.ascii	"\375\376\307\371\377\377<\273U2$\363\177G&\333\246\222"
 217      FFFF3CBB 
 217      553224F3 
 217      7F4726DB 
 217      A692
 218 007e C9DE96CB 		.ascii	"\311\336\226\313d\033\360Q\310d\262^ %P\030\222\311"
 218      641BF051 
 218      C864B25E 
 218      20255018 
 218      92C9
 219 0090 FE066837 		.ascii	"\376\006h7\334\207\3035\002\210|\324@'\340>\035(\013"
 219      DC87C335 
 219      02887CD4 
 219      4027E03E 
 219      1D280B
 220 00a3 2817A810 		.ascii	"(\027\250\020\350\002\320e\240j\240\032\240:\016/\374"
 220      E802D065 
 220      A06AA01A 
 220      A03A0E2F 
ARM GAS  /tmp/cc9huV7r.s 			page 17


 220      FC
 221 00b4 BC8F65B2 		.ascii	"\274\217e\262\357\303\3658\274\333\014\327-v\354\324"
 221      EFC3F538 
 221      BCDB0CD7 
 221      2D76ECD4 
 222 00c4 033570F6 		.ascii	"\0035p\366\032\201\016\0015\001}\037\250\031\250\012"
 222      1A810E01 
 222      35017D1F 
 222      A819A80A 
 223 00d4 6813502B 		.ascii	"h\023P+P\013\320\020\320 \310*\340:\014T\001\264\000"
 223      500BD010 
 223      D020C82A 
 223      E03A0C54 
 223      01B400
 224 00e7 FC085C8B 		.ascii	"\374\010\\\213\201\332\341\336\035\332\3675\221\203"
 224      81DAE1DE 
 224      1DDAF735 
 224      9183
 225 00f5 6B015C5F 		.ascii	"k\001\\_\203\353f\240\034\270\327\302\373?\302\365\017"
 225      83EB66A0 
 225      1CB8D7C2 
 225      FB3FC2F5 
 225      0F
 226 0106 40214007 		.ascii	"@!@\007\3103\240\377\005:\010\264\037\350\377\200\314"
 226      C833A0FF 
 226      053A08B4 
 226      1FE8FF80 
 226      CC
 227 0117 40C140FF 		.ascii	"@\301@\377\003\364\020d\234\2718\220\366\376\225\234"
 227      03F41064 
 227      9CB93890 
 227      F6FE959C 
 228 0127 B5FD0217 		.ascii	"\265\375\002\027\213\\;m\377\011\264]c\247\355\021\234"
 228      8B5C3B6D 
 228      FF09B45D 
 228      63A7ED11 
 228      9C
 229 0138 3FE19CDF 		.ascii	"?\341\234\337\207l\332\012b\324^\010\347\007\341\323"
 229      876CDA0A 
 229      62D45E08 
 229      E707E1D3 
 230 0148 B9F8D6D8 		.ascii	"\271\370\326\330\261\263\203\263\303\333\030\024\330"
 230      B1B383B3 
 230      C3DB1814 
 230      D8
 231 0155 094752FD 		.ascii	"\011GR\375\304&\261\217\0056\210=\302g}\203\235$\214"
 231      C426B18F 
 231      0536883D 
 231      C2677D83 
 231      9D248C
 232 0168 460FA63F 		.ascii	"F\017\246?\327\304`\264Y\215\024\300&\264\225\266\252"
 232      D7C460B4 
 232      598D14C0 
 232      26B495B6 
 232      AA
 233 0179 81DDA246 		.ascii	"\201\335\242Fo\001\373\362^\3759%{{\213\240{\343\007"
 233      6F01FBF2 
ARM GAS  /tmp/cc9huV7r.s 			page 18


 233      5EFD3925 
 233      7B7B8BA0 
 233      7BE307
 234 018c C75C18FF 		.ascii	"\307\\\030\377!\260=\331\011\341\316\014]\213\201/\217"
 234      21B03DD9 
 234      09E1CE0C 
 234      5D8B812F 
 234      8F
 235 019d BB14A660 		.ascii	"\273\024\246`\257{\010\274\261b5Y\215\345\210\334\257"
 235      AF7B08BC 
 235      B1623559 
 235      8DE588DC 
 235      AF
 236 01ae 9F4C1ED3 		.ascii	"\237L\036\323\342\327\350}\337Ll\217\253g\221\231}T"
 236      E2D7E87D 
 236      DF4C6C8F 
 236      AB679199 
 236      7D54
 237 01c0 195886EA 		.ascii	"\031X\206\352\020\266:u,d~D\216\377\223b\213\217<\311"
 237      10B63A75 
 237      2C647E44 
 237      8EFF9362 
 237      8B8F3CC9 
 238 01d4 71F338CA 		.ascii	"q\3638\312a\315\2106\0035 \320\216<P=\362\344d\032\362"
 238      61CD8836 
 238      033520D0 
 238      8E3C503D 
 238      F2E4641A 
 239 01e9 92B2559A 		.ascii	"\222\262U\232\303f\363Asf\210\331\345\347\364u%\332"
 239      C366F341 
 239      736688D9 
 239      E5E7F475 
 239      25DA
 240 01fb 8AAEA0AD 		.ascii	"\212\256\240\255 \320\2044\014\327\236\332\023\254f"
 240      20D08434 
 240      0CD79EDA 
 240      13AC66
 241 020a 3EB610BE 		.ascii	">\266\020\276\344^I\263\022\373R[Ua/\257\222\366\374"
 241      E45E49B3 
 241      12FB525B 
 241      55612FAF 
 241      92F6FC
 242 021d 5A8D4857 		.ascii	"Z\215HWr\207G\327\036\315]G\354\021A<\331\310\233p\302"
 242      728747D7 
 242      1ECD5D47 
 242      EC11413C 
 242      D9C89B70 
 243 0232 FBE97DE9 		.ascii	"\373\351}\351\315\262\253n\352\010\213E\231\305\034"
 243      CDB2AB6E 
 243      EA088B45 
 243      99C51C
 244 0241 6A435402 		.ascii	"jCT\002\274C\255\360\254\005\236\201@\353\271\263QZ"
 244      BC43ADF0 
 244      AC059E81 
 244      40EBB9B3 
 244      515A
 245 0253 1C81A8F4 		.ascii	"\034\201\250\364H]C\201\034\037g\314\371\351\311E\205"
ARM GAS  /tmp/cc9huV7r.s 			page 19


 245      485D4381 
 245      1C1F67CC 
 245      F9E9C945 
 245      85
 246 0264 A4919DA0 		.ascii	"\244\221\235\240\245K\324\310\260\251\234\313\316\370"
 246      A54BD4C8 
 246      B0A99CCB 
 246      CEF8
 247 0272 14136A5C 		.ascii	"\024\023j\\\252\316\225F\246[\"\324\225\336T%\027F\246"
 247      AACE9546 
 247      A65B22D4 
 247      95DE5425 
 247      1746A6
 248 0285 4714995E 		.ascii	"G\024\231^>2wO=\374\026\013\314vA%lf\225p\266r\366\204"
 248      3E32774F 
 248      3DFC160B 
 248      CC764125 
 248      6C669570 
 249 029d 9CA5DA2C 		.ascii	"\234\245\332,'\215\237\011;\214p1\363\244\250<*\325"
 249      278D9F09 
 249      3B8C7031 
 249      F3A4A83C 
 249      2AD5
 250 02af 9961DF00 		.ascii	"\231a\337\0006\353F\317A\304\330M\300\236\012\276\321"
 250      36EB46CF 
 250      41C4D84D 
 250      C09E0ABE 
 250      D1
 251 02c0 AEC5750C 		.ascii	"\256\305u\014\232\263\362\350\222\00673\346\306\243"
 251      9AB3F2E8 
 251      92063733 
 251      E6C6A3
 252 02cf A470B9FD 		.ascii	"\244p\271\375\010\336\266\033\301\252\245\023\371\356"
 252      08DEB61B 
 252      C1AAA513 
 252      F9EE
 253 02dd B89349D7 		.ascii	"\270\223I\327l\034\257\341\252M\005l\342\331\2725\015"
 253      6C1CAFE1 
 253      AA4D056C 
 253      E2D9BA35 
 253      0D
 254 02ee 578CE475 		.ascii	"W\214\344ud\355\341F5\276\301\260III\027Ux\2201\205"
 254      64EDE146 
 254      35BEC1B0 
 254      49494917 
 254      55789031 
 255 0303 8F162B89 		.ascii	"\217\026+\211\273\333\325\350\217\202\024og)\016\017"
 255      BBDBD5E8 
 255      8F82146F 
 255      67290E0F 
 256 0313 CD8F75C5 		.ascii	"\315\217u\3053\014:\236\020\331\340\304<,\0161\277\026"
 256      330C3A9E 
 256      10D9E0C4 
 256      3C2C0E31 
 256      BF16
 257 0325 FCBE0C8D 		.ascii	"\374\276\014\215\200;\303\304\305IDe\210\213\023\360"
 257      803BC3C4 
ARM GAS  /tmp/cc9huV7r.s 			page 20


 257      C5494465 
 257      888B13F0 
 258 0335 6C9CBA28 		.ascii	"l\234\272(\257\271\020\221\352\204\266y\234\"2\265\335"
 258      AFB91091 
 258      EA84B679 
 258      9C2232B5 
 258      DD
 259 0346 573FA8AC 		.ascii	"W?\250\254xh6O\2321\272\203\324h\024d\356B\370y%2\344"
 259      7868364F 
 259      9A31BA83 
 259      D4681464 
 259      EE42F879 
 260 035d 49FEBC0F 		.ascii	"I\376\274\017\177h\"\301\210\031\275!02\306\011\020"
 260      7F6822C1 
 260      8819BD21 
 260      3032C609 
 260      10
 261 036e 2B53681B 		.ascii	"+Sh\033\227\322\340G\303o\343(\326\2612\372\342\356"
 261      97D2E047 
 261      C36FE328 
 261      D6B132FA 
 261      E2EE
 262 0380 283DEC4B 		.ascii	"(=\354KO\333\225.\317\213\276\217q2\023\217\033^\251"
 262      4FDB952E 
 262      CF8BBE8F 
 262      7132138F 
 262      1B5EA9
 263 0393 72C5698C 		.ascii	"r\305i\214\011)[/B\302R\351\022\225\312}\276TJn\345"
 263      09295B2F 
 263      42C252E9 
 263      1295CA7D 
 263      BE544A6E 
 264 03a8 8EB8E32C 		.ascii	"\216\270\343,*\344\334\236\267x\332\015m#\037\217m\254"
 264      2AE4DC9E 
 264      B778DA0D 
 264      6D231F8F 
 264      6DAC
 265 03ba D98FBA3E 		.ascii	"\331\217\272>L\033\2351\233\217\275Ad\320,\270\361D"
 265      4C1B9D31 
 265      9B8FBD41 
 265      64D02CB8 
 265      F144
 266 03cc A4C9D26A 		.ascii	"\244\311\322j\206\0378\2719+\304\334\362\025\332\255"
 266      861F38B9 
 266      392BC4DC 
 266      F215DAAD 
 267 03dc 414312F0 		.ascii	"AC\022\360M$@\233\315\265\363\031\233JB\314\021!\032"
 267      4D24409B 
 267      CDB5F319 
 267      9B4A42CC 
 267      11211A
 268 03ef 740F70A3 		.ascii	"t\017p\243\034\336\032\322a$\326>\235\277\205i\037\204"
 268      1CDE1AD2 
 268      6124D63E 
 268      9DBF8569 
 268      1F84
 269 0401 0C3C90A8 		.ascii	"\014<\220\250\037\260\201/\245\277~\212\302\333\001"
ARM GAS  /tmp/cc9huV7r.s 			page 21


 269      1FB0812F 
 269      A5BF7E8A 
 269      C2DB01
 270 0410 3E63DFF5 		.ascii	">c\337\365J\304g,\316\314b~\035\000\375$\346\235\234"
 270      4AC4672C 
 270      CECC627E 
 270      1D00FD24 
 270      E69D9C
 271 0423 0489F943 		.ascii	"\004\211\371C\264\015=\006\232\007\232\003z\012\364"
 271      B40D3D06 
 271      9A079A03 
 271      7A0AF4
 272 0432 88E581D9 		.ascii	"\210\345\201\331Z?)p\355\226\203\226Sc\020\365\330\344"
 272      5A3F2970 
 272      ED968396 
 272      536310F5 
 272      D8E4
 273 0444 43F55A0F 		.ascii	"C\365Z\017\373V\273_\315*h\271\234\035Y\254\305\213"
 273      FB56BB5F 
 273      CD2A68B9 
 273      9C1D59AC 
 273      C58B
 274 0456 2CE11DA1 		.ascii	",\341\035\241\321}j\034\214)\263\032\177\271\314\025"
 274      D17D6A1C 
 274      8C29B31A 
 274      7FB9CC15 
 275 0466 2730A6BB 		.ascii	"'0\246\273}R\217S\330\375\344\263\242<\271d\244Y\006"
 275      7D528F53 
 275      D8FDE4B3 
 275      A23CB964 
 275      A45906
 276 0479 93CF4523 		.ascii	"\223\317E#\315\323\356\244]8\233\311\304\267E>PKdV$"
 276      CDD3EEA4 
 276      5D389BC9 
 276      C4B7453E 
 276      504B6456 
 277 048e 327D275A 		.ascii	"2}'Z\276-\254\270UQ\000^\360\025\227Y?\361\016>GU\343"
 277      BE2DACB8 
 277      5551005E 
 277      F0159759 
 277      3FF10E3E 
 278 04a5 9017D3BF 		.ascii	"\220\027\323\277B\036\333\266Y#\241\020\324<q\353%\027"
 278      421EDBB6 
 278      5923A110 
 278      D43C71EB 
 278      2517
 279 04b7 890D68F9 		.ascii	"\211\015h\371\2720\336c\363?=\361\214\025&\250Fk\034"
 279      BA30DE63 
 279      F33F3DF1 
 279      8C1526A8 
 279      466B1C
 280 04ca D65E7699 		.ascii	"\326^v\231\300\3237R\314\265\241N\024=k\037\375>\313"
 280      C0D33752 
 280      CCB5A14E 
 280      143D6B1F 
 280      FD3ECB
 281 04dd 4E62FC89 		.ascii	"Nb\374\211\273\330\303\276O+\366}\202\341\"\271\264"
ARM GAS  /tmp/cc9huV7r.s 			page 22


 281      BBD8C3BE 
 281      4F2BF67D 
 281      82E122B9 
 281      B4
 282 04ee EF81021A 		.ascii	"\357\201\002\032c_n\021\344\202\345L\356\240\234o\007"
 282      635F6E11 
 282      E482E54C 
 282      EEA09C6F 
 282      07
 283 04ff 7481EEB5 		.ascii	"t\201\356\265\367\222\362@\000FU3\274_\342pv\206\025"
 283      F792F240 
 283      00465533 
 283      BC5FE270 
 283      768615
 284 0512 F0EC667E 		.ascii	"\360\354f~\33535\216Q\320\274\314\3378\263\335\201\227"
 284      DD33358E 
 284      51D0BCCC 
 284      DF38B3DD 
 284      8197
 285 0524 21728935 		.ascii	"!r\2115\020X\273\333r\321\025g0\351\216\322\264I7\\"
 285      1058BBDB 
 285      72D11567 
 285      30E98ED2 
 285      B449375C 
 286 0538 CC9886D9 		.ascii	"\314\230\206\331\251\0105\276\302\230\013\011\275\033"
 286      A90835BE 
 286      C2980B09 
 286      BD1B
 287 0546 4EF81A63 		.ascii	"N\370\032c\236\217\344t\272H\222\037\001\372#\345\302"
 287      9E8FE474 
 287      BA48921F 
 287      01FA23E5 
 287      C2
 288 0557 E4775FE8 		.ascii	"\344w_\350\017v\303\003L\250\250\365\3068\226\010\035"
 288      0F76C303 
 288      4CA8A8F5 
 288      C6389608 
 288      1D
 289 0568 96085D78 		.ascii	"\226\010]xY1\340.,\231#raN\242\344\254d\344O\363\227"
 289      5931E02E 
 289      2C992372 
 289      614EA2E4 
 289      AC64E44F 
 290 057e AAE59691 		.ascii	"\252\345\226\221x#\015\2476\304D\2333\017b\002\241\311"
 290      78230DA7 
 290      36C4449B 
 290      330F6202 
 290      A1C9
 291 0590 8C91DB4D 		.ascii	"\214\221\333M&u!3\204E\3072#\205\313\231\000\211N\264"
 291      26752133 
 291      8445C732 
 291      2385CB99 
 291      00894EB4 
 292 05a4 253A85F7 		.ascii	"%:\205\367\302\206\325\370\270\222\266\340tHd\022\327"
 292      C286D5F8 
 292      B892B6E0 
 292      74486412 
ARM GAS  /tmp/cc9huV7r.s 			page 23


 292      D7
 293 05b5 4F24E2B1 		.ascii	"O$\342\261v\305\2136\356\245\272s\323*\002~\345\322"
 293      76C58B36 
 293      EEA5BA73 
 293      D32A027E 
 293      E5D2
 294 05c7 D834C667 		.ascii	"\3304\306g\231\272\202\345\3202w|\2361\017\246\013\006"
 294      99BA82E5 
 294      D032777C 
 294      9E310FA6 
 294      0B06
 295 05d9 E4B88C31 		.ascii	"\344\270\2141\241\341\311\255\322\016\231\000&\022E"
 295      A1E1C9AD 
 295      D20E9900 
 295      261245
 296 05e8 A1BAB871 		.ascii	"\241\272\270q&\014\343\032Nh\361\344\222R\"t\\\"t\274"
 296      260CE31A 
 296      4E68F1E4 
 296      92522274 
 296      5C2274BC 
 297 05fc A0335DB4 		.ascii	"\2403]\264\222J\022\205\351\004\027_\264\226\333}K\205"
 297      924A1285 
 297      E904175F 
 297      B496DB7D 
 297      4B85
 298 060e 5B98F2A9 		.ascii	"[\230\362\251\205\302g\356\022\345\311\240<E\244\274"
 298      85C267EE 
 298      12E5C9A0 
 298      3C45A4BC 
 299 061e EEE5ED34 		.ascii	"\356\345\35545\356eBu\245w\317IW0\251\022\241\222\340"
 299      35EE6542 
 299      75A577CF 
 299      495730A9 
 299      12A192E0 
 300 0632 C22167A1 		.ascii	"\302!g\241Gi\"\217\3229\217\024\021\345\263\307 \343"
 300      4769228F 
 300      D2398F14 
 300      11E5B3C7 
 300      20E3
 301 0644 9669A8BD 		.ascii	"\226i\250\275\022\257\225\232\315\221\032\3424\212\007"
 301      12AF959A 
 301      CD911AE2 
 301      348A07
 302 0653 BD9922C1 		.ascii	"\275\231\"\301a\233\211e \3119\230\366v\276Oe\332\357"
 302      619B8965 
 302      20C93998 
 302      F676BE4F 
 302      65DAEF
 303 0666 53A2EE73 		.ascii	"S\242\356sT\276\225\216\323\264\261\231\\\206O\312\267"
 303      54BE958E 
 303      D3B4B199 
 303      5C864FCA 
 303      B7
 304 0677 A10CA02C 		.ascii	"\241\014\240,\271`\360Y\312sf\203I:W\177\366\274\341"
 304      B960F059 
 304      CA736683 
 304      493A577F 
ARM GAS  /tmp/cc9huV7r.s 			page 24


 304      F6BCE1
 305 068a 07FBB191 		.ascii	"\007\373\261\221\207C\032|\310\211\006jl\256\362\202"
 305      87431A7C 
 305      C889066A 
 305      6CAEF282 
 306 069a C6C3BED9 		.ascii	"\306\303\276\331S\216\315\222\025cS\\\245\226-\222\344"
 306      538ECD92 
 306      1563535C 
 306      A5962D92 
 306      E4
 307 06ab 82A5D916 		.ascii	"\202\245\331\026\2664\313.+\312'\345\367\003\262\340"
 307      B634CB2E 
 307      2BCA27E5 
 307      F703B2E0 
 308 06bb C582B5D0 		.ascii	"\305\202\265\320\017\330Z(mn\242\\\205\343\231\023g"
 308      0FD85A28 
 308      6D6EA25C 
 308      85E39913 
 308      67
 309 06cc 339A475C 		.ascii	"3\232G\\\330Z(.\304\254\334.C\271\340C\216\034|\310"
 309      D85A282E 
 309      C4ACDC2E 
 309      43B9E043 
 309      8E1C7CC8 
 310 06e0 975311E2 		.ascii	"\227S\021\342B\036<;-\247\253\265\365\210\311\031'\234"
 310      421E3C3B 
 310      2DA7ABB5 
 310      F588C919 
 310      279C
 311 06f2 C5A4ABAF 		.ascii	"\305\244\253\257%\372IR}\026\344\012D\251~<\261T\354"
 311      25FA4952 
 311      7D16E40A 
 311      44A97E3C 
 311      B154EC
 312 0705 264C7581 		.ascii	"&Lu\201(F\205|\361\225ed5s\355\212#\035\347N^C\006\337"
 312      2846857C 
 312      F1956564 
 312      3573ED8A 
 312      231DE74E 
 313 071d 915CC8A2 		.ascii	"\221\\\310\242w.vV\213\013\230\355\206KC\263r\006~\217"
 313      772E7656 
 313      8B0B98ED 
 313      864B43B3 
 313      72067E8F 
 314 0731 74A5B383 		.ascii	"t\245\263\203\327\335p){w\256\360E\261Z\001\233'\262"
 314      D7DD7029 
 314      7B77AEF0 
 314      45B15A01 
 314      9B27B2
 315 0744 F60852D0 		.ascii	"\366\010R\320)\251\241\245\310\375\333\2114\332!\346"
 315      29A9A1A5 
 315      C8FDDB89 
 315      34DA21E6 
 316 0754 4D72B4E7 		.ascii	"Mr\264\347uKSe\350\242\374\3332T\"W0?\352\257\237[r"
 316      754B5365 
 316      E8A2FCDB 
 316      32542257 
ARM GAS  /tmp/cc9huV7r.s 			page 25


 316      303FEAAF 
 317 076b 15FA0BAF 		.ascii	"\025\372\013\257\005\376\226B\246i\343\000z\275u`\022"
 317      05FE9642 
 317      A669E300 
 317      7ABD7560 
 317      12
 318 077c E36A66B6 		.ascii	"\343jf\266t\264\365\210\213#9T\006q\021\212&\224\335"
 318      74B4F588 
 318      8B233954 
 318      0671118A 
 318      2694DD
 319 078f 1EE0B665 		.ascii	"\036\340\266ef\222\246\361\354\245\012\204\373\035\266"
 319      6692A6F1 
 319      ECA50A84 
 319      FB1DB6
 320 079e A0B6F4CA 		.ascii	"\240\266\364\312E\015\276\315\336G\217\347\024J\007"
 320      450DBECD 
 320      DE478FE7 
 320      144A07
 321 07ad E32B60A2 		.ascii	"\343+`\242R\024\372\332\027\025Pq\367\231\320\305\210"
 321      5214FADA 
 321      17155071 
 321      F799D0C5 
 321      88
 322 07be AA718D44 		.ascii	"\252q\215D\250J\"\324}\263\352\272\250\035\325\242|"
 322      A84A22D4 
 322      7DB3EABA 
 322      A81DD5A2 
 322      7C
 323 07cf 5D       		.ascii	"]"
 324 07d0 E5F33552 		.ascii	"\345\3635R\336\236\247\245N\302#tYN\335L\0338\337\246"
 324      DE9EA7A5 
 324      4EC22374 
 324      594EDD4C 
 324      1B38DFA6 
 325 07e4 7218E85A 		.ascii	"r\030\350Z\022\350\032>\320mkk\031\012\241\241ZQ\240"
 325      12E81A3E 
 325      D06D6B6B 
 325      190AA1A1 
 325      5A51A0
 326 07f7 EB04D1CA 		.ascii	"\353\004\321\312\277\224P\340\212WYC\226\273\332g\034"
 326      BF9450E0 
 326      8A575943 
 326      96BBDA67 
 326      1C
 327 0808 CAA17A68 		.ascii	"\312\241zh\220Pt\344\320\225F\025\016q\246\242m\223"
 327      905074E4 
 327      D0954615 
 327      0E71A6A2 
 327      6D93
 328 081a E53B7114 		.ascii	"\345;q\024\273\237.\0119\243r\260\021h\222\333\331\010"
 328      BB9F2E09 
 328      39A372B0 
 328      116892DB 
 328      D908
 329 082c A0D2A1FC 		.ascii	"\240\322\241\374JW|\222\211\267f\235\237\207rd\314\315"
 329      4A577C92 
ARM GAS  /tmp/cc9huV7r.s 			page 26


 329      89B7669D 
 329      9F877264 
 329      CCCD
 330 083e 9EE5768D 		.ascii	"\236\345v\215\203\025{\213\334\336\212\275\255\347\351"
 330      83157B8B 
 330      DCDE8ABD 
 330      ADE7E9
 331 084d 637E6F43 		.ascii	"c~oC\252\375Y\343\223\027.\270\222\251+\312\\H\307\370"
 331      AAFD59E3 
 331      93172EB8 
 331      92A92BCA 
 331      5C48C7F8 
 332 0861 2A63260A 		.ascii	"*c&\012\353#\235p=c\316,\306\244r{8\015\260Wn\264\237"
 332      EB239D70 
 332      3D63CE2C 
 332      C6A4727B 
 332      380DB057 
 333 0878 72635AC6 		.ascii	"rcZ\306\311\353\207\203G.!|\215a\303\246\212^b\334\311"
 333      C9EB8783 
 333      472E217C 
 333      8D61C3A6 
 333      8A5E62DC 
 334 088d 98E6BED6 		.ascii	"\230\346\276\326\247H\222\375^\360\255O\224\375\310"
 334      A74892FD 
 334      5EF0AD4F 
 334      94FDC8
 335 089c ABE7FCF0 		.ascii	"\253\347\374\360\020\223\271x\377\3225'\211L\277Df\274"
 335      1093B978 
 335      FFD23527 
 335      894CBF44 
 335      66BC
 336 08ae 6C2D45B4 		.ascii	"l-E\264\307\270.\252\230\033|\305\314\264,\335U\341"
 336      C7B82EAA 
 336      981B7CC5 
 336      CCB42CDD 
 336      55E1
 337 08c0 07CEA29D 		.ascii	"\007\316\242\235\371\017\245;\363\037\262\241j\2515"
 337      F90FA53B 
 337      F31FB2A1 
 337      6AA935
 338 08cf A9408B9F 		.ascii	"\251@\213\2370x\324\221\211\034g\007\033K9\025!\361"
 338      3078D491 
 338      891C6707 
 338      1B4B3915 
 338      21F1
 339 08e1 BD458650 		.ascii	"\275E\206P:T)Z2&\376Q0q\014\315\177\230\306&\016p\207"
 339      3A54295A 
 339      3226FE51 
 339      30710CCD 
 339      7F98C626 
 340 08f8 AE1247A4 		.ascii	"\256\022G\244K\005\301*q=ms6[\306\313\325\010\246i\033"
 340      4B05C12A 
 340      713D6D73 
 340      365BC6CB 
 340      D508A669 
 341 090d B8759E11 		.ascii	"\270u\236\021\015\341\335`\277\213\014\237\275\234\004"
 341      0DE1DD60 
ARM GAS  /tmp/cc9huV7r.s 			page 27


 341      BF8B0C9F 
 341      BD9C04
 342 091c 716A1486 		.ascii	"qj\024\206\357!\240a\341\3141\237\266\205\351\277\301"
 342      EF21A061 
 342      E1CC319F 
 342      B685E9BF 
 342      C1
 343 092d CD1C76DC 		.ascii	"\315\034v\334\341\026{\213\321\325#6S\205\305N\277c"
 343      E1167B8B 
 343      D1D52336 
 343      5385C54E 
 343      BF63
 344 093f 3B20D95B 		.ascii	"; \331[\2256\247\305\0334\202\312\334\271\325\025\004"
 344      9536A7C5 
 344      1B3482CA 
 344      DCB9D515 
 344      04
 345 0950 8B27D8D4 		.ascii	"\213'\330\324\261\271q9By2\273\317L\327Oc\240\243\007"
 345      B1B97139 
 345      427932BB 
 345      CF4CD74F 
 345      63A0A307 
 346 0964 744DC295 		.ascii	"tM\302\225W\356hzl\203\367d\207E\007\234I\316\370\004"
 346      57EE687A 
 346      6C83F764 
 346      8745079C 
 346      49CEF804 
 347 0978 189E02BA 		.ascii	"\030\236\002\272\003tW\330\320\365\224-9\374F\260\203"
 347      037457D8 
 347      D0F5942D 
 347      39FC46B0 
 347      83
 348 0989 1370B011 		.ascii	"\023p\260\021\004\364h\312f\206n\200\260tJ\340\202\011"
 348      04F468CA 
 348      66866E80 
 348      B0744AE0 
 348      8209
 349 099b 95E107B7 		.ascii	"\225\341\007\267\262\371\227di\334\201v~\376-\216I\356"
 349      B2F99764 
 349      69DC8176 
 349      7EFE2D8E 
 349      49EE
 350 09ad D57AD86F 		.ascii	"\325z\330oJ\32577\005\244s_\246.hq\271\212VcVwu\017"
 350      4AD53737 
 350      05A4735F 
 350      A62E6871 
 350      B98A5663 
 351 09c5 C6B59471 		.ascii	"\306\265\224q\352,\275yDNv/\333\204\033\030\030\002"
 351      EA2CBD79 
 351      444E762F 
 351      DB841B18 
 351      1802
 352 09d7 2E81F662 		.ascii	".\201\366b\222\245{\240}\226\323>\017Z\357\003=\000"
 352      92A57BA0 
 352      7D96D33E 
 352      0F5AEF03 
 352      3D00
ARM GAS  /tmp/cc9huV7r.s 			page 28


 353 09e9 7A083427 		.ascii	"z\0104'\334\004\\KV\236\273\323\006K\332\250\367\020"
 353      DC045C4B 
 353      569EBBD3 
 353      064BDAA8 
 353      F710
 354 09fb 2C07D135 		.ascii	",\007\3215N\320\272b\261\335\332N\247\276\311\355\234"
 354      4ED0BA62 
 354      B1DDDA4E 
 354      A7BEC9ED 
 354      9C
 355 0a0c 9B21048D 		.ascii	"\233!\004\215\022|\277\015\276+\355\215,K\200/ppk\304"
 355      127CBF0D 
 355      BE2BED8D 
 355      2C4B802F 
 355      70706BC4 
 356 0a20 FA6C77CE 		.ascii	"\372lw\316i\326m\374\214\0034\237\016\360\277+\345\365"
 356      69D66DFC 
 356      8C03349F 
 356      0EF0BF2B 
 356      E5F5
 357 0a32 6366029F 		.ascii	"cf\002\237\006\\;\207\347\203,\256\352\322\352uX\012"
 357      065C3B87 
 357      E7832CAE 
 357      EAD2EA75 
 357      580A
 358 0a44 4FB1780E 		.ascii	"O\261x\016o\224\226+=\354\007\357\321\237\016\036h8"
 358      6F94962B 
 358      3DEC07EF 
 358      D19F0E1E 
 358      6838
 359 0a56 7C3B3FD9 		.ascii	"|;?\331\025?\246\352\024I\363Q\260\215\362\260\315\307"
 359      153FA6EA 
 359      1449F351 
 359      B08DF2B0 
 359      CDC7
 360 0a68 5570BC9A 		.ascii	"Up\274\232:\362\224\323\367\014t,\000-\012+\266\373"
 360      3AF294D3 
 360      F70C742C 
 360      002D0A2B 
 360      B6FB
 361 0a7a A4B2FB0C 		.ascii	"\244\262\373\014\267\257(\347\242\364T\324\356b\271"
 361      B7AF28E7 
 361      A2F454D4 
 361      EE62B9
 362 0a89 7895B9D4 		.ascii	"x\225\271\324\361]0D\222\360\030p\025\034\236o\201\344"
 362      F15D3044 
 362      92F01870 
 362      151C9E6F 
 362      81E4
 363 0a9b 6CA4B9D3 		.ascii	"l\244\271\323\032\324'\016\224\363E\273r\360E\271\022"
 363      1AD4270E 
 363      94F345BB 
 363      72F045B9 
 363      12
 364 0aac 97B8D030 		.ascii	"\227\270\3200\305\266\247\266h<\354\266\011-q\212\354"
 364      C5B6A7B6 
 364      683CECB6 
ARM GAS  /tmp/cc9huV7r.s 			page 29


 364      092D718A 
 364      EC
 365 0abd 342B096B 		.ascii	"4+\011k\302\342JJ\025\374\211\016\375p\005W\241\254"
 365      C2E24A4A 
 365      15FC890E 
 365      FD700557 
 365      A1AC
 366 0acf CA6D33D3 		.ascii	"\312m3\323\202[\200I\352\006\331\326\202\026\376\024"
 366      825B8049 
 366      EA06D9D6 
 366      8216FE14 
 367 0adf C2A62240 		.ascii	"\302\246\"@b\364\314w\331YJ\034\300\302\344\014\356"
 367      62F4CC77 
 367      D9594A1C 
 367      C0C2E40C 
 367      EE
 368 0af0 F8E8A52B 		.ascii	"\370\350\245+\177\363\261\020s\376W\350\214\234\035"
 368      7FF3B110 
 368      73FE57E8 
 368      8C9C1D
 369 0aff BD10B875 		.ascii	"\275\020\270uE\340iS@\367?\204\345\372\211\257\3202"
 369      45E06953 
 369      40F73F84 
 369      E5FA89AF 
 369      D032
 370 0b11 A0CE73CA 		.ascii	"\240\316s\312\255i\253\262Q\336|Vp\326r\310\201/\322"
 370      AD69ABB2 
 370      51DE7C56 
 370      70D672C8 
 370      812FD2
 371 0b24 839D7360 		.ascii	"\203\235s`\276\210\224\326YN\204n\342!^\253@!x\033Z"
 371      BE8894D6 
 371      594E846E 
 371      E2215EAB 
 371      4021781B 
 372 0b39 81EB1AD0 		.ascii	"\201\353\032\320A\270\177\016\327u 3\334\007\003\275"
 372      41B87F0E 
 372      D7752033 
 372      DC0703BD 
 373 0b49 1096CA40 		.ascii	"\020\226\312@\341\026\026\214^\004\243\033\262u\240"
 373      E116168C 
 373      5E04A31B 
 373      B275A0
 374 0b58 D9B6B39E 		.ascii	"\331\266\263\236\374\016\203\027r\203\276\030nS&]E\202"
 374      FC0E8317 
 374      7283BE18 
 374      6E53265D 
 374      4582
 375 0b6a 53AB6B0E 		.ascii	"S\253k\016\224\013\306\302\245s\337aSJ\0238S+\301\327"
 375      940BC6C2 
 375      A573DF61 
 375      534A1338 
 375      532BC1D7 
 376 0b7e D82472FD 		.ascii	"\330$r\375,\327WC\001\366\214\203;\0308H\215C\")<\033"
 376      2CD75743 
 376      01F68C83 
 376      3B183848 
ARM GAS  /tmp/cc9huV7r.s 			page 30


 376      8D432229 
 377 0b94 60C7B8C0 		.ascii	"`\307\270\300\361[\026\341\204H6!\007[/`\274\316\212"
 377      F15B16E1 
 377      84483621 
 377      075B2F60 
 377      BCCE8A
 378 0ba7 F662F7FD 		.ascii	"\366b\367\375~\233\242\265$ \024\377\305\011 \253\302"
 378      7E9BA2B5 
 378      242014FF 
 378      C50920AB 
 378      C2
 379 0bb8 B69244D1 		.ascii	"\266\222D\321\261\301!,lp\030&\353\016r\001\354\301"
 379      B1C1212C 
 379      6C701826 
 379      EB0E7201 
 379      ECC1
 380 0bca D28A49D1 		.ascii	"\322\212I\321.$[\024\234p\206\015\247\330\201\260\376"
 380      2E245B14 
 380      9C70860D 
 380      A7D881B0 
 380      FE
 381 0bdb 6758885D 		.ascii	"gX\210]\020\035\021E0l\004\305f\215\214\327\270L\240"
 381      101D1145 
 381      306C04C5 
 381      668D8CD7 
 381      B84CA0
 382 0bee 312427CF 		.ascii	"1$'\317P\312\257\221\214\374#\177\330r\211\\\021\271"
 382      50CAAF91 
 382      8CFC237F 
 382      D872895C 
 382      11B9
 383 0c00 27B4C17F 		.ascii	"'\264\301\177\020\371p8v!\000\366\214]\370?\354\231"
 383      10F97038 
 383      762100F6 
 383      8C5DF83F 
 383      EC99
 384 0c12 9CD342AC 		.ascii	"\234\323B\254P\265L\206i\247\254@5{\217\270\367\274"
 384      50B54C86 
 384      69A7AC40 
 384      357B8FB8 
 384      F7BC
 385 0c24 1226C0BC 		.ascii	"\022&\300\274\262\012r\217\344\2349\241\004\222xlU("
 385      B20A728F 
 385      E49C39A1 
 385      0492786C 
 385      5528
 386 0c36 B328E53F 		.ascii	"\263(\345?\334=\204d\343z}\213\313$\032\017\206l\367"
 386      DC3D8464 
 386      E37A7D8B 
 386      CB241A0F 
 386      866CF7
 387 0c49 C41FF9CD 		.ascii	"\304\037\371\315\333\310-\356-\031\255\205\253\313%"
 387      DBC82DEE 
 387      2D19AD85 
 387      ABCB25
 388 0c58 9D1A9CAB 		.ascii	"\235\032\234\253v\270\313\271\320\227\254\240\217\310"
 388      76B8CBB9 
ARM GAS  /tmp/cc9huV7r.s 			page 31


 388      D097ACA0 
 388      8FC8
 389 0c66 701185E9 		.ascii	"p\021\205\351\303\314\233\317\177\"Y\205\222\312\021"
 389      C3CC9BCF 
 389      7F225985 
 389      92CA11
 390 0c75 EF334BAB 		.ascii	"\3573K\253\306^\212\0169bD\325\020\213\271U\350\231"
 390      C65E8A0E 
 390      396244D5 
 390      108BB955 
 390      E899
 391 0c87 D3C9579C 		.ascii	"\323\311W\234\250\015x\204\242\231\215\332\361\350\025"
 391      A80D7884 
 391      A2998DDA 
 391      F1E815
 392 0c96 0C4BCF37 		.ascii	"\014K\3177a5\212\004K\3217\231\253\021\0057\013a\024"
 392      61358A04 
 392      4BD13799 
 392      AB110537 
 392      0B6114
 393 0ca9 664C7F75 		.ascii	"fL\177u\350\274\273*\214\03027\2301\324\363\337nE\357"
 393      E8BCBB2A 
 393      8C183237 
 393      9831D4F3 
 393      DF6E45EF 
 394 0cbd 4135C783 		.ascii	"A5\307\203O\011XE}B\307\360Vt\024\323}\303\362\3353"
 394      4F095845 
 394      7D42C7F0 
 394      567414D3 
 394      7DC3F2DD 
 395 0cd2 0FDD7135 		.ascii	"\017\335q5\223\256N\273\234cW:\321\201tcsn\017\026n"
 395      93AE4EBB 
 395      9C63573A 
 395      D1817463 
 395      736E0F16 
 396 0ce7 A98E03C8 		.ascii	"\251\216\003\310:\202&a\330S\305anO\365t\276\354\251"
 396      3A822661 
 396      D853C561 
 396      6E4FF574 
 396      BEECA9
 397 0cfa F67B99E6 		.ascii	"\366{\231\346\361qs\355\315\333\312\224\206p\230\307"
 397      F17173ED 
 397      CDDBCA94 
 397      867098C7 
 398 0d0a D0CF080A 		.ascii	"\320\317\010\012\035\001\003\\\270\310\275\014\035\306"
 398      1D01035C 
 398      B8C8BD0C 
 398      1DC6
 399 0d18 930845E2 		.ascii	"\223\010E\342\011\222\327\023\370{\344\224/1bI\211#"
 399      0992D713 
 399      F87BE494 
 399      2F316249 
 399      8923
 400 0d2a 5CA9A791 		.ascii	"\\\251\247\221\305e\031\2564Pdtc\011J\\y\272\250\262"
 400      C56519AE 
 400      34506474 
 400      63094A5C 
ARM GAS  /tmp/cc9huV7r.s 			page 32


 400      79BAA8B2 
 401 0d3e 042F8505 		.ascii	"\004/\205\005\357d\363\2450\225c\017\323\210\207\251"
 401      EF64F3A5 
 401      3095630F 
 401      D38887A9 
 402 0d4e BC874DF5 		.ascii	"\274\207M\365\227~\3139X\277\035\026o\020\006\263\234"
 402      977ECB39 
 402      58BF1D16 
 402      6F1006B3 
 402      9C
 403 0d5f 6050B2C0 		.ascii	"`P\262\300\277d[\377\322\251\177\345ui\267\3248\215"
 403      BF645BFF 
 403      D2A97FE5 
 403      7569B7D4 
 403      388D
 404 0d71 F9B77C6B 		.ascii	"\371\267|k\354\307\026W\230{wj\016]\325\012=!\023\203"
 404      ECC71657 
 404      987B776A 
 404      0E5DD50A 
 404      3D211383 
 405 0d85 D5934CE2 		.ascii	"\325\223L\342\311I\336\223\222'\221\365*\316\225\365"
 405      C949DE93 
 405      922791F5 
 405      2ACE95F5 
 406 0d95 824D3093 		.ascii	"\202M0\223\344\203\334[\004\2052\004\276d\330\372\222"
 406      E483DC5B 
 406      04853204 
 406      BE64D8FA 
 406      92
 407 0da6 457DA9CA 		.ascii	"E}\251\312-\202\311\373\274C_n,w\224\2739\216J\016\361"
 407      2D82C9FB 
 407      BC435F6E 
 407      2C7794BB 
 407      398E4A0E 
 408 0dbb 259BF7E5 		.ascii	"%\233\367\345pu\313\204\234\370\002#\355\306#e{\310"
 408      7075CB84 
 408      9CF80223 
 408      EDC62365 
 408      7BC8
 409 0dcd E1687316 		.ascii	"\341hs\026\242(tJ\340\013\334\263\336\226K}XX\355<\342"
 409      A228744A 
 409      E00BDCB3 
 409      DE964B7D 
 409      5858ED3C 
 410 0de2 86D7980F 		.ascii	"\206\327\230\017C\207.\304H\266x2\224\207E\207\363\247"
 410      43872EC4 
 410      48B67832 
 410      94874587 
 410      F3A7
 411 0df4 5792A547 		.ascii	"W\222\245G\206d\361 \306]{PtZt\012\220/\352Mg\370\336"
 411      8664F120 
 411      C65D7B50 
 411      745A740A 
 411      902FEA4D 
 412 0e0b 94D63B3C 		.ascii	"\224\326;<\347\314z\254\245\345+3\253\353\216\017\001"
 412      E7CC7AAC 
 412      A5E52B33 
ARM GAS  /tmp/cc9huV7r.s 			page 33


 412      ABEB8E0F 
 412      01
 413 0e1c 0A48C3CF 		.ascii	"\012H\303\317\362\015\277\330\230[\213\270\206wG:_\256"
 413      F20DBFD8 
 413      985B8BB8 
 413      8677473A 
 413      5FAE
 414 0e2e 1CEF098E 		.ascii	"\034\357\011\216\333BQ\350\264\240\341\247\371\206\027"
 414      DB4251E8 
 414      B4A0E1A7 
 414      F98617
 415 0e3d D2869F08 		.ascii	"\322\206\237\010\313y\356\202\3535\216\006\222\360\220"
 415      CB79EE82 
 415      EB358E06 
 415      92F090
 416 0e4c B05085A5 		.ascii	"\260P\205\245v\317\261:\255h?\372D\343\320\257b\342"
 416      76CFB13A 
 416      AD683FFA 
 416      44E3D0AF 
 416      62E2
 417 0e5e D779DEAF 		.ascii	"\327y\336\257\265\241\365\363.\234_\017\272\266\027"
 417      B5A1F5F3 
 417      2E9C5F0F 
 417      BAB617
 418 0e6d 949A4395 		.ascii	"\224\232C\225\004\202\212\004N\025\361N]\240NULt\354"
 418      04828A04 
 418      4E15F14E 
 418      5DA04E55 
 418      4C74EC
 419 0e80 C7BDCCA7 		.ascii	"\307\275\314\247\306[s\217\244_\226\220\323\377\213"
 419      C65B738F 
 419      A45F9690 
 419      D3FF8B
 420 0e8f A238B727 		.ascii	"\2428\267'%<s\302\223L\350\371\225\236:\255D\250\024"
 420      253C73C2 
 420      934CE8F9 
 420      959E3AAD 
 420      44A814
 421 0ea2 DB0A95E6 		.ascii	"\333\012\225\346\247\245\213&\2762Qr\312\371\344L\227"
 421      A7A58B26 
 421      BE325172 
 421      CAF9E44C 
 421      97
 422 0eb3 74B4B0C0 		.ascii	"t\264\260\300\224[\222\223;\325}\312\361QX\005\011\302"
 422      945B9293 
 422      3BD57DCA 
 422      F1515805 
 422      09C2
 423 0ec5 253E08E9 		.ascii	"%>\010\351\217\362\253\025\\\020\332\327>H\245A\000"
 423      8FF2AB15 
 423      5C10DAD7 
 423      3E48A541 
 423      00
 424 0ed6 082A1104 		.ascii	"\010*\021\004\241\204\017\302e\032\204\307%\2559nx\231"
 424      A1840FC2 
 424      651A84C7 
 424      25AD396E 
ARM GAS  /tmp/cc9huV7r.s 			page 34


 424      7899
 425 0ee8 35682624 		.ascii	"5h&$j\035Q\007\310\001)s\340b\364\361\027\216\263PE"
 425      6A1D5107 
 425      C8012973 
 425      E062F4F1 
 425      178EB350 
 426 0efd 1CA8E41D 		.ascii	"\034\250\344\035\330(k\270\355\312;P\211\273\032\302"
 426      D8286BB8 
 426      EDCA3B50 
 426      89BB1AC2 
 427 0f0d 6AFF8362 		.ascii	"j\377\203b\320\025\201\007Wx\017\252\251\007\371\247"
 427      D0158107 
 427      57780FAA 
 427      A907F9A7 
 428 0f1d 87275D71 		.ascii	"\207']q\270\226z\020\2638u\231\317\343\340_\247\230"
 428      B8967A10 
 428      B3387599 
 428      CFE3E05F 
 428      A798
 429 0f2f EBE554FC 		.ascii	"\353\345T\374\252@\374*/^C\305\303GK\323T8\236\211\327"
 429      AA40FC2A 
 429      2F5E43C5 
 429      C3474BD3 
 429      54389E89 
 430 0f44 1FCCBEAC 		.ascii	"\037\314\276\254\346\304W\337\264\210\327\012\304ky"
 430      E6C457DF 
 430      B488D70A 
 430      C46B79
 431 0f53 F13A3684 		.ascii	"\361:6\204\2566\307\210N\266\343D\013\215z\266x\250"
 431      AE36C788 
 431      4EB6E344 
 431      0B8D7AB6 
 431      78A8
 432 0f65 A78B87FA 		.ascii	"\247\213\207\372\305\245\032\255\020\033*\30260l\003"
 432      C5A51AAD 
 432      101B2AC2 
 432      36306C03 
 433 0f75 C5C64EE6 		.ascii	"\305\306N\346\015\212:\344\262\010\333\310\260\215\024"
 433      0D8A3AE4 
 433      B208DBC8 
 433      B08D14
 434 0f84 9B52B694 		.ascii	"\233R\266\224\255\026b\305+\301&\206m\242\330\214\206"
 434      AD1662C5 
 434      2BC12686 
 434      6DA2D88C 
 434      86
 435 0f95 E366D169 		.ascii	"\343f\321i\032i\237`\225\311\260"
 435      1A699F60 
 435      95C9B0
 436 0fa0 CD143BB4 		.ascii	"\315\024;\264\332t\320\035\247\263\320\204f],tv\360"
 436      DA74D01D 
 436      A7B3D084 
 436      665D2C74 
 436      76F0
 437 0fb2 D5C8356C 		.ascii	"\325\3105l\357\253\221\221\371\3253\032\241\251\026"
 437      EFAB9191 
 437      F9D5331A 
ARM GAS  /tmp/cc9huV7r.s 			page 35


 437      A1A916
 438 0fc1 51D9B632 		.ascii	"Q\331\2662S\255\324Tb\312\364\033\270\220Y*\210\354"
 438      53ADD454 
 438      62CAF41B 
 438      B890592A 
 438      88EC
 439 0fd3 3F804BD8 		.ascii	"?\200K\330\375\251\363\003\027\224\366\317\201\332\261"
 439      FDA9F303 
 439      1794F6CF 
 439      81DAB1
 440 0fe2 9D732094 		.ascii	"\235s \224\234\367\022\266\3525L\272964J\215\233\031"
 440      9CF712B6 
 440      EA354CBA 
 440      3936344A 
 440      8D9B19
 441 0ff5 737BE174 		.ascii	"s{\341t\205\253}U]vU"
 441      85AB7D55 
 441      5D7655
 442 1000 552F5535 		.ascii	"U/U5\271\341>-\267e\235\233rc'q[\200\235mN\235\326\262"
 442      B9E13E2D 
 442      B7659D9B 
 442      72632771 
 442      5B809D6D 
 443 1018 93B84CB2 		.ascii	"\223\270L\262\200\310\212O\316\325\340!\212uJx<\333"
 443      80C88A4F 
 443      CED5E021 
 443      8A754A78 
 443      3CDB
 444 102a 253D2180 		.ascii	"%=!\200\200\365\3014\337\013\323<\375\"\355:\353\343"
 444      80F5C134 
 444      DF0BD33C 
 444      FD22ED3A 
 444      EBE3
 445 103c E8262C72 		.ascii	"\350&,ro\001\015\000\335\000\272\215\005;\216\2154\034"
 445      6F010D00 
 445      DD00BA8D 
 445      053B8E8D 
 445      341C
 446 104e 99CD6D4E 		.ascii	"\231\315mN;\260\032\265a&\370\015g$\253y\330\234\363"
 446      3BB01AB5 
 446      6126F80D 
 446      6724AB79 
 446      D89CF3
 447 1061 1EEA0674 		.ascii	"\036\352\006t\247\003\264\340{{\376\033\015\376\033"
 447      A703B4E0 
 447      7B7BFE1B 
 447      0DFE1B
 448 1070 3531DC66 		.ascii	"51\334f\213r\237\251&\337\305\364HT\333\036\251\215"
 448      8B729FA9 
 448      26DFC5F4 
 448      4854DB1E 
 448      A98D
 449 1082 9EE08ED4 		.ascii	"\236\340\216\324\210\337\375\022\370M\341\016\242\274"
 449      88DFFD12 
 449      F84DE10E 
 449      A2BC
 450 1090 2865BF87 		.ascii	"(e\277\207\375P\035\376\323\241\"+\201\214\230\323\242"
ARM GAS  /tmp/cc9huV7r.s 			page 36


 450      FD501DFE 
 450      D3A1222B 
 450      818C98D3 
 450      A2
 451 10a1 21725064 		.ascii	"!rPdl\210\325\332\020\255\265\245\331\2167\205\320\012"
 451      6C88D5DA 
 451      10ADB5A5 
 451      D98E3785 
 451      D00A
 452 10b3 510F1866 		.ascii	"Q\017\030f\320a\012\215{2}\\\324\013\213E\330\021\206"
 452      D0610A8D 
 452      7B327D5C 
 452      D40B8B45 
 452      D81186
 453 10c6 1DA1D8A8 		.ascii	"\035\241\330\250\350\304ewV!\317\211K\267f\303N)\360"
 453      E8C46577 
 453      5621CF89 
 453      4BB766C3 
 453      4E29F0
 454 10d9 242B9FC3 		.ascii	"$+\237\303\321\245I\356\370\001c\2166/dk\360\012cR\013"
 454      D1A549EE 
 454      F801638E 
 454      362F646B 
 454      F00A6352 
 455 10ee C6FBDCB1 		.ascii	"\306\373\334\261\331\2152\203=w\347\235\034~\2510\211"
 455      D98D3283 
 455      3D77E79D 
 455      1C7EA930 
 455      89
 456 10ff 455F2A28 		.ascii	"E_*(B\033W\263l\317=\004\247\20524\305\305m\032bu\027"
 456      421B57B3 
 456      6CCF3D04 
 456      A7853234 
 456      C5C56D1A 
 457 1116 E89EB0B4 		.ascii	"\350\236\260\264\036\265;\217>\010c\245\005\023\351"
 457      1EB53B8F 
 457      3E0863A5 
 457      0513E9
 458 1125 04289FFA 		.ascii	"\004(\237\372\306\204v\215pG{w0;%\261\003\027T\326\330"
 458      C684768D 
 458      70477B77 
 458      303B25B1 
 458      031754D6 
 459 113a 96832166 		.ascii	"\226\203!f\330\333\223u\3208\247\234\255}m\266\217%"
 459      D8DB9375 
 459      D038A79C 
 459      AD7D6DB6 
 459      8F25
 460 114c 51D34FB9 		.ascii	"Q\323O\271_\260=&\374Bb\364\254\022\217\263\210\024"
 460      5FB03D26 
 460      FC4262F4 
 460      AC128FB3 
 460      8814
 461 115e 661404BB 		.ascii	"f\024\004\273\3439\306\324<h\313\303\366\273\360}\273"
 461      E339C6D4 
 461      3C68CBC3 
 461      F6BBF07D 
ARM GAS  /tmp/cc9huV7r.s 			page 37


 461      BB
 462 116f 5DB8FB76 		.ascii	"]\270\373vx\255\022\2570\351\206\270\332:'fg\206\316"
 462      78AD12AF 
 462      30E986B8 
 462      DA3A2766 
 462      6786CE
 463 1182 C5332F9F 		.ascii	"\3053/\237kq\250;\373\021NQ\316\212\023\216e\014\177"
 463      6B71A83B 
 463      FB114E51 
 463      CE8A138E 
 463      650C7F
 464 1195 CEBE993B 		.ascii	"\316\276\231;g\357\034\214\217u\307\311\354e\364\324"
 464      67EF1C8C 
 464      8F75C7C9 
 464      EC65F4D4 
 465 11a5 E24525CE 		.ascii	"\342E%\316gL\363zs\226\002W0&\374\345Z,\0147\214\271"
 465      674CF37A 
 465      73960257 
 465      3026FCE5 
 465      5A2C0C37 
 466 11bb 7FB4FD8A 		.ascii	"\177\264\375\212\026\3671&~.\3667x\224\335g\365G\326"
 466      16F73126 
 466      7E2EF637 
 466      7894DD67 
 466      F547D6
 467 11ce AA1D14FB 		.ascii	"\252\035\024\373\022~\225b\277{t\356\2763~\306\324\035"
 467      127E9562 
 467      BF7B74EE 
 467      BE337EC6 
 467      D41D
 468 11e0 DDC8B9EE 		.ascii	"\335\310\271\356\202W\031s\365\374\261\030W\274\316"
 468      82571973 
 468      F5FCB118 
 468      57BCCE
 469 11ef 9898B890 		.ascii	"\230\230\270\220~\351\227\263\253`\342\205hyq&\276\243"
 469      7EE997B3 
 469      AB60E285 
 469      68797126 
 469      BEA3
 470 1201 DBF2B57D 		.ascii	"\333\362\265}\250c\\sbG\223h\252[\023\345\377%\277\014"
 470      A8635C73 
 470      62479368 
 470      AA5B13E5 
 470      FF25BF0C 
 471 1215 196DABB9 		.ascii	"\031m\253\271\303\375\254+\202\214\215\275\307\353\233"
 471      C3FDAC2B 
 471      828C8DBD 
 471      C7EB9B
 472 1224 B8B1B256 		.ascii	"\270\261\262V\225\204\335\323\216\345>\324\210\016\247"
 472      9584DDD3 
 472      8EE53ED4 
 472      880EA7
 473 1233 D8F91414 		.ascii	"\330\371\024\024M\375gl4\"\253\270\247\340\300!\205"
 473      4DFD676C 
 473      3422ABB8 
 473      A7E0C021 
 473      85
ARM GAS  /tmp/cc9huV7r.s 			page 38


 474 1244 D0C2636C 		.ascii	"\320\302clsz\334)8\001!\203\227\030\336o;2Nwl\312\245"
 474      737ADC29 
 474      38012183 
 474      9718DE6F 
 474      3B324E77 
 475 125b 787015AD 		.ascii	"xp\025\255H\324\333\024\360|\207\223\325\231g\022\364"
 475      48D4DB14 
 475      F07C8793 
 475      D5996712 
 475      F4
 476 126c 80ADF6E6 		.ascii	"\200\255\366\346\333\337e\247S\017`\274{$\301\317Y\234"
 476      DBDF65A7 
 476      530F60BC 
 476      7B24C1CF 
 476      599C
 477 127e 179D8D6C 		.ascii	"\027\235\215l@\352\327I\352\0338\377\351o7\024\333P"
 477      40EAD749 
 477      EA1B38FF 
 477      E96F3714 
 477      DB50
 478 1290 38503450 		.ascii	"8P4P\010P$P0P\004\220\031\3500P(P\024P\030\320\021\240"
 478      08502450 
 478      30500490 
 478      19E83050 
 478      28501450 
 479 12a8 1885A06F 		.ascii	"\030\205\240o\367\375\027s\235\270\362P\342\312\014"
 479      F7FD1773 
 479      9DB8F250 
 479      E2CA0C
 480 12b7 76D05272 		.ascii	"v\320RrN\365\334~\\\004\207v\003]\344h\210\034\177\362"
 480      4EF5DC7E 
 480      5C048776 
 480      035DE468 
 480      881C7FF2 
 481 12cb C776046F 		.ascii	"\307v\004o=\266\263=T\266\250'\007[\013\022\365\266"
 481      3DB6B33D 
 481      54B6A827 
 481      075B0B12 
 481      F5B6
 482 12dd 47D6CDB7 		.ascii	"G\326\315\267\004q|\342\240\010\204\337\011\374\267"
 482      04717CE2 
 482      A00884DF 
 482      09FCB7
 483 12ec B5ADB30E 		.ascii	"\265\255\263\016\332*\200\337\377\265\025>\357 K\202"
 483      DA2A80DF 
 483      FFB5153E 
 483      EF204B82 
 484 12fc C682F3EC 		.ascii	"\306\202\363\354\027\005\313P\354\213\034\236\357\257"
 484      1705CB50 
 484      EC8B1C9E 
 484      EFAF
 485 130a D21F208C 		.ascii	"\322\037 \214\216\251\031\234\214vc\034\334: \217Z\""
 485      8EA9199C 
 485      8C76631C 
 485      DC3A208F 
 485      5A22
 486 131c 4F56CBA1 		.ascii	"OV\313\241gu\242\343,\221'\261\012:\267\300\005\240"
ARM GAS  /tmp/cc9huV7r.s 			page 39


 486      6775A2E3 
 486      2C9127B1 
 486      0A3AB7C0 
 486      05A0
 487 132e 2F1A634A 		.ascii	"/\032cJD\323[\201h\036\212c\3308\212Mn\032J\022}='\376"
 487      44D35B81 
 487      681E8A63 
 487      D8388A4D 
 487      6E1A4A12 
 488 1346 45DA5186 		.ascii	"E\332Q\206=J\261\231S\011\227E]:G\244\367\030\303\036"
 488      3D4AB199 
 488      53099745 
 488      5D3A47A4 
 488      F718C31E 
 489 135a A3D896AE 		.ascii	"\243\330\226\256\331L\214\0237\261\037\035\346\306|"
 489      D94C8C13 
 489      37B11F1D 
 489      E6C67C
 490 1369 5F32B490 		.ascii	"_2\264\220\037\330$(\204C\306\225\205\242u\225\004G"
 490      1FD82428 
 490      8443C695 
 490      85A27595 
 490      0447
 491 137b 968B62DC 		.ascii	"\226\213b\334\223{\005#\"\237\023E\2618\256\340\206"
 491      937B0523 
 491      229F1345 
 491      B138AEE0 
 491      86
 492 138c 966725CB 		.ascii	"\226g%\313Ul\237\007\217\270\015F\366\315\252\257\034"
 492      556C9F07 
 492      8FB80D46 
 492      F6CDAAAF 
 492      1C
 493 139d EE2F4E28 		.ascii	"\356/N(`\177\221\244\340\366\027\231\325\327s\311\021"
 493      607F91A4 
 493      E0F61799 
 493      D5D773C9 
 493      11
 494 13ae 40ED385D 		.ascii	"@\3558]Y\215\035:\002\323_\260\371g?'8\024\257\260\256"
 494      598D1D3A 
 494      02D35FB0 
 494      F9673F27 
 494      3814AFB0 
 495 13c3 F2E15E7C 		.ascii	"\362\341^|\010\220\254\370\236\314m\217\301\364E\320"
 495      0890ACF8 
 495      9ECC6D8F 
 495      C1F445D0 
 496 13d3 4EA3B7C1 		.ascii	"N\243\267\301w\247\336`\374\251\347\236@\177\275\347"
 496      77A7DE60 
 496      FCA9E79E 
 496      407FBDE7 
 497 13e3 5E5F93E7 		.ascii	"^_\223\347G_|\354\365\371G;>\366\374\350S\337\317\003"
 497      475F7CEC 
 497      F5F9473B 
 497      3EF6FCE8 
 497      53DFCF03 
 498 13f7 DFF968EF 		.ascii	"\337\371h\357^\243\247\277\257\217\217\237\376k\235"
ARM GAS  /tmp/cc9huV7r.s 			page 40


 498      5EA3A7BF 
 498      AF8F8F9F 
 498      FE6B9D
 499 1406 41EF19F4 		.ascii	"A\357\031\364\371\227\236F\203\267g\220\301\344e\012"
 499      F9979E46 
 499      83B76790 
 499      C1E4650A 
 500 1416 DCEBEBFD 		.ascii	"\334\353\353\375\256\267\352_\377\375\227o\355\370\361"
 500      AEB7EA5F 
 500      FFFD976F 
 500      EDF8F1
 501 1425 8F65AF91 		.ascii	"\217e\257\221\207\240\330hQ\354\346\2577\032u\273\365"
 501      87A0D868 
 501      51ECE6AF 
 501      371A75BB 
 501      F5
 502 1436 3B028302 		.ascii	";\002\203\002Lz\203;\001p\217|}\274LZ?\235Io4}\312\236"
 502      4C7A833B 
 502      01708F7C 
 502      7DBC4C5A 
 502      3F9D496F 
 503 144e B80ADE6A 		.ascii	"\270\012\336j\005\367^\246M\376\272\000\037\235)\320"
 503      05F75EA6 
 503      4DFEBA00 
 503      1F9D29D0 
 504 145e 7080832A 		.ascii	"p\200\203*\214\276\177\320;\221?^&\347\275\272\003~"
 504      8CBE7FD0 
 504      3B913F5E 
 504      26E7BDBA 
 504      037E
 505 1470 813A1F85 		.ascii	"\201:\037\205\311\327_\257\325\005\032\275\310\215\321"
 505      C9D75FAF 
 505      D5051ABD 
 505      C88DD1
 506 147f A4F3DFAB 		.ascii	"\244\363\337\253\012\362\0150\375\335\007^\246\357\274"
 506      0AF20D30 
 506      FDDD075E 
 506      A6EFBC
 507 148e FBAE27FC 		.ascii	"\373\256'\374\367\016\204\026\370\006x{\362\250w\367"
 507      F70E8416 
 507      F806787B 
 507      F2A877F7 
 508 149e C834C452 		.ascii	"\3104\304R\240\361K\340\274Lr_\037E\200~\277\311# \310"
 508      A0F14BE0 
 508      BC4C725F 
 508      1F45807E 
 508      BFC92320 
 509 14b3 FFE706D3 		.ascii	"\377\347\006\323\216\300\000c\220?\304\347\023\375."
 509      8EC00063 
 509      903FC4E7 
 509      13FD2E
 510 14c2 D33FFD59 		.ascii	"\323?\375Y1\"V\004m\000C\256\020\231\317\365~z\235Q"
 510      31225604 
 510      6D0043AE 
 510      1099CFF5 
 510      7E7A9D51 
 511 14d6 EFB3D93B 		.ascii	"\357\263\331;0\300\307\327\344\033\030\340\265Og\360"
ARM GAS  /tmp/cc9huV7r.s 			page 41


 511      30C0C7D7 
 511      E41B18E0 
 511      B54F67F0 
 512 14e6 D5EDF4D3 		.ascii	"\325\355\364\323+\177\037\244\017\322\253\274\367x\321"
 512      2B7F1FA4 
 512      0FD2ABBC 
 512      F778D1
 513 14f5 1B357FE3 		.ascii	"\0335\177\343eR\3545\350\367\275\303Z\360;\275!@\357"
 513      6552EC35 
 513      E8F7BDC3 
 513      5AF03BBD 
 513      2140EF
 514 1508 E7B9638F 		.ascii	"\347\271c\217\357N\337\317\276\360\0144z\032L\304\226"
 514      EF4EDFCF 
 514      BEF00C34 
 514      7A1A4CC4 
 514      96
 515 1519 5F908FDE 		.ascii	"_\220\217\336\323{\217\237\257\321d\004[o\277\022\232"
 515      D37B8F9F 
 515      AFD16404 
 515      5B6FBF12 
 515      9A
 516 152a 38016077 		.ascii	"8\001`w\026\001h\254\0178\343ez\2155^P\036.\372}\246"
 516      160168AC 
 516      0F38E365 
 516      7A8D355E 
 516      501E2EFA 
 517 1540 2F02830C 		.ascii	"/\002\203\014\336z\215~\237>\300\344e\244\214\033c\210"
 517      DE7A8D7E 
 517      9F3EC0E4 
 517      65A48C1B 
 517      6388
 518 1552 517D80DE 		.ascii	"Q}\200\336\260I\314z\231\336}%/\250\024q\332\203\371"
 518      B049CC7A 
 518      99DE7D25 
 518      2FA81471 
 518      DA83F9
 519 1565 F131E199 		.ascii	"\3611\341\2315h\273_\240\367\357\224\201_\203>\027\210"
 519      3568BB5F 
 519      A0F7EF94 
 519      815F833E 
 519      1788
 520 1577 88698F41 		.ascii	"\210i\217A\257\363Q\261\213\227\211D\313?\310\244\337"
 520      AFF351B1 
 520      8B978944 
 520      CB3FC8A4 
 520      DF
 521 1588 EF4CFF7A 		.ascii	"\357L\377z\231~\364J\026\375M\373\301\234\226\231\373"
 521      997EF44A 
 521      16FD4DFB 
 521      C19C9699 
 521      FB
 522 1599 94496A2D 		.ascii	"\224Ij-\005M\012\323\305\302\251~\317j\303\240\362\326"
 522      054D0AD3 
 522      C5C2A97E 
 522      CF6AC3A0 
 522      F2D6
ARM GAS  /tmp/cc9huV7r.s 			page 42


 523 15ab F9F9EDD4 		.ascii	"\371\371\355\324y\377\356[\326\2021\354\340\236y\231"
 523      79FFEE5B 
 523      D68231EC 
 523      E09E7999 
 524 15bb 94A49C0C 		.ascii	"\224\244\234\014\233\300\241}\276\006S\220\316\217\326"
 524      9BC0A17D 
 524      BE065390 
 524      CE8FD6
 525 15ca 97C15DC4 		.ascii	"\227\301]\304\201\307\373L\273\202\002\274\341\306\227"
 525      81C7FB4C 
 525      BB8202BC 
 525      E1C697
 526 15d9 74887D3A 		.ascii	"t\210}:\277\315\244\026\375\002\003v\363\017\274L\256"
 526      BFCDA416 
 526      FD020376 
 526      F30FBC4C 
 526      AE
 527 15ea 2683EFEE 		.ascii	"&\203\357\356\335z\003\221q\027\0254T\350>\023\336\253"
 527      DD7A0391 
 527      71171534 
 527      54E83E13 
 527      DEAB
 528 15fc 33288816 		.ascii	"3(\210\026\245\017\211\265\026l\372\350\375L:\032yw"
 528      A50F89B5 
 528      166CFAE8 
 528      FD4C3A1A 
 528      7977
 529 160e 11077E51 		.ascii	"\021\007~QFk<`\264\352w2\350I\207\361|\245`\005\356"
 529      466B3C60 
 529      B4EA7732 
 529      E84987F1 
 529      7CA56005 
 530 1623 FCADDE9B 		.ascii	"\374\255\336\233\346\307\205w\305\340\354\275\023|\320"
 530      E6C78577 
 530      C5E0ECBD 
 530      137CD0
 531 1632 F96F75D0 		.ascii	"\371ou\320\255\014\244\334-\014\311\023\303\033?|\345"
 531      AD0CA4DC 
 531      2D0CC913 
 531      C31B3F7C 
 531      E5
 532 1643 3EA403DE 		.ascii	">\244\003\336\013\"\035h\324\371Y\223\365%\323\367\017"
 532      0B221D68 
 532      D4F95993 
 532      F525D3F7 
 532      0F
 533 1654 7F515764 		.ascii	"\177QWd\303\025xfa \234\037\3104:\203\377\276\277\327"
 533      C3157866 
 533      61209C1F 
 533      C8343A83 
 533      FFBEBFD7 
 534 1668 BFE3FFA3 		.ascii	"\277\343\377\243]{ejh\013\324\303;\376\037\320\201\341"
 534      5D7B656A 
 534      680BD4C3 
 534      3BFE1FD0 
 534      81E1
 535 167a 4B82FA45 		.ascii	"K\202\372E\200\257IMd \005\246 \243\306z\373\347zb3"
ARM GAS  /tmp/cc9huV7r.s 			page 43


 535      80AF494D 
 535      642005A6 
 535      20A3C67A 
 535      FBE77A62 
 536 168f 70D28AA7 		.ascii	"p\322\212\247&>\362\361\341F6\343f\376\331?\007\355"
 536      263EF2F1 
 536      E14636E3 
 536      66FED93F 
 536      07ED
 537 16a1 DAA5377C 		.ascii	"\332\2457|\001c\034\351\240; \306\200\242o\376\274\321"
 537      01631CE9 
 537      A03B20C6 
 537      80A26FFE 
 537      BCD1
 538 16b3 9A6F3EC9 		.ascii	"\232o>\311\0227\336\3210\222f\275z>\210&\226\003\232"
 538      1237DED1 
 538      309266BD 
 538      7A3E8826 
 538      96039A
 539 16c6 0F37B8E7 		.ascii	"\0177\270\347<&z\240\356\311\360\361\031\255\025\362"
 539      3C267AA0 
 539      EEC9F0F1 
 539      19AD15F2 
 540 16d6 608B7480 		.ascii	"`\213t\200\363\"\265\371\251i\277\025\344J\371_\006"
 540      F322B5F9 
 540      A969BF15 
 540      E44AF95F 
 540      06
 541 16e7 903EEE42 		.ascii	"\220>\356B\357?\201;7\341\020\003\005\274\313O\267\333"
 541      EF3F813B 
 541      37E11003 
 541      05BCCB4F 
 541      B7DB
 542 16f9 C8C61D7A 		.ascii	"\310\306\035z\013\365\313\206\014Wz\361\327\031\241"
 542      0BF5CB86 
 542      0C577AF1 
 542      D719A1
 543 1708 FBA9F851 		.ascii	"\373\251\370Q\307\351k\012R\031\364\336\201\373\364"
 543      C7E96B0A 
 543      5219F4DE 
 543      81FBF4
 544 1717 8603DA7D 		.ascii	"\206\003\332}\276\2010\313\200#;\002}\364N\254\014\337"
 544      BE8130CB 
 544      80233B02 
 544      7DF44EAC 
 544      0CDF
 545 1729 944C545E 		.ascii	"\224LT^<\336k\327?\377E\321\265\252\"1\326\357\337\013"
 545      3CDE6BD7 
 545      3FFF45D1 
 545      B5AA2231 
 545      D6EFDF0B 
 546 173d 6DD4FB7C 		.ascii	"m\324\373|\016\363\033-7\350\205\272\003^&\265\277n"
 546      0EF31B2D 
 546      37E885BA 
 546      035E26B5 
 546      BF6E
 547 174f FF27F02C 		.ascii	"\377'\360,\300\373\200\332\3377\200\273u\201\247\377"
ARM GAS  /tmp/cc9huV7r.s 			page 44


 547      C0FB80DA 
 547      DF3780BB 
 547      7581A7FF 
 548 175f E66B82EE 		.ascii	"\346k\202\356\351\346\003\343\232\237o\200\376\263]"
 548      E9E603E3 
 548      9A9F6F80 
 548      FEB35D
 549 176e BB8C7A93 		.ascii	"\273\214z\223;?\370p\241\206\371\3222[\376\342_\\\005"
 549      3B3FF870 
 549      A186F9D2 
 549      325BFEE2 
 549      5F5C05
 550 1781 1CC4C2F4 		.ascii	"\034\304\302\364\011\027\202o\011\306\321O,\203\261"
 550      0917826F 
 550      09C6D14F 
 550      2C83B1
 551 1790 92161DDE 		.ascii	"\222\026\035\336\347oz\235\274\337\011\323\220\240\371"
 551      E76F7A9D 
 551      BCDF09D3 
 551      90A0F9
 552 179f BFFAF44B 		.ascii	"\277\372\364K\310\316\307\373L\326\354\374?\222B\016"
 552      C8CEC7FB 
 552      4CD6ECFC 
 552      3F92420E 
 553 17af 41       		.ascii	"A"
 554              		.text
 555              		.section	.gnu.lto_.symtab.a378710acd3171a1,"e",%progbits
 556 0000 75727454 		.ascii	"urtTopicInit\000"
 556      6F706963 
 556      496E6974 
 556      00
 557 000d 00       		.ascii	"\000"
 558 000e 00       		.ascii	"\000"
 559 000f 00       		.ascii	"\000"
 560 0010 00000000 		.ascii	"\000\000\000\000\000\000\000\000"
 560      00000000 
 561 0018 98010000 		.ascii	"\230\001\000\000"
 562 001c 75727454 		.ascii	"urtTopicAddMessages\000"
 562      6F706963 
 562      4164644D 
 562      65737361 
 562      67657300 
 563 0030 00       		.ascii	"\000"
 564 0031 00       		.ascii	"\000"
 565 0032 00       		.ascii	"\000"
 566 0033 00000000 		.ascii	"\000\000\000\000\000\000\000\000"
 566      00000000 
 567 003b 9D010000 		.ascii	"\235\001\000\000"
 568 003f 75727454 		.ascii	"urtTopicBufferSize\000"
 568      6F706963 
 568      42756666 
 568      65725369 
 568      7A6500
 569 0052 00       		.ascii	"\000"
 570 0053 00       		.ascii	"\000"
 571 0054 00       		.ascii	"\000"
 572 0055 00000000 		.ascii	"\000\000\000\000\000\000\000\000"
ARM GAS  /tmp/cc9huV7r.s 			page 45


 572      00000000 
 573 005d A1010000 		.ascii	"\241\001\000\000"
 574 0061 75727443 		.ascii	"urtCoreAddTopic\000"
 574      6F726541 
 574      6464546F 
 574      70696300 
 575 0071 00       		.ascii	"\000"
 576 0072 02       		.ascii	"\002"
 577 0073 00       		.ascii	"\000"
 578 0074 00000000 		.ascii	"\000\000\000\000\000\000\000\000"
 578      00000000 
 579 007c A5010000 		.ascii	"\245\001\000\000"
 580 0080 75727454 		.ascii	"urtTimerInit\000"
 580      696D6572 
 580      496E6974 
 580      00
 581 008d 00       		.ascii	"\000"
 582 008e 02       		.ascii	"\002"
 583 008f 00       		.ascii	"\000"
 584 0090 00000000 		.ascii	"\000\000\000\000\000\000\000\000"
 584      00000000 
 585 0098 AC010000 		.ascii	"\254\001\000\000"
 586 009c 7572744D 		.ascii	"urtMessageInit\000"
 586      65737361 
 586      6765496E 
 586      697400
 587 00ab 00       		.ascii	"\000"
 588 00ac 02       		.ascii	"\002"
 589 00ad 00       		.ascii	"\000"
 590 00ae 00000000 		.ascii	"\000\000\000\000\000\000\000\000"
 590      00000000 
 591 00b6 B1010000 		.ascii	"\261\001\000\000"
 592 00ba 6368436F 		.ascii	"chCondObjectInit\000"
 592      6E644F62 
 592      6A656374 
 592      496E6974 
 592      00
 593 00cb 00       		.ascii	"\000"
 594 00cc 02       		.ascii	"\002"
 595 00cd 00       		.ascii	"\000"
 596 00ce 00000000 		.ascii	"\000\000\000\000\000\000\000\000"
 596      00000000 
 597 00d6 B9010000 		.ascii	"\271\001\000\000"
 598 00da 63684D74 		.ascii	"chMtxObjectInit\000"
 598      784F626A 
 598      65637449 
 598      6E697400 
 599 00ea 00       		.ascii	"\000"
 600 00eb 02       		.ascii	"\002"
 601 00ec 00       		.ascii	"\000"
 602 00ed 00000000 		.ascii	"\000\000\000\000\000\000\000\000"
 602      00000000 
 603 00f5 BD010000 		.ascii	"\275\001\000\000"
 604 00f9 63684D74 		.ascii	"chMtxUnlock\000"
 604      78556E6C 
 604      6F636B00 
 605 0105 00       		.ascii	"\000"
ARM GAS  /tmp/cc9huV7r.s 			page 46


 606 0106 02       		.ascii	"\002"
 607 0107 00       		.ascii	"\000"
 608 0108 00000000 		.ascii	"\000\000\000\000\000\000\000\000"
 608      00000000 
 609 0110 BF010000 		.ascii	"\277\001\000\000"
 610 0114 63684D74 		.ascii	"chMtxLock\000"
 610      784C6F63 
 610      6B00
 611 011e 00       		.ascii	"\000"
 612 011f 02       		.ascii	"\002"
 613 0120 00       		.ascii	"\000"
 614 0121 00000000 		.ascii	"\000\000\000\000\000\000\000\000"
 614      00000000 
 615 0129 C1010000 		.ascii	"\301\001\000\000"
 616              		.text
 617              		.section	.gnu.lto_.opts,"e",%progbits
 618 0000 272D666E 		.ascii	"'-fno-openmp' '-fno-openacc' '-fno-pie' '-mcpu=cort"
 618      6F2D6F70 
 618      656E6D70 
 618      2720272D 
 618      666E6F2D 
 619 0033 65782D6D 		.ascii	"ex-m4' '-mthumb' '-mfloat-abi=softfp' '-mfpu=fpv4-s"
 619      34272027 
 619      2D6D7468 
 619      756D6227 
 619      20272D6D 
 620 0066 702D6431 		.ascii	"p-d16' '-march=armv7e-m+fp' '-O2' '-fstack-usage' '"
 620      36272027 
 620      2D6D6172 
 620      63683D61 
 620      726D7637 
 621 0099 2D666675 		.ascii	"-ffunction-sections' '-fdata-sections' '-fno-common"
 621      6E637469 
 621      6F6E2D73 
 621      65637469 
 621      6F6E7327 
 622 00cc 2720272D 		.ascii	"' '-flto' '-fshort-enums'\000"
 622      666C746F 
 622      2720272D 
 622      6673686F 
 622      72742D65 
 623              		.text
 624              		.comm	__gnu_lto_v1,1,1
 625              		.comm	__gnu_lto_slim,1,1
 626              		.ident	"GCC: (GNU Arm Embedded Toolchain 9-2020-q2-update) 9.3.1 20200408 (release)"
ARM GAS  /tmp/cc9huV7r.s 			page 47


DEFINED SYMBOLS
                            *ABS*:0000000000000000 urt_topic.c
                            *COM*:0000000000000001 __gnu_lto_v1
                            *COM*:0000000000000001 __gnu_lto_slim

NO UNDEFINED SYMBOLS
