ARM GAS  /tmp/ccUIyYr5.s 			page 1


   1              		.cpu cortex-m4
   2              		.eabi_attribute 27, 1
   3              		.eabi_attribute 20, 1
   4              		.eabi_attribute 21, 1
   5              		.eabi_attribute 23, 3
   6              		.eabi_attribute 24, 1
   7              		.eabi_attribute 25, 1
   8              		.eabi_attribute 26, 1
   9              		.eabi_attribute 30, 2
  10              		.eabi_attribute 34, 1
  11              		.eabi_attribute 18, 4
  12              		.file	"urt_message.c"
  13              		.section	.gnu.lto_.profile.83984699888d6494,"e",%progbits
  14 0000 789CE360 		.ascii	"x\234\343``\004B \000\000\000]\000\013"
  14      60044220 
  14      0000005D 
  14      000B
  15              		.text
  16              		.section	.gnu.lto_.icf.83984699888d6494,"e",%progbits
  17 0000 789CE360 		.ascii	"x\234\343``d\340`@\000F\206M\017\016}\346d\000\000\020"
  17      6064E060 
  17      40004686 
  17      4D0F0E7D 
  17      E6640000 
  18 0015 150363   		.ascii	"\025\003c"
  19              		.text
  20              		.section	.gnu.lto_.jmpfuncs.83984699888d6494,"e",%progbits
  21 0000 789CE360 		.ascii	"x\234\343``dX\305\310\300\020\313\000\001\214\014L\214"
  21      606458C5 
  21      C8C010CB 
  21      00018C0C 
  21      4C8C
  22 0012 8CCCF5F3 		.ascii	"\214\314\365\363\231\031\200\230\221\211i:3\343\304"
  22      99198098 
  22      9189693A 
  22      33E3C4
  23 0021 35B7F4FA 		.ascii	"5\267\364\372\230\347331\3261\356b\224f`<\300\302X\007"
  23      98E73333 
  23      31D631EE 
  23      62946660 
  23      3CC0C258 
  24 0036 C40C0C1C 		.ascii	"\304\014\014\034\314@\351\246\346\365\213x\015\364\346"
  24      CC40E9A6 
  24      E6F58B78 
  24      0DF4E6
  25 0045 33332F66 		.ascii	"33/ff\230\301\0146d7\243\001X\031\003\020\377\370\377"
  25      6698C10C 
  25      366437A3 
  25      01581903 
  25      10FFF8FF 
  26 0059 FF3F3F23 		.ascii	"\377??#He_\363\373{\034 \223\200\022\214{\030\245A\030"
  26      48655FF3 
  26      FB7B1C20 
  26      9380128C 
  26      7B18A541 
  27 006e 247E76FF 		.ascii	"$~v\377\367o\354\212\214\363\033f(\314gfe`\334\313\250"
  27      F76FEC8A 
ARM GAS  /tmp/ccUIyYr5.s 			page 2


  27      8CF31B66 
  27      28CC6766 
  27      6560DCCB 
  28 0083 08D7FD07 		.ascii	"\010\327\375\007\242\033Y\371\312\307\317\027\261+\312"
  28      A21B59F9 
  28      CAC7CF17 
  28      B12BCA
  29 0092 4194B331 		.ascii	"A\224\26310\356\303\255\034\344\374\256\277SZy@\266"
  29      30EEC3AD 
  29      1CE4FCAE 
  29      BF535A79 
  29      40B6
  30 00a4 B2331E65 		.ascii	"\2623\036e`\334\017\365\300Q\006,>\340\000\373\000("
  30      60DC0FF5 
  30      C051062C 
  30      3EE000FB 
  30      0028
  31 00b6 CC0014DD 		.ascii	"\314\000\024\335|n\366\0356\220('\343\001F\203\031\314"
  31      7C6EF61D 
  31      36902827 
  31      E3014683 
  31      19CC
  32 00c8 4C208F1D 		.ascii	"L \217\035\204z\214\005\3411|>9D\232O\016\343\361\011"
  32      847A8C05 
  32      E1317C3E 
  32      39449A4F 
  32      0EE3F109 
  33 00dc BACB1964 		.ascii	"\272\313\031dT\2135TK5\255\024\022\363\213]\222\322"
  33      548B3554 
  33      4B35AD14 
  33      12F38B5D 
  33      92D2
  34 00ee 1D8B8B53 		.ascii	"\035\213\213S\213J\024\322\0223sRS\030\354\3653\362"
  34      8B4A14D2 
  34      12337352 
  34      5318ECF5 
  34      33F2
  35 0100 7353F50B 		.ascii	"sS\365\0132K\364\035\203]\343\203\034\235]\365\035}"
  35      324BF41D 
  35      835DE383 
  35      1C9D5DF5 
  35      1D7D
  36 0112 3383F275 		.ascii	"3\203\362u\035\013\012\212\365s3SRrR\313\023\213R\365"
  36      1D0B0A8A 
  36      F5733353 
  36      527252CB 
  36      138B52F5 
  37 0126 4B8342F4 		.ascii	"K\203B\364\213\213\222\365K\213J\342sS\213\213\023\323"
  37      8B8B92F5 
  37      4B8B4AE2 
  37      73538B8B 
  37      13D3
  38 0138 53F59219 		.ascii	"S\365\222\031\0000N\226\366"
  38      00304E96 
  38      F6
  39              		.text
  40              		.section	.gnu.lto_.inline.83984699888d6494,"e",%progbits
ARM GAS  /tmp/ccUIyYr5.s 			page 3


  41 0000 789CE360 		.ascii	"x\234\343``d\250a@\000F\006\006\271s37?cJgdfP\310\237"
  41      6064A861 
  41      40004606 
  41      06B97333 
  41      373F634A 
  42 001a CECCD8D7 		.ascii	"\316\314\330\327\374\376\036G\037\363|f\240\034\343"
  42      FCFE1E47 
  42      1FF37C66 
  42      A01CE3
  43 0029 2E466906 		.ascii	".Fi\006\006\205\002(\015T\314\302\325\320\320p\200)"
  43      06850228 
  43      0D54CCC2 
  43      D5D0D070 
  43      8029
  44 003b 95814100 		.ascii	"\225\201A\000\304`Neb`b`\0012\033\230R\030\004\030\330"
  44      C4604E65 
  44      62606260 
  44      01321B98 
  44      52180418 
  45 0050 80469D61 		.ascii	"\200F\235aNba`\001\031\316\304\015\324\0004\206\225"
  45      4E626160 
  45      0119CEC4 
  45      0DD40034 
  45      8695
  46 0062 0F448385 		.ascii	"\017D\203\205\220\230\014\000e\222\027Y"
  46      90980C00 
  46      65921759 
  47              		.text
  48              		.section	.gnu.lto_.pureconst.83984699888d6494,"e",%progbits
  49 0000 789CE360 		.ascii	"x\234\343``d`a`\000\222\263X\000\001\322\000\255"
  49      60646061 
  49      600092B3 
  49      580001D2 
  49      00AD
  50              		.text
  51              		.section	.gnu.lto_urtMessageInit.83984699888d6494,"e",%progbits
  52 0000 789C9D55 		.ascii	"x\234\235UmPTU\030>\317=w\357\335]\026,\310\302PZfr"
  52      6D505455 
  52      183ECF3D 
  52      77EFDD5D 
  52      162CC8C2 
  53 0018 88A6DCFD 		.ascii	"\210\246\334\375\321\257\376\024\231\375h\246?\324\177"
  53      D1AFFE14 
  53      99FD68A6 
  53      3FD47F
  54 0027 6783CD68 		.ascii	"g\203\315h \030\026\246\351O^\026\024\007\312\276(\026"
  54      201816A6 
  54      E94F5E16 
  54      1407CABE 
  54      2816
  55 0039 9296440A 		.ascii	"\222\226D\012\313\011\030\032'\024u\205\324$(2\244\\"
  55      CB09181A 
  55      27147585 
  55      D4242832 
  55      A45C
  56 004b 115204D1 		.ascii	"\021R\004\321\3700K\352O\332y\317\335\017H%\206;sg\316"
  56      F8304BEA 
ARM GAS  /tmp/ccUIyYr5.s 			page 4


  56      4FDA79CF 
  56      DD0F4825 
  56      863B7367 
  57 0060 39EFFB3C 		.ascii	"9\357\373<\357\373<\347\276\273V\0066\2443\366*c,O\274"
  57      EFFB3CE7 
  57      BEBB5606 
  57      36A433F6 
  57      2A632C4F 
  58 0075 B0322886 		.ascii	"\2602(\206a<\251\227[\025\205O\366\327\247\250\206]"
  58      613CA997 
  58      5B15854F 
  58      F6D7A7A8 
  58      865D
  59 0087 6FE89C7C 		.ascii	"o\350\234|D5\034\\Q\247\233\317\257\026'\226\332\221"
  59      44351C5C 
  59      51A79BCF 
  59      AF162796 
  59      DA91
  60 0099 8F1F1627 		.ascii	"\217\037\026'*\264H\266%\266\322\240GV: W\206\025l\253"
  60      2AB448B6 
  60      25B6D2A0 
  60      47563A20 
  60      5786156C 
  61 00ae C2558BA6 		.ascii	"\302U\213\246c+\336\346u\034=U\223]J\326g\"l\204\352"
  61      632BDEE6 
  61      751C3D55 
  61      935D4AD6 
  61      67226C84 
  62 00c3 3ED4B61B 		.ascii	">\324\266\033\333R\203\234\261z\361\232\017\016 K\344"
  62      DB52839C 
  62      B17AF19A 
  62      0F0E204B 
  62      E4
  63 00d4 8DFA1BFF 		.ascii	"\215\372\033\377v\354\344A\016\250b[\333\367\325I;m"
  63      76ECE441 
  63      0EA8625B 
  63      DBF7D549 
  63      3B6D
  64 00e6 1538C576 		.ascii	"\0258\305vd\240\257.\201?\005&\326}\327g\236\311l1\014"
  64      64A0AF2E 
  64      813F0526 
  64      D67DD767 
  64      9EC96C31 
  65 00fb BF11BAB8 		.ascii	"\277\021\272\270\207\033\017\0069\307!p\301\210n\244"
  65      871B0F06 
  65      39C72170 
  65      C1886EA4 
  66 010b E120D218 		.ascii	"\341 \322\030\023g\202\37102E~\367|\240u\025\177Vb\313"
  66      136782F9 
  66      3032457E 
  66      F77CA075 
  66      157F5662 
  67 0120 CFF50CAA 		.ascii	"\317\365\014\252\021\360\310\247\022\254\342\310-`U"
  67      11F0C8A7 
  67      12ACE2C8 
  67      2D6055
  68 012f 8043C864 		.ascii	"\200C\310d\004\271\320q\343\203DM\215t\214\243\320\204"
ARM GAS  /tmp/ccUIyYr5.s 			page 5


  68      04B9D071 
  68      E383444D 
  68      8D748CA3 
  68      D084
  69 0141 958CB59D 		.ascii	"\225\214\265\235\262\204\214\0337\253\214\320d\352'"
  69      B2848C1B 
  69      37AB8CD0 
  69      64EA27
  70 0150 1D89C910 		.ascii	"\035\211\311\0200\213\012\252\351\200\011\256\341\214"
  70      308B0AAA 
  70      E98009AE 
  70      E18C
  71 015e 64AB3042 		.ascii	"d\2530B\214\275\311\025sS.6\023\250\034\353\235\015"
  71      8CBDC915 
  71      73532E36 
  71      13A81CEB 
  71      9D0D
  72 0170 68C4D6C8 		.ascii	"h\304\326\310I\357\316\212\271Q+\351\345`\350\241.\030"
  72      49EFCE8A 
  72      B9512BE9 
  72      E560E8A1 
  72      2E18
  73 0182 6178A7B8 		.ascii	"ax\247\270\031\020\006W\340\357\266\231\000,\004hRX"
  73      19100657 
  73      E0EFB699 
  73      002C0468 
  73      5258
  74 0194 636BFF4D 		.ascii	"ck\377M[%\374\345Vq\322L\255\212\303\341\263\307\007"
  74      5B25FCE5 
  74      5671D24C 
  74      AD8AC3E1 
  74      B3C707
  75 01a7 D1826604 		.ascii	"\321\202f\004\271\216oP\011\364\022\263\210\034xoG\273"
  75      B98E6F50 
  75      09F412B3 
  75      881C786F 
  75      47BB
  76 01b9 E6FE923A 		.ascii	"\346\376\222:r\006\271\025\307DZ@\012\024\301\312\251"
  76      7206B915 
  76      C7445A40 
  76      0A14C1CA 
  76      A9
  77 01ca BD617B2C 		.ascii	"\275a{,h\303q\270\003\2344\343\004\334\262\367\215\361"
  77      68C371B8 
  77      039C34E3 
  77      04DCB2F7 
  77      8DF1
  78 01dc 3E5A6A76 		.ascii	">Zjv\037L\244>lP\360m\254q\325?\274\3531\352[\231F\225"
  78      1F4CA43E 
  78      6C50F06D 
  78      AC71D53F 
  78      BCEB31EA 
  79 01f4 53BAF69F 		.ascii	"S\272\366\237.\355\365\304\211\223\242\255\345\011\350"
  79      2EEDF5C4 
  79      8993A2AD 
  79      E509E8
  80 0203 5B4AC077 		.ascii	"[J\300ww\026\220\200~\022\240\230\261\243\247\303\357"
ARM GAS  /tmp/ccUIyYr5.s 			page 6


  80      77169080 
  80      7E12A098 
  80      B1A3A7C3 
  80      EF
  81 0214 73AAB343 		.ascii	"s\252\263C\006\035\030\200\333\274\324\357\005\277H"
  81      061D1880 
  81      DBBCD4EF 
  81      05BF48
  82 0223 1838F2D7 		.ascii	"\0308\362\327\274\236\221\0234\002\"\234H\220\356\336"
  82      BC9E9113 
  82      3402229C 
  82      4890EEDE 
  83 0233 CFBB9208 		.ascii	"\317\273\222\010\022\220\220$\374\200\014\0232hB\366"
  83      12909024 
  83      FC800C13 
  83      326842F6 
  84 0243 8E5FDAAD 		.ascii	"\216_\332\255g(&d\025A\272\256Vw\332\343\220\273\360"
  84      67282664 
  84      1541BAAE 
  84      5677DAE3 
  84      90BBF0
  85 0256 631472CA 		.ascii	"c\024r\312\204T\377S\273M~\356w\343\030\303OH\013\362"
  85      8454FF53 
  85      BB4D7EEE 
  85      77E318C3 
  85      4F480BF2 
  86 026a 64699CA5 		.ascii	"di\234\245\343\235\366\011F\316\361\377qnh\331\316\235"
  86      E39DF609 
  86      46CEF1FF 
  86      716E68D9 
  86      CE9D
  87 027c BEB37329 		.ascii	"\276\263s)\030\226\316E`=\325\333\207\355qw\356\301"
  87      1896CE45 
  87      603DD5DB 
  87      87ED7177 
  87      EEC1
  88 028e CF51777E 		.ascii	"\317Qw~Y\266;g\242R\303\313v\347l\0242B\235.pC\213}"
  88      59B63B67 
  88      A252C3CB 
  88      76E76C14 
  88      32429D2E 
  89 02a6 FF966954 		.ascii	"\377\226iT\336\326\215\325\365t\2658\027q\343\335}\341"
  89      DED68DD5 
  89      F574B538 
  89      1771E3DD 
  89      7DE1
  90 02b8 0DE4EBBD 		.ascii	"\015\344\353\275x\003\243Dt\237$\322\343\303'\006\351"
  90      7803A344 
  90      749F24D2 
  90      E3C32706 
  90      E9
  91 02c9 DA54A0D9 		.ascii	"\332T\240\331Nd\002\020\012\267\237I\022N\225\213\204"
  91      4E640210 
  91      0AB79F49 
  91      124E958B 
  91      84
  92 02da A657C414 		.ascii	"\246W\304\024\247\212\2114G\220~0\202c_\307\335Z\203"
ARM GAS  /tmp/ccUIyYr5.s 			page 7


  92      A78A8934 
  92      47907E30 
  92      82635FC7 
  92      DD5A83
  93 02ed 31E9964A 		.ascii	"1\351\226J\303\360+\334\013\347p\215\030\334\363\002"
  93      C3F02BDC 
  93      0BE7708D 
  93      18DCF302 
  94 02fd 25E9EBC7 		.ascii	"%\351\353\307\365\025\320\337\217\013\222\336B\364\343"
  94      F515D0DF 
  94      8F0B92DE 
  94      42F4E3
  95 030c 92FEC4DC 		.ascii	"\222\376\304\334\314\020\210>M\320_\214\3227\344\336"
  95      CC10883E 
  95      4DD05F8C 
  95      D237E4DE 
  96 031c 86DDB924 		.ascii	"\206\335\271$\367ZLHn\315\274\350\375Cm}\266Xp\035&"
  96      F75A4C48 
  96      6ECDBCE8 
  96      FD436D7D 
  96      B658701D 
  97 0331 694474AA 		.ascii	"iDt\252{i\261\254u\242\356\224Y\267\341\362G\025\011"
  97      7B69B1AC 
  97      75A2EE94 
  97      59B7E1F2 
  97      471509
  98 0344 CB9215FC 		.ascii	"\313\222\025\374b\317\230#\306\256\342\262,m%\372+p"
  98      62CF9823 
  98      C6AEE2B2 
  98      2C6D25FA 
  98      2B70
  99 0356 37728729 		.ascii	"7r\207)c\327\212.!\035\277I:\033\321M/\3566]t;\023u"
  99      63D78A2E 
  99      211DBF49 
  99      3A1BD14D 
  99      2FEE365D 
 100 036e A9B12279 		.ascii	"\251\261\"yE\364\263\222\336N\364s\342\363\217\361\005"
 100      45F4B392 
 100      DE4EF473 
 100      E2F38FF1 
 100      05
 101 037f C757C2F7 		.ascii	"\307W\302\367\000\256J\276\204[\214o\332/\246\323\211"
 101      00AE4ABE 
 101      845B8C6F 
 101      DA2FA6D3 
 101      89
 102 0390 DFC97A07 		.ascii	"\337\311z\007U\273\266X\214S\210\371#Z\274u<eE\305\377"
 102      55BBB658 
 102      8C5388F9 
 102      235ABC75 
 102      3C6545C5 
 103 03a5 5CAA783A 		.ascii	"\\\252x:\256S\361D*>\037\221:\013\177S\333[\\\216\032"
 103      AE53F144 
 103      2A3E1F91 
 103      3A0B7F53 
 103      DB5B5C8E 
 104 03ba 3D351CF1 		.ascii	"=5\034\361\1771\306\236p\275\\T\350u\025\347\227\272"
ARM GAS  /tmp/ccUIyYr5.s 			page 8


 104      7F31C69E 
 104      70BD5C54 
 104      E87515E7 
 104      97BA
 105 03cc B29FDFB4 		.ascii	"\262\237\337\2649'{\343&W\366s\3719E\217f\027\027\373"
 105      39277BE3 
 105      2657F673 
 105      F939458F 
 105      661717FB 
 106 03e0 5C85F979 		.ascii	"\\\205\371yy\005\336\327<%^WY\316\013._I\256\253\254"
 106      7905DED7 
 106      3C255E57 
 106      59CE0B2E 
 106      5F49AEAB 
 107 03f5 A47473A1 		.ascii	"\244ts\241\327\347\363l\361n\310ezd\251\027{^/(\362"
 107      D7E7F36C 
 107      F16EC865 
 107      7A64A917 
 107      7B5E2F28 
 108 040a E4AD5DEF 		.ascii	"\344\255]\357{h}Y\326\343NO\221\357\351\027\267d\373"
 108      7B687D59 
 108      D6E34E4F 
 108      91EFE917 
 108      B764FB
 109 041d 7CDE9252 		.ascii	"|\336\222R\347K\236\374\002o\036\373\027\201f\276\215"
 109      E74B9EFC 
 109      026F1EFB 
 109      178166BE 
 109      8D
 110              		.text
 111              		.section	.gnu.lto_.symbol_nodes.83984699888d6494,"e",%progbits
 112 0000 789CE360 		.ascii	"x\234\343``d\250d\000\002\246i\314\365\014\015@\300"
 112      6064A864 
 112      0002A669 
 112      CCF50C0D 
 112      40C0
 113 0012 C238E11C 		.ascii	"\3028\341\034\003C=\003\303\256\006G\240$\020\260Ng"
 113      03433D03 
 113      C3AE0647 
 113      A02410B0 
 113      4E67
 114 0024 665000D2 		.ascii	"fP\000\322\2143\231\353\031\377C\201<X\031\003P\213"
 114      8C3399EB 
 114      19FF4381 
 114      3C581903 
 114      508B
 115 0036 03506606 		.ascii	"\003Pf\006s=\023V\031f\006\346\246ksL\030[\030\201\254"
 115      733D1356 
 115      196606E6 
 115      A66B734C 
 115      185B1881 
 116 004b 8D13363C 		.ascii	"\215\0236<e`\\\002d2m~vf&#\343\021F\006\000\2440)`"
 116      65605C02 
 116      64326D7E 
 116      76662623 
 116      E3114606 
 117              		.text
ARM GAS  /tmp/ccUIyYr5.s 			page 9


 118              		.section	.gnu.lto_.refs.83984699888d6494,"e",%progbits
 119 0000 789CE360 		.ascii	"x\234\343``d\340a```f``dbbdabde\000\000\002\000\000"
 119      6064E061 
 119      60606066 
 119      60606462 
 119      62646162 
 120 001b 2B       		.ascii	"+"
 121              		.text
 122              		.section	.gnu.lto_.decls.83984699888d6494,"e",%progbits
 123 0000 789C9D5A 		.ascii	"x\234\235ZyTTW\232\257[\267\250*\012(\2148\351\314\230"
 123      79545457 
 123      9AAF5BB7 
 123      A82A0A28 
 123      8C38E9CC 
 124 0015 93D3D3C7 		.ascii	"\223\323\323\307\356N\317LBz:g\272\373\364\234\356\311"
 124      EE4ECF4C 
 124      427A3A67 
 124      BAFBF49C 
 124      EEC9
 125 0027 64722699 		.ascii	"dr&\231\351t\372$\231\231\323\375\307\320\010\245T\207"
 125      E974FA24 
 125      9999D3FD 
 125      C7D008A5 
 125      5487
 126 0039 ADAB0A93 		.ascii	"\255\253\012\223\364?]\254\212\002\242\242\354;\002"
 126      F43F5DAC 
 126      8A02A2A2 
 126      EC3B02
 127 0048 B208C822 		.ascii	"\262\010\310\"\273\310\216 \240\"\262\010\"\"\202\012"
 127      BBC88E20 
 127      A022B208 
 127      2222820A 
 128 0058 8808220A 		.ascii	"\210\010\"\012\314w\227\242\336\243^\331\351!\271\276"
 128      CC7797A2 
 128      DEA35ED9 
 128      E921B9BE 
 129 0068 F7BDF77D 		.ascii	"\367\275\367}\337\375}\313\375\356\362J-C\262\232\177"
 129      DFFD7DCB 
 129      FDEEF24A 
 129      2D43B29A 
 129      7F
 130 0079 94C9A654 		.ascii	"\224\311\246T2\331\347H&\333\204?\271L&\273\002M\003"
 130      32D9E748 
 130      26DB843F 
 130      B94C26BB 
 130      024D03
 131 008c 6D09DA7E 		.ascii	"m\011\332~hJh\012x\357\000M\013\315\015\332o\341\231"
 131      684A680A 
 131      78EF004D 
 131      0BCD0DDA 
 131      6FE199
 132 009f 0A9893E0 		.ascii	"\012\230\223\340\036\303\375\337\301\375\017\240=\347"
 132      1EC3FDDF 
 132      C1FD0FA0 
 132      3DE7
 133 00ad F4BB70FF 		.ascii	"\364\273p\377\317\320>\200\006\217d\037\021\305\202"
 133      CFD03E80 
ARM GAS  /tmp/ccUIyYr5.s 			page 10


 133      068F641F 
 133      11C582
 134 00bc 3FBD4226 		.ascii	"?\275B&\373[\270\372@\333\011m\227\240\277|\020\370"
 134      FB5BB8FA 
 134      40DB096D 
 134      97A0BF7C 
 134      10F8
 135 00ce 0FE0FF50 		.ascii	"\017\340\377P\316\372(\000\372?y_\277\2243\014\037\313"
 135      CEFA2800 
 135      FA3F795F 
 135      BF94330C 
 135      1FCB
 136 00e0 198E5FC9 		.ascii	"\031\216_\311\031\226\177\223[1~\"g\230\177\006\327"
 136      19967F93 
 136      5B317E22 
 136      67987F06 
 136      D7
 137 00f1 C770FD35 		.ascii	"\307p\3755\\o\300\3657\320\006\240\365Ck\2076\003\355"
 137      5C6FC0F5 
 137      37D006A0 
 137      F5436B87 
 137      3603ED
 138 0104 3634AD8C 		.ascii	"64\255\214a\337@\014?\261\345><[\200\366\220\373\343"
 138      61DF400C 
 138      3FB1E53E 
 138      3C5B80F6 
 138      90FBE3
 139 0117 01B447D0 		.ascii	"\001\264G\320\346\241\315B\273\013mJf\265\365\003n\257"
 139      E6A1CD42 
 139      BB0B6D4A 
 139      66B5F503 
 139      6EAF
 140 0129 94ADF118 		.ascii	"\224\255\361\030\215\207\244\256:\307`\264S\203\024"
 140      8D87A4AE 
 140      3AC760B4 
 140      538314
 141 0138 40C65DAA 		.ascii	"@\306]\252\350\322\000\271K\203\276- w22\363z\177\010"
 141      E8D200B9 
 141      4B83BE2D 
 141      20773232 
 141      F37A7F08 
 142 014c 62E40E20 		.ascii	"b\344\016 \2137\357%\2732f3\"tUT\262\212\275~\015\310"
 142      8B37EF25 
 142      BB326633 
 142      22745554 
 142      B28ABD7E 
 143 0162 7343A7C7 		.ascii	"sC\247\307\\\261\034\221n\352#\326\033\311\253\337h"
 143      5CB11C91 
 143      6EEA23D6 
 143      1BC9ABDF 
 143      68
 144 0173 1009A62B 		.ascii	"\020\011\246+<\352X\230\033@\354\021\341H\352L\211u"
 144      3CEA5898 
 144      1B40EC11 
 144      E148EA4C 
 144      8975
 145 0185 C2AFD2FB 		.ascii	"\302\257\322\373\263\311\327\226\265\356\305f\366\247"
ARM GAS  /tmp/ccUIyYr5.s 			page 11


 145      B3C9D796 
 145      B5EEC566 
 145      F6A7
 146 0193 2EC632D4 		.ascii	".\3062\324\202\260\025t\316\263\205\363\316\370\177"
 146      82B01574 
 146      CEB385F3 
 146      CEF87F
 147 01a2 29EFF585 		.ascii	")\357\365\205\370\203r\315!\2639\304\234\021jv\374P"
 147      F88372CD 
 147      21B339C4 
 147      9C116A76 
 147      FC50
 148 01b4 86EAD06E 		.ascii	"\206\352\320nT\213v\313P\033\242\332[\221;j\206g\027"
 148      548B76CB 
 148      501BA2DA 
 148      5B913B6A 
 148      866717
 149 01c7 E1190864 		.ascii	"\341\031\010d\005_\357v\301:\006k%!\337\025\377\236"
 149      055FEF76 
 149      C13A066B 
 149      2521DF15 
 149      FF9E
 150 01d9 DE5FD83C 		.ascii	"\336_\330<uA\301\320\253\201<Yp\361\20533\256\211\274"
 150      7541C1D0 
 150      AB813C59 
 150      70F18533 
 150      33AE89BC 
 151 01ed 8E6C3ADC 		.ascii	"\216l:\334\252\301\006\312\032\037\037_\256\306_\322"
 151      AAC106CA 
 151      1A1F1F5F 
 151      AEC65FD2 
 152 01fd FBA285E5 		.ascii	"\373\242\205\345:b\331\233\032\364'\201Uo2\253\016\206"
 152      3A62D99B 
 152      1AF42781 
 152      556F32AB 
 152      0E86
 153 020f E51F75C2 		.ascii	"\345\037u\302\341\210\022\023q\221-J\006\2654\324\374"
 153      E1881213 
 153      71912D4A 
 153      06B534D4 
 153      FC
 154 0220 4AF00F65 		.ascii	"J\360\017e\350\022\340\352\"X\373\020\225!X{\341\331"
 154      E812E0EA 
 154      2258FB10 
 154      9521587B 
 154      E1D9
 155 0232 658A557E 		.ascii	"e\212U~\241\354P\262\022\355q\313\"2MO\317\274[W\375"
 155      A1EC50B2 
 155      12ED71CB 
 155      22324D4F 
 155      CFBC5B57 
 156 0247 D06C9E34 		.ascii	"\320l\2364c\324\2174\250\033d\256\"\267-%2\344N\376"
 156      63D48F34 
 156      A81B64AE 
 156      22B72D25 
 156      32E44EFE 
 157 025b F921FC73 		.ascii	"\371!\374s\2148\016:1\243\327\004\235\364p\001\322\313"
ARM GAS  /tmp/ccUIyYr5.s 			page 12


 157      8C380E3A 
 157      31A3D704 
 157      9DF47001 
 157      D2CB
 158 026d 15B4877B 		.ascii	"\025\264\207{3x\341\346?\3403\014b\332\325\330;\016"
 158      3378E1E6 
 158      3FE0330C 
 158      62DAD5D8 
 158      3B0E
 159 027f 6ED2D2D7 		.ascii	"n\322\322\327$\245\253\362\242\357c\\\305\304\0277\363"
 159      24A5ABF2 
 159      A2EF635C 
 159      C5C41737 
 159      F3
 160 0290 6E2B710D 		.ascii	"n+q\015#*nT6j\245#3(\031\231\330\233\317\352\235p\027"
 160      232A6E54 
 160      366AA523 
 160      33281999 
 160      D89BCFEA 
 161 02a7 931EBBD8 		.ascii	"\223\036\273\330R(\307\275\214(\231\236\\V0X\344\017"
 161      5228C7BD 
 161      8C28999E 
 161      5C563058 
 161      E40F
 162 02b9 916496A1 		.ascii	"\221d\226\241a\3202\302\000q0\241\225\033\305\310\371"
 162      61D032C2 
 162      007130A1 
 162      951BC5C8 
 162      F9
 163 02ca F05697F4 		.ascii	"\360V\227\364\265\245W\031\032E\316\214\257\345\374"
 163      B5A55719 
 163      1A45CE8C 
 163      AFE5FC
 164 02d9 E8AC9CC5 		.ascii	"\350\254\234\305\372\035\222\346\225\303\203<\353\315"
 164      FA1D92E6 
 164      95C3833C 
 164      EBCD
 165 02e7 18E8DEB2 		.ascii	"\030\350\336\262\265%g<\302\372n^J,u\304S\214x\264x"
 165      B525673C 
 165      C2FA6E5E 
 165      4A2C75C4 
 165      538C78B4 
 166 02fc 39D2012F 		.ascii	"9\322\001/2\242';\242Ck'\236\023R\361DG\227\332~\215"
 166      32A2273B 
 166      A2436B27 
 166      9E1352F1 
 166      444797DA 
 167 0312 0FB12131 		.ascii	"\017\261!1\325\027^\343\214\263(\201\327W\212k5h\217"
 167      D5175EE3 
 167      8CB32881 
 167      D7578A6B 
 167      35688F
 168 0325 25D2B77A 		.ascii	"%\322\267z\337I\252\2301\233\217\277\206\332!\320w@"
 168      DF49AA98 
 168      319B8FBF 
 168      86DA21D0 
 168      7740
ARM GAS  /tmp/ccUIyYr5.s 			page 13


 169 0337 D9B4C812 		.ascii	"\331\264\310\022\026n\022i&\260\222\270\253<\324|(\324"
 169      166E1269 
 169      26B092B8 
 169      AB3CD47C 
 169      28D4
 170 0349 19DD06FE 		.ascii	"\031\335\006\376[\234\337^b\304\232Yh\033\341}\003A"
 170      5B9CDF5E 
 170      62C49A59 
 170      681BE17D 
 170      0341
 171 035b 3BC90508 		.ascii	";\311\005\010\334\273h\017\232\332\012ocn\353\207x\211"
 171      DCBB680F 
 171      9ADA0A6F 
 171      636EEB87 
 171      7889
 172 036d 217E6ECE 		.ascii	"!~n\316\375\312MZ\301={\012\324\271\0177r\210e`\033"
 172      FDCA4D5A 
 172      C13D7B0A 
 172      D4B90F37 
 172      72886560 
 173 0382 B42C22DD 		.ascii	"\264,\"\3354x\346\215\023f\212v\006d\306Av\016\256\026"
 173      3478E68D 
 173      13668A76 
 173      0664C641 
 173      760EAE16 
 174 0396 653254BF 		.ascii	"e2T\277\335\272\2247\262B\315\235\277#\001DC\234\335"
 174      DDBA9437 
 174      B242CD9D 
 174      BF230144 
 174      439CDD
 175 03a9 EA0C7731 		.ascii	"\352\014w1\367`\372\316L\312\275\337\031u\33207\010"
 175      F760FACE 
 175      4CCABDDF 
 175      1975DA30 
 175      3708
 176 03bb 750396F9 		.ascii	"u\003\226\371\264\035\347\230\347\006\200\257\233\363"
 176      B41DE798 
 176      E70680AF 
 176      9BF3
 177 03c9 5B3D67F5 		.ascii	"[=g\365\264\310\3621`\270I,\037\346\022\304\362\373"
 177      B4C8F231 
 177      60B8492C 
 177      1FE612C4 
 177      F2FB
 178 03db 60F902B4 		.ascii	"`\371\002\264\207\320\036@{\004m\036\332,\363\006\203"
 178      87D01E40 
 178      7B046D1E 
 178      DA2CF306 
 178      83
 179 03ec 379DBF8B 		.ascii	"7\235\277\213\301#\221m\262\301wa\273\355\251\2572\333"
 179      C123916D 
 179      B2C17761 
 179      BBEDA9AF 
 179      32DB
 180 03fe 6F00FB75 		.ascii	"o\000\373ui\333\353\320\026\373F\272@{\207\035\353)"
 180      69DBEBD0 
 180      16FB46BA 
ARM GAS  /tmp/ccUIyYr5.s 			page 14


 180      407B871D 
 180      EB29
 181 0410 3F043462 		.ascii	"?\0044b*\247F\205\217b\032\335\204\236#7\034\334\244"
 181      2AA74685 
 181      8F621ADD 
 181      849E2337 
 181      1CDCA4
 182 0423 8D5CFCE6 		.ascii	"\215\\\374\346F\202\246\220\306;\253\316\302Q\370X\204"
 182      4682A690 
 182      C63BABCE 
 182      C251F858 
 182      84
 183 0434 61898E42 		.ascii	"a\211\216Br\001\336c\2339\003\2168\225A\250l\310\311"
 183      7201DE63 
 183      9B39038E 
 183      389541A8 
 183      6CC8C9
 184 0447 56E24C46 		.ascii	"V\342LF\024\215\265\036U\333\214\371e@\262\"\032\363"
 184      148DB51E 
 184      55DB8CF9 
 184      6540B222 
 184      1AF3
 185 0459 A5ADE9B5 		.ascii	"\245\255\351\265[|a\366\371\242f\3222]\204\250\236\212"
 185      5B7C61F6 
 185      F9A266D2 
 185      325D84A8 
 185      9E8A
 186 046b 50AD5A6A 		.ascii	"P\255Zj\303\340\231\211\030g\\\302A\334l\031W\342:F"
 186      C3E09989 
 186      18675CC2 
 186      41DC6C19 
 186      57E23A46 
 187 047f 543DA9C8 		.ascii	"T=\251\310u\300-\214X;w|\302\321\006\336s\350\366\205"
 187      75C02D8C 
 187      583B777C 
 187      C2D106DE 
 187      73E8F685 
 188 0493 A8DB98B2 		.ascii	"\250\333\230\262\352\347\216\370\012\023Z\315\2317+"
 188      EAE78EF8 
 188      0A135ACD 
 188      99372B
 189 04a2 6D84D66D 		.ascii	"m\204\326m\204\236\247\025\327\210\260n\210\260nr\254"
 189      849EA715 
 189      D788B06E 
 189      88B06E72 
 189      AC
 190 04b3 B8B6B0BA 		.ascii	"\270\266\260\272\333\031\346\207=|\202x\376N\361\006"
 190      DB19E687 
 190      3D7C8278 
 190      FE4EF106 
 191 04c3 2B1B600E 		.ascii	"+\033`\016z\002z\203\345\222#\305\032f\205\240h=\343"
 191      7A027A83 
 191      E59223C5 
 191      1A6685A0 
 191      683DE3
 192 04d6 0224CC66 		.ascii	"\002$\314f\371\036\024\"\027\344\355|\2612\311\334\024"
 192      F91E1422 
ARM GAS  /tmp/ccUIyYr5.s 			page 15


 192      17E4ED7C 
 192      B132C9DC 
 192      14
 193 04e7 A624BDA3 		.ascii	"\246$\275\2435i\325\226\304:q\360\301y'\274\316\214"
 193      3569D596 
 193      C43A71F0 
 193      C17927BC 
 193      CE8C
 194 04f9 BE393A3C 		.ascii	"\2769:<\216\335\244{\014\225K\366\210\302\344n \031"
 194      8EDDA47B 
 194      0C954BF6 
 194      88C2E46E 
 194      2019
 195 050b FDB821D2 		.ascii	"\375\270!\322U\350\2060Q\227\341r\232Hp!\3454\367\322"
 195      55E88630 
 195      5197E172 
 195      9A487021 
 195      E534F7D2 
 196 051f D7ACA2EF 		.ascii	"\327\254\242\357\006j\264\377\3441GR\232\315\\\022\236"
 196      066AB4FF 
 196      E4314752 
 196      9ACD5C12 
 196      9E
 197 0530 5B0561C1 		.ascii	"[\005a\301@\000\243\0109\255\312\367\"z6\370\272\345"
 197      4000A308 
 197      39ADCAF7 
 197      227A36F8 
 197      BAE5
 198 0542 7552D65F 		.ascii	"uR\326_\\l\3443\377\004Y\326\\_mXs\306\207\024\264P"
 198      5C6CE433 
 198      FF0459D6 
 198      5C5F6D58 
 198      73C68714 
 199 0558 071F5E1B 		.ascii	"\007\037^\033\306H\263\033\2012DK\2779\333\214a\254"
 199      C648B31B 
 199      8132444B 
 199      BF39DB8C 
 199      61AC
 200 056a FC68377A 		.ascii	"\374h7z\007\014:\014\006\035!\352\243\344\273Q4\350"
 200      070C3A0C 
 200      061D21EA 
 200      A3E4BB51 
 200      34E8
 201 057c 4F34ABE9 		.ascii	"O4\253\351\203D3p?\372\023\275\007\245\327\026\006\227"
 201      83443370 
 201      3FFA13BD 
 201      07A5D716 
 201      0697
 202 058e 143B63B9 		.ascii	"\024;c\271S\376\005\221\347(\022d\016\311\011\302\030"
 202      53FE0591 
 202      E7281264 
 202      0EC909C2 
 202      18
 203 059f F94E0693 		.ascii	"\371N\006\223\335\203\300\314\322\303\002\007\006\362"
 203      DD83C0CC 
 203      D2C30207 
 203      06F2
ARM GAS  /tmp/ccUIyYr5.s 			page 16


 204 05ad E740E6B7 		.ascii	"\347@\346\267\307vi\354\032\030\313\015<\312\014\354"
 204      C77669EC 
 204      1A18CB0D 
 204      3CCA0CEC 
 205 05bd A989C953 		.ascii	"\251\211\311S3\331_\000\331}\371\305\262\202\031\270"
 205      33D95F00 
 205      D97DF9C5 
 205      B28219B8 
 206 05cd 4AA6BBD5 		.ascii	"J\246\273\325\216;\237n\207r\034\240\034\243PN\020("
 206      8E3B9F6E 
 206      87721CA0 
 206      1CA3504E 
 206      1028
 207 05df B10CCA09 		.ascii	"\261\014\312\011\012e\366te\205#S7\244\005\272\253y"
 207      0A65F674 
 207      65852353 
 207      37A405BA 
 207      AB79
 208 05f1 7A83AF9C 		.ascii	"z\203\257\234n\222\356Z\343Og:r\007:\000\2752s?\207"
 208      6E92EE5A 
 208      E34F673A 
 208      72073A00 
 208      BD32733F 
 209 0606 CFB64324 		.ascii	"\317\266C$T\005u\263\011\2346\313\311\002d$\352\264"
 209      540575B3 
 209      099C36CB 
 209      C9026424 
 209      EAB4
 210 0618 8A4FBF64 		.ascii	"\212O\277d]\231\027V7\354\210\243\251\303Q\323D\364"
 210      5D991756 
 210      37EC88A3 
 210      A9C351D3 
 210      44F4
 211 062a 33CC9837 		.ascii	"3\314\2307I4\006\373\236g*\354\032\236\302\015Of\206"
 211      493406FB 
 211      9E672AEC 
 211      1A9EC20D 
 211      4F6686
 212 063d CF1D5E8F 		.ascii	"\317\035^\217w\335nZ\"\230\226@MK%\246\245P\323\310"
 212      77DD6E5A 
 212      22989640 
 212      4D4B25A6 
 212      A550D3C8 
 213 0651 A2E0FE7C 		.ascii	"\242\340\376|6_\354\036\"0\253b\317Gp\263\372\311\373"
 213      365FEC1E 
 213      2230AB62 
 213      CF4770B3 
 213      FAC9FB
 214 0664 BE878DE1 		.ascii	"\276\207\215\341\016\034&1\253\363\\j\272\012\3071\230"
 214      0E1C2631 
 214      ABF35C6A 
 214      BA0AC731 
 214      98
 215 0675 574E8CDC 		.ascii	"WN\214\334\342>\371\011\311\371\315\271)-#w\021\217"
 215      E23EF909 
 215      C9F9CDB9 
 215      292D2377 
ARM GAS  /tmp/ccUIyYr5.s 			page 17


 215      118F
 216 0687 B5274FBB 		.ascii	"\265'O\2730\321\014b\304\375c\335\265.8\231\211\236"
 216      30D10C62 
 216      C4FD63DD 
 216      B52E3899 
 216      899E
 217 0699 4C9A7E0D 		.ascii	"L\232~\015\347)D\353\344\357\333\256\223\277\317V\224"
 217      E72944EB 
 217      E4EFDBAE 
 217      93BFCF56 
 217      94
 218 06aa 8591D7BE 		.ascii	"\205\221\327\276\306\305\214;\253d\260\314Az\205uFN"
 218      C6C58C3B 
 218      AB64B0CC 
 218      417A8575 
 218      464E
 219 06bc 25C8B8CA 		.ascii	"%\310\270\312\007{\363\230?\022\363\326\373\241j0\351"
 219      077BF398 
 219      3F12F3D6 
 219      FBA16A30 
 219      E9
 220 06cd F6A36151 		.ascii	"\366\243aQ\032|\221\021\303K\271\325N\322\252\212$U"
 220      1A7C9111 
 220      C34BB9D5 
 220      4ED2AA8A 
 220      2455
 221 06df 35ACD4B7 		.ascii	"5\254\324\267i\361e&\375`\272pP\216\007\031\021v0\261"
 221      69F16526 
 221      FD60BA70 
 221      508E0719 
 221      117630B1 
 222 06f3 4B6E53E4 		.ascii	"KnS\344J@K\251\\X\344\3127\317D`<\301\205\226\323W\034"
 222      4A404BA9 
 222      5C58E4CA 
 222      37CF4460 
 222      3CC18596 
 223 070a 6C84CA6C 		.ascii	"l\204\312l\204N\025^NU\013K\3029QI(\227\363*^\026we"
 223      844E155E 
 223      4E550B4B 
 223      C2395149 
 223      2897F32A 
 224 0722 53896799 		.ascii	"S\211g\231\362\325\261\234\313\266\265\272\002\224W"
 224      F2D5B19C 
 224      CBB6B5BA 
 224      029457
 225 0731 8A94F795 		.ascii	"\212\224\367\225]\013\326\342U&T\334u}\002\333\010U"
 225      5D0BD6E2 
 225      552654DC 
 225      757D02DB 
 225      0855
 226 0743 D90895AD 		.ascii	"\331\010\225\255W\017\212\212\324y\021\242j\013\242"
 226      570F8A8A 
 226      D47911A2 
 226      6A0BA2
 227 0752 CC1389A7 		.ascii	"\314\023\211\247\235q\244\003Q\256\214{4\333+GdE\264"
 227      9D71A403 
 227      51AE8C7B 
ARM GAS  /tmp/ccUIyYr5.s 			page 18


 227      34DB2B47 
 227      6445B4
 228 0765 678FA832 		.ascii	"g\217\2502\346\200\207\263\301\303\024]-\257\214\015"
 228      E68087B3 
 228      C1C3145D 
 228      2DAF8C0D 
 229 0775 50191BA1 		.ascii	"P\031\033\241\325C\253\203vAX\227;\012pdvL\2649#\004"
 229      D543AB83 
 229      76415897 
 229      3B0A7064 
 229      764CB439 
 230 078b 4616A477 		.ascii	"F\026\244w.\027\334\276X\024,\022\326\362\2609\347\035"
 230      2E17DCBE 
 230      58142C12 
 230      D6F2B039 
 230      E71D
 231 079d 540CDC85 		.ascii	"T\014\334\205v\270\005\313\251<\025\253\373`\011]|\325"
 231      76B805CB 
 231      A93C15AB 
 231      FB60095D 
 231      7CD5
 232 07af 4A4F298C 		.ascii	"JO)\214\373>S\015q@gmTo_\254\214'\354\314\246\213\025"
 232      FB3E530D 
 232      7140676D 
 232      546F5FAC 
 232      8C27ECCC 
 233 07c6 82BBC686 		.ascii	"\202\273\306\206\335\272T#\243\261"
 233      DDBA5423 
 233      A3B1
 234 07d0 38E92B37 		.ascii	"8\351+7iWU\375yW\221\"X\2212\251\305\027\250\377Q\313"
 234      695755FD 
 234      79579122 
 234      589132A9 
 234      C517A8FF 
 235 07e6 ECD4210D 		.ascii	"\354\324!\015\356\242\204\374q\376J\203|k\2275\236\270"
 235      EEA284FC 
 235      71FE4A83 
 235      7C6B9735 
 235      9EB8
 236 07f8 8B81B2D8 		.ascii	"\213\201\262\330\333\372\222)4#\224a\331\032,\315r&"
 236      DBFA9229 
 236      34239461 
 236      D91A2CCD 
 236      7226
 237 080a 40B0B46C 		.ascii	"@\260\264l\365=\272\326\026\342\212\007Y\337a\231\345"
 237      F53DBAD6 
 237      16E28A07 
 237      59DF6199 
 237      E5
 238 081b 452A3769 		.ascii	"E*7i\3616I\361\211\354\225j\204\3572\361\273Y\017\377"
 238      F13649F1 
 238      89EC956A 
 238      84EF32F1 
 238      BB590FFF 
 239 082f 8A559637 		.ascii	"\212U\2267\311\310+\030\031\320\342\007\354\325\331"
 239      C9C82B18 
 239      19D0E207 
ARM GAS  /tmp/ccUIyYr5.s 			page 19


 239      ECD5D9
 240 083e A2E7A51A 		.ascii	"\242\347\245\032\005\331\354\303\3227HA\313gEm\2713"
 240      05D9ECC3 
 240      D2374841 
 240      CB67456D 
 240      B933
 241 0850 7EC2DE47 		.ascii	"~\302\336GO\344\024\331\216\203n\350\263G\224\322M\317"
 241      4FE414D9 
 241      8E836EE8 
 241      B34794D2 
 241      4DCF
 242 0862 AB479D71 		.ascii	"\253G\235q\270\222\012\225\037\252\237p\266\021\272"
 242      B8920A95 
 242      1FAA9F70 
 242      B611BA
 243 0871 6C23D477 		.ascii	"l#\324w\243~\300Q8\016zE~\353\263\214\203\261\252\356"
 243      A37EC051 
 243      380E7A45 
 243      7EEBB38C 
 243      83B1AAEE 
 244 0885 3C170A12 		.ascii	"<\027\012\022\036\241Kr\0123\242-\266\316\205Y%\027"
 244      1EA14B72 
 244      0A33A22D 
 244      B6CE8559 
 244      2517
 245 0897 1C34EC62 		.ascii	"\0344\354b\007\015)\203%\227\324\337:I\203\037j\336"
 245      070D2983 
 245      2597D4DF 
 245      3A49831F 
 245      6ADE
 246 08a9 21473EAF 		.ascii	"!G>\257\242\253\020\375+\264\212_\223\177K\206\372A"
 246      A2AB10FD 
 246      2BB48A5F 
 246      937F4B86 
 246      FA41
 247 08bb 0F557FE9 		.ascii	"\017U\177\351\305\2134\205\020\006\274\026\300\030\200"
 247      C58B3485 
 247      1006BC16 
 247      C01880
 248 08ca 3E296632 		.ascii	">)f2\207\236\217+t\302'\231\231O{\273g\354\312\241\353"
 248      879E8F2B 
 248      74C22799 
 248      994F7BBB 
 248      67ECCAA1 
 249 08df 60AE5074 		.ascii	"`\256Pt,\274\266U\215\323\230\350\245\311\252\2758\217"
 249      2CBCB655 
 249      8DD398E8 
 249      A5C9AABD 
 249      388F
 250 08f1 DD4F9F0B 		.ascii	"\335O\237\013=\243\266\263'\034\222K\355\011+F\363\353"
 250      3DA3B6B3 
 250      271C924B 
 250      ED092B46 
 250      F3EB
 251 0903 9C702D13 		.ascii	"\234p-\023\357\312,\231w\301\355\214\270\321\377\264"
 251      EFCA2C99 
 251      77C1ED8C 
ARM GAS  /tmp/ccUIyYr5.s 			page 20


 251      B8D1FFB4 
 252 0913 DBD9CE66 		.ascii	"\333\331\316f|T.\265\031\277\324\377\370\221\345\320"
 252      7C542EB5 
 252      19BFD4FF 
 252      F891E5D0 
 253 0923 82CC334F 		.ascii	"\202\3143OZ\027a\3619\310\324\025g,\245b<\314\210\333"
 253      5A1761F1 
 253      39C8D415 
 253      672CA562 
 253      3CCC88DB 
 254 0937 45CD914A 		.ascii	"E\315\221J<\306\2103\3131\311|\346#\023_\355\365\356"
 254      3CC68833 
 254      CB31C97C 
 254      E623135F 
 254      EDF5EE
 255 094a 2C2D9FBF 		.ascii	",-\237\277\311\353\207#G\316#<\311x3\232o\277\205g\330"
 255      C9EB8723 
 255      47CE233C 
 255      C978339A 
 255      6FBF8567 
 256 095f 7DC454F1 		.ascii	"}\304T\361:\306s\214h\277\332\005\353\374\355yr\027"
 256      3AC6738C 
 256      68BFDA05 
 256      EBFCED79 
 256      7217
 257 0971 704E8BF2 		.ascii	"pN\213\362$\262\361\254/~\316s\353\376\371\016\333\365"
 257      24B2F1AC 
 257      2F7ECE73 
 257      EBFEF90E 
 257      DBF5
 258 0983 F03D1B99 		.ascii	"\360=\033\231\211\312\027I\242}\375\214(\267f-\2715"
 258      89CA1749 
 258      A27DFD8C 
 258      28B7662D 
 258      B935
 259 0995 D3B97257 		.ascii	"\323\271rW\215\217\250\250\362\225\256\370B\027|\214"
 259      8D8FA8A8 
 259      F295AEF8 
 259      42177C8C 
 260 09a5 1151476E 		.ascii	"\021QGn\347\250\244\347\267\007R\363\233\2423\355\366"
 260      E7A8A4E7 
 260      B70752F3 
 260      9BA233ED 
 260      F6
 261 09b6 CFC9869C 		.ascii	"\317\311\206\234/\255\237?\300\275-\021\346\330\213"
 261      2FAD9F3F 
 261      C0BD2D11 
 261      E6D88B
 262 09c5 88F486A6 		.ascii	"\210\364\206\246@f\341\245\265m#\205\327\266\207P\333"
 262      4066E1A5 
 262      B56D2385 
 262      D7B68750 
 262      DB
 263 09d6 EEDBB04B 		.ascii	"\356\333\260Km+\241\020L\002\200\333\244\246\335\345"
 263      6D2BA110 
 263      4C0280DB 
 263      A4A6DDE5 
ARM GAS  /tmp/ccUIyYr5.s 			page 21


 264 09e6 1204D523 		.ascii	"\022\004\325#\250cs\320\346E\313\361\024^\246fy\231"
 264      A86373D0 
 264      E645CBF1 
 264      145EA666 
 264      7999
 265 09f8 9280C34B 		.ascii	"\222\200\303K\347rt\303\230\263\233t?\367\354\367CV"
 265      E77274C3 
 265      98B39B74 
 265      3FF7ECF7 
 265      4356
 266 0a0a 35F52973 		.ascii	"5\365)s.\3702u\241\303\351\271\265g\010\011\266\361"
 266      2EF83275 
 266      A1C3E9B9 
 266      B5670809 
 266      B6F1
 267 0a1c F7D6707A 		.ascii	"\367\326pz\366U3\235y\026A\307\035\320\365\004\256\026"
 267      F655339D 
 267      791641C7 
 267      1DD0F504 
 267      AE16
 268 0a2e E5F6F61B 		.ascii	"\345\366\366\033c\360\236lsi\345y\302;_\202\216W\240"
 268      63F09E6C 
 268      7369E579 
 268      C23B5F82 
 268      8E57A0
 269 0a41 2D437B2A 		.ascii	"-C{*4t#iW\216e;\177\213\013\330\331\316\223\352\235"
 269      34742369 
 269      578E653B 
 269      7F8B0BD8 
 269      D9CE93EA 
 270 0a56 B493710F 		.ascii	"\264\223q\017\202[&l\330m\246\302\221\335lr#QzlG\273"
 270      825B266C 
 270      D86DA6C2 
 270      91DD6C72 
 270      23517A6C 
 271 0a6c 6557531A 		.ascii	"eWS\032\223x\305\305M\332\224\313/7\005\244O\257'/\271"
 271      9378C5C5 
 271      4DDA94CB 
 271      2F3705A4 
 271      4FAF272F 
 272 0a81 E030354D 		.ascii	"\34005M\307\314\276\006X\210\305PBy\271\342\306\021"
 272      C7CCBE06 
 272      5888C550 
 272      4279B9E2 
 272      C611
 273 0a93 DBC58070 		.ascii	"\333\305\200p\377\375\014\264?\267l\223\360\036\364"
 273      FFFD0CB4 
 273      3FB76C93 
 273      F01EF4
 274 0aa2 0234AF43 		.ascii	"\0024\257C\333\200\266\271\345,\010\311\323\303\016"
 274      DB80B6B9 
 274      E52C08C9 
 274      D3C30E
 275 0ab1 67EF5C82 		.ascii	"g\357\\\202\305@\324;\350&\010\214pA\353y\306\366\363"
 275      C540D43B 
 275      E826088C 
 275      7041EB79 
ARM GAS  /tmp/ccUIyYr5.s 			page 22


 275      C6F6F3
 276 0ac4 85E9E4D7 		.ascii	"\205\351\344\327\371\371\3070\270\340\206\015\377\366"
 276      F9F9C730 
 276      B8E0860D 
 276      FFF6
 277 0ad2 B398DE94 		.ascii	"\263\230\336\224\3272\267\034\334\305\331\255\036\353"
 277      D732B71C 
 277      DCC5D9AD 
 277      1EEB
 278 0ae0 946F3FBA 		.ascii	"\224o?\272\261\036\306\254\331\341\266\204\003\360\367"
 278      B11EC6AC 
 278      D9E1B684 
 278      03F0F7
 279 0aef 26BD7ADC 		.ascii	"&\275z\334L\330W\201o\234\363[\234,\316\352\212\206"
 279      4CD85781 
 279      6F9CF35B 
 279      9C2CCEEA 
 279      8A86
 280 0b01 8D4A577C 		.ascii	"\215JW|\216\371\363\346fE\225\275\303\213`\374g\235"
 280      8EF9F3E6 
 280      664595BD 
 280      C38B60FC 
 280      679D
 281 0b13 470EBAD6 		.ascii	"G\016\272\326\327\332\325\270\221\251\313\317^\272\200"
 281      D7DAD5B8 
 281      91A9CBCF 
 281      5EBA80
 282 0b22 A5AB4528 		.ascii	"\245\253E(\226\250\026\016U\005\361\033ZZ.\370\330\270"
 282      96A8160E 
 282      5505F11B 
 282      5A5A2EF8 
 282      D8B8
 283 0b34 91E43056 		.ascii	"\221\3440V\236\023i6\267\006+Q\010vC\035`\314A\270Z"
 283      9E136936 
 283      B7062B51 
 283      0876431D 
 283      60CC41B8 
 284 0b49 606D5B68 		.ascii	"`m[h\201\310F\032>\013\333\311Hg\324\004hOs~\313*G\206"
 284      81C8461A 
 284      3E0BDBC9 
 284      4867D404 
 284      684F737E 
 285 0b61 B2ACCE12 		.ascii	"\262\254\316\022\031\232\001\034\351\364\035\341'\300"
 285      199A011C 
 285      E9F41DE1 
 285      27C0
 286 0b6f 0E8195E1 		.ascii	"\016\201\225\341\320\"\241E`\301XjO\3055\025\264\213"
 286      D022A145 
 286      60C1586A 
 286      4FC53515 
 286      B48B
 287 0b81 30CC4E93 		.ascii	"0\314N\223\210\210\364b\216\234\323\245\341\"\306\336"
 287      8888F462 
 287      8E9CD3A5 
 287      E122C6DE 
 288 0b91 0E882ECA 		.ascii	"\016\210.\312\267\263g\311\005\361\350\355\230\233\346"
 288      B7B367C9 
ARM GAS  /tmp/ccUIyYr5.s 			page 23


 288      05F1E8ED 
 288      989BE6
 289 0ba0 5B9E5527 		.ascii	"[\236U'\240k\356\337=\200\347\231?\303\023\226*\035"
 289      A06BEEDF 
 289      3D80E799 
 289      3FC31396 
 289      2A1D
 290 0bb2 F13223E2 		.ascii	"\3612#\342\206\333\233\2646E?\012\374\032\215\205E\177"
 290      86DB9BB4 
 290      36453F0A 
 290      FC1A8D85 
 290      457F
 291 0bc4 21263C57 		.ascii	"!&<Wes\260c\313\227\231p\244Q4s\307\210@\036\305|r\270"
 291      6573B063 
 291      CB979970 
 291      A4513473 
 291      C788401E 
 292 0bdc 3D591226 		.ascii	"=Y\022&\307\007\035)\210\272\326\360*\027|\212\021\031"
 292      C7071D29 
 292      88BAD6F0 
 292      2A177C8A 
 292      1119
 293 0bee C943351A 		.ascii	"\311C5\032\033D\307\240\247\343bD-\251\271*\234\307"
 293      1B44C7A0 
 293      A7E36244 
 293      2DA9B92A 
 293      9CC7
 294 0c00 846EA5CF 		.ascii	"\204n\245\317D\333\316]'l\204*\316U\306\212\326Eq\""
 294      44DBCE5D 
 294      276C842A 
 294      CE55C68A 
 294      D6457122 
 295 0c14 7827393C 		.ascii	"x'9<\034\023\277\276\350H\252\200\364II,(>\305\343\233"
 295      1C13BFBE 
 295      E848AA80 
 295      F449492C 
 295      283EC5E3 
 296 0c29 00718D17 		.ascii	"\000q\215\027\305u\225\237\315\2006z6s\3126\254\302"
 296      C575959F 
 296      CD80367A 
 296      3673CA36 
 296      ACC2
 297 0c3b B969E155 		.ascii	"\271i\341UV$\3017\364\224H\202\235Gua8\244\311\025\237"
 297      5624C137 
 297      F4944882 
 297      9D477561 
 297      38A4C915 
 298 0c50 67265F18 		.ascii	"g&_\030,\277\253\264s\222\223(\215\017\244\306\023\237"
 298      2CBFABB4 
 298      73929328 
 298      8D0FA4C6 
 298      139F
 299 0c62 44F0EDFE 		.ascii	"D\360\355\376\004I\214{]OJ\034q;S\231s\255vT\211\257"
 299      04498C7B 
 299      5D4F4A1C 
 299      713B5399 
 299      73AD7654 
ARM GAS  /tmp/ccUIyYr5.s 			page 24


 300 0c78 5002E726 		.ascii	"P\002\347&\205<t\342\247\340fR\313\205\351\007k\027"
 300      853C74E2 
 300      A7E06652 
 300      CB85E907 
 300      6B17
 301 0c8a 94F1B26C 		.ascii	"\224\361\262lmO\026\216\237\024\316n\035?\356\022\303"
 301      6D4F168E 
 301      9F14CE6E 
 301      1D3FEE12 
 301      C3
 302 0c9b 4750C265 		.ascii	"GP\302e\224\235\300O\003\370\351[\360g7J\356)\360\220"
 302      949DC04F 
 302      03F8E95B 
 302      F067374A 
 302      EE29F090 
 303 0caf A3E834E2 		.ascii	"\243\3504\342u~\032a\331\234\277\3166\347W\207\356\247"
 303      757E1A61 
 303      D99CBFCE 
 303      36E75787 
 303      EEA7
 304 0cc1 CBF12DC6 		.ascii	"\313\361-\306\373\360pa\"\337\235\213\317\210r0\025"
 304      FBF07061 
 304      22DF9D8B 
 304      CF887230 
 304      15
 305 0cd2 205D65E3 		.ascii	" ]e\343\335(\013\323u\340X\352\302\222\002/2\331\241"
 305      DD280BD3 
 305      75E058EA 
 305      C292022F 
 305      32D9A1
 306 0ce5 5BED5D08 		.ascii	"[\355]\010?e\304\271\361\303\235X\035A\025\265\010\025"
 306      3F65C4B9 
 306      F1C39D58 
 306      1D4115B5 
 306      0815
 307 0cf7 E581A27C 		.ascii	"\345\201\242|\254\246\311&T\025|:\370\177p\004\203\224"
 307      ACA6C926 
 307      54157C3A 
 307      F87F7004 
 307      8394
 308 0d09 B0044B42 		.ascii	"\260\004KB)\3413v\204\017\016.&\362\003\227!\022\256"
 308      29E13376 
 308      840F0E2E 
 308      26F20397 
 308      2112AE
 309 0d1c ACFEA10C 		.ascii	"\254\376\241\014-\216g\332\016M-78Yl\012{\331\271\027"
 309      2D8E67DA 
 309      0E4D2D37 
 309      38596C0A 
 309      7BD9B917 
 310 0d30 59B5CD37 		.ascii	"Y\265\3157\307ba\346\027c\341Y\315Y\313\300\014\231"
 310      C76261E6 
 310      1763E159 
 310      CD59CBC0 
 310      0C99
 311 0d42 AC1A4438 		.ascii	"\254\032D8\215\365p\243\274\245\233/>\233\306\310\203"
 311      8DF570A3 
ARM GAS  /tmp/ccUIyYr5.s 			page 25


 311      BCA59B2F 
 311      3E9BC6C8 
 311      83
 312 0d53 F5C4EE48 		.ascii	"\365\304\356H\025\316fo\007R\257\325;1p\265\304\377"
 312      15CE666F 
 312      0752AFD5 
 312      3B3170B5 
 312      C4FF
 313 0d65 75B7264A 		.ascii	"u\267&J\324vO\203\3121;\015:\307,\033/\031mU\340b\246"
 313      D4764F83 
 313      CA313B0D 
 313      3AC72C1B 
 313      2F196D55 
 314 0d7c A9772EFC 		.ascii	"\251w.\374\270\223\235\205z\005\226\\\250wN\304j\254"
 314      B8939D85 
 314      7A05965C 
 314      A8774EC4 
 314      6AAC
 315 0d8e 8749AFA1 		.ascii	"\207I\257\241J0\247\024\034W\210IgUx'\353\221\332\324"
 315      4A30A714 
 315      1C578849 
 315      67557827 
 315      EB91DAD4 
 316 0da2 11375F29 		.ascii	"\0217_)\307\325\254\257\216\236\266D\216\272\232\034"
 316      C7D5ACAF 
 316      8E9EB644 
 316      8EBA9A1C 
 317 0db2 E9C45425 		.ascii	"\351\304T%\254\361\343\240\246\347\204a0\376r\257\026"
 317      ACF1E3A0 
 317      A6E78461 
 317      30FE72AF 
 317      16
 318 0dc3 3733EEF5 		.ascii	"73\356\365{\315g\371I\337\020]\235\247\347\267\272\340"
 318      7BCD67F9 
 318      49DF105D 
 318      9DA7E7B7 
 318      BAE0
 319 0dd5 1EF6F241 		.ascii	"\036\366\362A_S\271\223TR\325K&U\351\312@\232\002\017"
 319      5F53B993 
 319      5452D54B 
 319      2655E9CA 
 319      409A020F 
 320 0de9 30D9E0C2 		.ascii	"0\331\340\302\270R\015\276\305\210\372\201\332\243\010"
 320      B8520DBE 
 320      C588FA81 
 320      DAA308
 321 0df8 4F33A2A7 		.ascii	"O3\242\247\272\347\216#\236g\304d^\304=\333\217m\027"
 321      BAE78E23 
 321      9E67C464 
 321      5EC43DDB 
 321      8F6D17
 322 0e0b 417FB3A8 		.ascii	"A\177\263\250\260\305W\035\257\322\340M&\264\330\032"
 322      B0C5571D 
 322      AFD2E04D 
 322      26B4D81A 
 323 0e1b DDA5B029 		.ascii	"\335\245\260)\326-6BE\353\223q\032aN\264\212\206t\233"
 323      D62D3642 
ARM GAS  /tmp/ccUIyYr5.s 			page 26


 323      45EB9371 
 323      1A614EB4 
 323      8A86749B 
 324 0e2f A51A360D 		.ascii	"\245\0326\015G\016)\354VC\031j\347c\265\003\306j\247"
 324      470E29EC 
 324      5643196A 
 324      E763B503 
 324      C66AA7
 325 0e42 B0146E34 		.ascii	"\260\024n4\340.V4@\027j\002\000\355/+\032\323\2158\231"
 325      E02E5634 
 325      40176A02 
 325      00ED2F2B 
 325      1AD38D38 
 326 0e57 B1FF5683 		.ascii	"\261\377V\203.Hs[\326\177\335\311\375\301|\233\324I"
 326      2E48735B 
 326      D67FDDC9 
 326      FDC17C9B 
 326      D449
 327 0e69 F77A2547 		.ascii	"\367z%G\177\210\217;\321\322u\2745!\314~\365\206\245"
 327      7F888F3B 
 327      D1D275BC 
 327      3521CC7E 
 327      F586A5
 328 0e7c 2EC77B19 		.ascii	".\307{\031\360\366\010\361N\327\343j\006\300R\273\273"
 328      F0F608F1 
 328      4ED7E36A 
 328      06C052BB 
 328      BB
 329 0e8d 5F5ABBE7 		.ascii	"_Z\273\347\353p\235u\012\277\204%\371y\361\266|\303"
 329      EB709D75 
 329      0ABF8425 
 329      F979F1B6 
 329      7CC3
 330 0e9f DEC9BF61 		.ascii	"\336\311\277a\327>K<\246\306)N|\357\265P\213p\036#\022"
 330      D73E4B3C 
 330      A6C6294E 
 330      7CEFB550 
 330      8B701E23 
 331 0eb4 42F2A3B4 		.ascii	"B\362\243\264RU\002V\251\350\212D\225H\272\220pZ\205"
 331      52550256 
 331      A9E88A44 
 331      9548BA90 
 331      705A85
 332 0ec7 CF33E9B4 		.ascii	"\3173\351\264;\331\221\012)\351\253v\244\243\007\237"
 332      3BD9910A 
 332      29E9AB76 
 332      A4A3079F 
 333 0ed7 0E39E22E 		.ascii	"\0169\342.&}\265\242,\301\005_a\304\\\364\343\015\025"
 333      267DB5A2 
 333      2CC1055F 
 333      61C45CF4 
 333      E30D15
 334 0eea 1E62C4F0 		.ascii	"\036b\304\360\301'\227\034\360mJ(^\334Y\331T#\276\302"
 334      C127971C 
 334      F06D4A28 
 334      5EDC59D9 
 334      5423BEC2 
ARM GAS  /tmp/ccUIyYr5.s 			page 27


 335 0efe 220BD16A 		.ascii	"\"\013\321j\234\306g\007\244A\203\320\323\260\035\307"
 335      9CC66707 
 335      A44183D0 
 335      D3B01DC7 
 336 0f0e 49EE7C64 		.ascii	"I\356|d\224\235\204d\024B2\004mD\030\226\3735\230\315"
 336      949D8464 
 336      14423204 
 336      6D441896 
 336      FB3598CD 
 337 0f22 A844F975 		.ascii	"\250D\371u\033\345\333\017\311\356\237\025\260\337\220"
 337      1BE5DB0F 
 337      C9EE9F15 
 337      B0DF90
 338 0f31 C6C28372 		.ascii	"\306\302\203r\246\277\246\205\257\223\336\00525\262"
 338      A6BFA685 
 338      AF93DE05 
 338      3235B2
 339 0f40 A9881F96 		.ascii	"\251\210\037\226g\220\303\370\225\276\256p-\236e\016"
 339      6790C3F8 
 339      95BEAE70 
 339      2D9E650E 
 340 0f50 B09C94EF 		.ascii	"\260\234\224\357\342'\345\335\313\2077\345x\201\275"
 340      E227E5DD 
 340      CB8737E5 
 340      7881BD
 341 0f5f 9C48CC39 		.ascii	"\234H\3149\245d\212T@v\276H8)\267[\012'y)\274\315\002"
 341      A5648A54 
 341      4076BE48 
 341      3829B75B 
 341      0A277929 
 342 0f76 101F5D78 		.ascii	"\020\037]xG\264f\"\007\343V\356;\330z\324qfdj\022[\313"
 342      47B46622 
 342      07E356EE 
 342      3BD87AD4 
 342      7166646A 
 343 0f8d 9E82BEBC 		.ascii	"\236\202\276\274\005\261d;\203)R\366&-e\257\252+\276"
 343      05B1643B 
 343      832952F6 
 343      262D65AF 
 343      AA2BBE
 344 0fa0 D501AF38 		.ascii	"\325\001\2578\211\316\304w\2613\361\271\325'\017\264"
 344      89CEC477 
 344      B133F1B9 
 344      D5270FB4 
 345 0fb0 789DBD3B 		.ascii	"x\235\275;\337\227\030\317\301+\311\274\372l|\306~\035"
 345      DF9718CF 
 345      C12BC9BC 
 345      FA6C7CC6 
 345      7E1D
 346 0fc2 9FE5E067 		.ascii	"\237\345\340g\370Ly\266w\314a\373\251\3764f\306\311"
 346      F84C79B6 
 346      77CC61FB 
 346      A9FE3466 
 346      C6C9
 347 0fd4 D07D8268 		.ascii	"\320}\202h\326\202\250\277\267n\022\266]\316l\233\020"
 347      D682A8BF 
 347      B76E12B6 
ARM GAS  /tmp/ccUIyYr5.s 			page 28


 347      5DCE6C9B 
 347      10
 348 0fe5 B5548F70 		.ascii	"\265T\217p\014%\224\225\317\372\237h\220\360\273t{1"
 348      0C259495 
 348      CFFA9F68 
 348      90F0BB74 
 348      7B31
 349 0ff7 4E652B08 		.ascii	"Ne+\010\260\012M@\030"
 349      B00A4D40 
 349      18
 350 1000 17208C56 		.ascii	"\027 \214V[\005\333A\276\333,\022\346\340]. \265;\025"
 350      5B05DB41 
 350      BEDB2C12 
 350      E6E05D2E 
 350      20B53B15 
 351 1014 2F3940E3 		.ascii	"/9@\343M\212u\201\347\340c\310\277G\320\026\241\315"
 351      4D8A7581 
 351      E7E063C8 
 351      BF47D016 
 351      A1CD
 352 1026 439B13E6 		.ascii	"C\233\023\346\342Z\201 \271\036\330t\"\252\020\244\244"
 352      E25A8120 
 352      B91ED874 
 352      22AA10A4 
 352      A4
 353 1037 15E214B0 		.ascii	"\025\342\024\260\002vt\340\011t\217\363[\375cs\300["
 353      027674E0 
 353      09748FF3 
 353      5BFD6373 
 353      C05B
 354 1049 2034E2A1 		.ascii	" 4\342\241\264~\226\274\352\311\241\206\213J\3725\237"
 354      B47E96BC 
 354      EAC9A186 
 354      8B4AFA35 
 354      9F
 355 105a 1F8D902F 		.ascii	"\037\215\220/\350\2158\236\356\331H\351l\004\361gX\270"
 355      E88D389E 
 355      EED948E9 
 355      6C04F167 
 355      58B8
 356 106c 814CDFB6 		.ascii	"\201L\337\266#\034\257\305%\245\024\3365\250\014}\234"
 356      231CAFC5 
 356      25A514DE 
 356      35A80C7D 
 356      9C
 357 107d 9F150C19 		.ascii	"\237\025\014\031\352\305\333\254\231\257\347\332I\231"
 357      EAC5DBAC 
 357      99AFE7DA 
 357      4999
 358 108b CB946FD7 		.ascii	"\313\224o\327\336\205\267mO\317\340\263\342r\372\314"
 358      DE85B76D 
 358      4FCFE0B3 
 358      E272FACC 
 359 109b 6EF927B6 		.ascii	"n\371'\266_\300\251\014L\003fG\347B0uB\345\200e\245"
 359      5FC0A90C 
 359      4C036647 
 359      E7423075 
ARM GAS  /tmp/ccUIyYr5.s 			page 29


 359      42E58065 
 360 10b0 866321A3 		.ascii	"\206c!\243{\200#\267\026\024\353vH\024\355S\300p\222"
 360      7B8023B7 
 360      1614EB76 
 360      4814ED53 
 360      C07092
 361 10c3 BE7AC6A3 		.ascii	"\276z\306\243\275\002\021^\203\266\012\355\011\264e"
 361      BD02115E 
 361      83B60AED 
 361      09B465
 362 10d2 684BD09E 		.ascii	"hK\320\236b\301V\376R1\016\246Q'\321\030\347\235Y3G"
 362      62C156FE 
 362      52310EA6 
 362      5127D118 
 362      E79D5933 
 363 10e7 383339AD 		.ascii	"839\255=\032_R\363\260\010\362y%\031\027\260|N\002\331"
 363      3D1A5F52 
 363      F3B008F2 
 363      79251917 
 363      B07C4E02 
 364 10fc 23A02344 		.ascii	"#\240#D!t\336\341\355\316^\211\301\374\207\031\260\232"
 364      2174DEE1 
 364      EDCE5E89 
 364      C1FC8719 
 364      B09A
 365 110e 41655CC0 		.ascii	"Ae\\\300\272\306\331\276\342\316\307\011,\323R\345;"
 365      BAC6D9BE 
 365      E2CEC709 
 365      2CD352E5 
 365      3B
 366 111f 51929CB1 		.ascii	"Q\222\234\261[\277\257\305o\013\375|\002.b\336.\200"
 366      5BBFAFC5 
 366      6F0BFD7C 
 366      022E62DE 
 366      2E80
 367 1131 D0E772F5 		.ascii	"\320\347r\365\026o'o\013\345\370Q\234\316B\011+ET\302"
 367      166F276F 
 367      0BE5F851 
 367      9CCE4209 
 367      2B4554C2 
 368 1145 B9ADA12C 		.ascii	"\271\255\241,\334\306?\230\210\213\231\366\323\020\313"
 368      DCC63F98 
 368      888B99F6 
 368      D310CB
 369 1154 4C49ED3F 		.ascii	"LI\355?\262bO\307'\231\251\007yb\021n\353^:M\"\2300"
 369      B2624FC7 
 369      2799A907 
 369      7962116E 
 369      EB5E3A4D 
 370 116b B1D5802F 		.ascii	"\261\325\200/\252A\025:\317\365\223x\276\200\330mB\013"
 370      AA41153A 
 370      CFF59378 
 370      BE80D86D 
 370      420B
 371 117d 53EC411B 		.ascii	"S\354A\033p5\3035\034\332s\270\017\206\353:\\C\025\202"
 371      7035C335 
 371      1CDA73B8 
ARM GAS  /tmp/ccUIyYr5.s 			page 30


 371      0F86EB3A 
 371      5C431582 
 372 1191 D88E5CE0 		.ascii	"\330\216\\\340\261%1\255\345\232\254y\022\267\315o\355"
 372      B12531AD 
 372      E59AAC79 
 372      12B7CD6F 
 372      ED
 373 11a2 09424F14 		.ascii	"\011BO\024\331\361\204\360\030%\231\030\007\211J\266"
 373      D9F184F0 
 373      18259918 
 373      07894AB6 
 374 11b2 3485DC36 		.ascii	"4\205\3346\353F'\031\013\222\007\215\264\225.i\360I"
 374      EB462719 
 374      0B92078D 
 374      B4952E69 
 374      F049
 375 11c4 5621A366 		.ascii	"V!\243f\317\366 7i\223#\024\377/\223\321A\005\371\230"
 375      CFF62037 
 375      69932314 
 375      FF2F93D1 
 375      4105F998 
 376 11d8 7F6A2EF4 		.ascii	"\177j.\364)\337Wt\222Epb\331\302\003\027\234\311\272"
 376      29DF5774 
 376      92457062 
 376      D9C20317 
 376      9CC9BA
 377 11eb B5FC206B 		.ascii	"\265\374 k\027\373AVAg\347\260\013\316e\357\262+\213"
 377      17FB4156 
 377      4167E7B0 
 377      0BCE65EF 
 377      B22B8B
 378 11fe F3C9CF0C 		.ascii	"\363\311\317\014\277G\276\211b\301\246\353{l\351\331"
 378      BF47BE89 
 378      62C1A6EB 
 378      7B6CE9D9 
 379 120e BA3612E1 		.ascii	"\2726\022\341\204\3171\346\310\342\253\217\\\331\372"
 379      84CF31E6 
 379      C8E2AB8F 
 379      5CD9FA
 380 121d 3836D4EC 		.ascii	"86\324\354\360\246l\353C\001\212QP\021\202>Z\261\033"
 380      F0A66CEB 
 380      43018A51 
 380      5011823E 
 380      5AB11B
 381 1230 4529E864 		.ascii	"E)\350d\222}v2\337\005\2671\351\346\243q\243\256\270"
 381      927D7632 
 381      DF05B731 
 381      E9E6A371 
 381      A3AEB8
 382 1243 971121AD 		.ascii	"\227\021!\255#O\371\316)\243Et\010$C\307\025|Q#\370"
 382      234FF9CE 
 382      29A34574 
 382      082443C7 
 382      157C5123 
 383 1258 F95AE464 		.ascii	"\371Z\344d\361\2063\036`\302)\227\226G\220\2440:\001"
 383      F186331E 
 383      60C22997 
ARM GAS  /tmp/ccUIyYr5.s 			page 31


 383      964790A4 
 383      303A01
 384 126b 38A4E4FB 		.ascii	"8\244\344\373\363\216\267k\360\024\225wX\274\326\321"
 384      F38EB76B 
 384      F0149577 
 384      58BCD6D1 
 385 127b 603D5082 		.ascii	"`=P\202\034\330LU\315\267uG\2313\2021:\252\320\240X"
 385      1CD84C55 
 385      CDB77547 
 385      99338231 
 385      3AAAD0A0 
 386 1290 D09200C1 		.ascii	"\320\222\000\301\260~\007\261\331\345\027\363_\016\305"
 386      B07E07B1 
 386      D9E517F3 
 386      5F0EC5
 387 129f 4167C738 		.ascii	"Ag\3078\373\237\373-\210\265\232%\360H\307C4OAK\202"
 387      FB9FFB2D 
 387      88B59A25 
 387      F048C743 
 387      344F414B 
 388 12b4 96284CE2 		.ascii	"\226(L\342\225\352]L?\331\235\237\264\321\277}\232\331"
 388      95EA5D4C 
 388      3FD99D9F 
 388      B4D1BF7D 
 388      9AD9
 389 12c6 2879FD78 		.ascii	"(y\375x\2509\377w\024\375\021i\364\207\025,%\333N\227"
 389      A839FF77 
 389      14FD1169 
 389      F487152C 
 389      25DB4E97 
 390 12da 5F94E3C3 		.ascii	"_\224\343\303.l\317\331\322\022\253\264s|\235\314\365"
 390      2E6CCFD9 
 390      D212ABB4 
 390      737C9DCC 
 390      F5
 391 12eb D8014A4E 		.ascii	"\330\001JN}::#\3248\221\251\2728\277xN\201\323\031\021"
 391      7D3A3A23 
 391      D43891A9 
 391      BA38BF78 
 391      4E81D319 
 392 1300 1D9CFC1E 		.ascii	"\035\234\374\036\316\242\367xjx\372\201\352%\313\367"
 392      CEA2F778 
 392      6A78FA81 
 392      EA25CBF7 
 393 1310 0CDE4726 		.ascii	"\014\336G&\350\316\022:a\263Hu4\374\010\373\372J\374"
 393      E8CE123A 
 393      61B34875 
 393      34FC08FB 
 393      FA4AFC
 394 1323 900E8032 		.ascii	"\220\016\2002\244\375\314\004&\177\300\347r`N\223f\266"
 394      A4FDCC04 
 394      267FC0E7 
 394      72604E93 
 394      66B6
 395 1335 0CCCBB61 		.ascii	"\014\314\273aG\342\\q+C\233;Z6\347\312w\205d\370\204"
 395      47E25C71 
 395      2B439B3B 
ARM GAS  /tmp/ccUIyYr5.s 			page 32


 395      5A36E7CA 
 395      778564F8 
 396 134a 673667F0 		.ascii	"g6g\360OdM\353\364\244f\365\360\242+\356\243\334\016"
 396      4F644DEB 
 396      F4A466F5 
 396      F0A22BEE 
 396      A3DC0E
 397 135d 452B4BBD 		.ascii	"E+K\275N\302\263\372\371\302]\354`5\005\372\213\204"
 397      4EC2B3FA 
 397      F9C25DEC 
 397      603505FA 
 397      8B84
 398 136f 7EF315C2 		.ascii	"~\363\025\302\251\353\220B\262\332\235\206q\222\003"
 398      A9EB9042 
 398      B2DA9D86 
 398      719203
 399 137e AF503697 		.ascii	"\257P6\227 >(\000\037\024B;\003-O\350\213\351\2027\216"
 399      203E2800 
 399      1F14423B 
 399      032D4FE8 
 399      8BE98237 
 400 1393 F1920AAC 		.ascii	"\361\222\012\254\251\\\304R>$~z\227\376\3721\212\211"
 400      A95CC452 
 400      3E247E7A 
 400      97FEFA31 
 400      8A89
 401 13a5 FCAC2797 		.ascii	"\374\254'\227\263K\374f\221s\237\321\260\232I<Fj\232"
 401      B34BFC66 
 401      91739FD1 
 401      B09A493C 
 401      466A9A
 402 13b8 98DB9A6E 		.ascii	"\230\333\232n\004 9\026\034\233\270\340x\033\335B\344"
 402      04203916 
 402      1C9BB8E0 
 402      781BDD42 
 402      E4
 403 13c9 47CF0855 		.ascii	"G\317\010U\177\211d\344?\362\017\333\234\222+\"\367"
 403      7F8964E4 
 403      3FF20FDB 
 403      9C922B22 
 403      F7
 404 13da 88FFC49C 		.ascii	"\210\377\304\234\376!\362\307\371\330\2050\260g\354"
 404      FE21F2C7 
 404      F9D88530 
 404      B067EC
 405 13e9 62F9873D 		.ascii	"b\371\207=\223s-\226\237V#&\303\264SR\240\232\275G\374"
 405      93732D96 
 405      9F562326 
 405      C3B45352 
 405      A09ABD47 
 406 13fe BD450913 		.ascii	"\275E\011\023`\250\254\202\374\221\234w'\224@6\210\255"
 406      60A8AC82 
 406      FC919C77 
 406      27944036 
 406      88AD
 407 1410 0A655B4A 		.ascii	"\012e[J-\177\374\036\\\2629\320\334\3518\211&\202\301"
 407      2D7FFC1E 
ARM GAS  /tmp/ccUIyYr5.s 			page 33


 407      5CB239D0 
 407      DCE93889 
 407      2682C1
 408 1423 9FA54F63 		.ascii	"\237\245Oc|\177\206\264\261\337\226\261\015`D\316\252"
 408      7C7F86B4 
 408      B1DF96B1 
 408      0D6044CE 
 408      AA
 409 1434 235E72B1 		.ascii	"#^r\261\367\035\271u\245\341\264\355\241\355\242\315"
 409      F71DB975 
 409      A5E1B4ED 
 409      A1EDA2CD 
 410 1444 2F707B53 		.ascii	"/p{S\333\352\345\302\215E\251(\277\313\024\374\314\347"
 410      DBEAE5C2 
 410      8D45A928 
 410      BFCB14FC 
 410      CCE7
 411 1456 60684498 		.ascii	"`hD\230\202v\001\217P\211\202vR\335}l\321\331\356w\336"
 411      8276018F 
 411      50898276 
 411      52DD7D6C 
 411      D1D9EE77 
 412 146b 72C5B764 		.ascii	"r\305\267d\350\234\202\177\347-m\350\276\355\372\235"
 412      E89C827F 
 412      E72D6DE8 
 412      BEEDFA9D 
 413 147b 0CF3C484 		.ascii	"\014\363\304\204\271\351F\247\352H\313\254\331\254Q"
 413      B9E946A7 
 413      EA48CBAC 
 413      D9AC51
 414 148a 10267416 		.ascii	"\020&t\026R\211#\"\3672T\254\230D\250Hq\233\270\251"
 414      52892322 
 414      F73254AC 
 414      9844A848 
 414      719BB8A9 
 415 149e 42F11D90 		.ascii	"B\361\035\220\236\271\322\221\202q\263\226\232\273|"
 415      9EB9D291 
 415      8271B396 
 415      9ABB7C
 416 14ad 31A59FFC 		.ascii	"1\245\237\374\320G\311~t\243\242\0072\035?fO\010\230"
 416      D047C97E 
 416      74A3A207 
 416      321D3F66 
 416      4F0898
 417 14c0 AFC8B954 		.ascii	"\257\310\271T\324\265Q%\356a\022k\211/\312\234\004\333"
 417      D4B55125 
 417      EE61126B 
 417      892FCA9C 
 417      04DB
 418 14d2 154175AF 		.ascii	"\025Au\257VP12P\316\303\350\251b\263\314\263\331\322"
 418      56503132 
 418      50CEC3E8 
 418      A962B3CC 
 418      B3D9D2
 419 14e5 66476A6E 		.ascii	"fGjn\015T?\346\322\207\341\003\217\265v\255\255#\326"
 419      0D543FE6 
 419      D287E103 
ARM GAS  /tmp/ccUIyYr5.s 			page 34


 419      8FB576AD 
 419      AD23D6
 420 14f8 D65AAC0D 		.ascii	"\326Z\254\015>x\267\305\231XK>-\214\250\036DFD\2333"
 420      3E78B7C5 
 420      99584B3E 
 420      2D8CA81E 
 420      4446449B 
 421 150d 11E54295 		.ascii	"\021\345B\225\002s\341\236\305\274\236\232\2319\227"
 421      0273E19E 
 421      C5BC9E9A 
 421      993997
 422 151c DAEF8243 		.ascii	"\332\357\202C\\\331g\352\252\023\365\354\303;=y\203"
 422      5CD967EA 
 422      AA13F5EC 
 422      C33B3D79 
 422      83
 423 152d 27A3E165 		.ascii	"'\243\341e16\237le\350\202B\030\321\304\222\232r\027"
 423      31369F6C 
 423      65E88242 
 423      18D1C492 
 423      9A7217
 424 1540 7C84E998 		.ascii	"|\204\351\230\035,\036\266=\033j\002\004b\241\366\274"
 424      1D2C1EB6 
 424      3D1B6A02 
 424      0462A1F6 
 424      BC
 425 1551 13EEC22C 		.ascii	"\023\356\302,\270(\312\202fK\026\034\013^\312UQH\360"
 425      B828CA82 
 425      664B161C 
 425      0B5ECA55 
 425      5148F0
 426 1564 0835B22C 		.ascii	"\0105\262,\33087\322\216\204~\371\255F\340\227V\342"
 426      D83837D2 
 426      8E847EF9 
 426      AD46E097 
 426      56E2
 427 1576 97168B5F 		.ascii	"\227\026\213_\346z\272G\345\334/\035\017U3\275\021M"
 427      E67ABA47 
 427      E5DC2F1D 
 427      0F5533BD 
 427      114D
 428 1588 BFA63CA8 		.ascii	"\277\246<\250A\340\225\006\213W\332\250W\346\216'&i"
 428      41E09506 
 428      8B57DAA8 
 428      57E68E27 
 428      2669
 429 159a F100B328 		.ascii	"\361\000\263(z\272\243\317\025\0171\"\263\341h\226\326"
 429      7ABAA3CF 
 429      150F3122 
 429      B3E16896 
 429      D6
 430 15ab 4DBA0476 		.ascii	"M\272\004v\274\274\004\202t\331RH\234\372\273\331\024"
 430      BCBC0482 
 430      74D95248 
 430      9CFABBD9 
 430      14
 431 15bc 0CCC0B37 		.ascii	"\014\314\0137\363\272\315fX\337t\202P;C\263\245MF\236"
ARM GAS  /tmp/ccUIyYr5.s 			page 35


 431      F3BACD66 
 431      58DF7482 
 431      503B43B3 
 431      A54D469E 
 432 15d0 10445D8A 		.ascii	"\020D]\212\357\202\344\211\230\202:\321\250\351\024"
 432      EF82E489 
 432      98823AD1 
 432      A8E914
 433 15df F9EB12F5 		.ascii	"\371\353\022\365\027\271\000\357\223\361\3531Z\321\011"
 433      17B900EF 
 433      93F1EB31 
 433      5AD109
 434 15ee 9A42F803 		.ascii	"\232B\370\003\207n\306\333My\237\216'V:\010y\223D\233"
 434      876EC6DB 
 434      4D799F8E 
 434      27563A08 
 434      7993449B 
 435 1602 A11EC6DB 		.ascii	"\241\036\306\333Cy\243\206*E\007s1\260\244\267\262^"
 435      4379A386 
 435      2A450773 
 435      31B0A4B7 
 435      B25E
 436 1614 66AC9729 		.ascii	"f\254\227)\353M\363\335*'!\357\011\021o/\343\355\245"
 436      EB4DF3DD 
 436      2A2721EF 
 436      09116F2F 
 436      E3EDA5
 437 1627 BCA56DB3 		.ascii	"\274\245m\263)\242\037\003\327\211\340\3661\336>\312"
 437      29A21F03 
 437      D789E0F6 
 437      31DE3ECA 
 438 1637 FBE0F852 		.ascii	"\373\340\370R\204\350g\257\342\037/\3673^rq\363\017"
 438      84E867AF 
 438      E21F2FF7 
 438      335E7271 
 438      F30F
 439 1649 F2FBD060 		.ascii	"\362\373\320`z?\300\337\030\344\2473\030\177\251\333"
 439      7A3FC0DF 
 439      18E4A733 
 439      187FA9DB 
 440 1659 67FAB9BB 		.ascii	"g\372\271\273O\200\237\316=Por\177\357\263\017<>}\357"
 440      4F809FCE 
 440      3D506F72 
 440      7FEFB30F 
 440      3C3E7DEF 
 441 166d FD0FDCDF 		.ascii	"\375\017\334\337\373X\377i\300[\357\005\006\032\335"
 441      FB58FF69 
 441      C05BEF05 
 441      061ADD
 442 167c FDF4DEDE 		.ascii	"\375\364\336\336\276\272/=\015:\367\240O?w7\032\274"
 442      BEBA2F3D 
 442      0D3AF7A0 
 442      4F3F7737 
 442      1ABC
 443 168e DC830C26 		.ascii	"\334\203\014&\017?\235\321\350\271_\367\266\227\372"
 443      0F3F9DD1 
 443      E8B95FF7 
ARM GAS  /tmp/ccUIyYr5.s 			page 36


 443      B697FA
 444 169d DF7FF55F 		.ascii	"\337\177\365_\337~\377\247?\225)\215\372?\352<L\012"
 444      DF7EFFA7 
 444      3F95298D 
 444      FA3FEA3C 
 444      4C0A
 445 16af 7251057A 		.ascii	"rQ\005z~\355\033\340\351\2550\351\375t.\236\001F\017"
 445      7EED1BE0 
 445      E9AD30E9 
 445      FD742E9E 
 445      01460F
 446 16c2 72633479 		.ascii	"rc4y\372\005\252\203\364\376\246\177z\327\303\3647o"
 446      FA05AA83 
 446      F4FEA67F 
 446      7AD7C3F4 
 446      376F
 447 16d4 BFED0EFF 		.ascii	"\277\355\016\377{\005\200f\275\277\227\273\205\353m"
 447      7B058066 
 447      BDBF97BB 
 447      85EB6D
 448 16e3 1F9933E9 		.ascii	"\037\2313\351!\300\3709P\036&\271\336\333U\320\243\336"
 448      21C0F839 
 448      501E26B9 
 448      DEDB55D0 
 448      A3DE
 449 16f5 1BFAF0D7 		.ascii	"\033\372\360\327}er\022<t\0144\004\354\323\373\352\375"
 449      7D657212 
 449      3C740C34 
 449      04ECD3FB 
 449      EAFD
 450 1707 F73B0799 		.ascii	"\367;\007\231\340\372GO\223\036l|\225\260l\275\362\012"
 450      E0FA474F 
 450      931E6C7C 
 450      95B06CBD 
 450      F20A
 451 1719 08F237E9 		.ascii	"\010\3627\351\014\036\246\277\026HZ_{{\232<w\200\177"
 451      0C1EA6BF 
 451      16485A5F 
 451      7B7B9A3C 
 451      77807F
 452 172c 44CEF9C5 		.ascii	"D\316\371\305_\344\034b\206\3209>\262\335v\273\3620"
 452      5FE41C62 
 452      86D0393E 
 452      B2DD76BB 
 452      F230
 453 173e B908DF99 		.ascii	"\271\010\337\231\360\001?\223\313{\001\306O>3\031t\236"
 453      F0013F93 
 453      CB7B01C6 
 453      4F3E3319 
 453      749E
 454 1750 7EFFFDF1 		.ascii	"~\377\375\361\347N\304#\001FJ\252\274|<\375\375u\276"
 454      E74EC423 
 454      01464AAA 
 454      BC7C3CFD 
 454      FD75BE
 455 1763 D497FA00 		.ascii	"\324\227\372\000N9\003\377G\237\274\317\2107$\374\251"
 455      4E3903FF 
ARM GAS  /tmp/ccUIyYr5.s 			page 37


 455      479FBCCF 
 455      883724FC 
 455      A9
 456 1774 E7E28044 		.ascii	"\347\342\200Dc\325\255\000q\203ro\320\276}:\203\322"
 456      63D5AD00 
 456      7183726F 
 456      D0BE7D3A 
 456      83D2
 457 1786 A0F30B30 		.ascii	"\240\363\0130\351\234t\007L\277\324\033M:\177\235\301"
 457      E99C7407 
 457      4CBFD41B 
 457      4D3A7F9D 
 457      C1
 458 1797 619FAFE7 		.ascii	"a\237\257\347~\243\263\356\200\316\337Do=LJJ\030\235"
 458      7EA3B3EE 
 458      80CEDF44 
 458      6F3D4C4A 
 458      4A189D
 459 17aa E8C5CFD3 		.ascii	"\350\305\317\323\370\205\207I\355\313\331\035\275|<"
 459      F8858749 
 459      EDCBD91D 
 459      BD7C3C
 460 17b9 4C3EA0D7 		.ascii	"L>\240\327[\315.\036&-\345\363\260p\354\020\223\240"
 460      5BCD2E1E 
 460      262DE5F3 
 460      B070EC10 
 460      93A0
 461 17cb EE4BAAF7 		.ascii	"\356K\252\367m"
 461      6D
 462 17d0 86F80B9D 		.ascii	"\206\370\013\235\001\340\273\277\357\243\337\253\377"
 462      01E0BBBF 
 462      EFA3DFAB 
 462      FF
 463 17dd E433F700 		.ascii	"\3443\367\000\243\273\301D,\360\015\362\326\271{\371"
 463      A3BBC144 
 463      2CF00DF2 
 463      D6B97BF9 
 464 17ed B0AEC102 		.ascii	"\260\256\301\002G\300\370Y@\220\301K\307\260y\030)\241"
 464      47C0F859 
 464      4090C14B 
 464      C7B07918 
 464      29A1
 465 17ff 15121E26 		.ascii	"\025\022\036&\007\222C\006\265\227\247\257\357^O\257"
 465      07924306 
 465      B597A7AF 
 465      EF5E4FAF 
 466 180f 2F7600BA 		.ascii	"/v\000\272\003z\203)\310\323\227f\227\301UD\201\035"
 466      037A8329 
 466      C8D39766 
 466      97C15544 
 466      811D
 467 1821 074CFB82 		.ascii	"\007L\373\202\374\275\340FO\262\343\200\247\357N\342"
 467      FCBDE046 
 467      4FB2E380 
 467      A7EF4EE2 
 468 1831 39DF00FF 		.ascii	"9\337\000\377\375\226\007\036&'\223A\277\177\277\316"
 468      FD96071E 
ARM GAS  /tmp/ccUIyYr5.s 			page 38


 468      26279341 
 468      BF7FBFCE 
 469 1841 40645C45 		.ascii	"@d\\E\351\014\371y\300\204\003=\015\012\242\305\301"
 469      E90CF979 
 469      C084033D 
 469      0D0AA2C5 
 469      C1
 470 1852 9B18A908 		.ascii	"\233\030\251\0104\350\016\270@\307\336:_\0104y\344*"
 470      34E80EB8 
 470      40C7DE3A 
 470      5F083479 
 470      E42A
 471 1864 A2002525 		.ascii	"\242\000%%\\\214_\033\255\235\274\365\215\334A\344\211"
 471      5C8C5F1B 
 471      AD9DBCF5 
 471      8DDC41E4 
 471      89
 472 1875 37207064 		.ascii	"7 pd\204\271\177#\241\200\275\277\327y1'Z\320\033T^"
 472      84B97F23 
 472      A180BDBF 
 472      D7793127 
 472      5AD01B54 
 473 188a 7B01B6A7 		.ascii	"{\001\266\247\337n;\343\320\000\334N[\204\207\311\215"
 473      DF6E3BE3 
 473      D000DC4E 
 473      5B8487C9 
 473      8D
 474 189b DC1B7D74 		.ascii	"\334\033}t\276\276,e\310@\224\222\245,\004 K\275W \357"
 474      BEBE2C65 
 474      C8409492 
 474      A52C0420 
 474      4BBD5720 
 475 18b0 3E238FB6 		.ascii	">#\217\266\362Z\013\\\224\2111\354\330\022\342Y\355"
 475      F25A0B5C 
 475      948931EC 
 475      D812E259 
 475      ED
 476 18c1 6A91E089 		.ascii	"j\221\340\211\255\025k\320\004\030-\231\252dAWz\005"
 476      AD156BD0 
 476      04182D99 
 476      AA644157 
 476      7A05
 477 18d3 F8EFD3EF 		.ascii	"\370\357\323\357\177\305\252\210\322\340e\010\221I\247"
 477      7FC5AA88 
 477      D2E06508 
 477      9149A7
 478 18e2 DD7A4EC9 		.ascii	"\335zN\311\035b\022\262\021\306\245_ \024\025O?\235"
 478      1D6212B2 
 478      11C6A55F 
 478      2014154F 
 478      3F9D
 479 18f4 234FE12F 		.ascii	"#O\341/=5F\323\027\236\276\372\375\376\036&\307-\011"
 479      3D3546D3 
 479      179EBEFA 
 479      FDFE1E26 
 479      C72D09
 480 1907 C780409D 		.ascii	"\307\200@\235\201\326\026\025)c?\3610it_\351\274\210"
ARM GAS  /tmp/ccUIyYr5.s 			page 39


 480      81D61615 
 480      29633FF1 
 480      3069745F 
 480      E9BC88
 481 191a A2202344 		.ascii	"\242 #D\304\004\201Ty\005\370\371y\372{\013\354b\017"
 481      C4048154 
 481      7905F8F9 
 481      79FA7B0B 
 481      EC620F
 482 192d 766E7F00 		.ascii	"vn\177\000\232\015\272?\004A\"\351\2745\276\236\240"
 482      9A0DBA3F 
 482      044122E9 
 482      BC35BE9E 
 482      A0
 483 193e C58BA876 		.ascii	"\305\213\250v\335\342c\364+\333h\017\223\312\007\034"
 483      DDE263F4 
 483      2BDB680F 
 483      93CA071C 
 484 194e 1060F85A 		.ascii	"\020`\370Z\251\363\326\203\254\332\250\363\205\360\352"
 484      A9F3D683 
 484      ACDAA8F3 
 484      85F0EA
 485 195d BC555E41 		.ascii	"\274U^A\006\003\014\006\007\275\177`\220I\351i\330\017"
 485      06030C06 
 485      07BD7F60 
 485      9049E969 
 485      D80F
 486 196f 835C69D4 		.ascii	"\203\\i\324\375\301W\347O.@9\002\2131\300\020\030`T"
 486      FDC157E7 
 486      4F2E4039 
 486      028B31C0 
 486      10186054 
 487 1983 C2C3FD26 		.ascii	"\302\303\375&\037\247-\355\244v\033\215\201N~\001\336"
 487      1FA72DED 
 487      A4761B8D 
 487      814E7E01 
 487      DE
 488 1994 41A08F54 		.ascii	"A\240\217TK\006\031\036\262g$\344jv\373\2217q\356~6"
 488      4B06191E 
 488      B26724E4 
 488      6A76FB91 
 488      3771EE7E 
 489 19a9 1A0807A5 		.ascii	"\032\010\007\245\300\037\306\257\375\275XX\244\012<"
 489      C01FC6AF 
 489      FDBD5858 
 489      A40A3C
 490 19b8 E184DCD0 		.ascii	"\341\204\334\320Z\356Y%t\240\375\313\003\214\212\375"
 490      5AEE5925 
 490      74A0FDCB 
 490      038C8AFD 
 491 19c8 81FA80D7 		.ascii	"\201\372\200\327\245\344\276\006'\3212f\245\324\226"
 491      A5E4BE06 
 491      27D13266 
 491      A5D496
 492 19d7 EA267F57 		.ascii	"\352&\177W\346\354i\360;\360c\335[~\177\277/P\246\001"
 492      E6EC69F0 
 492      3BF063DD 
ARM GAS  /tmp/ccUIyYr5.s 			page 40


 492      5B7E7FBF 
 492      2F50A601 
 493 19eb 5193EEAB 		.ascii	"Q\223\356\253\267\374\336\225i\241\306~\314J\354G\376"
 493      B7FCDE95 
 493      69A1C67E 
 493      CC4AEC47 
 493      FE
 494 19fc FABFB09C 		.ascii	"\372\277\260\234\333\314u2\250u\237\373x\177\360\225"
 494      DBCC7532 
 494      A8759FFB 
 494      787FF095 
 495 1a0c DEE4E067 		.ascii	"\336\344\340g\204\004\373f\243\217\345\024\031}j/\237"
 495      8404FB66 
 495      A38FE514 
 495      197D6A2F 
 495      9F
 496 1a1d 400324CE 		.ascii	"@\003$\316\276]\377\352i\324}F\202\357o\322{\362\314"
 496      BE5DFFEA 
 496      69D47D46 
 496      82EF6FD2 
 496      7BF2CC
 497 1a30 FE913D6D 		.ascii	"\376\221=m>\236\276\356\276\372\275\356\314\\\243\273"
 497      3E9EBEEE 
 497      BEFABDEE 
 497      CC5CA3BB 
 498 1a40 450B68C4 		.ascii	"E\013h\304\340\017g\253O<L\377\007\207\010R\357"
 498      E00F67AB 
 498      4F3C4CFF 
 498      07870852 
 498      EF
 499              		.text
 500              		.section	.gnu.lto_.symtab.83984699888d6494,"e",%progbits
 501 0000 7572744D 		.ascii	"urtMessageInit\000"
 501      65737361 
 501      6765496E 
 501      697400
 502 000f 00       		.ascii	"\000"
 503 0010 00       		.ascii	"\000"
 504 0011 00       		.ascii	"\000"
 505 0012 00000000 		.ascii	"\000\000\000\000\000\000\000\000"
 505      00000000 
 506 001a 34020000 		.ascii	"4\002\000\000"
 507 001e 616F7300 		.ascii	"aos\000"
 508 0022 00       		.ascii	"\000"
 509 0023 02       		.ascii	"\002"
 510 0024 00       		.ascii	"\000"
 511 0025 00000000 		.ascii	"\000\000\000\000\000\000\000\000"
 511      00000000 
 512 002d 49020000 		.ascii	"I\002\000\000"
 513 0031 63685468 		.ascii	"chThdExit\000"
 513      64457869 
 513      7400
 514 003b 00       		.ascii	"\000"
 515 003c 02       		.ascii	"\002"
 516 003d 00       		.ascii	"\000"
 517 003e 00000000 		.ascii	"\000\000\000\000\000\000\000\000"
 517      00000000 
ARM GAS  /tmp/ccUIyYr5.s 			page 41


 518 0046 3C020000 		.ascii	"<\002\000\000"
 519 004a 63687072 		.ascii	"chprintf\000"
 519      696E7466 
 519      00
 520 0053 00       		.ascii	"\000"
 521 0054 02       		.ascii	"\002"
 522 0055 00       		.ascii	"\000"
 523 0056 00000000 		.ascii	"\000\000\000\000\000\000\000\000"
 523      00000000 
 524 005e 45020000 		.ascii	"E\002\000\000"
 525              		.text
 526              		.section	.gnu.lto_.opts,"e",%progbits
 527 0000 272D666E 		.ascii	"'-fno-openmp' '-fno-openacc' '-fno-pie' '-mcpu=cort"
 527      6F2D6F70 
 527      656E6D70 
 527      2720272D 
 527      666E6F2D 
 528 0033 65782D6D 		.ascii	"ex-m4' '-mthumb' '-mfloat-abi=softfp' '-mfpu=fpv4-s"
 528      34272027 
 528      2D6D7468 
 528      756D6227 
 528      20272D6D 
 529 0066 702D6431 		.ascii	"p-d16' '-march=armv7e-m+fp' '-O2' '-fstack-usage' '"
 529      36272027 
 529      2D6D6172 
 529      63683D61 
 529      726D7637 
 530 0099 2D666675 		.ascii	"-ffunction-sections' '-fdata-sections' '-fno-common"
 530      6E637469 
 530      6F6E2D73 
 530      65637469 
 530      6F6E7327 
 531 00cc 2720272D 		.ascii	"' '-flto' '-fshort-enums'\000"
 531      666C746F 
 531      2720272D 
 531      6673686F 
 531      72742D65 
 532              		.text
 533              		.comm	__gnu_lto_v1,1,1
 534              		.comm	__gnu_lto_slim,1,1
 535              		.ident	"GCC: (GNU Arm Embedded Toolchain 9-2020-q2-update) 9.3.1 20200408 (release)"
ARM GAS  /tmp/ccUIyYr5.s 			page 42


DEFINED SYMBOLS
                            *ABS*:0000000000000000 urt_message.c
                            *COM*:0000000000000001 __gnu_lto_v1
                            *COM*:0000000000000001 __gnu_lto_slim

NO UNDEFINED SYMBOLS
