ARM GAS  /tmp/ccOSV5r4.s 			page 1


   1              		.cpu cortex-m3
   2              		.eabi_attribute 20, 1
   3              		.eabi_attribute 21, 1
   4              		.eabi_attribute 23, 3
   5              		.eabi_attribute 24, 1
   6              		.eabi_attribute 25, 1
   7              		.eabi_attribute 26, 1
   8              		.eabi_attribute 30, 2
   9              		.eabi_attribute 34, 1
  10              		.eabi_attribute 18, 4
  11              		.file	"urt_message.c"
  12              		.section	.gnu.lto_.profile.e68dc6d9e42bb0d7,"e",%progbits
  13 0000 789CE360 		.ascii	"x\234\343``\004B \000\000\000]\000\013"
  13      60044220 
  13      0000005D 
  13      000B
  14              		.text
  15              		.section	.gnu.lto_.icf.e68dc6d9e42bb0d7,"e",%progbits
  16 0000 789CE360 		.ascii	"x\234\343``d\340`@\000F\206\245\333\356\26411\000\000"
  16      6064E060 
  16      40004686 
  16      A5DBEEB4 
  16      31310000 
  17 0014 0E0802D2 		.ascii	"\016\010\002\322"
  18              		.text
  19              		.section	.gnu.lto_.jmpfuncs.e68dc6d9e42bb0d7,"e",%progbits
  20 0000 789CE360 		.ascii	"x\234\343``d\340g@\000F\006&FF\346\372\371\314\014@"
  20      6064E067 
  20      40004606 
  20      264646E6 
  20      FAF9CC0C 
  21 0015 CCC80000 		.ascii	"\314\310\000\000\021\255\002d"
  21      11AD0264 
  22              		.text
  23              		.section	.gnu.lto_.inline.e68dc6d9e42bb0d7,"e",%progbits
  24 0000 789CE360 		.ascii	"x\234\343``dPe@\000F\006\006\256\206\206\206\005Li\214"
  24      60645065 
  24      40004606 
  24      06AE8686 
  24      86054C69 
  25 0015 0C4CEC40 		.ascii	"\014L\354@\326\001\346\024\006\006^ \343\001S*\023\003"
  25      D601E614 
  25      06065E20 
  25      E301532A 
  25      1303
  26 0027 13581100 		.ascii	"\023X\021\000\262\226\010K"
  26      B296084B 
  27              		.text
  28              		.section	.gnu.lto_.pureconst.e68dc6d9e42bb0d7,"e",%progbits
  29 0000 789CE360 		.ascii	"x\234\343``d`a`\000\222\263X\000\001\322\000\255"
  29      60646061 
  29      600092B3 
  29      580001D2 
  29      00AD
  30              		.text
  31              		.section	.gnu.lto_urtMessageInit.e68dc6d9e42bb0d7,"e",%progbits
  32 0000 789C9D92 		.ascii	"x\234\235\222\315kSA\024\305\347\274yyI\223V\301U\241"
ARM GAS  /tmp/ccOSV5r4.s 			page 2


  32      CD6B5341 
  32      14C5E7BC 
  32      79794993 
  32      56C155A1 
  33 0014 085908A1 		.ascii	"\010Y\010\241\013}\371\0174J]\010.\214\356KH\202F\032"
  33      0B7DF90F 
  33      344A5D08 
  33      2E8CEE4B 
  33      4882461A 
  34 0028 12925671 		.ascii	"\022\222Vq\325I\202vQ\255\0335i5\244\322F\005\301X\020"
  34      D5498276 
  34      51AD1B35 
  34      6935A4D2 
  34      4605C158 
  35 003d F1A3EA33 		.ascii	"\361\243\3523~\324F\253\265v\243\324\026T\212\012\265"
  35      7ED446AB 
  35      B576A3D4 
  35      16548A0A 
  35      B5
  36 004e 2028AEAA 		.ascii	" (\256\252w&i\264(b\035\030\230;3\347w\317\2753\016"
  36      772669B4 
  36      28621D18 
  36      983B33E7 
  36      77CFBD33 
  37 0063 06768033 		.ascii	"\006v\2003\266\2131\266\236&8\203&\204\330bO94@\255"
  37      B68B31B6 
  37      9E263883 
  37      2684D862 
  37      4F393440 
  38 0078 8403AC5B 		.ascii	"\204\003\254[C7\216\363,G\271g\376\272\326z\236N\204"
  38      43378EF3 
  38      2C47B967 
  38      FEBAD67A 
  38      9E4E84
  39 008b 953D651C 		.ascii	"\225=e\034\021\207\233\013\004\350\247Y\035\270\201"
  39      11879B0B 
  39      04E8A759 
  39      1DB881
  40 009a 56BA379B 		.ascii	"V\2727\233\316\177k\354\343\005\016\350\024\236\250"
  40      CE7F6BEC 
  40      E3050EE8 
  40      149EA8
  41 00a9 5C1977CA 		.ascii	"\\\031w\312P\203\233\302\231\211J\326\305\267\202\321"
  41      50839BC2 
  41      99894AD6 
  41      C5B782D1 
  42 00b9 BAF26561 		.ascii	"\272\362ea\273\247(DZX\357\206\271\330P\340\034\267"
  42      BBA72844 
  42      5A58EF86 
  42      B9D850E0 
  42      1CB7
  43 00cb C0898851 		.ascii	"\300\211\210Q\264\340&Z\030\243=\"\337\206\207\356\217"
  43      B4E0265A 
  43      18A33D22 
  43      DF8687EE 
  43      8F
  44 00dc 7ECD5D58 		.ascii	"~\315]X\313w(m\352uyR\257\211g\316)\261\216;\277\211"
ARM GAS  /tmp/ccOSV5r4.s 			page 3


  44      CB77286D 
  44      EA757952 
  44      AF8967CE 
  44      29B18E3B 
  45 00f2 75125BF0 		.ascii	"u\022[\3600)y3\262t\262\311\320k\216q\027\006\365\200"
  45      30297933 
  45      B274B2C9 
  45      D06B8E71 
  45      1706F580 
  46 0106 B1D294CD 		.ascii	"\261\322\224\315\022K\337{\2045\337|v\244\311I\325S"
  46      124BDF7B 
  46      8435DF7C 
  46      76A4C949 
  46      D553
  47 0118 3A03555D 		.ascii	":\003U]/g\262b\035\302b\354(\327\252A\212\202\217H\177"
  47      2F67B262 
  47      1DC262EC 
  47      28D7AA41 
  47      8A828F48 
  48 012d 7E9F1B72 		.ascii	"~\237\033rJ\020\321\3732\213\263\016Y'W\376\254W\227"
  48      4A10D1FB 
  48      328BB30E 
  48      592757FE 
  48      AC5797
  49 0140 5FAE2962 		.ascii	"_\256)b(E\367\007\367\223\023[\236:P\226\256\244\373"
  49      2845F707 
  49      F793135B 
  49      9E3A5096 
  49      AEA4FB
  50 0153 C2DC35C3 		.ascii	"\302\3345\303{I\302\334\005n\340\036\212\310Um\335\207"
  50      7B49C2DC 
  50      056EE01E 
  50      8AC8556D 
  50      DD87
  51 0165 F7579A01 		.ascii	"\367W\232\001\206\007\244R\331\372\337\332k\331V\203"
  51      8607A452 
  51      D9FADFDA 
  51      6BD95683 
  52 0175 B7E3A1C2 		.ascii	"\267\343\241\302\313b1\246\360c\213\013\323\220xza<"
  52      CB6231A6 
  52      F0638B0B 
  52      D390787A 
  52      613C
  53 0187 5AC60F04 		.ascii	"Z\306\017\004\377@w\377\225\335\200q\305\326\230:\274"
  53      FF4077FF 
  53      95DD8071 
  53      C5D6983A 
  53      BC
  54 0198 3A5DAA34 		.ascii	":]\2524\324\017\235\250\300\233\223\017\310\360xeYN"
  54      D40F9DA8 
  54      C09B930F 
  54      C8F07865 
  54      594E
  55 01aa CAFBA49A 		.ascii	"\312\373\244\232w\340\303\351\214\353\237\312*\\\034"
  55      77E0C3E9 
  55      8CEB9FCA 
  55      2A5C1C
ARM GAS  /tmp/ccOSV5r4.s 			page 4


  56 01b9 9E6BACD3 		.ascii	"\236k\254\323uL\250\324\272\304?\2057\317\215j\031g"
  56      754CA8D4 
  56      BAC43F85 
  56      37CF8D6A 
  56      1967
  57 01cb EA6FB29A 		.ascii	"\352o\262\232.\271\360L\341l\0227\271\322\255\213\334"
  57      2EB9F04C 
  57      E16C1237 
  57      B9D2AD8B 
  57      DC
  58 01dc 3E5FEE52 		.ascii	">_\356R>\263\356\277\360S\012oH\374\013x\025\357\023"
  58      3EB3EEBF 
  58      F0530A6F 
  58      48FC0B78 
  58      15EF13
  59 01ef D283A563 		.ascii	"\322\203\245c\\}E9z9~~6\3066\233\373b\321\260\031\217"
  59      5C7D4539 
  59      7A397E7E 
  59      36C6369B 
  59      FB62D1B0 
  60 0205 749ABEDD 		.ascii	"t\232\276\335m\355~\337\2666\323\2673\342\217m\364\305"
  60      6DED7EDF 
  60      B636D3B7 
  60      33E28F6D 
  60      F4C5
  61 0217 E349331A 		.ascii	"\343I3\032\011\205:\302\007\003\211\260\331\345\337"
  61      09853AC2 
  61      070389B0 
  61      D9E5DF
  62 0226 63261341 		.ascii	"c&\023A\263+\321\331\036\015'\223\201\275\341MAf\257"
  62      B32BD1D9 
  62      1E0D2793 
  62      81BDE14D 
  62      4166AF
  63 0239 2DEDF1C0 		.ascii	"-\355\361\300\241\216X \364\0031#<\236"
  63      A18E5820 
  63      F4033123 
  63      3C9E
  64              		.text
  65              		.section	.gnu.lto_.symbol_nodes.e68dc6d9e42bb0d7,"e",%progbits
  66 0000 789CE360 		.ascii	"x\234\343``d\220e\000\002\246+L\365\014\015@\300\302"
  66      60649065 
  66      0002A62B 
  66      4CF50C0D 
  66      40C0C2
  67 0013 38E11C03 		.ascii	"8\341\034\003C=\003\303\256\006G\240$\010\000\000~o"
  67      433D03C3 
  67      AE0647A0 
  67      24080000 
  67      7E6F
  68 0025 06DC     		.ascii	"\006\334"
  69              		.text
  70              		.section	.gnu.lto_.refs.e68dc6d9e42bb0d7,"e",%progbits
  71 0000 789CE360 		.ascii	"x\234\343``\004B \000\000\000]\000\013"
  71      60044220 
  71      0000005D 
  71      000B
ARM GAS  /tmp/ccOSV5r4.s 			page 5


  72              		.text
  73              		.section	.gnu.lto_.decls.e68dc6d9e42bb0d7,"e",%progbits
  74 0000 789C9555 		.ascii	"x\234\225U}PTU\024\277\347\275\015\226e\371\210%e\362"
  74      7D505455 
  74      14BFE7BD 
  74      0D9665F9 
  74      882565F2 
  75 0014 1FC66126 		.ascii	"\037\306a&\377\020\33681\225\377T\014c\332L\326\014"
  75      FF10DE38 
  75      3195FF54 
  75      0C63DA4C 
  75      D60C
  76 0026 5933FED3 		.ascii	"Y3\376\323\266\003\033\354\214\313\022\373(\353\237"
  76      B6031BEC 
  76      8CCB12FB 
  76      28EB9F
  77 0035 1EAC2DE8 		.ascii	"\036\254-\350\204b#-\212|\310@0\004\246&f.\262 \037"
  77      8462232D 
  77      8A7CC840 
  77      3004A626 
  77      662EB220 
  78 004a A228A17C 		.ascii	"\242(\241|\232\200\313\207\244\246\"3A:\245t\356\273"
  78      9A80CB87 
  78      A4A62233 
  78      413AA574 
  78      EEBB
  79 005c 6FE16D4B 		.ascii	"o\341mKM^8\357\336s\3569\277\363\273\357\234wWK\200"
  79      4D5E38EF 
  79      DE73EE39 
  79      BFF3BBEF 
  79      9C77574B 
  80 0071 6C0E26A4 		.ascii	"l\016&\244\020\010\251$\204,\342\340p\276\202B\347\233"
  80      1008A924 
  80      842CE2E0 
  80      70BE8242 
  80      E79B
  81 0083 28E9840D 		.ascii	"(\351\204\015t!\017H\340\230\300\015=\316\031(Q(\321"
  81      74210F48 
  81      E098C00D 
  81      3DCE1928 
  81      5128D1
  82 0096 AAB86994 		.ascii	"\252\270i\2249\224\001\224\355\012\356e\224\016\024"
  82      39940194 
  82      ED0AEE65 
  82      940E14
  83 00a5 4C4B4651 		.ascii	"LKFQ\274(\343(\275(c(\223(7\376#\237\213\207\361\274"
  83      BC28E328 
  83      BD286328 
  83      932837FE 
  83      239F8B87 
  84 00bb B287FABD 		.ascii	"\262\207\372\275<D\351@\203\352\201\213'/\350P\215\326"
  84      3C44E940 
  84      83EA818B 
  84      272FE850 
  84      8DD6
  85 00cd 412CAA8D 		.ascii	"A,\252\215\247\276*\015f\2731\250\036\031\354\313\003"
  85      A7BE2A0D 
ARM GAS  /tmp/ccOSV5r4.s 			page 6


  85      66BB31A8 
  85      1E19ECCB 
  85      03
  86 00de A646A25A 		.ascii	"\246F\242Z\225;\330\023\306s@q\232\235\217[\250\347"
  86      953BD813 
  86      C6734071 
  86      9A9D8F5B 
  86      A8E7
  87 00f0 761DD093 		.ascii	"v\035\320\223G\240\351\374\354\275\001`&\352q\250\373"
  87      47A0E9FC 
  87      ECBD0160 
  87      26EA71A8 
  87      FB
  88 0101 7051281F 		.ascii	"pQ(\037,\257\217\226\366\317\207\013\215\022\033\332"
  88      2CAF8F96 
  88      F6CF870B 
  88      8D121BDA 
  89 0111 BD3C8136 		.ascii	"\275<\2016\340\227YU?\232\375Q\317\277#\373\016\316"
  89      E0975955 
  89      3F9AFD51 
  89      CFBF23FB 
  89      0ECE
  90 0123 BAF2395D 		.ascii	"\272\3629]\201$\345I\225\016)d\013\0017\254\2013\260"
  90      8124E549 
  90      950E2964 
  90      0B0137AC 
  90      8133B0
  91 0136 86403BC8 		.ascii	"\206@;\310\350\347@\200V\264y\320F\251,\224\324E\360"
  91      E8E74080 
  91      56B479D0 
  91      46A92C94 
  91      D445F0
  92 0149 EFCBC19E 		.ascii	"\357\313\301\236\305o<\032\306X\213jq}\333_zv\274V\272"
  92      C56F3C1A 
  92      C6588B6A 
  92      717DDB5F 
  92      7A76BC56 
  93 015e BDBB754F 		.ascii	"\275\273uO\207\216\377@vu\271\\?h\371Ty\3350;\357\246"
  93      878EFF40 
  93      7675B95C 
  93      3F68F954 
  93      79DD303B 
  94 0174 A759A783 		.ascii	"\247Y\247\203/T'Y\307N\222\277\253n_(\377\261\274\366"
  94      2F542759 
  94      C74E92BF 
  94      AB6E5F28 
  94      FFB1BCF6 
  95 0188 1ED8DD1E 		.ascii	"\036\330\335\036\304\330\035sH\317\346n p\036\251tQ"
  95      C4D81D73 
  95      48CFE66E 
  95      20701EA9 
  95      7451
  96 019a 7A97400E 		.ascii	"z\227@\016\241\364z\320vQ\246\307y\216\027\224\006A"
  96      A1F47AD0 
  96      7651A6C7 
  96      798E1794 
  96      0641
ARM GAS  /tmp/ccOSV5r4.s 			page 7


  97 01ac 9CA18AC6 		.ascii	"\234\241\212\306\264\016W$\272O\337\225\244I\211\207"
  97      B40E5724 
  97      BA4FDF95 
  97      A4498987 
  98 01bc CBA0836E 		.ascii	"\313\240\203n\214\371\031\014K \004\004\372\330\200"
  98      8CF9190C 
  98      4B200404 
  98      FAD880
  99 01cb 8FFDF45D 		.ascii	"\217\375\364]a\022\011bTI.(\0014K/\304)/0wvt=_\0142"
  99      61120962 
  99      54492E28 
  99      01344B2F 
  99      C4292F30 
 100 01e6 C5F2AB45 		.ascii	"\305\362\253ES\317\030V\216\356[1\372Tm\341\035\236"
 100      53CF1856 
 100      8EEE5B31 
 100      FA546DE1 
 100      1D9E
 101 01f8 AF62E173 		.ascii	"\257b\341s\213\265\023A|\015SN\0167\265\204\257\\\214"
 101      8BB51341 
 101      7C0D534E 
 101      0E37B584 
 101      AF5C8C
 102 020b FE158B51 		.ascii	"\376\025\213Q4\372\2509\224ob\321cm\355\337q\374\031"
 102      34FAA839 
 102      946F62D1 
 102      636DEDDF 
 102      71FC19
 103 021e A67C3F33 		.ascii	"\246|?39\257a\264\350\000\220\277\214!D\031f\204\024"
 103      39AF61B4 
 103      E80090BF 
 103      8C214419 
 103      668414
 104 0231 328EA627 		.ascii	"2\216\246'\215\240\337\263\224R\336\366e%0\002z\346"
 104      8DA0DFB3 
 104      9452DEF6 
 104      65253002 
 104      7AE6
 105 0243 E76BDD28 		.ascii	"\347k\335(\326\272\365\356\333%\034+\265\304\241~b\244"
 105      D6BAF5EE 
 105      DB251C2B 
 105      B5C4A17E 
 105      62A4
 106 0255 662C82EF 		.ascii	"f,\202\357\222s\007\367\324\316\177\033\016qt\030\342"
 106      927307F7 
 106      D4CE7F1B 
 106      0E717418 
 106      E2
 107 0266 9442B85F 		.ascii	"\224B\270_9<~K\222\276\216\241\2200\210<&\374\022-\325"
 107      393C7E4B 
 107      92BE8EA1 
 107      9030883C 
 107      26FC122D 
 108 027b 81F90F55 		.ascii	"\201\371\017UD\035qH\335\037B\272\036:\003\234\317\202"
 108      441D7148 
 108      DD1F42BA 
 108      1E3A039C 
ARM GAS  /tmp/ccOSV5r4.s 			page 8


 108      CF82
 109 028d CA5B925A 		.ascii	"\312[\222Z\357\227G\236pH\005\016=\\A\277n\305\177\271"
 109      EF97479E 
 109      7048050E 
 109      3D5C41BF 
 109      6EC57FB9 
 110 02a1 C85DE08F 		.ascii	"\310]\340\217>S\027\315\320;\260'\256\007\3007\377\303"
 110      3E5317CD 
 110      D03BB027 
 110      AE07C037 
 110      FFC3
 111 02b3 7DA16C55 		.ascii	"}\241lU\225\354>\200\356WW\246\356\006_\017\025I\254"
 111      95EC3E80 
 111      EE5757A6 
 111      EE065F0F 
 111      1549AC
 112 02c6 0B7E4187 		.ascii	"\013~A\207k\264tCJ\004\255\335(\304\201\027e\034e\014"
 112      6BB47443 
 112      4A04ADDD 
 112      28C48117 
 112      651C650C 
 113 02da 6512E506 		.ascii	"e\022\345\006\353\014\226\353I\205\212Z\313\277\234"
 113      EB0C96EB 
 113      49858A5A 
 113      CBBF9C
 114 02e9 5C4E866F 		.ascii	"\\N\206o\3359]\375S0\177\210\335\021\373\016~y.\314"
 114      DD395DFD 
 114      53307F88 
 114      DD11FB0E 
 114      7E792ECC 
 115 02fd B03285A9 		.ascii	"\2602\205\251\377G\001Q\206\234\375\277\363\352~\230"
 115      FF470151 
 115      869CFDBF 
 115      F3EA7E98 
 116 030d F6CB7F53 		.ascii	"\366\313\177S\356\007:\321\013k\314\353\011\231\300"
 116      EE073AD1 
 116      0B6BCCEB 
 116      0999C0
 117 031c 607A0303 		.ascii	"`z\003\003\214\204\000\241\177\364\301\332\215\316@"
 117      8C8400A1 
 117      7FF4C1DA 
 117      8DCE40
 118 032b D754167D 		.ascii	"\327T\026}\003\350P\374\330D\035\230\215M\276\007\263"
 118      03E850FC 
 118      D8441D98 
 118      8D4DBE07 
 118      B3
 119 033c 710A0AE7 		.ascii	"q\012\012\347\273\337Y\014C\227U\0254\333\007e\337\007"
 119      BBDF590C 
 119      43975515 
 119      34DB0765 
 119      DF07
 120 034e C20218AB 		.ascii	"\302\002\030\253\345@\305\304)\351\324\021\020\300x"
 120      E540C5C4 
 120      29E9D411 
 120      10C078
 121 035d 19902C81 		.ascii	"\031\220,\201\372\006,]\255\345\217\013+\302'\301\233"
ARM GAS  /tmp/ccOSV5r4.s 			page 9


 121      FA062C5D 
 121      ADE58F0B 
 121      2BC227C1 
 121      9B
 122 036e 4BAF83D2 		.ascii	"K\257\203\322\343/\020x\256(\226\310\365)qV?\014\341"
 122      E32F1078 
 122      AE2896C8 
 122      F5297156 
 122      3F0CE1
 123 0381 3DAC5847 		.ascii	"=\254XG\033\376<\246\323\340\211h\203\347h\250\251c"
 123      1BFE3CA6 
 123      D3E08968 
 123      83E768A8 
 123      A963
 124 0393 E16C4D78 		.ascii	"\341lMx\300\027;\025\360\305\366\226u6s\352\012\335"
 124      C0173B15 
 124      F0C5F696 
 124      753673EA 
 124      0ADD
 125 03a5 F1ABD06F 		.ascii	"\361\253\320o\276/6\337\341\334\245\221S\240\011n\203"
 125      BE2F36DF 
 125      E1DCA591 
 125      53A0096E 
 125      83
 126 03b6 9CC4D959 		.ascii	"\234\304\331Y\344\016c\2371\247\372\311\211f?9\247{"
 126      E40E639F 
 126      31A7FAC9 
 126      89663F39 
 126      A77B
 127 03c8 F6CFE957 		.ascii	"\366\317\351W\027\313-\344\220\"9\310X\005\367\021\371"
 127      17CB2DE4 
 127      902239C8 
 127      5805F711 
 127      F9
 128 03d9 9E8C3C0B 		.ascii	"\236\214<\013\253\011\334E\034\031\276\255\276\341\215"
 128      AB09DC45 
 128      1C19BEAD 
 128      BEE18D
 129 03e8 B59592D7 		.ascii	"\265\225\222\327+\265\376qm}\311%\247\324\207a\257\313"
 129      2BB5FE71 
 129      6D7DC925 
 129      A7D48761 
 129      AFCB
 130 03fa 6E700B59 		.ascii	"np\013Y+\214\351\232\300\257\330f0\003\364'\030\036"
 130      2B8CE99A 
 130      C0AFD866 
 130      3003F427 
 130      181E
 131 040c C05A8C3F 		.ascii	"\300Z\214?\330y\335\345w\361\3707\372\034k4:i\354\226"
 131      D879DDE5 
 131      77F1F837 
 131      FA1C6B34 
 131      3A69EC96 
 132 0420 CFCDAF0A 		.ascii	"\317\315\257\012\0316\253Y\310\262\210B\322\273\233"
 132      1936AB59 
 132      C8B28842 
 132      D2BB9B
ARM GAS  /tmp/ccOSV5r4.s 			page 10


 133 042f 8C2949C9 		.ascii	"\214)I\311\233\204\244\255\226\024[|RV\226]\260Z\322"
 133      9B84A4AD 
 133      96145B7C 
 133      5256965D 
 133      B05AD2
 134 0442 D276983F 		.ascii	"\322v\230?5e\233\205\234\224m\202=;U\310\311\026\215"
 134      35659B85 
 134      9C946D82 
 134      3D3B55C8 
 134      C9168D
 135 0455 56B3DD6E 		.ascii	"V\263\335nJ7'\244j7\277\375^l\362\306\215$\210\202\031"
 135      4A3727A4 
 135      6A37BFFD 
 135      5E6CF2C6 
 135      8D248882 
 136 046a C5E02CD3 		.ascii	"\305\340,\323g;l\2464\215h\261\232\303L6\273\221.\354"
 136      673B6CA6 
 136      348D68B1 
 136      9AC34C36 
 136      BB912EEC 
 137 047e A2C99AA5 		.ascii	"\242\311\232\245\315\261d\212/%\032\305\347\023\022"
 137      CDB1648A 
 137      2F251AC5 
 137      E71312
 138 048d 04FC4FB5 		.ascii	"\004\374O\265!\250%3U\360y%d\020=\005\267\331\267\241"
 138      21A82533 
 138      55F07925 
 138      64103D05 
 138      B7D9B7A1 
 139 04a1 6614394B 		.ascii	"f\0249KZ\204*\231%\315(j2\315;\305P\225\321\220\231"
 139      5A842A99 
 139      25CD286A 
 139      32CD3BC5 
 139      5095D190 
 140 04b6 63DD922D 		.ascii	"c\335\222-&\3332\3559Vs\266\375-\363G\342kOu$\312@}"
 140      26DB32ED 
 140      395673B6 
 140      FD2DF347 
 140      E26B4F75 
 141 04ce A40C12A6 		.ascii	"\244\014\022\246R\221E\"\321\232\262\255\237\274\034"
 141      52914522 
 141      D19AB2AD 
 141      9FBC1C
 142 04dd 6F253AE4 		.ascii	"o%:\344,\232w\306[_$\341\350\264\225\371\274\231iy\312"
 142      2C9A77C6 
 142      5B5F24E1 
 142      E8B495F9 
 142      BC996979 
 143 04f2 9C01AF91 		.ascii	"\234\001\257\221\374\015J\230\224\316"
 143      FC0D4A98 
 143      94CE
 144              		.text
 145              		.section	.gnu.lto_.symtab.e68dc6d9e42bb0d7,"e",%progbits
 146 0000 7572744D 		.ascii	"urtMessageInit\000"
 146      65737361 
 146      6765496E 
 146      697400
ARM GAS  /tmp/ccOSV5r4.s 			page 11


 147 000f 00       		.ascii	"\000"
 148 0010 00       		.ascii	"\000"
 149 0011 00       		.ascii	"\000"
 150 0012 00000000 		.ascii	"\000\000\000\000\000\000\000\000"
 150      00000000 
 151 001a F0000000 		.ascii	"\360\000\000\000"
 152              		.text
 153              		.section	.gnu.lto_.opts,"e",%progbits
 154 0000 272D666E 		.ascii	"'-fno-openmp' '-fno-openacc' '-fno-pie' '-mcpu=cort"
 154      6F2D6F70 
 154      656E6D70 
 154      2720272D 
 154      666E6F2D 
 155 0033 65782D6D 		.ascii	"ex-m3' '-mthumb' '-mfloat-abi=soft' '-march=armv7-m"
 155      33272027 
 155      2D6D7468 
 155      756D6227 
 155      20272D6D 
 156 0066 2720272D 		.ascii	"' '-O2' '-fstack-usage' '-ffunction-sections' '-fda"
 156      4F322720 
 156      272D6673 
 156      7461636B 
 156      2D757361 
 157 0099 74612D73 		.ascii	"ta-sections' '-fno-common' '-flto' '-fshort-enums'\000"
 157      65637469 
 157      6F6E7327 
 157      20272D66 
 157      6E6F2D63 
 158              		.text
 159              		.comm	__gnu_lto_v1,1,1
 160              		.comm	__gnu_lto_slim,1,1
 161              		.ident	"GCC: (GNU Arm Embedded Toolchain 9-2020-q2-update) 9.3.1 20200408 (release)"
ARM GAS  /tmp/ccOSV5r4.s 			page 12


DEFINED SYMBOLS
                            *ABS*:0000000000000000 urt_message.c
                            *COM*:0000000000000001 __gnu_lto_v1
                            *COM*:0000000000000001 __gnu_lto_slim

NO UNDEFINED SYMBOLS
