ARM GAS  /tmp/cceHETOa.s 			page 1


   1              		.cpu cortex-m3
   2              		.eabi_attribute 20, 1
   3              		.eabi_attribute 21, 1
   4              		.eabi_attribute 23, 3
   5              		.eabi_attribute 24, 1
   6              		.eabi_attribute 25, 1
   7              		.eabi_attribute 26, 1
   8              		.eabi_attribute 30, 2
   9              		.eabi_attribute 34, 1
  10              		.eabi_attribute 18, 4
  11              		.file	"urt_topic.c"
  12              		.section	.gnu.lto_.profile.393ba65660afa60f,"e",%progbits
  13 0000 789CE360 		.ascii	"x\234\343``\004B \000\000\000]\000\013"
  13      60044220 
  13      0000005D 
  13      000B
  14              		.text
  15              		.section	.gnu.lto_.icf.393ba65660afa60f,"e",%progbits
  16 0000 789CE360 		.ascii	"x\234\343``d\020a@\000f\206\267\323\016\377gb\234\277"
  16      60641061 
  16      40006686 
  16      B7D30EFF 
  16      67629CBF 
  17 0014 EDD54446 		.ascii	"\355\325DF\246\243\213O6\2620\000\000d!\010\362"
  17      A6A38B4F 
  17      36B23000 
  17      00642108 
  17      F2
  18              		.text
  19              		.section	.gnu.lto_.jmpfuncs.393ba65660afa60f,"e",%progbits
  20 0000 789C9D90 		.ascii	"x\234\235\2201\016\302@\014\004=\336\313\221\216\007"
  20      310EC240 
  20      0C043DDE 
  20      CB918E07 
  21 0010 F019EA3C 		.ascii	"\360\031\352<* \321\247\245\274\177P\335K\370B\236\020"
  21      2A20D1A7 
  21      A5BC7F50 
  21      DD4BF842 
  21      9E10
  22 0022 7C124A41 		.ascii	"|\022JA\224\024\254\264\215g\275\262\334\0336`\253d"
  22      9414ACB4 
  22      8D67BDB2 
  22      DC1B3660 
  22      AB64
  23 0034 024EB722 		.ascii	"\002N\267\"\013C\221{\032\003P\023\026^Bg\363\\\273"
  23      0B43917B 
  23      1A035013 
  23      165E4267 
  23      F35CBB
  24 0047 DF217A8A 		.ascii	"\337!z\212\3511\277\373IE\302xqiN\271\3726\274\322\321"
  24      E931BFFB 
  24      4945C278 
  24      71694EB9 
  24      FA36BCD2 
  25 005c B7EDF783 		.ascii	"\267\355\367\203\005\317\327}\210\203\276\327\247\303"
  25      05CFD77D 
  25      8883BED7 
ARM GAS  /tmp/cceHETOa.s 			page 2


  25      A7C3
  26 006a 6483ECC2 		.ascii	"d\203\354\302xBk\371\277\301>\236\323Uz"
  26      78426BF9 
  26      BFC13E9E 
  26      D3557A
  27              		.text
  28              		.section	.gnu.lto_.inline.393ba65660afa60f,"e",%progbits
  29 0000 789CE360 		.ascii	"x\234\343``d8\302\200\000\314\014\014\022\015\015\015"
  29      606438C2 
  29      8000CC0C 
  29      0C120D0D 
  29      0D
  30 0011 13983219 		.ascii	"\023\2302\031\031\031\024\030\031\030\230\270\200\334"
  30      19191418 
  30      191898B8 
  30      80DC
  31 001f 034CA90C 		.ascii	"\003L\251\014\014|@F\003s*\023\003\023X!\017\220`\234"
  31      0C7C4046 
  31      03732A13 
  31      03135821 
  31      0F90609C 
  32 0033 E0C7C40D 		.ascii	"\340\307\304\015\241\301|\246\011~\010\021\030\315\310"
  32      A1C17CA6 
  32      097E0811 
  32      18CDC8
  33 0042 C0F767D1 		.ascii	"\300\367g\321\364]\314\0310\023y\337\035]\367\2069\235"
  33      F45DCC19 
  33      301379DF 
  33      1D5DF786 
  33      399D
  34 0054 8181BD0D 		.ascii	"\201\201\275\015dt\012\324D\210\372~?8\315\300{f\335"
  34      64740AD4 
  34      4488FA7E 
  34      3F38CDC0 
  34      7B66DD
  35 0067 9747087D 		.ascii	"\227G\010}\334\247\326}\231\307\224\001\324\327\212"
  35      DCA7D67D 
  35      99C79401 
  35      D4D78A
  36 0076 5BDF043F 		.ascii	"[\337\004?\006\000\320\345&\015"
  36      0600D0E5 
  36      260D
  37              		.text
  38              		.section	.gnu.lto_.pureconst.393ba65660afa60f,"e",%progbits
  39 0000 789CE360 		.ascii	"x\234\343``d\340b```f\230\305\3028\213\205i'\013\000"
  39      6064E062 
  39      60606066 
  39      98C5C238 
  39      8B856927 
  40 0016 0ADC0213 		.ascii	"\012\334\002\023"
  41              		.text
  42              		.section	.gnu.lto_urtTopicInit.393ba65660afa60f,"e",%progbits
  43 0000 789C9D95 		.ascii	"x\234\235\225\177L[U\024\307\357y\367\365\365\265+t"
  43      7F4C5B55 
  43      14C7EF79 
  43      F7F5F5B5 
  43      2B74
ARM GAS  /tmp/cceHETOa.s 			page 3


  44 0012 4E145837 		.ascii	"N\024X7W\215\011\331\037\366\221\030\343_&#\313L\374"
  44      578D09D9 
  44      1FF69118 
  44      E35F2623 
  44      CB4CFC
  45 0025 C36898FF 		.ascii	"\303h\230\377/\014\232\320\310hS@\343_<\012\233\021"
  45      2F0C9AD0 
  45      C8685340 
  45      E35F3C0A 
  45      9B11
  46 0037 649B0904 		.ascii	"d\233\011\004\272\244>\026B\330\242\3424\233\350\350"
  46      BAA43E16 
  46      42D8A2E2 
  46      349BE8E8 
  47 0047 461D43B7 		.ascii	"F\035C\267\271)\24287G\251\035(\277\266)N3\023\263y"
  47      B929A238 
  47      3747A91D 
  47      28BFB629 
  47      4E3313B3 
  48 005c CEBD5D1C 		.ascii	"\316\275]\034\320`\200\224\227w\336\273\367s\276\347"
  48      D0608094 
  48      9777DEBB 
  48      F773BEE7 
  49 006c 7C4F6F75 		.ascii	"|Oou\006l\213\316X=cl3\376\003g\240\230\246\271\315"
  49      066C8BCE 
  49      583D636C 
  49      33FE0367 
  49      A098A6B9 
  50 0081 DEA02B00 		.ascii	"\336\240+\000\342\316\324\201\325+P\017\007x\007\207"
  50      E2CED481 
  50      D52B500F 
  50      07780787 
  51 0091 F6B7062E 		.ascii	"\366\267\006.\347l\3555\315\210\231\3508\256\275{l\304"
  51      E76CED35 
  51      CD8899E8 
  51      38AEBD7B 
  51      6CC4
  52 00a3 E416672C 		.ascii	"\344\026g,\212;\237\366@\261\207\321\037\234\204\255"
  52      8A3B9FF6 
  52      40B187D1 
  52      1F9C84AD 
  53 00b3 B8381989 		.ascii	"\2708\031\211\335q\355\307\367\000*\206m\027\216\237"
  53      DD71EDC7 
  53      F7002A86 
  53      6D178E9F 
  54 00c3 7752A880 		.ascii	"wR\250\200\027\303\251wn\314\332\3716`x\277wrp\314Y"
  54      17C3A977 
  54      6ECCDAF9 
  54      366078BF 
  54      777270CC 
  55 00d8 D423B067 		.ascii	"\324#\260g{\270\371\244\3059\234\002N\3308x`\000\020"
  55      7BB8F9A4 
  55      C5399C02 
  55      4ED83878 
  55      600010
  56 00eb 8CCF107D 		.ascii	"\214\317\020}\032\212p\303\276\341\203\0039\022\255"
  56      1A8A70C3 
ARM GAS  /tmp/cceHETOa.s 			page 4


  56      BEE18303 
  56      3912AD
  57 00fa 6078786C 		.ascii	"`xxl$\002\022\275\036\303Oz[g9\177^\240\367\265t\276"
  57      240212BD 
  57      1EC34F7A 
  57      5B67397F 
  57      5EA0F7B5 
  58 0110 9C21CF77 		.ascii	"\234!\317wp3\317\342*|.\311\011$\017J\262\212\3443\202"
  58      7033CFE2 
  58      2A7C2EC9 
  58      09240F4A 
  58      B28AE433 
  59 0125 1CFFABF3 		.ascii	"\034\377\253\363\210\233\277 \3666\214\237\031Q3\233"
  59      889BBF20 
  59      F6368C9F 
  59      1951339B 
  60 0135 FF293864 		.ascii	"\377)8d&T\213\333`h\231.\033\356>\013E\214\366\244?"
  60      26548BDB 
  60      6068992E 
  60      1BEE3E0B 
  60      458CF6A4 
  61 014a BADB9EA3 		.ascii	"\272\333\236\243\251\324\021\352\3040h\330d\306>\034"
  61      A9D411EA 
  61      C43068D8 
  61      64C63E1C 
  62 015a B525CCBB 		.ascii	"\265%\314\273\367\3364\023\311\302\303G\335\205\200"
  62      F7DE3413 
  62      C9C2C347 
  62      DD8580
  63 0169 DB34052F 		.ascii	"\3334\005/v\216\027]\305\213\303\206\027\247Fw:P\235"
  63      768E175D 
  63      C58BC386 
  63      17A74677 
  63      3A509D
  64 017c 4E204D6E 		.ascii	"N Mn v>\2436\263\026\316\320\025S\0053\301\330\333\\"
  64      20763EA3 
  64      36B316CE 
  64      D0155305 
  64      33C1D8DB 
  65 0191 91412306 		.ascii	"\221A#\006\263\020Y\230~\357\272\2352\242\214\375\215"
  65      B3105998 
  65      7EEFBA9D 
  65      32A28CFD 
  65      8D
  66 01a2 B7923A75 		.ascii	"\267\222:u\204\213J\022W\217]\311\355\201\356\006\\"
  66      848B4A12 
  66      578F5DC9 
  66      ED81EE06 
  66      5C
  67 01b3 DFB51B59 		.ascii	"\337\265\033Y\353b\\\207/H>\325iM|\252\025\367\021\314"
  67      EB625C87 
  67      2F483ED5 
  67      694D7CAA 
  67      15F711CC 
  68 01c7 6B71177C 		.ascii	"kq\027|\011=\320)\365\237\203\342\007i.`p\036wa\266"
  68      093DD029 
  68      F59F83E2 
ARM GAS  /tmp/cceHETOa.s 			page 5


  68      07692E60 
  68      701E7761 
  69 01dc 4333EF77 		.ascii	"C3\357w\337\317\266\032\274\012\027\004\236\272\002"
  69      DFCFB61A 
  69      BC0A1704 
  69      9EBA02
  70 01eb 5F41718C 		.ascii	"_Aq\214;\011\327\326<~\302E\270\030\207%D\357\212\274"
  70      3B09D7D6 
  70      3C7EC245 
  70      B8188725 
  70      44EF8ABC 
  71 01ff 1CB82878 		.ascii	"\034\270(x\012\023/\343\023\223\037+M\020\311l\324\340"
  71      0A132FE3 
  71      13931F2B 
  71      4D10C96C 
  71      D4E0
  72 0211 121463A2 		.ascii	"\022\024c\242\257\241\011\330<4y\205#\270.v\344\342"
  72      AFA109D8 
  72      3C347985 
  72      23B82E76 
  72      E4E2
  73 0223 3D07ADD3 		.ascii	"=\007\255\323-\236\033%5\360\015\255\301\364\026wKE"
  73      2D9E1B25 
  73      35F00DAD 
  73      C1F41677 
  73      4B45
  74 0235 53CF4841 		.ascii	"S\317HA\312\252\004\255\207\021!\210g\025d\207o\205"
  74      CAAA04AD 
  74      87112188 
  74      67156487 
  74      6F85
  75 0247 A0514A46 		.ascii	"\240QJFm\374\373\350\320\355Q\276hr2\245\310\007M\204"
  75      6DFCFBE8 
  75      D0ED51BE 
  75      687232A5 
  75      C8074D84 
  76 025b 4DB5F421 		.ascii	"M\265\364!\217\324\210\267\017\254\206\357A\203\357"
  76      8FD488B7 
  76      0FAC86EF 
  76      4183EF
  77 026a B0260663 		.ascii	"\260&\006c\302\213k\351\231s*y\365\020\024`xb\250\177"
  77      C28B6BE9 
  77      99732A79 
  77      F5101460 
  77      7862A87F 
  78 027e CE85BAB1 		.ascii	"\316\205\272\261\252\015\244\371\207\214\346\261\341"
  78      AA0DA4F9 
  78      878CE6B1 
  78      E1
  79 028b E183BAD4 		.ascii	"\341\203\272\324\234\352m\335\320\347\262\370\303pY"
  79      9CEA6DDD 
  79      D0E7B2F8 
  79      C37059
  80 029a 08975006 		.ascii	"\010\227P\006?\2229\212\230\254;\351\271\024_\203\331"
  80      3F92398A 
  80      98AC3BE9 
  80      B9145F83 
ARM GAS  /tmp/cceHETOa.s 			page 6


  80      D9
  81 02ab 79704520 		.ascii	"ypE md\366\325\305\263\224\207\263\364\223\234\245\266"
  81      6D64F6D5 
  81      C5B39487 
  81      B3F4939C 
  81      A5B6
  82 02bd E6D6FE8C 		.ascii	"\346\326\376\214\371|U\275~\004\256\011\276\226\265"
  82      F97C55BD 
  82      7E04AE09 
  82      BE96B5
  83 02cc D73A8C8B 		.ascii	"\327:\214\213^'W2\377\321\2508W&\244\371\250+_*j\177"
  83      5E275732 
  83      FFD1A838 
  83      5726A4F9 
  83      A82B5F2A 
  84 02e2 560A5297 		.ascii	"V\012R\227\226\234\206\225k.\200\224\320d_\256\251+"
  84      969C8695 
  84      6B2E8094 
  84      D0645FAE 
  84      A92B
  85 02f4 17BFDCF0 		.ascii	"\027\277\334\360\263\020\225\226\242\366f\025U\030\025"
  85      B3109596 
  85      A2F66615 
  85      551815
  86 0303 47D27529 		.ascii	"G\322u)J\215q\267\3057\222\256d\363\007\375)X\203\023"
  86      4A8D71B7 
  86      C53792AE 
  86      64F307FD 
  86      29588313 
  87 0317 0E9814AA 		.ascii	"\016\230\024\252trb\212\234U\345\231\021\357\316]\003"
  87      7472628A 
  87      9C55E599 
  87      11EFCE5D 
  87      03
  88 0328 CE03BF08 		.ascii	"\316\003\277\010\234\203p\277.6\326\203\306NKc\027\246"
  88      9C8370BF 
  88      2E36D683 
  88      C64E4B63 
  88      17A6
  89 033a 07D784DF 		.ascii	"\007\327\204\337\0043\002\357$\374\354b\374&\304\317"
  89      043302EF 
  89      24FCEC62 
  89      FC26C4CF 
  90 034a DD9F9B4B 		.ascii	"\335\237\233K\237e\346\306\2664\303\311\377\261i3\314"
  90      9F65E6C6 
  90      B634C3C9 
  90      FFB16933 
  90      CC
  91 035b 8B14EBB2 		.ascii	"\213\024\353\262\333\344\204\033\302\246\233+\315\316"
  91      DBE4841B 
  91      C2A69B2B 
  91      CDCE
  92 0369 635171F6 		.ascii	"cQq\366\337\2226\331,\276\205T\305g\222\215\232T\265"
  92      DF9236D9 
  92      2CBE8554 
  92      C567928D 
  92      9A54B5
ARM GAS  /tmp/cceHETOa.s 			page 7


  93 037c B4EE95A7 		.ascii	"\264\356\225\247\331\001\277\375\347\321\357\230^\030"
  93      D901BFFD 
  93      E7D1EF98 
  93      5E18
  94 038a 3EB3EC4C 		.ascii	">\263\354Lw,?\323OS\265\005\230\020\026\262\242\275"
  94      772C3FD3 
  94      4F53B505 
  94      981016B2 
  94      A2BD
  95 039c F08740BB 		.ascii	"\360\207@\273\010}\233\354\327\250\252\256\336\003\033"
  95      087D9BEC 
  95      D7A8AAAE 
  95      DE031B
  96 03ab A5D2FC25 		.ascii	"\245\322\374%\245=\036\245/\025\374)K\303\007O\260\233"
  96      A53D1EA5 
  96      2F15FC29 
  96      4BC3074F 
  96      B09B
  97 03bd 10F16616 		.ascii	"\020\361f\0263\361[\004\362\347'\222\240\3609\2432\270"
  97      33F15B04 
  97      F2E72792 
  97      A0F039A3 
  97      32B8
  98 03cf C76F8402 		.ascii	"\307o\204\002\265F\311\316\035\273JK\266\3570J^\014"
  98      B546C9CE 
  98      1DBB4A4B 
  98      B6EF304A 
  98      5E0C
  99 03e1 94069F2A 		.ascii	"\224\006\237*\011\205j\214=\201\212\212*\377\353ea\277"
  99      09856A8C 
  99      3D818A8A 
  99      2AFFEB65 
  99      61BF
 100 03f3 5157FA8A 		.ascii	"QW\372\212Q\023.7\352\302\265\273j\203\241@\271\257"
 100      51132E37 
 100      EAC2B5BB 
 100      6A83A140 
 100      B9AF
 101 0405 9CD9C48D 		.ascii	"\234\331\304\215\022\250\260\207\312\336\250\012\226"
 101      12A8B087 
 101      CADEA80A 
 101      96
 102 0412 55F87C3E 		.ascii	"U\370|>\003?\257\372\303\325\376*c{e`w\340\245\235F"
 102      033FAFFA 
 102      C3D5FE2A 
 102      637B6560 
 102      77E0A59D 
 103 0427 B0C608D7 		.ascii	"\260\306\010\327\032\201\352\362\252\272\012\277Q^\351"
 103      1A81EAF2 
 103      AABA0ABF 
 103      515EE9
 104 0436 7FCD5F5D 		.ascii	"\177\315_][\343\253d\377\002~\211\304;"
 104      5BE3AB64 
 104      FF027E89 
 104      C43B
 105              		.text
 106              		.section	.gnu.lto_urtTopicAddMessages.393ba65660afa60f,"e",%progbits
ARM GAS  /tmp/cceHETOa.s 			page 8


 107 0000 789C9593 		.ascii	"x\234\225\223]HTA\024\307\347\334\231\273_~\364R\020"
 107      5D485441 
 107      14C7E7DC 
 107      99BB5F7E 
 107      F45210
 108 0013 09E14362 		.ascii	"\011\341Cb>\324]\350\305\227\300%\354!\212B{\027\321"
 108      3ED45DE8 
 108      C597C025 
 108      EC218A42 
 108      7B17D1
 109 0026 A51614CD 		.ascii	"\245\026\024\315]\351\261\331u%\322\320\"\027?h[K\326"
 109      5DE9B1D9 
 109      7525D2D0 
 109      22173F68 
 109      5B4BD6
 110 0039 3602B32F 		.ascii	"6\002\263/\0125\3352\363#3u5\311\007\005SH\261\322\027"
 110      0A35DD32 
 110      F3233375 
 110      35C90705 
 110      5348B1D2 
 111 004e 0929EDCC 		.ascii	"\011)\355\314\334\365\003[\203.\354\3549w\316\371\315"
 111      DCF5035B 
 111      832EECEC 
 111      3977CEF9 
 111      CD
 112 005f FF9C33D7 		.ascii	"\377\2343\327D\200\\b\204d\023B\316\341\017\014\004"
 112      44805C62 
 112      84641342 
 112      CEE10F0C 
 112      04
 113 0070 14CE7986 		.ascii	"\024\316y\206\321mR\200F-\252\250\243K\253\351\214["
 113      D16D5280 
 113      462DAAA8 
 113      A34BABE9 
 113      8C5B
 114 0082 584B75B9 		.ascii	"XKu\271\221\361x5\272gc\000\322\340& W\024\2522\300"
 114      91F17835 
 114      BA676300 
 114      D2E02620 
 114      5714AA32 
 115 0097 956C3ED5 		.ascii	"\225l>\325\264\226\202\357Z\373DB\332}\316=<\\{\303"
 115      B49682EF 
 115      5AFB4442 
 115      DA7DCE3D 
 115      3C5C7BC3 
 116 00ab 72A77598 		.ascii	"r\247u\230\323\000\006\325S\002\307\222\300\232$C\241"
 116      D30006D5 
 116      5302C792 
 116      C09A2443 
 116      A1
 117 00bc 0DD23078 		.ascii	"\015\3220x\312\343\377\031_\205\373\000\014\335\232"
 117      CAE3FF19 
 117      5F85FB00 
 117      0CDD9A
 118 00cb 8167FD16 		.ascii	"\201g\375\026\341*\220\214\356\334\315o\013F\232\001"
 118      E12A908C 
 118      EEDCCD6F 
ARM GAS  /tmp/cceHETOa.s 			page 9


 118      0B469A01 
 119 00db 04EDF2D9 		.ascii	"\004\355\362\331\256qKjPb\177\005)?\024\240\024^\001"
 119      AE714B6A 
 119      50627F05 
 119      293F14A0 
 119      145E01
 120 00ee 15D80E48 		.ascii	"\025\330\016H\202v@0\276Ct'\244b\302\213\212\271f3="
 120      82764030 
 120      BE437427 
 120      A462C28B 
 120      8AB96633 
 121 0103 2993DDC1 		.ascii	")\223\335\301[\225\011\321\344\305\375\015<\314\002"
 121      5B9509D1 
 121      E4C5FD0D 
 121      3CCC02
 122 0112 9441D75F 		.ascii	"\224A\327_\331\330\033\010C*\2219\267#_\024zV\346\217"
 122      D9D81B08 
 122      432A9139 
 122      B7235F14 
 122      7A56E68F 
 123 0126 45664EA5 		.ascii	"EfN\2454\311\364\225\320\336{e\274\217K\302\353\035"
 123      34C9F495 
 123      D0DE7B65 
 123      BC8F4BC2 
 123      EB1D
 124 0138 04F160F8 		.ascii	"\004\361`\370\314\3435_\202\201\301\033H\021e\213r\273"
 124      CCE3355F 
 124      8281C11B 
 124      4811658B 
 124      72BB
 125 014a 45AFF15F 		.ascii	"E\257\361_\274{4\252\206\371\332\372U\036\036:|\367"
 125      BC7B34AA 
 125      86F9DAFA 
 125      551E1E3A 
 125      7CF7
 126 015c F9BE44C0 		.ascii	"\371\276D\300\223U\005\027\003\025\032\230pU\"\"\015"
 126      93550517 
 126      03151A98 
 126      70552222 
 126      0D
 127 016d 72358210 		.ascii	"r5\202\020e\006Q\030!\225\224,\255\206\322\201\207\205"
 127      65065118 
 127      2195942C 
 127      AD86D281 
 127      8785
 128 017f AD48DB8D 		.ascii	"\255H\333\215\366u*\206\304\231t\026\300\3231_\327c"
 128      F6752A86 
 128      C4997416 
 128      C0D3315F 
 128      D763
 129 0191 14E7FA29 		.ascii	"\024\347\372)\240\246\252\262\037S&\321Z&+\012O\266"
 129      A0A6AAB2 
 129      1F5326D1 
 129      5A262B0A 
 129      4FB6
 130 01a3 7E4E0C42 		.ascii	"~N\014B\223\033S\222\003\324\350\247\006x+J\020\225"
 130      931B5392 
ARM GAS  /tmp/cceHETOa.s 			page 10


 130      03D4E8A7 
 130      06782B4A 
 130      1095
 131 01b5 07A65F1A 		.ascii	"\007\246_\032\254-\\\337R\241\007\202P\247\227\361\016"
 131      AC2D5CDF 
 131      52A10782 
 131      50A797F1 
 131      0E
 132 01c6 AC640EBC 		.ascii	"\254d\016\274_\273\007!\006Z\005\002\275z\037V\304\246"
 132      5FBB0721 
 132      065A0502 
 132      BD7A1F56 
 132      C4A6
 133 01d8 51996C1A 		.ascii	"Q\231l\032Q0Hmk\036\001T\253V\227O\364\342\254Q,[\336"
 133      5130486D 
 133      6B1E0154 
 133      AB56974F 
 133      F4E2AC51 
 134 01ef 108E5A6B 		.ascii	"\020\216Zk*~G\342u\240\262\035Hci5\371\251\031\372b"
 134      2A7E47E2 
 134      75A0B21D 
 134      48636935 
 134      F9A919FA 
 135 0204 6A3543BF 		.ascii	"j5C\277\324\012\372\034:\246g\237(^\360D\023\0150\200"
 135      D40AFA1C 
 135      3AA6679F 
 135      285EF044 
 135      130D3080 
 136 0218 F209BC07 		.ascii	"\362\011\274\007/\220E\360&\313\251`\234?4\270n\026"
 136      2F9045F0 
 136      26CBA960 
 136      9C3F34B8 
 136      6E16
 137 022a 71A600B5 		.ascii	"q\246\000\265\324\213l\030\0241\250&@\343\364f\206\202"
 137      D48B6C18 
 137      1431A826 
 137      40E3F466 
 137      8682
 138 023c 71BA40FA 		.ascii	"q\272@\372_\212\030|\220\212\024\321\275!<^\300\372"
 138      5F8A187C 
 138      908A14D1 
 138      BD213C5E 
 138      C0FA
 139 024e 4FEB2816 		.ascii	"O\353(\026s\020t\327A|\334\032\304\260\216\232\252\230"
 139      731074D7 
 139      417CDC1A 
 139      C4B08E9A 
 139      AA98
 140 0260 A782B503 		.ascii	"\247\202\265\003\324xP\222\324]I#[\244Q\260\242\022"
 140      D4785092 
 140      D45D4923 
 140      5BA451B0 
 140      A212
 141 0272 016B987F 		.ascii	"\001k\230\177\320\263'\026\255S\334\320\177*\213l\361"
 141      D0B32716 
 141      AD53DCD0 
 141      7F2A8B6C 
ARM GAS  /tmp/cceHETOa.s 			page 11


 141      F1
 142 0283 C604CF28 		.ascii	"\306\004\317(\372\333\370\320Gwi1\266\003\306\267\265"
 142      FADBF8D0 
 142      47776931 
 142      B603C6B7 
 142      B5
 143 0294 F83B781A 		.ascii	"\370;x\032\237\372\016D\017\337\234?~2\360I^\250\025"
 143      9FFA0E44 
 143      0FDF9C3F 
 143      7E32F049 
 143      5EA815
 144 02a7 50FDE2FB 		.ascii	"P\375\342\373\300K\004\313\033\327\237\220\343\332\305"
 144      C04B04CB 
 144      1BD79F90 
 144      E3DAC5
 145 02b6 A242BB56 		.ascii	"\242B\273V\354pi\266\354\314\234,\333\211L\315v\306"
 145      EC7069B6 
 145      ECCC9C2C 
 145      DB894CCD 
 145      76C6
 146 02c8 915574C4 		.ascii	"\221Ut\304V\\\354\324\012\035\371\371\005\366\313\271"
 146      565CECD4 
 146      0A1DF9F9 
 146      05F6CBB9 
 147 02d8 2576AD34 		.ascii	"%v\2554\353\274\346,\311\323JK\\9\256\242bG\336\321"
 147      EBBCE62C 
 147      C9D34A4B 
 147      5C39AEA2 
 147      6247DED1 
 148 02ec 3CA24AC3 		.ascii	"<\242J\303Thw:s/\330\235\254 \327\351\372\003\215\217"
 148      5468773A 
 148      732FD89D 
 148      AC20D7E9 
 148      FA038D8F 
 149 0300 8E6A     		.ascii	"\216j"
 150              		.text
 151              		.section	.gnu.lto_urtTopicBufferSize.393ba65660afa60f,"e",%progbits
 152 0000 789C9553 		.ascii	"x\234\225S]HTA\024\236s\317\334uw\335\355!\204 +|HD"
 152      5D485441 
 152      149E73CF 
 152      DC7577DD 
 152      ED218420 
 153 0018 A8AE8FBE 		.ascii	"\250\256\217\276\004J\330K\024d\275K\250\324B\376\340"
 153      044AD84B 
 153      1464BD4B 
 153      A8D442FE 
 153      E0
 154 0029 0F412FCE 		.ascii	"\017A/\316\256k\321\017Jd\251\321\266\376`*\224i\211"
 154      AE6BD10F 
 154      4A64A9D1 
 154      B6FE602A 
 154      946989
 155 003c A4F9B3A6 		.ascii	"\244\371\263\246\371_\351\202\212\006\012\241Q\222\245"
 155      F95FE982 
 155      8A060AA1 
 155      5192A5
 156 004b 2F5242DA 		.ascii	"/RB\332\231\331+\231e\320\205{93s\316\367s\316\\+\003"
ARM GAS  /tmp/cceHETOa.s 			page 12


 156      99D92B99 
 156      65D0857B 
 156      393373CE 
 156      F773CE5C 
 157 0061 B69F3376 		.ascii	"\266\2373v\2121v\232^\2600\320\204\020\011an\253\006"
 157      8A31769A 
 157      5EB030D0 
 157      84100961 
 157      6EAB06
 158 0074 DC8CD08C 		.ascii	"\334\214\320\214z\254\\\303\340\362Z<\027v\275\261\244"
 158      7AAC5CC3 
 158      E0F25A3C 
 158      1776BDB1 
 158      A4
 159 0085 288C0B87 		.ascii	"(\214\013\207\016\240\316\204\025X\201\206\\\207\002"
 159      0EA0CE84 
 159      15588186 
 159      5C8702
 160 0094 8D00379F 		.ascii	"\215\0007\237\022,C\230\365\370\2769\212\321\217\014"
 160      122C4398 
 160      F5F8BE39 
 160      8AD18F0C 
 161 00a4 382D4B87 		.ascii	"8-K\207[\206\354r\011\020EK\357\344\2036\036['\204G"
 161      5B86EC72 
 161      0910454B 
 161      EFE48336 
 161      1E5B2784 
 162 00b9 04CAD6ED 		.ascii	"\004\312\326\355\345-c\302\346G\215UP\372\013\210\204"
 162      E52D63C2 
 162      E6478D55 
 162      50FA0B88 
 162      84
 163 00ca 76885450 		.ascii	"v\210TP\320\001\261\224\276pki1\014\023\200Q\\4\337"
 163      D001B194 
 163      BE706B69 
 163      310C1380 
 163      515C34DF 
 164 00de 3D618FA9 		.ascii	"=a\217\251U\245}\265(\016\372\021\241\023\360\267R\332"
 164      55A57DB5 
 164      280EFA11 
 164      A113F0B7 
 164      52DA
 165 00f0 A3E22E88 		.ascii	"\243\342.\210a\262\244\332=1\342\304\343\252|\245\250"
 165      61B2A4DA 
 165      3D31E2C4 
 165      E3AA7CA5 
 165      A8
 166 0101 2BE88CAE 		.ascii	"+\350\214\256Q\345\037\036ET\025\212A\301\211\032\272"
 166      51E51F1E 
 166      4554158A 
 166      41C1891A 
 166      BA
 167 0112 B741C887 		.ascii	"\267A\310\207\362\3377\257\337qZ8\004 Z\252\223\232"
 167      F2DF37AF 
 167      DF715A38 
 167      04205AAA 
 167      939A
ARM GAS  /tmp/cceHETOa.s 			page 13


 168 0124 7AC00274 		.ascii	"z\300\002t2\332\3246\305\361\204B\275\275\324\336l1"
 168      32DAD436 
 168      C5F18442 
 168      BDBDD4DE 
 168      6C31
 169 0136 51271F1F 		.ascii	"Q'\037\037\2506Q9\274\3747j/\241J<\011\333G\260\214"
 169      A8365139 
 169      BCFC376A 
 169      2FA14A3C 
 169      09DB47B0 
 170 014b 699249EE 		.ascii	"i\222I\356?\011\352\001\261\276qU\004\372\017U5\354"
 170      3F09EA01 
 170      B1BE7155 
 170      04FA0F55 
 170      35EC
 171 015d 710299D2 		.ascii	"q\002\231\3225\372p\302\243\034\256\276:\223\271\026"
 171      35FA70C2 
 171      A31CAEBE 
 171      3A93B916 
 172 016d 905E6D2A 		.ascii	"\220^m*\016W\373\016\0253v\003\331\362Z}<\210\000c7"
 172      0E57FB0E 
 172      15337603 
 172      D9F25A7D 
 172      3C880063 
 173 0182 5153B19B 		.ascii	"QS\261\233\342E\360\224^\3771\355\220\344>\224v\212"
 173      E245F094 
 173      5EFF31ED 
 173      90E43E94 
 173      768A
 174 0194 0BBFCE5A 		.ascii	"\013\277\316Z\345\204P9\012\3144M\357\252\205\0327M"
 174      E5845039 
 174      0ACC344D 
 174      EFAA851A 
 174      374D
 175 01a6 3ACA8F94 		.ascii	":\312\217\224d\201W\322\001\235\271\375s\317-q\215\""
 175      648157D2 
 175      019DB9FD 
 175      73CF2D71 
 175      8D22
 176 01b8 741406FD 		.ascii	"t\024\006\375P\013\345hZ\353\230\233\177\252y\301c\026"
 176      500BE568 
 176      5AEB989B 
 176      7FAA79C1 
 176      6316
 177 01ca EA300071 		.ascii	"\3520\000q\344n\020\274\300>\2037J\331\245<_\375\350"
 177      E46E10BC 
 177      C03E8337 
 177      4AD9A53C 
 177      5FFDE8
 178 01dd 864DE659 		.ascii	"\206M\346Y\375h\255 R\006C2\207\324\370\321&\005v|\232"
 178      FD68AD20 
 178      52064332 
 178      87D4F8D1 
 178      2605767C 
 179 01f2 79B55BB6 		.ascii	"y\265[\266\305\207\332\177)\3420\254\024\201l\353\010"
 179      C587DA7F 
 179      29E230AC 
ARM GAS  /tmp/cceHETOa.s 			page 14


 179      14816CEB 
 179      08
 180 0203 D14BB021 		.ascii	"\321K\260!#\004e\333\352\225\377\341\265\362!R\217\355"
 180      230465DB 
 180      EA95FFE1 
 180      B5F22152 
 180      8FED
 181 0215 4409A37F 		.ascii	"D\011\243\177\005\017\207\327\012\\\223\340o\2447j,"
 181      050F87D7 
 181      0A5C93E0 
 181      6FA4376A 
 181      2C
 182 0226 96144D0D 		.ascii	"\226\024M\015\240\354,.B\341\375+\235\357\"Bl\341>\224"
 182      A0EC2C2E 
 182      42E1FD2B 
 182      9DEF2242 
 182      6CE13E94 
 183 023a D7BFF5DA 		.ascii	"\327\277\365\332R\203M\022j\000\360\226pM{\231\241,"
 183      52834D12 
 183      6A00F096 
 183      704D7B99 
 183      A12C
 184 024c C77611EB 		.ascii	"\307v\021\353\316\220\010}G\021c\277D\214\233\"\344"
 184      CE90087D 
 184      471163BF 
 184      448C9B22 
 184      E4
 185 025d 0F2BB814 		.ascii	"\017+\270\024\001\013\340\375\330\273\317\354\035\301"
 185      010BE0FD 
 185      D8BBCFEC 
 185      1DC1
 186 026b C8D9AC02 		.ascii	"\310\331\254\002\227\324\332\275g\343@\302p\2555v\025"
 186      97D4DABD 
 186      67E340C2 
 186      70AD3576 
 186      15
 187 027c 746A8836 		.ascii	"tj\2106\323\372\235\222\034\030\314$\024}e\363\216\320"
 187      D3FA9D92 
 187      1C18CC24 
 187      147D65F3 
 187      8ED0
 188 028e B42A37EE 		.ascii	"\264*7\356\342\016\003#j\010n\031\330\027\360T\326\225"
 188      E20E0323 
 188      6A086E19 
 188      D817F054 
 188      D695
 189 02a0 ED0D5D28 		.ascii	"\355\015](T|H\346\271\274\203\260\262y\007\031;j\\\310"
 189      547C48E6 
 189      B9BC83B0 
 189      B2790719 
 189      3B6A5CC8 
 190 02b4 CA4837B2 		.ascii	"\312H7\262]yF\342\231\244\224\344\304cIF\342IWr\326"
 190      5D7946E2 
 190      99A494E4 
 190      C4634946 
 190      E2495772 
 191 02c9 E1C4ECEC 		.ascii	"\341\304\354\354\\#\303\225\226v1\375\322\271\234t#"
ARM GAS  /tmp/cceHETOa.s 			page 15


 191      5C23C395 
 191      967631FD 
 191      D2B99C74 
 191      23
 192 02da 3FF9AC91 		.ascii	"?\371\254\221\233\223j\344\347\344\245\344ee\273R\217"
 192      9B936AE4 
 192      E7E4A5E4 
 192      6565BB52 
 192      8F
 193 02eb A4325D05 		.ascii	"\2442]\005<\327u9\0353r\317\377\004\270\276p\024"
 193      3CD77539 
 193      1D3372CF 
 193      FF04B8BE 
 193      7014
 194              		.text
 195              		.section	.gnu.lto_.symbol_nodes.393ba65660afa60f,"e",%progbits
 196 0000 789C6DD0 		.ascii	"x\234m\320\271\021\302P\014\004\320\325\312\307\377"
 196      B911C250 
 196      0C04D0D5 
 196      CAC7FF
 197 000f 6E823608 		.ascii	"n\2026\010a\206V\250C\016(\200\"\010\250\201\230\230"
 197      618656A8 
 197      430E2880 
 197      2208A881 
 197      9898
 198 0021 88CB1C19 		.ascii	"\210\313\034\031\005@J\002\337\007\021R\264\243\247"
 198      05404A02 
 198      DF071152 
 198      B4A3A7
 199 0030 51B00182 		.ascii	"Q\260\001\202\271\000\340\236\206:M&\313\035`\300\246"
 199      B900E09E 
 199      863A4D26 
 199      CB1D60C0 
 199      A6
 200 0041 9EA215F0 		.ascii	"\236\242\025\360@\223\347{=\376\227#\215\256\310\225"
 200      4093E77B 
 200      3DFE9723 
 200      8DAEC895 
 201 0051 A69F6146 		.ascii	"\246\237aF\035#\275\237$\271\3202_\032Z\356\313\231"
 201      1D23BD9F 
 201      24B9D032 
 201      5F1A5AEE 
 201      CB99
 202 0063 56F872A2 		.ascii	"V\370r\242\225\276\334i\301\227\033-\272\242(\373\012"
 202      95BEDC69 
 202      C1971B2D 
 202      BAA228FB 
 202      0A
 203 0074 16A228FA 		.ascii	"\026\242(\372\270*\024y\037\037)f\303A\245\320a[\251"
 203      B82A1479 
 203      1F1F2966 
 203      C341A5D0 
 203      615BA9
 204 0087 C4575BC2 		.ascii	"\304W[\302VTB\227\322%cW\314L\371[\341\013\356\375\206"
 204      56544297 
 204      D2256357 
 204      CC4CF95B 
ARM GAS  /tmp/cceHETOa.s 			page 16


 204      E10BEEFD 
 205 009c DF       		.ascii	"\337"
 206              		.text
 207              		.section	.gnu.lto_.refs.393ba65660afa60f,"e",%progbits
 208 0000 789CE360 		.ascii	"x\234\343``\004B \000\000\000]\000\013"
 208      60044220 
 208      0000005D 
 208      000B
 209              		.text
 210              		.section	.gnu.lto_.decls.393ba65660afa60f,"e",%progbits
 211 0000 789C9D5A 		.ascii	"x\234\235Z\013PTW\232\356\323\247\033\232\246\033\214"
 211      0B505457 
 211      9AEED3A7 
 211      1B9AA61B 
 211      8C
 212 0011 984C76CC 		.ascii	"\230Lv\314N\245f\254\031\2676\011IMj7S3\273;\0317\265"
 212      4EA566AC 
 212      19B73609 
 212      494D6A37 
 212      5333BB3B 
 213 0028 335BC966 		.ascii	"3[\311f+\311\314Tvk\213\264\320*\033\036Nwctvk\247\261"
 213      2BC9CC54 
 213      766B8BB4 
 213      D02A1B1E 
 213      4E776374 
 214 0040 9187F252 		.ascii	"\221\207\362RD\344!\202\200\240\200\002\002\242<\005"
 214      44E42182 
 214      80A08002 
 214      02A23C05 
 215 0050 441EF212 		.ascii	"D\036\362\022E\345\015\"\202\012\250\010\010\"\354\177"
 215      45E50D22 
 215      820AA808 
 215      0822EC7F 
 216 0060 CEB9B7FB 		.ascii	"\316\271\267\373\336\276\335\0313\255?\367\376\367~"
 216      DEBEDD19 
 216      33AD3FF7 
 216      FEF77E
 217 006f FFF3FCE7 		.ascii	"\377\363\374\347\331\255\222!Y\320\3332\331\233*\231"
 217      D9AD9221 
 217      59D0DB32 
 217      D99B2A99 
 218 007f EC2DB94C 		.ascii	"\354-\271L\266\006\037\205L&\353\006R\002\205#\231\354"
 218      B6061F85 
 218      4C26EB06 
 218      52028523 
 218      99EC
 219 0091 6F80B6C3 		.ascii	"o\200\266\303}\004\\#\201\310G\015t\024\356\217\001"
 219      7D045C23 
 219      81C8470D 
 219      7414EE8F 
 219      01
 220 00a2 6502E500 		.ascii	"e\002\345\000\025\000\025\003]\000\252\006\252\005\272"
 220      15001503 
 220      5D00AA06 
 220      AA05BA
 221 00b1 C4E1859F 		.ascii	"\304\341\205\237\367\260L\366#\270\036\201w\353\341"
 221      F7B04CF6 
ARM GAS  /tmp/cceHETOa.s 			page 17


 221      23B81E81 
 221      77EBE1
 222 00c0 BAC1819D 		.ascii	"\272\301\201\235z\240\006\316^#\320>\240\313@?\002j"
 222      7AA006CE 
 222      5E23D03E 
 222      A0CB403F 
 222      026A
 223 00d2 02AA025A 		.ascii	"\002\252\002Z\007\324\002\324\014\324\017\324\007\262"
 223      07D402D4 
 223      0CD40FD4 
 223      07B2
 224 00e0 0AB80E00 		.ascii	"\012\270\016\000U\000\315\001?\010\327\"\2406\270\367"
 224      5500CD01 
 224      3F08D722 
 224      A036B8F7 
 225 00f0 84F8BE21 		.ascii	"\204\370\276!rp\315\207\353+p]\017\224\015\367Zx\377"
 225      7270CD87 
 225      EB2B705D 
 225      0F940DF7 
 225      5A78FF
 226 0103 27B8FE11 		.ascii	"'\270\376\021\310\002\264\207<\003\372_\240\275@\273"
 226      C802B487 
 226      3C03FA5F 
 226      A0BD40BB 
 227 0113 81FE0FC8 		.ascii	"\201\376\017\310\014\024\012\364?@\017A\306\225\313"
 227      0C140AF4 
 227      3F400F41 
 227      C695CB
 228 0122 0389F7AF 		.ascii	"\003\211\367\257\344,\366b.\0279\016b\3779\304\256q"
 228      E42CF662 
 228      2E17390E 
 228      62FF39C4 
 228      AE71
 229 0134 107B24E7 		.ascii	"\020{$\347O\004\347\367>\273XA\214\332\263p~\020\376"
 229      4F04E7F7 
 229      3EBB5841 
 229      8CDAB370 
 229      7E10FE
 230 0147 1897DF5A 		.ascii	"\030\227\337Z\007v\266pvx\033}\002;\021H\252\237\330"
 230      0776B670 
 230      76781B7D 
 230      023B1148 
 230      AA9FD8
 231 015a 24F6B1C0 		.ascii	"$\366\261\300\006\261G\370\314o\261\223\204\321\320"
 231      06B147F8 
 231      CC6FB193 
 231      84D1D0
 232 0169 DE63CF34 		.ascii	"\336c\3174\261\030\255W#\005\260\207[K[\324\300nP\243"
 232      B118AD57 
 232      2305B087 
 232      5B4B5BD4 
 232      C06E50A3 
 233 017d 37817D71 		.ascii	"7\201}q\257\376\214\222\275\275E\320\335\011}\303n\214"
 233      AFFE8C92 
 233      BDBD45D0 
 233      DD097DC3 
 233      6E8C
ARM GAS  /tmp/cceHETOa.s 			page 18


 234 018f FF00D8AE 		.ascii	"\377\000\330\256\254\303\021\256\014]\207\201/\217?"
 234      ACC311AE 
 234      0C5D8781 
 234      2F8F3F
 235 019e 1FAE60AF 		.ascii	"\037\256`\257\273\010\274\261b9Y\215\345\210\334\257"
 235      BB08BCB1 
 235      6239598D 
 235      E588DCAF 
 236 01ae 1E4F1ED6 		.ascii	"\036O\036\326\342W\350\375\265\311\270.w\357B3\373\250"
 236      E257E8FD 
 236      B5C9B82E 
 236      77EF4233 
 236      FBA8
 237 01c0 D2B10C5D 		.ascii	"\322\261\014]B\330\346\324!\313\314\240\034\377\236"
 237      42D8E6D4 
 237      21CBCCA0 
 237      1CFF9E
 238 01cf 628B0E3C 		.ascii	"b\213\016<\316\366\360:\310a\315\210\206\201\032\020"
 238      CEF6F03A 
 238      C861CD88 
 238      86811A10 
 239 01df 68475EA8 		.ascii	"hG^\250\036ys2\015\271IY*\315~\263y\2579\303bv\3735"
 239      1E797332 
 239      0DB94959 
 239      2ACD7EB3 
 239      79AF39C3 
 240 01f7 7D5D8936 		.ascii	"}]\2116\242\213h#\010\\F\032\206kK\355\012U3\037\233"
 240      A28B6823 
 240      085C461A 
 240      866B4BED 
 240      0A55331F 
 241 020c 095F72AF 		.ascii	"\011_r\257\244I\211\375\251\255\252\360\0275$\236/\325"
 241      A44989FD 
 241      A9ADAAF0 
 241      1735249E 
 241      2FD5
 242 021e 8874254F 		.ascii	"\210t%Oxtev\372:b\217\010\342\361Z\356\250\013\336M"
 242      78746576 
 242      FA3A628F 
 242      08E2F15A 
 242      EEA80BDE 
 243 0233 EF4B6F96 		.ascii	"\357Ko\226\325x\250#\255\026eVs\250\025Q\011\360\016"
 243      D578A823 
 243      AD166556 
 243      73A81551 
 243      09F00E
 244 0246 B5C0B366 		.ascii	"\265\300\263fx\006\002-gNGkq$\242\322\203\227\032\362"
 244      7806022D 
 244      674E476B 
 244      7124A2D2 
 244      83971AF2 
 245 025a E5F80863 		.ascii	"\345\370\010c\316N\214\315+$A\266\203\226\016Q\220\341"
 245      CE4E8CCD 
 245      2B2441B6 
 245      83960E51 
 245      90E1
 246 026c E3D9175C 		.ascii	"\343\331\027\\\361\011&\324\270P\235#\315L\247D\250"
ARM GAS  /tmp/cceHETOa.s 			page 19


 246      F10926D4 
 246      B8509D23 
 246      CD4CA744 
 246      A8
 247 027d E3D8E52A 		.ascii	"\343\330\345*\27103]\242\314t\363\231\271{\342\341\253"
 247      B930335D 
 247      A2CC74F3 
 247      99B97BE2 
 247      E1AB
 248 028f 2C319B05 		.ascii	",1\233\005\225\260\236U\302\351\312\251\243r\326\324"
 248      95B09E55 
 248      C2E9CAA9 
 248      A372D6D4 
 249 029f 6639097E 		.ascii	"f9\011~2|?\302E\314\223\302\362\350TW\206}\035\330\314"
 249      327C3FC2 
 249      45CC93C2 
 249      F2E85457 
 249      867D1DD8 
 250 02b4 1B5D7B11 		.ascii	"\033]{\021c\327\001{\"\364F\233\026_b\320\354\245\331"
 250      63D7017B 
 250      22F4469B 
 250      165F62D0 
 250      ECA5D9
 251 02c7 F31ADCC4 		.ascii	"\363\032\334\304\230\033\263I\021r\307\031\274\3550"
 251      981BB349 
 251      1172C719 
 251      BCED30
 252 02d6 83550B47 		.ascii	"\203U\013G\363<q;\223\256];R\313U\233\012\330\304\323"
 252      F33C713B 
 252      93AE5D3B 
 252      52CB559B 
 252      0AD8C4D3 
 253 02ea 9756345C 		.ascii	"\227V4\\1\222\327Qu\373\033\325\370\006\303&%%\235S"
 253      3192D751 
 253      75FB1BD5 
 253      F806C326 
 253      25259D53 
 254 02fe E13EC614 		.ascii	"\341>\306\024\314\316W\022w7\253\321\237\004M\274\231"
 254      CCCE5712 
 254      7737ABD1 
 254      9F044DBC 
 254      99
 255 030f 35714458 		.ascii	"5qDX^\234;\236d\320\221\303Q\015.\314\303\"\213\371"
 255      5E9C3B9E 
 255      64D091C3 
 255      510D2ECC 
 255      C3228BF9 
 256 0323 95D0F764 		.ascii	"\225\320\367dh\020\334\031 .\216!*C\\\034\205g#\324"
 256      6810DC19 
 256      202E8E21 
 256      2A435C1C 
 256      856723D4 
 257 0337 45796D71 		.ascii	"Eymqd\252\013\332\344u\202\310\324u\326\274_Y\361\320"
 257      64AA0BDA 
 257      E47582C8 
 257      D475D6BC 
 257      5F59F1D0 
ARM GAS  /tmp/cceHETOa.s 			page 20


 258 034b 6C1E3363 		.ascii	"l\0363ct\007\251\321\020\310\334\205\364\363Jd\310\233"
 258      7407A9D1 
 258      10C8DC85 
 258      F4F34A64 
 258      C89B
 259 035d FC790FFE 		.ascii	"\374y\017\376\320\206\004#f\364\272\300\3100'@\254\214"
 259      D0860423 
 259      66F4BAC0 
 259      C8302740 
 259      AC8C
 260 036f A34D5C93 		.ascii	"\243M\\\223\206\316\016\274\205\243Y\307J\277\026\177"
 260      86CE0EBC 
 260      85A359C7 
 260      4ABF167F 
 261 037f 47E9E558 		.ascii	"G\351\345Xz\302\241tyn\314}\214\223\231x\374\300R\225"
 261      7AC2A174 
 261      796ECC7D 
 261      8C939978 
 261      FCC05295 
 262 0393 3B4E638C 		.ascii	";Nc\214\245l\265\020\011K\245CT*\367\371R)\271\2253"
 262      A56CB510 
 262      094BA543 
 262      542AF7F9 
 262      5229B995 
 263 03a8 E88933A9 		.ascii	"\350\2113\251\220k[\356\374I\017\264\211|\2746\261\260"
 263      906B5BEE 
 263      FC490FB4 
 263      897CBC36 
 263      B1B0
 264 03ba 673B3E48 		.ascii	"g;>H\033\2324\233\017\275Nd\320\024\270\361X\244\311"
 264      1B9A349B 
 264      0FBD4E64 
 264      D014B8F1 
 264      58A4C9
 265 03cd 1A35C3F7 		.ascii	"\0325\303\367\036_\237i17\177\205\266kP\277\004|\023"
 265      1E5F9F69 
 265      31377F85 
 265      B66B50BF 
 265      047C13
 266 03e0 09D06673 		.ascii	"\011\320fs\335L\372\272\022\2139\322\242A\367\0007\304"
 266      DD4CFABA 
 266      128B39D2 
 266      A241F700 
 266      37C4
 267 03f2 E16D291D 		.ascii	"\341m)\035@b\355\023y\033\230\366>h\201\007\022\365"
 267      4062ED13 
 267      791B98F6 
 267      3E688107 
 267      12F5
 268 0404 BD76F085 		.ascii	"\275v\360\205c\257\235\240\3606\200O:v\275\022\361-"
 268      63AF9DA0 
 268      F036804F 
 268      3A76BD12 
 268      F12D
 269 0416 166F6639 		.ascii	"\026of9\277\016\200\036\222\363vN\202\344\374!\332\204"
 269      BF0E801E 
 269      92F3764E 
ARM GAS  /tmp/cceHETOa.s 			page 21


 269      82E4FC21 
 269      DA84
 270 0428 1E01CD00 		.ascii	"\036\001\315\000M\003=\001\232e\355\300l\255\036\027"
 270      4D033D01 
 270      9A65EDC0 
 270      6CAD1E17 
 271 0438 B876CB49 		.ascii	"\270v\313I\344\324\030d=.y_\275\326\313\261\325\316"
 271      E4D41864 
 271      3D2E795F 
 271      BDD6CBB1 
 271      D5CE
 272 044a 97B30A5A 		.ascii	"\227\263\012Z.dE\025i\361<k\360\253a1\327\3248\024S"
 272      2E644515 
 272      69F13C6B 
 272      F0AB6131 
 272      D7D43814 
 273 045f 6639E142 		.ascii	"f9\341B\231;>\314\230\316\2661=Na\367cO\013s\345\222"
 273      993B3ECC 
 273      98CEB631 
 273      3D4E61F7 
 273      634F0B73 
 274 0475 9166114C 		.ascii	"\221f\021L>\023\2154O:\223\266\341,&\223\320\032\365"
 274      3E138D34 
 274      4F3A93B6 
 274      E12C2693 
 274      D01AF5
 275 0488 402D9159 		.ascii	"@-\221Y\222\310\\;\332\374=a\305-\213\022\360\234\257"
 275      92C85C3B 
 275      DAFC3D61 
 275      C52D8B12 
 275      F09CAF
 276 049b B88CFAD1 		.ascii	"\270\214\372\321\267\361\031\252\032[\236O\374\016y"
 276      B7F119AA 
 276      1A5B9E4F 
 276      FC0E79
 277 04aa 6DDA64CB 		.ascii	"m\332d\313\204BP\363\304\255\027\\&\326 \362Ua\276\207"
 277      844250F3 
 277      C4AD175C 
 277      26D620F2 
 277      5561BE87 
 278 04be 677E71F4 		.ascii	"g~q\364)+LP\215V8\254\243\326e\002O^O1\327\205\271P"
 278      292B4C50 
 278      8D5638AC 
 278      A3D66502 
 278      4F5E4F31 
 279 04d6 F49463F4 		.ascii	"\364\224c\364{\254u\022\023\216\336\305^\216}Zr\354"
 279      7BAC7512 
 279      138EDEC5 
 279      5E8E7D5A 
 279      72EC
 280 04e8 130C17C9 		.ascii	"\023\014\027\311\245\327\036( \030\307r\363 \027*gr"
 280      A5D71E28 
 280      2018C772 
 280      F320172A 
 280      6772
 281 04fa 7BE57C1C 		.ascii	"{\345|\034\320\005:W\336M\312\005\001\030U\315\360~"
 281      D0053A57 
ARM GAS  /tmp/cceHETOa.s 			page 22


 281      DE4DCA05 
 281      011855CD 
 281      F07E
 282 050c 81C33918 		.ascii	"\201\3039\030V\300\263\233y\227\236\252q\254\202\266"
 282      56C0B39B 
 282      79979EAA 
 282      71AC82B6 
 283 051c CBCC8D53 		.ascii	"\313\314\215S\233\235xi\221K\254\201\300\312\335\346"
 283      9B9D7869 
 283      914BAC81 
 283      C0CADDE6 
 284 052c 73EE389D 		.ascii	"s\3568\235I_-M\033\363\300E\214i\230\032\217T\343\213"
 284      495F2D4D 
 284      1BF3C045 
 284      8C69981A 
 284      8F54E38B 
 285 0540 8C293EDC 		.ascii	"\214)>\334\275\346\202\2570\346\331`v\273\233\244\361"
 285      BDE682AF 
 285      30E6D960 
 285      76BB9BA4 
 285      F1
 286 0551 23417F94 		.ascii	"#A\177\224\\\330\370\235\305=\241\036\270\227\011\025"
 286      5CD8F89D 
 286      C53DA11E 
 286      B8970915 
 287 0561 B6DC18C1 		.ascii	"\266\334\030\301\022\241\375\022\241\342\027\025\275"
 287      12A1FD12 
 287      A1E21715 
 287      BD
 288 056e 9EC29239 		.ascii	"\236\302\2229 \027\266I\264\234\225\214\374I\336B\265"
 288      2017B649 
 288      B49C958C 
 288      FC49DE42 
 288      B5
 289 057f DC3A12AF 		.ascii	"\334:\022\257\245\341\324\206\330\030s\306^L \2641c"
 289      A5E1D486 
 289      D81873C6 
 289      5E4C20B4 
 289      3163
 290 0591 E50E1B93 		.ascii	"\345\016\033\223\272\220aa\331\261\316H\021r&@\262\023"
 290      BA906161 
 290      D9B1CE48 
 290      11722640 
 290      B213
 291 05a3 63CD4EC1 		.ascii	"c\315N\301\275\360\0015>\242\244\021\234\264D%q\375"
 291      BDF00135 
 291      3EA2A411 
 291      9CB44425 
 291      71FD
 292 05b5 44221EE7 		.ascii	"D\"\036\347P\274p\355^\252'7\255\"\340\227\316\017O"
 292      50BC70ED 
 292      5EAA2737 
 292      AD22E097 
 292      CE0F4F
 293 05c8 607C9AA9 		.ascii	"`|\232\251\313_\014+\363\304g\031\363`\"\277W\216\313"
 293      CB5F0C2B 
 293      F3C46719 
ARM GAS  /tmp/cceHETOa.s 			page 23


 293      F36022BF 
 293      578ECB
 294 05db 18131691 		.ascii	"\030\023\026\221\334\"\355\220\207\301D\242(U\347\326"
 294      DC22ED90 
 294      87C144A2 
 294      2855E7D6 
 295 05eb 4E85635C 		.ascii	"N\205c\\\313\011\315\037_PJ\204\216H\204\216\344\267"
 295      CB09CD1F 
 295      5F504A84 
 295      8E48848E 
 295      E4B7
 296 05fd 1F13ADA4 		.ascii	"\037\023\255\244\222Di:\312\345\027\255\344t\336R\341"
 296      9244693A 
 296      CAE517AD 
 296      E474DE52 
 296      E1
 297 060e 66A67C7C 		.ascii	"f\246||\256\340\251\247Dy2(O\021)\277\364\342v\232\032"
 297      AEE0A9A7 
 297      44793228 
 297      4F1129BF 
 297      F4E2769A 
 298 0623 7733A14B 		.ascii	"w3\241K\245w\317HW0\251\022\241\222\320\202~W\241Gi"
 298      A577CF48 
 298      5730A912 
 298      A192D082 
 298      7E57A147 
 299 0638 228F8E71 		.ascii	"\"\217\216q\036)\"\313\247\016A\213[\247\241\266J\274"
 299      1E2922CB 
 299      A70E418B 
 299      5BA7A1B6 
 299      4ABC
 300 064a 526A3647 		.ascii	"Rj6Gi\210\323(\001\364f\210\004\007\354&\226\336$\327"
 300      6988D328 
 300      01F46688 
 300      0407EC26 
 300      96DE24D7 
 301 065e 50DADBF9 		.ascii	"P\332\333\371>\225\341\270O\211\272\317A\371F:N\323"
 301      3E95E1B8 
 301      4F89BACF 
 301      41F9463A 
 301      4ED3
 302 0670 6033B816 		.ascii	"`3\270\026>.\337\204\322\2012\345\202\301g!\327\225"
 302      3E2EDF84 
 302      D28132E5 
 302      82C16721 
 302      D795
 303 0682 0D26C7B8 		.ascii	"\015&\307\270\372s\344\015?\330\017\017>\354\327\340"
 303      FA73E40D 
 303      3FD80F0F 
 303      3EECD7E0 
 304 0692 7D2E3451 		.ascii	"}.4Q\303\323\225\305\032/\307fO87KV\214\227\343+\265"
 304      C3D395C5 
 304      1A2FC766 
 304      4F38374B 
 304      568C97E3 
 305 06a8 6C912417 		.ascii	"l\221$\027,\3156\260\245YVYa\036)\277\037\223\005/\026"
 305      2CCD36B0 
ARM GAS  /tmp/cceHETOa.s 			page 24


 305      A5595659 
 305      611E29BF 
 305      1F93052F 
 306 06bd AC857ECC 		.ascii	"\254\205~\314\326Bi\323\243\345*\234\300\2348\235\336"
 306      D64269D3 
 306      A3E52A9C 
 306      C09C389D 
 306      DE
 307 06ce 34E8C6D6 		.ascii	"4\350\306\326B\361\026\263r\263\014\345\200\017\331"
 307      42F116B3 
 307      72B30CE5 
 307      800FD9
 308 06dd 72F0214F 		.ascii	"r\360!ONE\210\013\271\360\354\244\234\256\326V#\307"
 308      4E45880B 
 308      B9F0ECA4 
 308      9CAED656 
 308      23C7
 309 06ef 265D7026 		.ascii	"&]p&\223\256\276\222\030 i\352\323 \227/j\352G\243\013"
 309      93AEBE92 
 309      182069EA 
 309      D320972F 
 309      6AEA47A3 
 310 0704 451EC2A6 		.ascii	"E\036\302\246\316\027\345\250\200/\276\262\364\314&"
 310      CE17E5A8 
 310      802FBEB2 
 310      F4CC26
 311 0713 2EAE78D2 		.ascii	".\256x\322q\356\3446\244\363\035\311\215,z\247\343\246"
 311      71EEE436 
 311      A4F31DC9 
 311      8D2C7AA7 
 311      E3A6
 312 0725 B4389FD9 		.ascii	"\2648\237\331n8\337?%g\340wIW:\335w\335\003\227\262"
 312      6E38DF3F 
 312      2567E077 
 312      49573ADD 
 312      77DD0397 
 313 073a 77670A9E 		.ascii	"wg\012\236\027\251\025\260y\"k\217\020\005\235\222\032"
 313      17A915B0 
 313      79226B8F 
 313      10059D92 
 313      1A
 314 074b 9A0B3DBF 		.ascii	"\232\013=\277\227H\263m1\257\223\243\035\257YC\225\241"
 314      9748B36D 
 314      31AF93A3 
 314      1DAF5943 
 314      95A1
 315 075d 73F2EFC9 		.ascii	"s\362\357\311P\211\\\301\374\250\277~f\301]\350/\274"
 315      50895CC1 
 315      FCA8BF7E 
 315      66C15DE8 
 315      2FBC
 316 076f 16F85B0A 		.ascii	"\026\370[\012-M\203\003\350\365\226\3361\214\253\231"
 316      2D4D8303 
 316      E8F596DE 
 316      318CAB99 
 317 077f D9D2A196 		.ascii	"\331\322\241\226\003n\316\344P\031\344E(z\270\354v/"
 317      036ECEE4 
ARM GAS  /tmp/cceHETOa.s 			page 25


 317      5019E445 
 317      287AB8EC 
 317      762F
 318 0791 B72D3393 		.ascii	"\267-3\223f\032\311Z\250@\270\307i\004u\245\027\317"
 318      661AC95A 
 318      A840B8C7 
 318      690475A5 
 318      17CF
 319 07a3 69F06DF6 		.ascii	"i\360m\366>f$\273@:\030_\004\023\225\242\324\327=\257"
 319      3E6624BB 
 319      403A185F 
 319      041395A2 
 319      D4D73DAF 
 320 07b7 808ABBCF 		.ascii	"\200\212\273\317\204\316EV\215h$BU\022\241\316\233U"
 320      84CE4556 
 320      8D682442 
 320      5512A1CE 
 320      9B55
 321 07c9 D7457154 		.ascii	"\327EqT\213\332\253"
 321      8BDAAB
 322 07d0 866FAFC1 		.ascii	"\206o\257\301\362\266\\-u\022\036\241\013r\352fZ\357"
 322      F2B65C2D 
 322      75121EA1 
 322      0B72EA66 
 322      5AEF
 323 07e2 D95695D3 		.ascii	"\331V\225\323D\327\221D\327\362\211n]YIW\010\015\325"
 323      44D79144 
 323      D7F2896E 
 323      5D594957 
 323      080DD5
 324 07f5 89127D49 		.ascii	"\211\022}I\220\255\274\363\207\363\335\3612\013d\261"
 324      90ADBCF3 
 324      87F3DDF1 
 324      320B64B1 
 325 0805 A36DD2A9 		.ascii	"\243m\322\251\034\252\207\200\204\242\203\373.6\252"
 325      1CAA8780 
 325      84A283FB 
 325      2E36AA
 326 0814 B0C5958A 		.ascii	"\260\305\225\212\266\216\225o\305\321\354~\242\304r"
 326      B68E956F 
 326      C5D1EC7E 
 326      A2C472
 327 0823 4AE56423 		.ascii	"J\345d#pY\356`#\200J\373\363*\335\361q&\336\222yv\006"
 327      7059EE60 
 327      23804AFB 
 327      F32ADDF1 
 327      7126DE92 
 328 083a CA913137 		.ascii	"\312\22117\273\026\3334NV\354\315rG+\366\326\256'\217"
 328      BB16DB34 
 328      4E56ECCD 
 328      72472BF6 
 328      D6AE278F 
 329 084e F8BD0DA9 		.ascii	"\370\275\015\251\366\247\215\217\237\273\341J\246\256"
 329      F6A78D8F 
 329      9FBBE14A 
 329      A6AE
 330 085c 3063EE18 		.ascii	"0c\356\030\3065\214\031-\250\217r\301\365\21495\037"
ARM GAS  /tmp/cceHETOa.s 			page 26


 330      C6358C19 
 330      2DA88F72 
 330      C1F58C39 
 330      351F
 331 086e 9BCAEDE1 		.ascii	"\233\312\355\3414\300^\274\321v\302\203i\031!\257\037"
 331      34C05EBC 
 331      D176C283 
 331      691921AF 
 331      1F
 332 087f F61D388F 		.ascii	"\366\0358\217\360\025\206\015\037/|\201q;c\232\256\265"
 332      F015860D 
 332      1F2F7C81 
 332      713B639A 
 332      AEB5
 333 0891 3C4192D6 		.ascii	"<A\222\326\357\006\337\256\211Z?\252\346L\000\356g2"
 333      EF06DFAE 
 333      895A3FAA 
 333      E64C00EE 
 333      6732
 334 08a3 E7EE9FBF 		.ascii	"\347\356\237\277\342\"\221\351\221\310\214\224\255\244"
 334      E22291E9 
 334      91C88C94 
 334      ADA4
 335 08b1 88F618D7 		.ascii	"\210\366\030\327E\025s\203\257\230\311\346\205\273*"
 335      45157383 
 335      AF98C9E6 
 335      85BB2A
 336 08c0 FCC055B4 		.ascii	"\374\300U\2643\377\211tg\376\0236T-\264$\345k\361c\006"
 336      33FF8974 
 336      67FE1336 
 336      542DB424 
 336      E56BF163 
 337 08d5 8F3E309A 		.ascii	"\217>0\232\355\352dc)\247\"$\277\267\310\020J\207*E"
 337      EDEA6463 
 337      29A72224 
 337      BFB7C810 
 337      4A872A45 
 338 08e9 73FAE83F 		.ascii	"s\372\350?\012&\216\376\231\017\322\330\304\001\356"
 338      0A268EFE 
 338      990FD2D8 
 338      C401EE
 339 08f8 D055E2A0 		.ascii	"\320U\342\240t\251 X%\256\246\255\317b\313x\271\032"
 339      74A92058 
 339      25AEA6AD 
 339      CF62CB78 
 339      B91A
 340 090a C1346D07 		.ascii	"\3014m\007\267\3153\242!\274\023\354w\220\341\263\233"
 340      B7CD33A2 
 340      21BC13EC 
 340      7790E1B3 
 340      9B
 341 091b 93204E0D 		.ascii	"\223 N\015\301\360\335\0174 \2349f\32260\3757\270\231"
 341      C1F0DD0F 
 341      34209C39 
 341      66D23630 
 341      FD37B899 
 342 092f C3813BDC 		.ascii	"\303\201;\334bo>\246z\320n\252\260\332\351qn\007$\273"
ARM GAS  /tmp/cceHETOa.s 			page 27


 342      626F3EA6 
 342      7AD06EAA 
 342      B0DAE971 
 342      6E0724BB 
 343 0943 ABD2A6B5 		.ascii	"\253\322\246\265x\215fP\2313\275\274\204`\361\004\233"
 343      788D6650 
 343      9933BDBC 
 343      8460F104 
 343      9B
 344 0954 3A36372E 		.ascii	":67.F*\217g]3\323\365\3230\350\350\002]cp\345\225;\233"
 344      462A8F67 
 344      5D33D3F5 
 344      D330E8E8 
 344      025D6370 
 345 096c 1E5BE13D 		.ascii	"\036[\341=\331a\321\001g\2143>\012\206\307\201\356\000"
 345      D961D101 
 345      678C333E 
 345      0A86C781 
 345      EE00
 346 097e DD1506BA 		.ascii	"\335\025\006\272\232\262!\233\337\010^\345\004\234l"
 346      9AB2219B 
 346      DF085EE5 
 346      049C6C
 347 098d 04013D94 		.ascii	"\004\001=\224\262\236\241\033 -\355\022\270`Be\370\276"
 347      B29EA11B 
 347      202DED12 
 347      B8604265 
 347      F8BE
 348 099f 8D6CFE25 		.ascii	"\215l\376%\2554\342D;?\377\026\305&wk\275\034\207R\365"
 348      AD34E244 
 348      3B3FFF16 
 348      C526776B 
 348      BD1C8752 
 349 09b4 EDA18074 		.ascii	"\355\241\200t\316\213\3249-.W\321j\314\354\254\356\302"
 349      CE8BD439 
 349      2D2E57D1 
 349      6ACCECAC 
 349      EEC2
 350 09c6 B88E322E 		.ascii	"\270\2162.\355\2457\017\310\311\356e\223p\003\003C\300"
 350      EDA5370F 
 350      C8C9EE65 
 350      93700303 
 350      43C0
 351 09d8 79D05E44 		.ascii	"y\320^DZ\351\036h\237\342\264\317\200\326\373@\017\200"
 351      5AE91E68 
 351      9FE2B4CF 
 351      80D6FB40 
 351      0F80
 352 09ea 1E024D0B 		.ascii	"\036\002M\0137\001W\222\225g\356\264\302\2226\372]\004"
 352      37015792 
 352      9567EEB4 
 352      C29236FA 
 352      5D04
 353 09fc CB417485 		.ascii	"\313At\205\023\264\255X\354\267\266\023\251op;\347&"
 353      13B4AD58 
 353      ECB7B613 
 353      A96F703B 
ARM GAS  /tmp/cceHETOa.s 			page 28


 353      E726
 354 0a0e 4841A304 		.ascii	"HA\243\004\337c\207\357H{=\323\232\340b\016n\313\330"
 354      DF6387EF 
 354      487B3DD3 
 354      9AE0620E 
 354      6ECBD8
 355 0a21 35FB9D73 		.ascii	"5\373\235s\232m\033?\351\004\3157\007\370\337\221\362"
 355      9A6D1B3F 
 355      E904CD37 
 355      07F8DF91 
 355      F2
 356 0a32 DA213381 		.ascii	"\332!3\201O\000\256\215\303\363I\026Wui\365*,\205\307"
 356      4F00AE8D 
 356      C3F34916 
 356      577569F5 
 356      2A2C85C7 
 357 0a46 593E07D6 		.ascii	"Y>\007\326J\313\225^\216\2237\373\347\223\007\032\366"
 357      4ACB955E 
 357      8E9337FB 
 357      E793071A 
 357      F6
 358 0a57 DFCE4B76 		.ascii	"\337\316Kv\307\217\250:E\322L4l\243\274\354\333\243"
 358      C78FA83A 
 358      45D24C34 
 358      6CA3BCEC 
 358      DBA3
 359 0a69 061CAFA6 		.ascii	"\006\034\257\246\216<\341\364=\005\035s@\363\302\212"
 359      8E3CE1F4 
 359      3D051D73 
 359      40F3C28A 
 360 0a79 ED3CAEEC 		.ascii	"\355<\256\354<\305\355+\312\271,=\021\305]$\027\257"
 360      3CC5ED2B 
 360      CAB92C3D 
 360      11C55D24 
 360      17AF
 361 0a8b 3217AEFE 		.ascii	"2\027\256\376\000\014\221Fx\004\270\012\016\317G 9\033"
 361      000C9146 
 361      7804B80A 
 361      0ECF4720 
 361      391B
 362 0a9d 696AB725 		.ascii	"ij\267%\365\261\023\345|\321.\355}^\256\304%n4Mqm\251"
 362      F5B113E5 
 362      7CD12EED 
 362      7D5EAEC4 
 362      256E344D 
 363 0ab4 CD1A2F87 		.ascii	"\315\032/\2071\241\005N\221\203\260\222\260&<\276\244"
 363      31A1054E 
 363      9183B092 
 363      B0263CBE 
 363      A4
 364 0ac5 54C19FE8 		.ascii	"T\301\237\350\320\017Wp\025\312\252\234V3-\2709\230"
 364      D00F5770 
 364      15CAAA9C 
 364      56332DB8 
 364      3998
 365 0ad7 A46E906D 		.ascii	"\244n\220m-h\341O!\354*\002$\206N\375\200\235\245\304"
 365      2D68E14F 
ARM GAS  /tmp/cceHETOa.s 			page 29


 365      21EC2A02 
 365      24864EFD 
 365      809DA5C4 
 366 0aeb 032C5CCE 		.ascii	"\003,\\\316\340\316\217^:\362\326\037\262\230\363\276"
 366      E0CE8F5E 
 366      3AF2D61F 
 366      B298F3BE 
 367 0afb 42A7E4EC 		.ascii	"B\247\344\354\350\205\300m+\002o\273\002\272\377\001"
 367      E885C06D 
 367      2B026FBB 
 367      02BAFF01 
 368 0b0b 2CD78F7E 		.ascii	",\327\217~\205\026\001u\226Snk\266*;\345M\247\005g-"
 368      85160175 
 368      96536E6B 
 368      B62A3BE5 
 368      4DA70567 
 369 0b20 FB9CF822 		.ascii	"\373\234\370\"=\3309\003\346\013Ii\235\346D\350&\036"
 369      3DD83903 
 369      E60B4969 
 369      9DE644E8 
 369      261E
 370 0b32 F2B50C64 		.ascii	"\362\265\014d\301\233\320\022\\W\200\366\302\3753\270"
 370      C19BD012 
 370      5C5780F6 
 370      C2FD33B8 
 371 0b42 AE0299E1 		.ascii	"\256\002\231\341>\024\350\271\260Tz\0136\260dt#\030"
 371      3E14E8B9 
 371      B0547A0B 
 371      36B06474 
 371      2318
 372 0b54 DD90BD03 		.ascii	"\335\220\275\003M\366\235\365\370\367\031\274\200\033"
 372      4DF69DF5 
 372      F8F719BC 
 372      801B
 373 0b62 F4C570BB 		.ascii	"\364\305p\2732\351(\024\234Z]q\242\\0\026.\234\371>"
 373      32E92814 
 373      9C5A5D71 
 373      A25C3016 
 373      2E9CF93E 
 374 0b76 9B522E83 		.ascii	"\233R.\2033u\022|\255]C\256\236\346\372j\030\300\236"
 374      3375127C 
 374      AD5D43AE 
 374      9EE6FA6A 
 374      18C09E
 375 0b89 72702703 		.ascii	"rp'\003\007\251qhH\012\317\002\330!.q\374\226E8!\222"
 375      07A97168 
 375      480ACF02 
 375      D8212E71 
 375      FC964538 
 376 0b9f 4DC8DE96 		.ascii	"M\310\336\226b\214WY\321\236\353\274\337cW\264\326\006"
 376      628C5759 
 376      D19EEBBC 
 376      DF6357B4 
 376      D606
 377 0bb1 08C37F71 		.ascii	"\010\303\177q\003\220UakI\242\350\330`\037\026\006\034"
 377      03905561 
 377      6B49A2E8 
ARM GAS  /tmp/cceHETOa.s 			page 30


 377      D8601F16 
 377      061C
 378 0bc3 8EC9BA83 		.ascii	"\216\311\272\203\\\000\273\267\264bL\264\013\311\022"
 378      5C00BBB7 
 378      B4624CB4 
 378      0BC912
 379 0bd2 25278261 		.ascii	"%'\202a#(\2667\274\347)\026b\347DGD\221\014\033I\261"
 379      2328B637 
 379      BCE72916 
 379      62E74447 
 379      44910C1B 
 380 0be8 998323B5 		.ascii	"\231\203#\265n\243h\030\311\3113\224\362%\222\221\177"
 380      6EA36818 
 380      C9C93394 
 380      F2259291 
 380      7F
 381 0bf9 E40F5B2E 		.ascii	"\344\017[.\221+\"\367\204\326\370\017\"\037\016\307"
 381      912B22F7 
 381      84D6F80F 
 381      221F0EC7 
 382 0c09 2E04C09E 		.ascii	".\004\300\236\261\013\377\207=\223sZ\210\025\252\226"
 382      B10BFF87 
 382      3D93735A 
 382      8815AA96 
 383 0c19 C930ED94 		.ascii	"\3110\355\224\025\250f\357\021\367\236W\302\004\230"
 383      15A866EF 
 383      11F79E57 
 383      C20498
 384 0c28 573641EE 		.ascii	"W6A\356\221\2343'\224@\022\217m\012eV\245\374\207\273"
 384      919C3327 
 384      9440128F 
 384      6D0A6556 
 384      A5FC87BB 
 385 0c3c 27C7D72F 		.ascii	"'\307\327/b\216{\214\241\221Ph\355\256\204\003\277\177"
 385      628E7B8C 
 385      A1915068 
 385      EDAE8403 
 385      BF7F
 386 0c4e 0BBD1AFF 		.ascii	"\013\275\032\377\246\214\326B\315bI\273\006g\252\235"
 386      A68CD642 
 386      CD6249BB 
 386      0667AA9D 
 387 0c5e EE728AAF 		.ascii	"\356r\212\257%+\350#2\\Dc\3720\343\346\263\237KV\241"
 387      252BE823 
 387      325C4463 
 387      FA30E3E6 
 387      B39F4B56 
 388 0c73 A472C4FB 		.ascii	"\244r\304\373\314\322\252\341\027\242C\216XQ5\304an"
 388      CCD2AAE1 
 388      17A2438E 
 388      585135C4 
 388      616E
 389 0c85 157AEA64 		.ascii	"\025z\352d\362E\027j\003\036\241\030f\243n$f\011\303"
 389      F245176A 
 389      031EA118 
 389      66A36E24 
 389      6609C3
ARM GAS  /tmp/cceHETOa.s 			page 31


 390 0c98 D2F30D58 		.ascii	"\322\363\015X\215\"\301R\364\015\346jd\376\315\002%"
 390      8D22C152 
 390      F40DE66A 
 390      64FECD02 
 390      25
 391 0ca9 3EC3989E 		.ascii	">\303\230\236\352\260\031OU81dn0c\250\347\237nD\357"
 391      EAB0194F 
 391      55383164 
 391      6E3063A8 
 391      E79F6E44 
 392 0cbe 42352780 		.ascii	"B5'\200O\207\261\212\372\204\016\341\215\350 \246\373"
 392      4F87B18A 
 392      FA840EE1 
 392      8DE820A6 
 392      FB
 393 0ccf 86C5BBA7 		.ascii	"\206\305\273\247\036z\342\013L\272:\355B\266C\351D'"
 393      1E7AE20B 
 393      4CBA3AED 
 393      42B643E9 
 393      4427
 394 0ce1 D28D4D39 		.ascii	"\322\215M9]X\270\245:\002 \333\010\232\204aO\025\217"
 394      5D58B8A5 
 394      3A0220DB 
 394      089A8461 
 394      4F158F
 395 0cf4 B93D95A5 		.ascii	"\271=\225\245\246;\012\3770\303<2\002\353\273[\312\224"
 395      A63B0AFF 
 395      30C33C32 
 395      02EBBB5B 
 395      CA94
 396 0d06 860898C7 		.ascii	"\206\010\230\307\320/\011\012\035\000\003\\\272\310"
 396      D02F090A 
 396      1D00035C 
 396      BAC8
 397 0d14 BD0CEDC7 		.ascii	"\275\014\355\307c\010E\341Q\322\256G\361\017\311)_b"
 397      630845E1 
 397      51D2AE47 
 397      F10FC929 
 397      5F62
 398 0d26 E4821287 		.ascii	"\344\202\022\207\271SO\243\212\312\322\335i\242\310"
 398      B9534FA3 
 398      8ACAD2DD 
 398      69A2C8
 399 0d35 E8C61A28 		.ascii	"\350\306\032(q\351\311\274\312\232\274\024\226\274\343"
 399      71E9C9BC 
 399      CA9ABC14 
 399      96BCE3
 400 0d44 4DE7C355 		.ascii	"M\347\303U\316=L#\036\246\362\036^\261\024\335\321p"
 400      CE3D4C23 
 400      1EA6F21E 
 400      5EB114DD 
 400      D170
 401 0d56 1ED66F86 		.ascii	"\036\326o\206\325\033\344\301,' \224,p0\331\336\301"
 401      D51BE4C1 
 401      2C272094 
 401      2C7030D9 
 401      DEC1
ARM GAS  /tmp/cceHETOa.s 			page 32


 402 0d68 63D4C1F2 		.ascii	"c\324\301\362Ki\267\324\370(sp\361\326\360\317\254\276"
 402      4B69B7D4 
 402      F8287370 
 402      F1D6F0CF 
 402      ACBE
 403 0d7a 30FFEED4 		.ascii	"0\377\356\324\356\253\321\012]!3\203\315\225\014\342"
 403      EEABD10A 
 403      5D213383 
 403      CD950CE2 
 404 0d8a CA71DE95 		.ascii	"\312q\336\225\363-\263\023J\316\225\325\374u0\225\344"
 404      F32DB313 
 404      4ACE95D5 
 404      FC753095 
 404      E4
 405 0d9b 81DC9B04 		.ascii	"\201\334\233\004\205\322\005\276\244\333\373\222I}\251"
 405      85D205BE 
 405      A4DBFB92 
 405      497DA9
 406 0daa CA2984D9 		.ascii	"\312)\204\331;\337\251/7\026\257\226{8OK6\361%\213\367"
 406      3BDFA92F 
 406      3716AF96 
 406      7B384F4B 
 406      36F1258B 
 407 0dbf 657F75F3 		.ascii	"e\177u\363\250\234\370\002C\355\360\254\262\315\262"
 407      A89CF802 
 407      43EDF0AC 
 407      B2CDB2
 408 0dce 3FC69C89 		.ascii	"?\306\234\211(\012\235\020\370\002\367\254\273\345P"
 408      280A9D10 
 408      F802F7AC 
 408      BBE550
 409 0ddd 1FE696DB 		.ascii	"\037\346\226\333\017x\340g\314\207\376}\305\261\222"
 409      0F78E067 
 409      CC87FE7D 
 409      C5B192
 410 0dec 3D9E0CE5 		.ascii	"=\236\014\345b\321\351\374\311\245d\351\231!Y=\210q"
 410      62D1E9FC 
 410      C9A564E9 
 410      9921593D 
 410      8871
 411 0dfe 571E149E 		.ascii	"W\036\024\236\024\035\003\344\211\272\323)\276;\245"
 411      141D03E4 
 411      89BAD329 
 411      BE3BA5
 412 0e0d 750F4CBB 		.ascii	"u\017L\273\262.k\215|iry\325\371)@>\011\3744\037\370"
 412      B22E6B8D 
 412      7C697279 
 412      D5F92940 
 412      3E09FC34 
 413 0e23 B9C69C3A 		.ascii	"\271\306\234:\304\005>\033\351z\241r\244+4~\003E\241"
 413      C4053E1B 
 413      E97AA172 
 413      A42B347E 
 413      0345A1
 414 0e36 9382C04F 		.ascii	"\223\202\300O\362\201\027\320\300\217\206g?s\3035\032"
 414      F28117D0 
 414      C08F8667 
ARM GAS  /tmp/cceHETOa.s 			page 33


 414      3F73C335 
 414      1A
 415 0e47 67234984 		.ascii	"g#I\204%<La-\3363\254P+\332\016>\3268\365\253\210\370"
 415      253C4C61 
 415      2DDE33AC 
 415      502BDA0E 
 415      3ED638F5 
 416 0e5e 7596F76B 		.ascii	"u\226\367k\245\177\365\254\033\347\327\203\216\315\371"
 416      A57FF5AC 
 416      1BE7D783 
 416      8ECDF9
 417 0e6d A5E63025 		.ascii	"\245\3460%\201\240B\201S\205\274S\305\324\251\212\321"
 417      81A04281 
 417      5385BC53 
 417      C5D4A98A 
 417      D1
 418 0e7e ABBB713B 		.ascii	"\253\273q;\363\251\361\326\364\254\364\333\022r\374"
 418      F3A9F1D6 
 418      F4ACF4DB 
 418      1272FC
 419 0e8d 7F4E94E7 		.ascii	"\177N\224\347\266\244\303O]\360\020\023zv\261\353\222"
 419      B6A4C34F 
 419      5DF01013 
 419      7A76B1EB 
 419      92
 420 0e9e 5622548A 		.ascii	"V\"T\212\355\205J\363\322\216\211f\2762Q\343\224\363"
 420      ED854AF3 
 420      D28E8966 
 420      BE3251E3 
 420      94F3
 421 0eb0 8D335172 		.ascii	"\2153Qr\265\231%\246\334\33289\343\235'\234\237\205"
 421      B59925A6 
 421      DCDA3839 
 421      E39D279C 
 421      9F85
 422 0ec2 5590249C 		.ascii	"U\220$\234\347\223pl6\257Z\301%\241m\345\375T\232\004"
 422      E793706C 
 422      36AF5AC1 
 422      25A16DE5 
 422      FD549A04 
 423 0ed6 80A01241 		.ascii	"\200\240\022A\022J\370$\\\240IxT\322\222\355\201\347"
 423      124AF824 
 423      5CA04978 
 423      54D292ED 
 423      81E7
 424 0ee8 58409396 		.ascii	"X@\223\226\350UD\035 '\244\314\201s1G\236;o\205*\342"
 424      E855441D 
 424      2027A4CC 
 424      81733147 
 424      9E3B6F85 
 425 0efe 4025EFC0 		.ascii	"@%\357\300ZY\303mw\336\201J\334\321\020^\367\357\024"
 425      5A59C36D 
 425      77DE814A 
 425      DCD1105E 
 425      F7EF14
 426 0f11 832E0A3C 		.ascii	"\203.\012<\270\310{PM=\310;90\346\216-Z\352A\354\374"
 426      B8C87B50 
ARM GAS  /tmp/cceHETOa.s 			page 34


 426      4D3DC83B 
 426      3930E68E 
 426      2D5AEA41 
 427 0f27 F805BE1D 		.ascii	"\370\005\276\035\373\376:\305\\/\247\3425\002\361\032"
 427      FBFE3AC5 
 427      5C2FA7E2 
 427      3502F11A 
 428 0f37 5EBC968A 		.ascii	"^\274\226\212G\014\225\246\251p\034\023\257\337\233"
 428      470C95A6 
 428      A9701C13 
 428      AFDF9B
 429 0f46 7541CD89 		.ascii	"uA\315\211/\277a\025\257\023\210\327\361\342\227\330"
 429      2FBF6115 
 429      AF1388D7 
 429      F1E297D8 
 430 0f56 18BADC14 		.ascii	"\030\272\334\024+:\332\216\027\2554\352\331\352\241"
 430      2B3ADA8E 
 430      17AD34EA 
 430      D9EAA1
 431 0f65 9EAE1EEA 		.ascii	"\236\256\036\352\347\027j\265Bl\230\010\333\300\260"
 431      E7176AB5 
 431      426C9808 
 431      DBC0B0
 432 0f74 0D141B37 		.ascii	"\015\024\0337\226\333'\352\220\213\"l#\3036RlJ\331B"
 432      96DB27EA 
 432      908B226C 
 432      23C33652 
 432      6C4AD942 
 433 0f88 965A8815 		.ascii	"\226Z\210\025/\005/3\354e\212Mo8b\026\035\247\221\370"
 433      2F052F33 
 433      EC658A4D 
 433      6F386216 
 433      1DA791F8 
 434 0f9c 04CB4C86 		.ascii	"\004\313L\206"
 435 0fa0 6DA2D8FE 		.ascii	"m\242\330\376\345\313{=q2KMX\346\271\002W'\337\215\\"
 435      E5CB7B3D 
 435      71324B4D 
 435      58E6B902 
 435      5727DF8D 
 436 0fb5 C18EBE1B 		.ascii	"\301\216\276\033\031\234Y>\245\021\232j\026\225m\013"
 436      199C593E 
 436      A5119A6A 
 436      16956D0B 
 437 0fc5 33D5424D 		.ascii	"3\325BM%\246L\274\216\363\230\245\374\250\236=\370\014"
 437      25A64CBC 
 437      8EF398A5 
 437      FCA89E3D 
 437      F80C
 438 0fd7 BB3F71B6 		.ascii	"\273?q\266\267X\351\370 \250\015;8\010B\311\271/`\257"
 438      B758E9F8 
 438      20A80D3B 
 438      380842C9 
 438      B92F60AF 
 439 0feb 5EC9A49B 		.ascii	"^\311\244\233\342\302\242\325\270\2361\267\347NV\270"
 439      E2C2A2D5 
 439      B89E31B7 
 439      E74E56B8 
ARM GAS  /tmp/cceHETOa.s 			page 35


 440 0ffb 3B56D5E1 		.ascii	";V\325\341P"
 440      50
 441 1000 55F542D5 		.ascii	"U\365B\325e\017\334\241\345\366\254\323\343\036\354"
 441      650FDCA1 
 441      E5F6ACD3 
 441      E31EEC
 442 100f 286E03B0 		.ascii	"(n\003\260SM\251\023Zv\024\227AV\020\231\011\3119\032"
 442      534DA913 
 442      5A761497 
 442      41561099 
 442      09C9391A 
 443 1023 7C93625D 		.ascii	"|\223b]\016?\232\352\220\036\021@\302\256\301<\337\015"
 443      0E3F9AEA 
 443      901E1140 
 443      C2AEC13C 
 443      DF0D
 444 1035 F33CFD26 		.ascii	"\363<\375&\355:\353\343\350&\254ro\001\365\002\335\000"
 444      ED3AEBE3 
 444      E826AC72 
 444      6F01F502 
 444      DD00
 445 1047 BA8D055B 		.ascii	"\272\215\005[\216\2654\034\225\305\355N\257b5j\305L"
 445      8EB5341C 
 445      95C5ED4E 
 445      AF62356A 
 445      C54C
 446 1059 F05B0E49 		.ascii	"\360[\016I\226s\2619\373]\324\011\350v'h\301\027\367"
 446      9673B139 
 446      FB5DD409 
 446      E8762768 
 446      C117F7
 447 106c FC571AFC 		.ascii	"\374W\032\374Wjb\270\335\036\345>SM\276\214\351\222"
 447      576A62B8 
 447      DD1EE53E 
 447      534DBE8C 
 447      E992
 448 107e A8B63F53 		.ascii	"\250\266?S\033:\312\235\251\021\277{$\360\233\302-D"
 448      1B3ACA9D 
 448      A911BF7B 
 448      24F09BC2 
 448      2D44
 449 1090 7961CA6E 		.ascii	"ya\312n/\307\251\332\377\347SEV\002\351\261'ECd\237"
 449      2FC7A9DA 
 449      FFE75345 
 449      5602E9B1 
 449      27454364 
 450 10a5 C8583FAB 		.ascii	"\310X?\253\265~Zk\013SW\337\020B+D=`\200A\007(4\376"
 450      B57E5A6B 
 450      0B5357DF 
 450      10422B44 
 450      3D608041 
 451 10bd F1C41151 		.ascii	"\361\304\021Q/,\022a\007\031v\220b\243c\022\027=Y\205"
 451      2F2C1261 
 451      07197690 
 451      62A36312 
 451      173D5985 
 452 10d1 3C232EDD 		.ascii	"<#.\335\232\012?\241\300C\254|\366\307\224&y\342{\214"
ARM GAS  /tmp/cceHETOa.s 			page 36


 452      9A0A3FA1 
 452      C043AC7C 
 452      F6C79426 
 452      79E27B8C 
 453 10e5 39D83497 		.ascii	"9\3304\227\245\301\363\214I\315\037\271\346\211W\030"
 453      A5C1F38C 
 453      49CD1FB9 
 453      E6895718 
 454 10f5 D3D77577 		.ascii	"\323\327uw\306\305\351\267\012cX\364\255\202\"\254q"
 454      C6C5E9B7 
 454      0A6358F4 
 454      AD8222AC 
 454      71
 455 1106 39D3FEE0 		.ascii	"9\323\376\340Cp\\(C\343\\\336& Ww\201\356\011K\253\263"
 455      43705C28 
 455      43E35CDE 
 455      26205777 
 455      81EE094B 
 456 111c CD75E841 		.ascii	"\315u\350A8+-\230HGA\371\370\2676h\307 w\266w\007\263"
 456      382B2D98 
 456      484741F9 
 456      F8B73668 
 456      C72077B6 
 457 1133 63120770 		.ascii	"c\022\007pAe\015o\330k1\303\346\236\254\203F8\345l\361"
 457      41650D6F 
 457      D86B31C3 
 457      E69EAC83 
 457      4638E56C 
 458 1148 6BB77F2C 		.ascii	"k\267\177,\211\236x\302\375\204\355\021\341\347\022"
 458      899E78C2 
 458      FD84ED11 
 458      E1E712
 459 1157 63A69478 		.ascii	"c\246\224x\300\203\375\326'=?\324\023O1\246\366Ak.v"
 459      C083FDD6 
 459      273D3FD4 
 459      134F31A6 
 459      F6416B2E 
 460 116c DC85EF3B 		.ascii	"\334\205\357;\354\302\235\267#\352\224x\236I7\304\327"
 460      ECC29DB7 
 460      23EA9478 
 460      9E4937C4 
 460      D7
 461 117d 5D726176 		.ascii	"]rav&\351\\<\371\342\231\026\233=\331\257p\012\263\227"
 461      26E95C3C 
 461      F9E29916 
 461      9B3DD9AF 
 461      700AB397 
 462 1191 5CF001C6 		.ascii	"\\\360\001\306\360\007\355\353\271\203\366\366\276\204"
 462      F007EDEB 
 462      B983F6F6 
 462      BE84
 463 119f 384F9CC8 		.ascii	"8O\234\310^\306\214\317\237S\342l\3064\2556e*p)c\"^"
 463      5EC68CCF 
 463      9F53E26C 
 463      C634AD36 
 463      652A7029 
 464 11b6 ACC4C170 		.ascii	"\254\304\301p\303\230\373\007\333.jq\007c\022\246\343"
ARM GAS  /tmp/cceHETOa.s 			page 37


 464      C398FB07 
 464      DB2E6A71 
 464      076312A6 
 464      E3
 465 11c7 FE0BF7B1 		.ascii	"\376\013\367\261\373\314\236\250:\265\223b_\300/S\354"
 465      FBCC9EA8 
 465      3AB59362 
 465      5FC02F53 
 465      EC
 466 11d8 770F4EDF 		.ascii	"w\017N\337w\305\217\230\272\203k\331\327\335\360\002"
 466      77C58F98 
 466      BA836BD9 
 466      D7DDF002 
 467 11e8 636ACE1E 		.ascii	"cj\316\036\212u\307\313\214\211\215\267\364H\277\235"
 467      8A75C7CB 
 467      8C898DB7 
 467      F448BF9D 
 468 11f8 5D0613CF 		.ascii	"]\006\023\317E\313\213S\011W;\255\337\333\2079\3075"
 468      45CB8B53 
 468      09573BAD 
 468      DFDB8739 
 468      C735
 469 120a 255EBD2C 		.ascii	"%^\275,\232\352VD\355\377\202_\206\014\265\326\336\341"
 469      9AEA5644 
 469      EDFF825F 
 469      860CB5D6 
 469      DEE1
 470 121c 7ED71549 		.ascii	"~\327\025I\306\306\356#\365\227\271\261\262N\225\204"
 470      C6C6EE23 
 470      F597B9B1 
 470      B24E9584 
 471 122c 3DD30EE5 		.ascii	"=\323\016\345<\324\210N\247\330\001\025\024M\375\247"
 471      3CD4884E 
 471      A7D80115 
 471      144DFDA7 
 472 123c 6C3422AB 		.ascii	"l4\"\253\270'\340\300>\205\320\302#lw|\334.8\002!\203"
 472      B827E0C0 
 472      3E85D0C2 
 472      236C777C 
 472      DC2E3802 
 473 1252 9718DE63 		.ascii	"\227\030\336c?2N\\]\227C\361\340*Z\222\250\267+\340"
 473      3F324E5C 
 473      5D9743F1 
 473      E02A5A92 
 473      A8B72BE0 
 474 1266 99AB2E36 		.ascii	"\231\253.6g\236J\320\275\366\332\233n\377\200\035O="
 474      679E4AD0 
 474      BDF6DA9B 
 474      6EFF801D 
 474      4F3D
 475 1278 80F16E56 		.ascii	"\200\361nV\202\237\266:/:\034Y\203\246_%M\337\300\371"
 475      829FB63A 
 475      2F3A1C59 
 475      83A65F25 
 475      4DDFC0F9 
 476 128c 4F7FBCA1 		.ascii	"O\177\274\241\330\204\"\200b\200,@Q@\241@\221@f\240"
 476      D8842280 
ARM GAS  /tmp/cceHETOa.s 			page 38


 476      62802C40 
 476      5140A140 
 476      914066A0 
 477 12a0 FD406140 		.ascii	"\375@a@\321@\341@\007\200b\025\202\276}\355?\230\353"
 477      D140E140 
 477      07806215 
 477      82BE7DED 
 477      3F98EB
 478 12b3 C4958712 		.ascii	"\304\225\207\022W&\261\223H\311A\3253\307y\021\234\332"
 478      5726B193 
 478      48C941D5 
 478      33C77911 
 478      9CDA
 479 12c5 F57690B3 		.ascii	"\365v\220\263!r\376\311\237\333\021\274\355\334\316"
 479      2172FEC9 
 479      9FDB11BC 
 479      EDDCCE
 480 12d4 FE54D9AA 		.ascii	"\376T\331\252\236\234l\315I\324\333\237Y7\335\022\344"
 480      9E9C6CCD 
 480      49D4DB9F 
 480      5937DD12 
 480      E4
 481 12e5 F1B19322 		.ascii	"\361\261\223\"\020~)\360\237\266X\247\234\304*\200\337"
 481      107E29F0 
 481      9FB658A7 
 481      9CC42A80 
 481      DF
 482 12f6 FFD2069F 		.ascii	"\377\322\006\237q\322J\202`\301y\366\223\202E(\366y"
 482      71D24A82 
 482      60C179F6 
 482      93824528 
 482      F679
 483 1308 0ECFF757 		.ascii	"\016\317\367W\351/\020\206\206\325\014NF\273a\016n\033"
 483      E92F1086 
 483      86D50C4E 
 483      46BB610E 
 483      6E1B
 484 131a 9087AC99 		.ascii	"\220\207\254\231'\253\345\260\323:\321y\226\310\223"
 484      27ABE5B0 
 484      D33AD179 
 484      96C893
 485 1329 38059D5B 		.ascii	"8\005\235[\340\002\320\347\215\261%\242\351-_4\017\305"
 485      E002D0E7 
 485      8DB125A2 
 485      E92D5F34 
 485      0FC5
 486 133b 336C3CC5 		.ascii	"3l<\305&_\356O\022}?'\376I\332A\206=H\261\031\343\207"
 486      265FEE4F 
 486      127D3F27 
 486      FE49DA41 
 486      863D48B1 
 487 1352 2F88BA74 		.ascii	"/\210\272t\266H\357!\206=D\261\315\035S\031\030\037"
 487      B648EF21 
 487      863D44B1 
 487      CD1D5319 
 487      181F
 488 1364 5CC77E75 		.ascii	"\\\307~u\230\023\373#\311\320B~asX!\0342.\316\025\256"
ARM GAS  /tmp/cceHETOa.s 			page 39


 488      9813FB23 
 488      C9D0427E 
 488      61735821 
 488      1C322ECE 
 489 137a AA2438B2 		.ascii	"\252$8\262\\\024\343\036\337\313\037\024\371\234(\312"
 489      5C14E31E 
 489      DFCB1F14 
 489      F99C28CA 
 490 138a C5110537 		.ascii	"\305\021\0057\264<-Y\254b\373<x\304m0\262nV}\345t\177"
 490      B43C2D59 
 490      AC62FB3C 
 490      78C46D30 
 490      B26E567D 
 491 13a1 715401FB 		.ascii	"qT\001\373\213$\005\267\277()\356_p\201\345}\335\010"
 491      8B2405B7 
 491      BF2829EE 
 491      5F7081E5 
 491      7DDD08
 492 13b4 5D590DEF 		.ascii	"]Y\015\357;\000\323_\250\371\227\277&8\224\240\260\255"
 492      3B00D35F 
 492      A8F997BF 
 492      263894A0 
 492      B0AD
 493 13c6 F2E15E7C 		.ascii	"\362\341^|\010\220\254\370\241\314c\207\301\364y\310"
 493      0890ACF8 
 493      A1CC6387 
 493      C1F479C8 
 494 13d6 56A3AFC1 		.ascii	"V\243\257\301\177\253\336`\374\205\367\216\340@\275"
 494      7FABDE60 
 494      FC85F78E 
 494      E040BD
 495 13e5 F74E7F93 		.ascii	"\367N\177\223\367\207\237\177\344\363\331\207[>\362"
 495      F7879F7F 
 495      E4F3D987 
 495      5B3EF2
 496 13f4 FEF013FF 		.ascii	"\376\360\023\377\317\202\337\376p\347N\243w\240\277"
 496      CF82DFFE 
 496      70E74EA3 
 496      77A0BF
 497 1403 9F5F80FE 		.ascii	"\237_\200\376\033\235A\357\035\362\331\027\336F\203"
 497      1B9D41EF 
 497      1DF2D917 
 497      DE4683
 498 1412 AF7788C1 		.ascii	"\257w\210\301\344c\012\336\351\357\373\216\257\352_"
 498      E4630ADE 
 498      E9EFFB8E 
 498      AFEA5F
 499 1421 FEEDB76F 		.ascii	"\376\355\267on\371\331\317d\257\220\207\240\330hU\354"
 499      6EF9D9CF 
 499      64AF9087 
 499      A0D86855 
 499      EC
 500 1432 11A8371A 		.ascii	"\021\2507\032u\333\365[\202C\202Lz\203'\001p\217\374"
 500      75DBF55B 
 500      8243824C 
 500      7A832701 
 500      708FFC
ARM GAS  /tmp/cceHETOa.s 			page 40


 501 1445 FD7C4CDA 		.ascii	"\375|L\332\000\235Io4}\302\236\270\013\336j\005\367"
 501      009D496F 
 501      347DC29E 
 501      B80BDE6A 
 501      05F7
 502 1457 3EA67581 		.ascii	">\246u\201\272 ?\235)\330\260\207\203*\214\376\177\324"
 502      BA203F9D 
 502      29D8B087 
 502      832A8CFE 
 502      7FD4
 503 1469 BB903F3E 		.ascii	"\273\220?>&\327\235\272=\001\301:?\205\311?P\257\325"
 503      26D79DBA 
 503      3D01C13A 
 503      3F85C93F 
 503      50AFD5
 504 147c 051B7DC8 		.ascii	"\005\033}\310\215\321\244\013\334\251\012\361\0172\375"
 504      8DD1A40B 
 504      DCA90AF1 
 504      0F32FD
 505 148b DDFB3EA6 		.ascii	"\335\373>\246\357\277\363\2167\374\367\015\206\010\374"
 505      EFBFF38E 
 505      37FCF70D 
 505      8608FC
 506 149a 837CBD79 		.ascii	"\203|\275y\324;;d\032b)\330\370\005p>&\271\277\237\""
 506      D43B3B64 
 506      1A6229D8 
 506      F805703E 
 506      26B9BF9F 
 507 14af 48BFDBE4 		.ascii	"H\277\333\344\025\024\022\370k\203iKp\2201$\020\362"
 507      151412F8 
 507      6B83694B 
 507      70903124 
 507      10F2
 508 14c1 F3B17E9B 		.ascii	"\363\261~\233\351\237\276S\216\210\025A\014`\310\035"
 508      E99FBE53 
 508      8E881541 
 508      0C60C81D 
 509 14d1 32F3993E 		.ascii	"2\363\231>@\2573\352\375\326\373\006\007\371\371\233"
 509      40AF33EA 
 509      FDD6FB06 
 509      07F9F99B 
 510 14e1 FC83837C 		.ascii	"\374\203\203|v\351\014\376\272\255\001z\345\037B\364"
 510      76E90CFE 
 510      BAAD017A 
 510      E51F42F4 
 511 14f1 217A95EF 		.ascii	"!z\225\357\016\037z\243\346o|L\212\235\006\375\256\267"
 511      0E1F7AA3 
 511      E66F7C4C 
 511      8A9D06FD 
 511      AEB7
 512 1503 59045FEB 		.ascii	"Y\004_\353\015A\372\000\357-;\374\267\372\177\372\271"
 512      0D41FA00 
 512      EF2D3BFC 
 512      B7FA7FFA 
 512      B9
 513 1514 77B0D1DB 		.ascii	"w\260\321\333`\"\266\002B\374\364\336\276;\002\374\215"
 513      6022B602 
ARM GAS  /tmp/cceHETOa.s 			page 41


 513      42FCF4DE 
 513      BE3B02FC 
 513      8D
 514 1525 2623D87A 		.ascii	"&#\330z\353\245\320\304\011\000{\262\014@\260~\340\214"
 514      EBA5D0C4 
 514      09007BB2 
 514      0C40B07E 
 514      E08C
 515 1537 8FE91516 		.ascii	"\217\351\025\026\274\240<\334\364\273L\237\007\207\030"
 515      BCA03CDC 
 515      F4BB4C9F 
 515      078718
 516 1546 7CF51AFD 		.ascii	"|\365\032\375.}\220\311\307H\031\017\306\020\243\372"
 516      2E7D90C9 
 516      C748190F 
 516      C610A3FA 
 517 1556 20BD619D 		.ascii	" \275a\235\230\3651\275\363R^P)\342\264\027\363\343"
 517      98F531BD 
 517      F3525E50 
 517      29E2B417 
 517      F3E3
 518 1568 23C2336B 		.ascii	"#\3023k\020{@\260\357\327\312\340o@\237\033d\304\264"
 518      107B40B0 
 518      EFD7CAE0 
 518      6F409F1B 
 518      64C4B4
 519 157b C3A0D7F9 		.ascii	"\303\240\327\371\251\330\305\307D\262\025\030b\322\357"
 519      A9D8C5C7 
 519      44B21518 
 519      62D2EF
 520 158a 76A57F7D 		.ascii	"v\245\177}L\177\373R\026\003M\273\301\234\226\231\373"
 520      4C7FFB52 
 520      16034DBB 
 520      C19C9699 
 520      FB
 521 159b 84496AAD 		.ascii	"\204Ij\255\005M\012\323\315\312\251\376\300j\303\240"
 521      054D0AD3 
 521      CDCAA9FE 
 521      C06AC3A0 
 522 15ab F2D50504 		.ascii	"\362\325\005\004l\325\371~\375\252\255`\014[\270g>&"
 522      6CD5F97E 
 522      FDAAAD60 
 522      0C5BB867 
 522      3E26
 523 15bd 252927C3 		.ascii	"%)'\303:ph\227\277\301\024\242\013\240\365e\360\024"
 523      3A706897 
 523      BFC114A2 
 523      0BA0F565 
 523      F014
 524 15cf 71E0F12E 		.ascii	"q\340\361.\323\266\220 _\270\361'\035b\227.`=\251\305"
 524      D3B69020 
 524      5FB8F127 
 524      1D62972E 
 524      603DA9C5 
 525 15e3 80E0A0ED 		.ascii	"\200\340\240\355\374\003\037\223\273\311\340\277}\273"
 525      FC031F93 
 525      BBC9E0BF 
ARM GAS  /tmp/cceHETOa.s 			page 42


 525      7DBB
 526 15f1 DE40643C 		.ascii	"\336@d<E\005\015\025\272\313\204w\352\014\012\242E\351"
 526      45050D15 
 526      BACB8477 
 526      EA0C0AA2 
 526      45E9
 527 1603 4772AD05 		.ascii	"Gr\255\005\233~\372\000\223\216f\336S\304\201_\224\321"
 527      9B7EFA00 
 527      938E66DE 
 527      53C4815F 
 527      94D1
 528 1615 1AF7186D 		.ascii	"\032\367\030m\372]\014z\322a\274_*Y\301[\377[\357K\333"
 528      FA5D0C7A 
 528      D261BC5F 
 528      2A59C15B 
 528      FF5BEF4B 
 529 162a C78D77C5 		.ascii	"\307\215w\305\340\352\273\025|\320\005nt\322\255\014"
 529      E0EABB15 
 529      7CD0056E 
 529      74D2AD0C 
 530 163a A4DCAD0C 		.ascii	"\244\334\255\014i'\2067~\360\322}H\007\274\017d:\330"
 530      69278637 
 530      7EF0D27D 
 530      4807BC0F 
 530      643AD8
 531 164d A80BB035 		.ascii	"\250\013\2605\326\027L\337?\374E]\221\015W\340\231\225"
 531      D6174CDF 
 531      3FFC455D 
 531      910D57E0 
 531      9995
 532 165f 8174BE2F 		.ascii	"\201t\276/S\351\014\201\273\376\376\355@\231\032\342"
 532      53E90C81 
 532      BBFEFEED 
 532      40991AE2 
 533 166f 805A783B 		.ascii	"\200Zx;\360\247tP\370\202 ~\023\344oR\023<\244\337\024"
 533      F0A77450 
 533      F882207E 
 533      13E46F52 
 533      133CA4DF 
 534 1684 62D4D86E 		.ascii	"b\324\330n\277\253\027v\203&\255vj\342C??nT3\256\347"
 534      BFAB1776 
 534      8326AD76 
 534      6AE2433F 
 534      3F6E5433 
 535 169a 9FFD2A64 		.ascii	"\237\375*d\3336\275\341s\030\337H\347\334\002\371\005"
 535      DB36BDE1 
 535      7318DF48 
 535      E7DC02F9 
 535      05
 536 16ab 147DF3DD 		.ascii	"\024}\363\335Fj>t\322B\334XGSH\302z\371\266 \232X\376"
 536      466A3E74 
 536      D242DC58 
 536      475348C2 
 536      7AF9B620 
 537 16c2 695B78C0 		.ascii	"i[x\300=\3471\321\0035O\206\216Oi\235\220\007\033\244"
 537      3DE731D1 
 537      03354F86 
ARM GAS  /tmp/cceHETOa.s 			page 43


 537      8E4F699D 
 537      90071BA4 
 538 16d6 839B0FA9 		.ascii	"\203\233\017\251\313OL\273m w\312\3776\210\364o7z\377"
 538      CB4F4CBB 
 538      6D2077CA 
 538      FF3688F4 
 538      6F377AFF 
 539 16ea 31DC7908 		.ascii	"1\334y\010\207\027(\336m\001\272\355F6\346\320[\250"
 539      871728DE 
 539      6D01BAED 
 539      4636E6D0 
 539      5BA8
 540 16fc 5D365CB8 		.ascii	"]6\\\270\323K\240\316\010]O\305\2178.\337P\220\312\240"
 540      D34BA0CE 
 540      085D4FC5 
 540      8F382EDF 
 540      5090CAA0 
 541 1710 F70DDEA5 		.ascii	"\367\015\336\2457\354\321\356\362\017\206\031\006\034"
 541      37ECD1EE 
 541      F20F8619 
 541      061C
 542 171e D912ECA7 		.ascii	"\331\022\354\247wa%\370\206d\222\362\341\361>\333~\365"
 542      776125F8 
 542      866492F2 
 542      E1F13EDB 
 542      7EF5
 543 1730 1765D7A6 		.ascii	"\027e\327\246\212\344X\277{'\304\250\367\373\014\346"
 543      8AE458BF 
 543      7B27C4A8 
 543      F7FB0CE6 
 544 1740 365A6AD0 		.ascii	"6Zj\320\003u{|L\352@\335\356\217\341Y\220\357\036u\240"
 544      03757B7C 
 544      4CEA40DD 
 544      EE8FE159 
 544      90EF1E75 
 545 1755 7F1077EB 		.ascii	"\177\020w\353\006O\377\325\337\004]\323\303\017\306"
 545      064FFFD5 
 545      DF045DD3 
 545      C30FC6
 546 1764 B400FF20 		.ascii	"\264\000\377 \375\247\333\266\031\365&O~\340\341R\015"
 546      FDA7DBB6 
 546      19F5264F 
 546      7EE0E152 
 546      0D
 547 1775 73A575A6 		.ascii	"s\245u\246\374\315?\273\0138\310\205\351c.\005\257\012"
 547      FCCD3FBB 
 547      0B38C885 
 547      E9632E05 
 547      AF0A
 548 1787 C6D08FAD 		.ascii	"\306\320\217\255\003\261\222\026\035\336\025hz\215\274"
 548      03B19216 
 548      1DDE1568 
 548      7A8DBC
 549 1796 DF0A5390 		.ascii	"\337\012S\220 \374\337}\362\005\264\316G\273L\266\326"
 549      20FCDF7D 
 549      F205B4CE 
 549      47BB4CB6 
ARM GAS  /tmp/cceHETOa.s 			page 44


 549      D6
 550 17a7 F97F11FB 		.ascii	"\371\177\021\373\014/"
 550      0C2F
 551              		.text
 552              		.section	.gnu.lto_.symtab.393ba65660afa60f,"e",%progbits
 553 0000 75727454 		.ascii	"urtTopicInit\000"
 553      6F706963 
 553      496E6974 
 553      00
 554 000d 00       		.ascii	"\000"
 555 000e 00       		.ascii	"\000"
 556 000f 00       		.ascii	"\000"
 557 0010 00000000 		.ascii	"\000\000\000\000\000\000\000\000"
 557      00000000 
 558 0018 98010000 		.ascii	"\230\001\000\000"
 559 001c 75727454 		.ascii	"urtTopicAddMessages\000"
 559      6F706963 
 559      4164644D 
 559      65737361 
 559      67657300 
 560 0030 00       		.ascii	"\000"
 561 0031 00       		.ascii	"\000"
 562 0032 00       		.ascii	"\000"
 563 0033 00000000 		.ascii	"\000\000\000\000\000\000\000\000"
 563      00000000 
 564 003b 9D010000 		.ascii	"\235\001\000\000"
 565 003f 75727454 		.ascii	"urtTopicBufferSize\000"
 565      6F706963 
 565      42756666 
 565      65725369 
 565      7A6500
 566 0052 00       		.ascii	"\000"
 567 0053 00       		.ascii	"\000"
 568 0054 00       		.ascii	"\000"
 569 0055 00000000 		.ascii	"\000\000\000\000\000\000\000\000"
 569      00000000 
 570 005d A1010000 		.ascii	"\241\001\000\000"
 571 0061 75727443 		.ascii	"urtCoreAddTopic\000"
 571      6F726541 
 571      6464546F 
 571      70696300 
 572 0071 00       		.ascii	"\000"
 573 0072 02       		.ascii	"\002"
 574 0073 00       		.ascii	"\000"
 575 0074 00000000 		.ascii	"\000\000\000\000\000\000\000\000"
 575      00000000 
 576 007c A5010000 		.ascii	"\245\001\000\000"
 577 0080 75727454 		.ascii	"urtTimerInit\000"
 577      696D6572 
 577      496E6974 
 577      00
 578 008d 00       		.ascii	"\000"
 579 008e 02       		.ascii	"\002"
 580 008f 00       		.ascii	"\000"
 581 0090 00000000 		.ascii	"\000\000\000\000\000\000\000\000"
 581      00000000 
 582 0098 AC010000 		.ascii	"\254\001\000\000"
ARM GAS  /tmp/cceHETOa.s 			page 45


 583 009c 7572744D 		.ascii	"urtMessageInit\000"
 583      65737361 
 583      6765496E 
 583      697400
 584 00ab 00       		.ascii	"\000"
 585 00ac 02       		.ascii	"\002"
 586 00ad 00       		.ascii	"\000"
 587 00ae 00000000 		.ascii	"\000\000\000\000\000\000\000\000"
 587      00000000 
 588 00b6 B1010000 		.ascii	"\261\001\000\000"
 589 00ba 6368436F 		.ascii	"chCondObjectInit\000"
 589      6E644F62 
 589      6A656374 
 589      496E6974 
 589      00
 590 00cb 00       		.ascii	"\000"
 591 00cc 02       		.ascii	"\002"
 592 00cd 00       		.ascii	"\000"
 593 00ce 00000000 		.ascii	"\000\000\000\000\000\000\000\000"
 593      00000000 
 594 00d6 B9010000 		.ascii	"\271\001\000\000"
 595 00da 63684D74 		.ascii	"chMtxObjectInit\000"
 595      784F626A 
 595      65637449 
 595      6E697400 
 596 00ea 00       		.ascii	"\000"
 597 00eb 02       		.ascii	"\002"
 598 00ec 00       		.ascii	"\000"
 599 00ed 00000000 		.ascii	"\000\000\000\000\000\000\000\000"
 599      00000000 
 600 00f5 BD010000 		.ascii	"\275\001\000\000"
 601 00f9 63684D74 		.ascii	"chMtxUnlock\000"
 601      78556E6C 
 601      6F636B00 
 602 0105 00       		.ascii	"\000"
 603 0106 02       		.ascii	"\002"
 604 0107 00       		.ascii	"\000"
 605 0108 00000000 		.ascii	"\000\000\000\000\000\000\000\000"
 605      00000000 
 606 0110 BF010000 		.ascii	"\277\001\000\000"
 607 0114 63684D74 		.ascii	"chMtxLock\000"
 607      784C6F63 
 607      6B00
 608 011e 00       		.ascii	"\000"
 609 011f 02       		.ascii	"\002"
 610 0120 00       		.ascii	"\000"
 611 0121 00000000 		.ascii	"\000\000\000\000\000\000\000\000"
 611      00000000 
 612 0129 C1010000 		.ascii	"\301\001\000\000"
 613              		.text
 614              		.section	.gnu.lto_.opts,"e",%progbits
 615 0000 272D666E 		.ascii	"'-fno-openmp' '-fno-openacc' '-fno-pie' '-mcpu=cort"
 615      6F2D6F70 
 615      656E6D70 
 615      2720272D 
 615      666E6F2D 
 616 0033 65782D6D 		.ascii	"ex-m3' '-mthumb' '-mfloat-abi=soft' '-march=armv7-m"
ARM GAS  /tmp/cceHETOa.s 			page 46


 616      33272027 
 616      2D6D7468 
 616      756D6227 
 616      20272D6D 
 617 0066 2720272D 		.ascii	"' '-O2' '-fstack-usage' '-ffunction-sections' '-fda"
 617      4F322720 
 617      272D6673 
 617      7461636B 
 617      2D757361 
 618 0099 74612D73 		.ascii	"ta-sections' '-fno-common' '-flto' '-fshort-enums'\000"
 618      65637469 
 618      6F6E7327 
 618      20272D66 
 618      6E6F2D63 
 619              		.text
 620              		.comm	__gnu_lto_v1,1,1
 621              		.comm	__gnu_lto_slim,1,1
 622              		.ident	"GCC: (GNU Arm Embedded Toolchain 9-2020-q2-update) 9.3.1 20200408 (release)"
ARM GAS  /tmp/cceHETOa.s 			page 47


DEFINED SYMBOLS
                            *ABS*:0000000000000000 urt_topic.c
                            *COM*:0000000000000001 __gnu_lto_v1
                            *COM*:0000000000000001 __gnu_lto_slim

NO UNDEFINED SYMBOLS
