ARM GAS  /tmp/ccW0sPIx.s 			page 1


   1              		.cpu cortex-m3
   2              		.eabi_attribute 20, 1
   3              		.eabi_attribute 21, 1
   4              		.eabi_attribute 23, 3
   5              		.eabi_attribute 24, 1
   6              		.eabi_attribute 25, 1
   7              		.eabi_attribute 26, 1
   8              		.eabi_attribute 30, 2
   9              		.eabi_attribute 34, 1
  10              		.eabi_attribute 18, 4
  11              		.file	"urt_message.c"
  12              		.section	.gnu.lto_.profile.e3fb241507c8b0b0,"e",%progbits
  13 0000 789CE360 		.ascii	"x\234\343``\004B \000\000\000]\000\013"
  13      60044220 
  13      0000005D 
  13      000B
  14              		.text
  15              		.section	.gnu.lto_.icf.e3fb241507c8b0b0,"e",%progbits
  16 0000 789CE360 		.ascii	"x\234\343``d\340`@\000F\206\015K\367\314db\000\000\015"
  16      6064E060 
  16      40004686 
  16      0D4BF7CC 
  16      64620000 
  17 0015 AE02BF   		.ascii	"\256\002\277"
  18              		.text
  19              		.section	.gnu.lto_.jmpfuncs.e3fb241507c8b0b0,"e",%progbits
  20 0000 789CE360 		.ascii	"x\234\343``dX\305\310\300\020\313\000\001\214\014L\214"
  20      606458C5 
  20      C8C010CB 
  20      00018C0C 
  20      4C8C
  21 0012 8CCCF5F3 		.ascii	"\214\314\365\363\231\031\200\230\221\211i:3\343\304"
  21      99198098 
  21      9189693A 
  21      33E3C4
  22 0021 35B7F4FA 		.ascii	"5\267\364\372\230\347331\3261\356b\224f`<\300\302X\007"
  22      98E73333 
  22      31D631EE 
  22      62946660 
  22      3CC0C258 
  23 0036 C40C0C1C 		.ascii	"\304\014\014\034\314@\351\246\346\365\213x\015\364\346"
  23      CC40E9A6 
  23      E6F58B78 
  23      0DF4E6
  24 0045 33332F66 		.ascii	"33/ff\230\301\0146d7\243\001X\031\003\020\377\370\377"
  24      6698C10C 
  24      366437A3 
  24      01581903 
  24      10FFF8FF 
  25 0059 FF3F3F23 		.ascii	"\377??#He_\363\373{\034 \223\200\022\214{\030\245A\030"
  25      48655FF3 
  25      FB7B1C20 
  25      9380128C 
  25      7B18A541 
  26 006e 247E76FF 		.ascii	"$~v\377\367o\354\212\214\363\033f(\314gfe`\334\313\250"
  26      F76FEC8A 
  26      8CF31B66 
ARM GAS  /tmp/ccW0sPIx.s 			page 2


  26      28CC6766 
  26      6560DCCB 
  27 0083 08D7FD07 		.ascii	"\010\327\375\007\242\033Y\371\312\307\317\027\261+\312"
  27      A21B59F9 
  27      CAC7CF17 
  27      B12BCA
  28 0092 4194B331 		.ascii	"A\224\26310\356\303\255\034\344\374\256\277SZy@\266"
  28      30EEC3AD 
  28      1CE4FCAE 
  28      BF535A79 
  28      40B6
  29 00a4 B2331E65 		.ascii	"\2623\036e`\334\017\365\300Q\006,>\340\000\373\000("
  29      60DC0FF5 
  29      C051062C 
  29      3EE000FB 
  29      0028
  30 00b6 CC0014DD 		.ascii	"\314\000\024\335|n\366\0356\220('\343\001F\203\031\314"
  30      7C6EF61D 
  30      36902827 
  30      E3014683 
  30      19CC
  31 00c8 4C208F1D 		.ascii	"L \217\035\204z\214\005\3411|>9D\232O\016\343\361\011"
  31      847A8C05 
  31      E1317C3E 
  31      39449A4F 
  31      0EE3F109 
  32 00dc BACB1964 		.ascii	"\272\313\031dT\2135TK5\255\024\022\363\213]\222\322"
  32      548B3554 
  32      4B35AD14 
  32      12F38B5D 
  32      92D2
  33 00ee 1D8B8B53 		.ascii	"\035\213\213S\213J\024\322\0223sRS\030\354\3653\362"
  33      8B4A14D2 
  33      12337352 
  33      5318ECF5 
  33      33F2
  34 0100 7353F50B 		.ascii	"sS\365\0132K\364\035\203]\343\203\034\235]\365\035}"
  34      324BF41D 
  34      835DE383 
  34      1C9D5DF5 
  34      1D7D
  35 0112 3383F275 		.ascii	"3\203\362u\035\013\012\212\365s3SRrR\313\023\213R\365"
  35      1D0B0A8A 
  35      F5733353 
  35      527252CB 
  35      138B52F5 
  36 0126 4B8342F4 		.ascii	"K\203B\364\213\213\222\365K\213J\342sS\213\213\023\323"
  36      8B8B92F5 
  36      4B8B4AE2 
  36      73538B8B 
  36      13D3
  37 0138 53F59219 		.ascii	"S\365\222\031\0000N\226\366"
  37      00304E96 
  37      F6
  38              		.text
  39              		.section	.gnu.lto_.inline.e3fb241507c8b0b0,"e",%progbits
  40 0000 789CE360 		.ascii	"x\234\343``d\250a@\000F\006\006\271s37?cJgdfP\310\237"
ARM GAS  /tmp/ccW0sPIx.s 			page 3


  40      6064A861 
  40      40004606 
  40      06B97333 
  40      373F634A 
  41 001a CECCD8D7 		.ascii	"\316\314\330\327\374\376\036G\037\363|f\240\034\343"
  41      FCFE1E47 
  41      1FF37C66 
  41      A01CE3
  42 0029 2E466906 		.ascii	".Fi\006\006\205\002(\015T\314\302\325\320\320p\200)"
  42      06850228 
  42      0D54CCC2 
  42      D5D0D070 
  42      8029
  43 003b 95814100 		.ascii	"\225\201A\000\304`Neb`b`\0012\033\230R\030\004\030\330"
  43      C4604E65 
  43      62606260 
  43      01321B98 
  43      52180418 
  44 0050 80469D61 		.ascii	"\200F\235aNba`\001\031\316\304\015\324\0004\206\225"
  44      4E626160 
  44      0119CEC4 
  44      0DD40034 
  44      8695
  45 0062 0F448385 		.ascii	"\017D\203\205\220\230\014\000e\222\027Y"
  45      90980C00 
  45      65921759 
  46              		.text
  47              		.section	.gnu.lto_.pureconst.e3fb241507c8b0b0,"e",%progbits
  48 0000 789CE360 		.ascii	"x\234\343``d`a`\000\222\263X\000\001\322\000\255"
  48      60646061 
  48      600092B3 
  48      580001D2 
  48      00AD
  49              		.text
  50              		.section	.gnu.lto_urtMessageInit.e3fb241507c8b0b0,"e",%progbits
  51 0000 789C9D55 		.ascii	"x\234\235UmPTU\030>\317=w\357\335]\026,\310\302PZfr"
  51      6D505455 
  51      183ECF3D 
  51      77EFDD5D 
  51      162CC8C2 
  52 0018 88A6DCFD 		.ascii	"\210\246\334\375\321\257\376\024\231\375h\246?\324\177"
  52      D1AFFE14 
  52      99FD68A6 
  52      3FD47F
  53 0027 6783CD68 		.ascii	"g\203\315h \030\026\246\351O^\026\024\007\312\276(\026"
  53      201816A6 
  53      E94F5E16 
  53      1407CABE 
  53      2816
  54 0039 9296440A 		.ascii	"\222\226D\012\313\011\030\032'\024u\205\324$(2\244\\"
  54      CB09181A 
  54      27147585 
  54      D4242832 
  54      A45C
  55 004b 115204D1 		.ascii	"\021R\004\321\3700K\352O\332y\317\335\017H%\206;sg\316"
  55      F8304BEA 
  55      4FDA79CF 
ARM GAS  /tmp/ccW0sPIx.s 			page 4


  55      DD0F4825 
  55      863B7367 
  56 0060 39EFFB3C 		.ascii	"9\357\373<\357\373<\347\276\273V\0066\2443\366*c,O\274"
  56      EFFB3CE7 
  56      BEBB5606 
  56      36A433F6 
  56      2A632C4F 
  57 0075 B0322886 		.ascii	"\2602(\206a<\251\227[\025\205O\366\327\247\250\206]"
  57      613CA997 
  57      5B15854F 
  57      F6D7A7A8 
  57      865D
  58 0087 6FE89C7C 		.ascii	"o\350\234|D5\034\\Q\247\233\317\257\026'\226\332\221"
  58      44351C5C 
  58      51A79BCF 
  58      AF162796 
  58      DA91
  59 0099 8F1F1627 		.ascii	"\217\037\026'*\264H\266%\266\322\240GV: W\206\025l\253"
  59      2AB448B6 
  59      25B6D2A0 
  59      47563A20 
  59      5786156C 
  60 00ae C2558BA6 		.ascii	"\302U\213\246c+\336\346u\034=U\223]J\326g\"l\204\352"
  60      632BDEE6 
  60      751C3D55 
  60      935D4AD6 
  60      67226C84 
  61 00c3 3ED4B61B 		.ascii	">\324\266\033\333R\203\234\261z\361\232\017\016 K\344"
  61      DB52839C 
  61      B17AF19A 
  61      0F0E204B 
  61      E4
  62 00d4 8DFA1BFF 		.ascii	"\215\372\033\377v\354\344A\016\250b[\333\367\325I;m"
  62      76ECE441 
  62      0EA8625B 
  62      DBF7D549 
  62      3B6D
  63 00e6 1538C576 		.ascii	"\0258\305vd\240\257.\201?\005&\326}\327g\236\311l1\014"
  63      64A0AF2E 
  63      813F0526 
  63      D67DD767 
  63      9EC96C31 
  64 00fb BF11BAB8 		.ascii	"\277\021\272\270\207\033\017\0069\307!p\301\210n\244"
  64      871B0F06 
  64      39C72170 
  64      C1886EA4 
  65 010b E120D218 		.ascii	"\341 \322\030\023g\202\37102E~\367|\240u\025\177Vb\313"
  65      136782F9 
  65      3032457E 
  65      F77CA075 
  65      157F5662 
  66 0120 CFF50CAA 		.ascii	"\317\365\014\252\021\360\310\247\022\254\342\310-`U"
  66      11F0C8A7 
  66      12ACE2C8 
  66      2D6055
  67 012f 8043C864 		.ascii	"\200C\310d\004\271\320q\343\203DM\215t\214\243\320\204"
  67      04B9D071 
ARM GAS  /tmp/ccW0sPIx.s 			page 5


  67      E383444D 
  67      8D748CA3 
  67      D084
  68 0141 958CB59D 		.ascii	"\225\214\265\235\262\204\214\0337\253\214\320d\352'"
  68      B2848C1B 
  68      37AB8CD0 
  68      64EA27
  69 0150 1D89C910 		.ascii	"\035\211\311\0200\213\012\252\351\200\011\256\341\214"
  69      308B0AAA 
  69      E98009AE 
  69      E18C
  70 015e 64AB3042 		.ascii	"d\2530B\214\275\311\025sS.6\023\250\034\353\235\015"
  70      8CBDC915 
  70      73532E36 
  70      13A81CEB 
  70      9D0D
  71 0170 68C4D6C8 		.ascii	"h\304\326\310I\357\316\212\271Q+\351\345`\350\241.\030"
  71      49EFCE8A 
  71      B9512BE9 
  71      E560E8A1 
  71      2E18
  72 0182 6178A7B8 		.ascii	"ax\247\270\031\020\006W\340\357\266\231\000,\004hRX"
  72      19100657 
  72      E0EFB699 
  72      002C0468 
  72      5258
  73 0194 636BFF4D 		.ascii	"ck\377M[%\374\345Vq\322L\255\212\303\341\263\307\007"
  73      5B25FCE5 
  73      5671D24C 
  73      AD8AC3E1 
  73      B3C707
  74 01a7 D1826604 		.ascii	"\321\202f\004\271\216oP\011\364\022\263\210\034xoG\273"
  74      B98E6F50 
  74      09F412B3 
  74      881C786F 
  74      47BB
  75 01b9 E6FE923A 		.ascii	"\346\376\222:r\006\271\025\307DZ@\012\024\301\312\251"
  75      7206B915 
  75      C7445A40 
  75      0A14C1CA 
  75      A9
  76 01ca BD617B2C 		.ascii	"\275a{,h\303q\270\003\2344\343\004\334\262\367\215\361"
  76      68C371B8 
  76      039C34E3 
  76      04DCB2F7 
  76      8DF1
  77 01dc 3E5A6A76 		.ascii	">Zjv\037L\244>lP\360m\254q\325?\274\3531\352[\231F\225"
  77      1F4CA43E 
  77      6C50F06D 
  77      AC71D53F 
  77      BCEB31EA 
  78 01f4 53BAF69F 		.ascii	"S\272\366\237.\355\365\304\211\223\242\255\345\011\350"
  78      2EEDF5C4 
  78      8993A2AD 
  78      E509E8
  79 0203 5B4AC077 		.ascii	"[J\300ww\026\220\200~\022\240\230\261\243\247\303\357"
  79      77169080 
ARM GAS  /tmp/ccW0sPIx.s 			page 6


  79      7E12A098 
  79      B1A3A7C3 
  79      EF
  80 0214 73AAB343 		.ascii	"s\252\263C\006\035\030\200\333\274\324\357\005\277H"
  80      061D1880 
  80      DBBCD4EF 
  80      05BF48
  81 0223 1838F2D7 		.ascii	"\0308\362\327\274\236\221\0234\002\"\234H\220\356\336"
  81      BC9E9113 
  81      3402229C 
  81      4890EEDE 
  82 0233 CFBB9208 		.ascii	"\317\273\222\010\022\220\220$\374\200\014\0232hB\366"
  82      12909024 
  82      FC800C13 
  82      326842F6 
  83 0243 8E5FDAAD 		.ascii	"\216_\332\255g(&d\025A\272\256Vw\332\343\220\273\360"
  83      67282664 
  83      1541BAAE 
  83      5677DAE3 
  83      90BBF0
  84 0256 631472CA 		.ascii	"c\024r\312\204T\377S\273M~\356w\343\030\303OH\013\362"
  84      8454FF53 
  84      BB4D7EEE 
  84      77E318C3 
  84      4F480BF2 
  85 026a 64699CA5 		.ascii	"di\234\245\343\235\366\011F\316\361\377qnh\331\316\235"
  85      E39DF609 
  85      46CEF1FF 
  85      716E68D9 
  85      CE9D
  86 027c BEB37329 		.ascii	"\276\263s)\030\226\316E`=\325\333\207\355qw\356\301"
  86      1896CE45 
  86      603DD5DB 
  86      87ED7177 
  86      EEC1
  87 028e CF51777E 		.ascii	"\317Qw~Y\266;g\242R\303\313v\347l\0242B\235.pC\213}"
  87      59B63B67 
  87      A252C3CB 
  87      76E76C14 
  87      32429D2E 
  88 02a6 FF966954 		.ascii	"\377\226iT\336\326\215\325\365t\2658\027q\343\335}\341"
  88      DED68DD5 
  88      F574B538 
  88      1771E3DD 
  88      7DE1
  89 02b8 0DE4EBBD 		.ascii	"\015\344\353\275x\003\243Dt\237$\322\343\303'\006\351"
  89      7803A344 
  89      749F24D2 
  89      E3C32706 
  89      E9
  90 02c9 DA54A0D9 		.ascii	"\332T\240\331Nd\002\020\012\267\237I\022N\225\213\204"
  90      4E640210 
  90      0AB79F49 
  90      124E958B 
  90      84
  91 02da A657C414 		.ascii	"\246W\304\024\247\212\2114G\220~0\202c_\307\335Z\203"
  91      A78A8934 
ARM GAS  /tmp/ccW0sPIx.s 			page 7


  91      47907E30 
  91      82635FC7 
  91      DD5A83
  92 02ed 31E9964A 		.ascii	"1\351\226J\303\360+\334\013\347p\215\030\334\363\002"
  92      C3F02BDC 
  92      0BE7708D 
  92      18DCF302 
  93 02fd 25E9EBC7 		.ascii	"%\351\353\307\365\025\320\337\217\013\222\336B\364\343"
  93      F515D0DF 
  93      8F0B92DE 
  93      42F4E3
  94 030c 92FEC4DC 		.ascii	"\222\376\304\334\314\020\210>M\320_\214\3227\344\336"
  94      CC10883E 
  94      4DD05F8C 
  94      D237E4DE 
  95 031c 86DDB924 		.ascii	"\206\335\271$\367ZLHn\315\274\350\375Cm}\266Xp\035&"
  95      F75A4C48 
  95      6ECDBCE8 
  95      FD436D7D 
  95      B658701D 
  96 0331 694474AA 		.ascii	"iDt\252{i\261\254u\242\356\224Y\267\341\362G\025\011"
  96      7B69B1AC 
  96      75A2EE94 
  96      59B7E1F2 
  96      471509
  97 0344 CB9215FC 		.ascii	"\313\222\025\374b\317\230#\306\256\342\262,m%\372+p"
  97      62CF9823 
  97      C6AEE2B2 
  97      2C6D25FA 
  97      2B70
  98 0356 37728729 		.ascii	"7r\207)c\327\212.!\035\277I:\033\321M/\3566]t;\023u"
  98      63D78A2E 
  98      211DBF49 
  98      3A1BD14D 
  98      2FEE365D 
  99 036e A9B12279 		.ascii	"\251\261\"yE\364\263\222\336N\364s\342\363\217\361\005"
  99      45F4B392 
  99      DE4EF473 
  99      E2F38FF1 
  99      05
 100 037f C757C2F7 		.ascii	"\307W\302\367\000\256J\276\204[\214o\332/\246\323\211"
 100      00AE4ABE 
 100      845B8C6F 
 100      DA2FA6D3 
 100      89
 101 0390 DFC97A07 		.ascii	"\337\311z\007U\273\266X\214S\210\371#Z\274u<eE\305\377"
 101      55BBB658 
 101      8C5388F9 
 101      235ABC75 
 101      3C6545C5 
 102 03a5 5CAA783A 		.ascii	"\\\252x:\256S\361D*>\037\221:\013\177S\333[\\\216\032"
 102      AE53F144 
 102      2A3E1F91 
 102      3A0B7F53 
 102      DB5B5C8E 
 103 03ba 3D351CF1 		.ascii	"=5\034\361\1771\306\236p\275\\T\350u\025\347\227\272"
 103      7F31C69E 
ARM GAS  /tmp/ccW0sPIx.s 			page 8


 103      70BD5C54 
 103      E87515E7 
 103      97BA
 104 03cc B29FDFB4 		.ascii	"\262\237\337\2649'{\343&W\366s\3719E\217f\027\027\373"
 104      39277BE3 
 104      2657F673 
 104      F939458F 
 104      661717FB 
 105 03e0 5C85F979 		.ascii	"\\\205\371yy\005\336\327<%^WY\316\013._I\256\253\254"
 105      7905DED7 
 105      3C255E57 
 105      59CE0B2E 
 105      5F49AEAB 
 106 03f5 A47473A1 		.ascii	"\244ts\241\327\347\363l\361n\310ezd\251\027{^/(\362"
 106      D7E7F36C 
 106      F16EC865 
 106      7A64A917 
 106      7B5E2F28 
 107 040a E4AD5DEF 		.ascii	"\344\255]\357{h}Y\326\343NO\221\357\351\027\267d\373"
 107      7B687D59 
 107      D6E34E4F 
 107      91EFE917 
 107      B764FB
 108 041d 7CDE9252 		.ascii	"|\336\222R\347K\236\374\002o\036\373\027\201f\276\215"
 108      E74B9EFC 
 108      026F1EFB 
 108      178166BE 
 108      8D
 109              		.text
 110              		.section	.gnu.lto_.symbol_nodes.e3fb241507c8b0b0,"e",%progbits
 111 0000 789CE360 		.ascii	"x\234\343``d\250d\000\002\246\233L\365\014\015@\300"
 111      6064A864 
 111      0002A69B 
 111      4CF50C0D 
 111      40C0
 112 0012 C238E11C 		.ascii	"\3028\341\034\003C=\003\303\256\006G\240$\020\260\336"
 112      03433D03 
 112      C3AE0647 
 112      A02410B0 
 112      DE
 113 0023 62625000 		.ascii	"bbP\000\322\214w\230\352\031\377C\201<X\031\003P\213"
 113      D28C7798 
 113      EA19FF43 
 113      813C5819 
 113      03508B
 114 0036 0350E636 		.ascii	"\003P\3466S=\023V\031f\006\346\246ksL\030[\030\201\254"
 114      533D1356 
 114      196606E6 
 114      A66B734C 
 114      185B1881 
 115 004b 8D13363C 		.ascii	"\215\0236<e`\\\002d2m~vf&#\343\021F\006\000\3776*h"
 115      65605C02 
 115      64326D7E 
 115      76662623 
 115      E3114606 
 116              		.text
 117              		.section	.gnu.lto_.refs.e3fb241507c8b0b0,"e",%progbits
ARM GAS  /tmp/ccW0sPIx.s 			page 9


 118 0000 789CE360 		.ascii	"x\234\343``d\340a```f``dbbdabde\000\000\002\000\000"
 118      6064E061 
 118      60606066 
 118      60606462 
 118      62646162 
 119 001b 2B       		.ascii	"+"
 120              		.text
 121              		.section	.gnu.lto_.decls.e3fb241507c8b0b0,"e",%progbits
 122 0000 789C9D3A 		.ascii	"x\234\235:iTTg\226\365\325WT\025EUa\304Ng\306\234>="
 122      69545467 
 122      96F5D557 
 122      54154555 
 122      61C44E67 
 123 0018 7DECEEF4 		.ascii	"}\354\356\3649\223\220Lrz9\323\247{2\231\314$3I\247"
 123      3993904C 
 123      727A39D3 
 123      A77B3299 
 123      CC243349 
 124 002d 4F929939 		.ascii	"O\222\2319\335?\206&PJu\330\272\2520\332\177\272X\025"
 124      DD3F8626 
 124      504A75D8 
 124      BAAA30DA 
 124      7FBA5815 
 125 0041 154445D9 		.ascii	"\025DE\331wd_e\221UQ\220]\300\015E\020\021\025A\005"
 125      77645F65 
 125      91555190 
 125      5DC00D45 
 125      10111541 
 126 0056 44044105 		.ascii	"D\004A\005\346~KQ\357Q\257\354\314\220|\276w\337\273"
 126      E67E4B51 
 126      EF51AFEC 
 126      CC907CBE 
 126      77DFBB
 127 0069 F77E77FB 		.ascii	"\367~w\373\356w\277[O-C\262\272\177\220\311\\\3242\331"
 127      EE77BF5B 
 127      4F2D43B2 
 127      BA7F90C9 
 127      5CD432D9 
 128 007d 9748265B 		.ascii	"\227H&[\203?\271L&\273\000C\003c\036\306\016\030J\030"
 128      833FB94C 
 128      26BB0043 
 128      03631EC6 
 128      0E184A18 
 129 0091 0A78EF02 		.ascii	"\012x\357\002C\017\303\003\306\357\341\231\012\220\223"
 129      430FC303 
 129      C6EFE199 
 129      0A9093
 130 00a0 E11EC3FD 		.ascii	"\341\036\303\375O\340\376\015\030\0129\203\337\203\353"
 130      4FE0FE0D 
 130      180A3983 
 130      DF83EB
 131 00af 2F617C08 		.ascii	"/a|\010\003Pd\037\023\306\202?\243B&\373;\270\372\301"
 131      0350641F 
 131      13C6823F 
 131      A34226FB 
 131      3BB8FAC1 
 132 00c3 D80C638B 		.ascii	"\330\014c\213`\276\002 \370w\300\377H\316\346(\002\370"
ARM GAS  /tmp/ccW0sPIx.s 			page 10


 132      60BE0220 
 132      F877C0FF 
 132      48CEE628 
 132      02F8
 133 00d5 3FF85C9F 		.ascii	"?\370\\\237\310\231\014\237\312\231\034\277\2213Y\376"
 133      C8990C9F 
 133      CA991CBF 
 133      913359FE 
 134 00e5 456E97F1 		.ascii	"En\227\36139\223\371\037\341\372\030\256\277\205\353"
 134      333993F9 
 134      1FE1FA18 
 134      AEBF85EB 
 135 00f5 55B8FE0E 		.ascii	"U\270\376\016\306e\030\0030\332aL\302\270\005C/c\262"
 135      C6651803 
 135      30DA614C 
 135      C2B80543 
 135      2F63B2
 136 0108 BB70F989 		.ascii	"\273p\371\211.\367\341\331,\214\207\334\036\017`<\202"
 136      2EF7E1D9 
 136      2C8C87DC 
 136      1E0F603C 
 136      82
 137 0119 3103630A 		.ascii	"1\003c\012\306]\030wdv]?\344\372J\351\232\200\321hX"
 137      C65D1877 
 137      64765D3F 
 137      E4FA4AE9 
 137      9A80D168 
 138 012e DA923616 		.ascii	"\332\2226\026\243\315\032\244\0000\276\273\272K\003"
 138      A3CD1AA4 
 138      0030BEBB 
 138      BA4B03
 139 013d E0160DFA 		.ascii	"\340\026\015\372\276\000\334\314\300\254+\003a\210\201"
 139      BE00DCCC 
 139      C0AC2B03 
 139      618881
 140 014c 9B002C5D 		.ascii	"\233\000,]\273\227\342\316\220\255\210\300\265\007R"
 140      BB97E2CE 
 140      90AD88C0 
 140      B50752
 141 015b 54ECF56B 		.ascii	"T\354\365k\000\236\270v\374\206;\226#2MS\324\312)\362"
 141      009EB876 
 141      FC863B96 
 141      23324D53 
 141      D4CA29F2 
 142 016f EA771A44 		.ascii	"\352w\032D\234\351\016\217:f\247/#\366\210`$w\246\306"
 142      9CE90E8F 
 142      3A66A72F 
 142      23F68860 
 142      2477A6C6 
 143 0183 B9E157E9 		.ascii	"\271\341W\351}Y\312\245\005\275g\251\225\375\251K\261"
 143      7D59CAA5 
 143      05BD67A9 
 143      95FDA94B 
 143      B1
 144 0194 0CB5226C 		.ascii	"\014\265\"l\027:wy\366\244\026\377\017\305\2752\233"
 144      173A7779 
 144      F6A416FF 
ARM GAS  /tmp/ccW0sPIx.s 			page 11


 144      0FC5BD32 
 144      9B
 145 01a5 B047AED9 		.ascii	"\260G\256\331k\265\206Y3\303\255\256\037\311P#\332\212"
 145      6BB58659 
 145      33C3ADAE 
 145      1FC95023 
 145      DA8A
 146 01b7 1AD05619 		.ascii	"\032\320V\031:\207(\3676\344\211\316\302\2633\360\014"
 146      3A8728F7 
 146      36E489CE 
 146      C2B333F0 
 146      0C
 147 01c8 08B243AF 		.ascii	"\010\262C\257\364\350\260\201\211\265\230X\340\216\377"
 147      F4E8B081 
 147      89B59858 
 147      E08EFF
 148 01d7 48EF4FAF 		.ascii	"H\357O\257\035;\255`\322\253\001<Zt\346\205\226)\327"
 148      1D3BAD60 
 148      D2AB013C 
 148      5A74E685 
 148      9629D7
 149 01ea 425E47B7 		.ascii	"B^G\267\354k\323`\023EMHH\250R\343o\350}\311\354B#\321"
 149      EC6BD360 
 149      13454D48 
 149      48A852E3 
 149      6FE87DC9 
 150 0202 EC0D0DFA 		.ascii	"\354\015\015\372\213@\2537\230V{\"\012\016\272\341H"
 150      8B40AB37 
 150      98567B22 
 150      0A0EBAE1 
 150      48
 151 0213 4481B1F8 		.ascii	"D\201\261\370\350V%\023\265\"\334\372J\350;2\324\015"
 151      E8562513 
 151      B522DCFA 
 151      4AE83B32 
 151      D40D
 152 0225 72751159 		.ascii	"ru\021Y\373\021\245!\262\366\301\263\363TV\371\351\312"
 152      FB11A521 
 152      B2F6C1B3 
 152      F35456F9 
 152      E9CA
 153 0237 BD294AB4 		.ascii	"\275)J\264\315#\233\320\264<-|\257\261\356\241\325:"
 153      CD239BD0 
 153      B43C2D7C 
 153      AFB1EEA1 
 153      D53A
 154 0249 6EC56800 		.ascii	"n\305h\000iP\017\320\\D\036\353Ld\310\223\374\363\016"
 154      69500FD0 
 154      5C441EEB 
 154      4C64C893 
 154      FCF30E
 155 025c FC738818 		.ascii	"\374s\210\030\016&\261\242\327\004\223\364r\0022\313"
 155      0E26B1A2 
 155      D70493F4 
 155      720232CB 
 156 026c 05B48D5B 		.ascii	"\005\264\215[3tv\344\357q\037\0231\375b\334m\027\017"
 156      337476E4 
ARM GAS  /tmp/ccW0sPIx.s 			page 12


 156      EF711F13 
 156      31FD62DC 
 156      6D170F
 157 027f 69EA4B92 		.ascii	"i\352K\222\324\265\3711\3671\036f\344sk\371\267\224"
 157      D4B5F931 
 157      F7311E66 
 157      E4736BF9 
 157      B794
 158 0291 789401D5 		.ascii	"x\224\001\325WkN\351\245=3(\351\231\270\221\345&7<\303"
 158      576B4EE9 
 158      A53D3328 
 158      E999B891 
 158      E526373C 
 159 02a6 A86F9C69 		.ascii	"\250o\234i-\226\343y\006\224O\214/(\230X\344\017\221"
 159      2D96E379 
 159      06944F8C 
 159      2F289858 
 159      E40F91
 160 02b9 6096A121 		.ascii	"`\226\241!\340r\235\011\304\205\011\257Y-E\332}\353"
 160      E0729D09 
 160      C48509AF 
 160      592D45DA 
 160      7DEB
 161 02cb 53D2D7B6 		.ascii	"S\322\327\266Yeh\030i\031^\353\311\341)9\363\365\333"
 161      59656818 
 161      69195EEB 
 161      C9E12939 
 161      F3F5DB
 162 02de 24CC6B86 		.ascii	"$\314k\206\006y\324[1\300}\225\317\346\265x\215\315"
 162      0679D45B 
 162      31C07D95 
 162      CFE6B578 
 162      8DCD
 163 02f0 7D763EA9 		.ascii	"}v>\251\302\025G\2638~4w>\332\005\037c@oNT\207\336\211"
 163      C21547B3 
 163      387E3477 
 163      3EDA051F 
 163      63406F4E 
 164 0308 3FC7A4FC 		.ascii	"?\307\244\374\211\016\316\237\373-.e\324w\372#\353\265"
 164      890ECE9F 
 164      FB2D2E65 
 164      D477FA23 
 164      EBB5
 165 031a B8830278 		.ascii	"\270\203\002xe\261\264A\203\266\331<\3351\374vr\365"
 165      65B1B441 
 165      83B6D93C 
 165      DD31FC76 
 165      72F5
 166 032c A4D57AF8 		.ascii	"\244\325z\3705\324\016\216\276\015\314&D\2320w\023O"
 166      35D40E8E 
 166      BE0DCC26 
 166      449A3077 
 166      134F
 167 033e 3382C5A4 		.ascii	"3\202\305\244-U\341\326\275\341Zt\013\360or|g\201\021"
 167      2D55E1D6 
 167      BDE15A74 
 167      0BF06F72 
ARM GAS  /tmp/ccW0sPIx.s 			page 13


 167      7C678111 
 168 0352 6765AE3D 		.ascii	"ge\256=\005\357\233\211\264\343\234\200\210{\027mCw"
 168      05EF9B89 
 168      B4E39C80 
 168      887B176D 
 168      4377
 169 0364 D6DD7B2A 		.ascii	"\326\335{*\257\355#\234\210\251\304\317\255y\273<\244"
 169      AFED239C 
 169      88A9C4CF 
 169      AD79BB3C 
 169      A4
 170 0375 19DC73C6 		.ascii	"\031\334s\306@\235\367p5\227h\006\272\301\310&\324-"
 170      409DF770 
 170      35976806 
 170      BAC1C826 
 170      D42D
 171 0387 8385DF3B 		.ascii	"\203\205\337;b\245\322N\002\315(\320N\303\325\306L\206"
 171      62A5D24E 
 171      02CD28D0 
 171      4EC3D5C6 
 171      4C86
 172 0399 9A366A97 		.ascii	"\2326j\227\372\275\354pk\347\037\210\003\3215\216n7"
 172      FABDEC70 
 172      6BE71F88 
 172      03D1358E 
 172      6E37
 173 03ab 86A7187B 		.ascii	"\206\247\030{0cs\026\305\336\241E\235\016\310\315B\336"
 173      30637316 
 173      C5DEA145 
 173      9D0EC8CD 
 173      42DE
 174 03bd 20CB4CFA 		.ascii	" \313L\372\246\023\314r\227\001\257\207\343\333-g\267"
 174      A613CC72 
 174      9701AF87 
 174      E3DB2D67 
 174      B7
 175 03ce B448F31B 		.ascii	"\264H\363\033\2000B4\037\342\024D\363\373\240\371,\214"
 175      80304234 
 175      1FE21444 
 175      F3FBA0F9 
 175      2C8C
 176 03e0 87301EC0 		.ascii	"\2070\036\300x\004c\006\306\024\263\006\023o\242`\013"
 176      78046306 
 176      C614B306 
 176      136FA260 
 176      0B
 177 03f1 138F78B6 		.ascii	"\023\217x\266\305A\276\323\033uO{\225\351~\025\320\257"
 177      C541BED3 
 177      1B754F7B 
 177      95E97E15 
 177      D0AF
 178 0403 48EBDE88 		.ascii	"H\353\336\210\326\321W3\004\334;\234hO\361\301\241Q"
 178      D6D15733 
 178      04DC3B9C 
 178      684FF1C1 
 178      A151
 179 0415 7772EB55 		.ascii	"wr\353U\270\232y7\261w\377U\027\017i%\347\276\275\222"
ARM GAS  /tmp/ccW0sPIx.s 			page 14


 179      B89A7937 
 179      B177FF55 
 179      170F6925 
 179      E7BEBD92 
 180 0429 C029ECD4 		.ascii	"\300)\354\324\355%\255p\025>\026\3110OW!\271\000\356"
 180      ED25AD70 
 180      153E16C9 
 180      304F5721 
 180      B900EE
 181 043c A1B5DCCB 		.ascii	"\241\265\334\313\256\370,\023\241\24697G\211\333\031"
 181      AEF82C13 
 181      A1A63937 
 181      4789DB19 
 182 044c 5072A3ED 		.ascii	"Pr\243\355\240\332a\315/\200$\213\2425_\321\226\321"
 182      A0DA61CD 
 182      2F80248B 
 182      A2355FD1 
 182      96D1
 183 045e B08E17E1 		.ascii	"\260\216\027\341\034\357\300dz\226N(\325S\221TK\266"
 183      1CEFC064 
 183      7A964E28 
 183      D5539154 
 183      4BB6
 184 0470 DC305838 		.ascii	"\3340X8\026\253\305\227\271\020#\255\243J<\306\200\332"
 184      16ABC597 
 184      B91023AD 
 184      A34A3CC6 
 184      80DA
 185 0482 27D5792E 		.ascii	"'\325y.x\222\001\317N\034\036su\020\3579L\373B4mle\335"
 185      789201CF 
 185      4E1C1E73 
 185      7510EF39 
 185      4CFB4234 
 186 049a 7357BCC8 		.ascii	"sW\274\310\210\226rg\254J\007\242\025\007\242\347\351"
 186      88967267 
 186      AC4A07A2 
 186      1507A2E7 
 186      E9
 187 04ab A5F52259 		.ascii	"\245\365\"YWE\262\256qYqCq]\217\026\366\207m\314\371"
 187      5745B2AE 
 187      71597143 
 187      715D8F16 
 187      F6876DCC 
 188 04c0 37F7E291 		.ascii	"7\367\342\221\273\007c\254\231a\230\350\203\236\000"
 188      BB0763AC 
 188      996198E8 
 188      839E00
 189 04cf E350B9E4 		.ascii	"\343P\271\344R\261\373Y!\310Z\313\234\200\370\331*\337"
 189      52B1FB59 
 189      21C85ACB 
 189      9C80F8D9 
 189      2ADF
 190 04e1 86C2E482 		.ascii	"\206\302\344\202\300\235)U&[[\"\224dz\364L\232\265-"
 190      C09D2955 
 190      265B5B22 
 190      94647AF4 
 190      4C9AB52D 
ARM GAS  /tmp/ccW0sPIx.s 			page 15


 191 04f5 B28EEC79 		.ascii	"\262\216\354yp\322\015g+\250\326#\303C\243\330Cz\306"
 191      70D20D67 
 191      2BA8D623 
 191      C343A3D8 
 191      437AC6
 192 0508 70B9E48C 		.ascii	"p\271\344\214(B\356\001\2241\217\233\243\335\205v\210"
 192      2842EE01 
 192      94318F9B 
 192      A3DD8576 
 192      88
 193 0519 104D1929 		.ascii	"\020M\031)\247\221\004\027\222O\363\272w\263\224\276"
 193      A7910417 
 193      924FF3BA 
 193      77B394BE 
 194 0529 15A0E181 		.ascii	"\025\240\341\201\243\207\\In\266rJxn'\204\212\201\010"
 194      A3875C49 
 194      6EB6724A 
 194      786E2784 
 194      8A8108
 195 053c 8CA2E434 		.ascii	"\214\242\3444-\337\213\352]\345\205\313\353$\257\277"
 195      2DDF8BEA 
 195      5DE585CB 
 195      EB24AFBF 
 196 054c 38738A6F 		.ascii	"8s\212o\375c\244\256\271\262\324\374L\213K\25128t\337"
 196      FD63A4AE 
 196      B9B2D4FC 
 196      4C8B4BA9 
 196      323874DF 
 197 0560 B3218C34 		.ascii	"\263!\2144[\0210C4\367[s\254\030\026\313\273[\321\333"
 197      5B113043 
 197      34F75B73 
 197      AC1816CB 
 197      BB5BD1DB 
 198 0574 A0D03E50 		.ascii	"\240\320>Ph?a\177@\276\025\305\000\377$\253\232>H\262"
 198      683F617F 
 198      40BE15C5 
 198      00FF24AB 
 198      9A3E48B2 
 199 0588 02F6A3BF 		.ascii	"\002\366\243\277\320{`zivp^\2619\216\033\345\237\020"
 199      D07B607A 
 199      6976705E 
 199      B1398E1B 
 199      E59F10
 200 059b 798EA281 		.ascii	"y\216\242\201f\257\234H\030+\337\314\304d\367@09\377"
 200      66AF9C48 
 200      182BDFCC 
 200      C464F740 
 200      3039FF
 201 05ae B0C88509 		.ascii	"\260\310\205\011\371+\000\013\332\343\2724N\025\214"
 201      F92B000B 
 201      DAE3BA34 
 201      4E158C
 202 05bd E30A1E64 		.ascii	"\343\012\036d\012\366\326\307\346\253\031\355\257\001"
 202      0AF6D6C7 
 202      E6AB19ED 
 202      AF01
 203 05cb EC39FF62 		.ascii	"\3549\377bA\301\024\\\"\373\335R\307\355\3177\212r\030"
ARM GAS  /tmp/ccW0sPIx.s 			page 16


 203      41C1145C 
 203      22FBDD52 
 203      C7EDCF37 
 203      8A7218
 204 05de 44394445 		.ascii	"D9DE9BD\211c\242\034\241\242,\324O\017(\031\273\275"
 204      39424489 
 204      63A21CA1 
 204      A22CD44F 
 204      0F2819BB 
 205 05f3 3A80BBCE 		.ascii	":\200\273\316N\254\362\322i\204L\327\226p<\313\225\033"
 205      4EACF2D2 
 205      69844CD7 
 205      96703CCB 
 205      951B
 206 0605 D005E0FE 		.ascii	"\320\005\340\376\376\302\005^F\356u\003\270\250q*\221"
 206      FEC2055E 
 206      46EE7503 
 206      B8A8712A 
 206      91
 207 0616 6FBF5639 		.ascii	"o\277V9\251@\256\0378\256\342\373/),\363#\032\207\\"
 207      A940AE1F 
 207      38AEE2FB 
 207      2F292CF3 
 207      231A875C 
 208 062a F109163D 		.ascii	"\361\011\026=-c1\313\230!\257\021o\014\366?\317R8U<"
 208      2D6331CB 
 208      9821AF11 
 208      6F0CF63F 
 208      CF523855 
 209 063f 952B9EC2 		.ascii	"\225+\236\302\024\237\336\267\222\340\276Q\265$P-\221"
 209      149FDEB7 
 209      92E0BE51 
 209      B524502D 
 209      91
 210 0650 AA964654 		.ascii	"\252\226FTK\245\252\221\022oO\371.6Q\235\206,\367\270"
 210      4BA5AA91 
 210      126F4FF9 
 210      2E36519D 
 210      862CF7B8 
 211 0664 93515CAB 		.ascii	"\223Q\\\253\001\362\272\377\341\251H\027.%\321\252\363"
 211      01F2BAFF 
 211      E1A94817 
 211      2E25D1AA 
 211      F3
 212 0675 445A860A 		.ascii	"DZ\206\012\3273)/\034\271~\323\225!\377\234\204\374"
 212      D733292F 
 212      1CB97ED3 
 212      9521FF9C 
 212      84FC
 213 0687 DAF41D3D 		.ascii	"\332\364\035=\003\267\0008\325\2362\241c\244\231D\207"
 213      03B70038 
 213      D59E32A1 
 213      63A49944 
 213      87
 214 0698 FB877A1A 		.ascii	"\373\207z\032t\270\205\221\036M\236x\015\367*Du\362"
 214      74B88591 
 214      1E4D9E78 
ARM GAS  /tmp/ccW0sPIx.s 			page 17


 214      0DF72A44 
 214      75F2
 215 06aa 8F1DEBE4 		.ascii	"\217\035\353\344\037\263\212\2628\372\322n|\221ag\227"
 215      1FB38AB2 
 215      38FAD26E 
 215      7C916167 
 215      97
 216 06bb 0F56BA48 		.ascii	"\017V\272HWX\205rJA\226U\001\250\233\317\314\221\224"
 216      57588572 
 216      4A419655 
 216      01A89BCF 
 216      CC9194
 217 06ce BF3280F1 		.ascii	"\2772\200\361MF\335~0\342\200\006O0`h>\257\316M\232"
 217      4D46DD7E 
 217      30E28006 
 217      4F306068 
 217      3EAFCE4D 
 218 06e3 558924AB 		.ascii	"U\211$\253\346\305\246sz\374\230Q?\230(\036\224\343"
 218      E6C5A673 
 218      7AFC9851 
 218      3F98281E 
 218      94E3
 219 06f5 E70C88D8 		.ascii	"\347\014\210\330\223\324%wHr\345\300\245B.LrUk\205Q"
 219      93D42577 
 219      4872E5C0 
 219      A5422E4C 
 219      72556B85 
 220 070a 1847BA30 		.ascii	"\030G\2720\242\205\214E\027\007\242J\007\242c\305\347"
 220      A2858C45 
 220      1707A24A 
 220      07A263C5 
 220      E7
 221 071b D3D4C28C 		.ascii	"\323\324\302\214pB\224\021\252\344<\213W\306_XS\342"
 221      70429411 
 221      AAE43C8B 
 221      57C65F58 
 221      53E2
 222 072d 58C67CE9 		.ascii	"X\306|\351F\356y\307\\]\015\314kD\314\373+/\205\352"
 222      46EE79C7 
 222      5C5D0DCC 
 222      6B44CCFB 
 222      2B2F85EA 
 223 0741 711A232A 		.ascii	"q\032#*\355\2722\206\035\210j\035\210*W\352\006E9\352"
 223      EDBA3286 
 223      1D886A1D 
 223      882A57EA 
 223      064539EA 
 224 0755 A448A23A 		.ascii	"\244H\242:\233DYG\222\216kq\031e\256\214\1774\325'G"
 224      9B445947 
 224      928E6B71 
 224      1965AE8C 
 224      7F34D527 
 225 076a A422DAB6 		.ascii	"\244\"\332\266M\224\030s\301\3029`a*]\003O\214\315\220"
 225      4D941873 
 225      C1C23960 
 225      612A5D03 
 225      4F8CCD90 
ARM GAS  /tmp/ccW0sPIx.s 			page 18


 226 077e 184FC168 		.ascii	"\030O\301h\202\321\010\343\2640-\317\226\341\350\234"
 226      82D108E3 
 226      B4302DCF 
 226      96E1E89C 
 227 078e 5896F48B 		.ascii	"X\226\364\213 \272\3638\341\306bQP$<\313\307\326\334"
 227      20BAF338 
 227      E1C66251 
 227      50243CCB 
 227      C7D6DC
 228 07a1 B7512960 		.ascii	"\267Q)`\027;\301\026\224S\371*\226\366A\023Z|5H\357"
 228      173BC116 
 228      9453F92A 
 228      96F64113 
 228      5A7C3548 
 229 07b6 280CFB3E 		.ascii	"(\014\373>c\015~@e\016\2547\026+\243\211\233sh\261B"
 229      630D7E40 
 229      650EAC37 
 229      162BA389 
 229      9B7368B1 
 230 07cb E4AE7740 		.ascii	"\344\256w@\267"
 230      B7
 231 07d0 976A6435 		.ascii	"\227jd5\226&\357\362\2206U\355_7\025\311\201\325\251"
 231      9626EFF2 
 231      903655ED 
 231      5F3715C9 
 231      81D5A9
 232 07e3 E37A7C87 		.ascii	"\343z|\2079\267u\352\316^\015\236\241\200\374q\301b"
 232      39B775EA 
 232      CE5E0D9E 
 232      A180FC71 
 232      C162
 233 07f5 B37CFD94 		.ascii	"\263|\375\2245\232\264\205\011e\323\267\355%;hf8\223"
 233      359AB485 
 233      0965D3B7 
 233      ED253B68 
 233      663893
 234 0808 657DB19C 		.ascii	"e}\261\234\2253\002\"K\353\372\334\303\317\316\205\271"
 234      95330222 
 234      4BEBFADC 
 234      C3CFCE85 
 234      B9
 235 0819 E3E73CD4 		.ascii	"\343\347<\324\263\252JT\036\322\344\347$\311\307r\026"
 235      B3AA4A54 
 235      1ED2E4E7 
 235      24C9C772 
 235      16
 236 082a EB10DEA7 		.ascii	"\353\020\336\247\244\344w\263\037~\207e\2267\310\312"
 236      A4E477B3 
 236      1F7E8765 
 236      9637C8CA 
 237 083a 2BBA7E59 		.ascii	"+\272~Y\217\343\330\253\262\222\347\025\032\322( \245"
 237      8FE3D8AB 
 237      B292E715 
 237      1AD22820 
 237      A5
 238 084b 6F888266 		.ascii	"o\210\202f\317\352\206*-Nb\357c\306rK\034\327A\017\314"
 238      CFEA862A 
ARM GAS  /tmp/ccW0sPIx.s 			page 19


 238      2D4E62EF 
 238      63C6724B 
 238      1CD7410F 
 239 0860 D92B0AE9 		.ascii	"\331+\012\351\226\347u\303Z\\\304\210\252\3666\215i"
 239      96E775C3 
 239      5A5CC488 
 239      AAF6368D 
 239      69
 240 0871 1D88CE3B 		.ascii	"\035\210\316;\020\365_m\272\354*\\\007}\"\273\365\333"
 240      10F55F6D 
 240      BAEC2A5C 
 240      077D22BB 
 240      F5DB
 241 0883 D6C18DDA 		.ascii	"\326\301\215\332\236|\035\025\022\036\241n9\0253\352"
 241      9E7C1D15 
 241      121EA16E 
 241      391533EA 
 242 0893 5C5CA38E 		.ascii	"\\\\\243\216i%\0274\032\266\260FC\352`y\267\372\273"
 242      69251734 
 242      1AB6B046 
 242      43EA6079 
 242      B7FABB
 243 08a6 47A9F3C3 		.ascii	"G\251\363\303\255\233\344\310\357Ut\021\274\177\201"
 243      AD9BE4C8 
 243      EF557411 
 243      BC7F81
 244 08b5 26F14BF2 		.ascii	"&\361K\362\357\312\320\000\360\241\354\273_\274HW\010"
 244      EFCAD000 
 244      F0A1ECBB 
 244      5FBC4857 
 244      08
 245 08c6 C580D702 		.ascii	"\305\200\327\0021.\303\234Tf\262\205\236\214/v\303\015"
 245      312EC39C 
 245      5466B285 
 245      9E8C2F76 
 245      C30D
 246 08d8 4CCDA77D 		.ascii	"L\315\247}=\223N\351\320\025PWHz#\262\241M\215[\031"
 246      3D934EE9 
 246      D0155057 
 246      487A23B2 
 246      A14D8D5B 
 247 08ed 69F778ED 		.ascii	"i\367x\355W\270\227\335O\234\010/T;9\023^\223K\235\011"
 247      57B897DD 
 247      4F9C082F 
 247      543B3913 
 247      5E934B9D 
 248 0902 AB870B1A 		.ascii	"\253\207\013\032\335\360MF\336\225U>\243\303\017\030"
 248      DDF04D46 
 248      DE95553E 
 248      A3C30F18 
 249 0912 7075E069 		.ascii	"pu\340i\217\326\311a|X.u\030\357\036x\374\310\326\264"
 249      8FD6C961 
 249      7C582E75 
 249      18EF1E78 
 249      FCC8D6B4 
 250 0926 20FBCC93 		.ascii	" \373\314\223\2669(>\2373v\245\231\363i\030\2572\340"
 250      B639283E 
ARM GAS  /tmp/ccW0sPIx.s 			page 20


 250      9F3376A5 
 250      99F36918 
 250      AF32E0
 251 0939 56C9D968 		.ascii	"V\311\331h%\016SQ\240p!6\205\357\317\244\222j\270\322"
 251      250E5351 
 251      A0702136 
 251      85EFCFA4 
 251      926AB8D2 
 252 094d 93ADE7DB 		.ascii	"\223\255\347\3337y\375\360\372\376\223\010\357a\270"
 252      3779FDF0 
 252      FAFE9308 
 252      EF61B8
 253 095c 99676FBD 		.ascii	"\231go\275\211c\330}\324\235\322\025\214\0173\240\375"
 253      8963D87D 
 253      D49DD215 
 253      8C0F33A0 
 253      FD
 254 096d 6217D4F9 		.ascii	"b\027\324\371\033\343\344.\3109!\212\223\350Se\3768"
 254      1BE3E42E 
 254      C839218A 
 254      93E85365 
 254      FE38
 255 097f 93D154DD 		.ascii	"\223\321T\335?\331\341X\017\337s\240\031\253y\221,:"
 255      3FD9E158 
 255      0FDF73A0 
 255      19AB7991 
 255      2C3A
 256 0991 D74F8A62 		.ascii	"\327O\212bk\312\026[\223\235\213w\325\270\2021_\354"
 256      6BCA165B 
 256      939D8B77 
 256      D5B88231 
 256      5FEC
 257 09a3 4A28D6E1 		.ascii	"J(\326\341Z\006\034\330\177+W%\275\277=\220\332\337"
 257      5A061CD8 
 257      7F2B5725 
 257      BDBF3D90 
 257      DADF
 258 09b5 149DE9B7 		.ascii	"\024\235\351\267~E\016\344\274\264\276\275\204\373Z"
 258      7E450EE4 
 258      BCB4BEBD 
 258      84FB5A
 259 09c4 A3AC7167 		.ascii	"\243\254qg\020\231\015\335\001\232\331\227\346\266\325"
 259      10990DDD 
 259      019AD997 
 259      E6B6D5
 260 09d3 549EDB1E 		.ascii	"T\236\333\036Bn\273\357\200.u\254\204D0\016\002\334"
 260      426EBBEF 
 260      802E75AC 
 260      8444300E 
 260      02DC
 261 09e5 2239ED2E 		.ascii	"\"9\355.\247 R=\202<6\015cFT\215\247\36245\305\323\224"
 261      A720523D 
 261      823C360D 
 261      6346548D 
 261      A7F23435 
 262 09fc 84383C75 		.ascii	"\2048<u.\3044\337\320zH\317s\317\371<\244\252iJ\235"
 262      2EC434DF 
ARM GAS  /tmp/ccW0sPIx.s 			page 21


 262      D07A48CF 
 262      73CFF93C 
 262      A4AA694A 
 263 0a11 D6E1C7D4 		.ascii	"\326\341\307\324\204.\307\247\237-#$8\306\367\257\341"
 263      842EC7A7 
 263      9F2D2324 
 263      38C6F7AF 
 263      E1
 264 0a22 8C9C8B56 		.ascii	"\214\234\213V\272\363\314\001\217\333\300\353\011\\"
 264      BAF3CC01 
 264      8FDBC0EB 
 264      095C
 265 0a30 6DCC9D1D 		.ascii	"m\314\235\0357n\300{r\314\245\231\347\011\237|\036&"
 265      376EC07B 
 265      72CCA599 
 265      E7099F7C 
 265      1E26
 266 0a42 5E84B100 		.ascii	"^\204\261\000\343\251P\321\325\344-\271\266\343\374"
 266      E3A950D1 
 266      D5E42DB9 
 266      B6E3FC
 267 0a51 4D4EE0E4 		.ascii	"MN\340\3448O\262w\362f\206=\010f\031s@w\330\012\257"
 267      384FB277 
 267      F266863D 
 267      08661973 
 267      4077D80A 
 268 0a66 6F659B1B 		.ascii	"oe\233\033\361\322c'\334m\207\232\212\330\244\013:\017"
 268      F1D26327 
 268      DC6D879A 
 268      8AD8A40B 
 268      3A0F
 269 0a78 6955CEBF 		.ascii	"iU\316\277\\\025\240>\276\2222\257\303\205j\032\216"
 269      5C15A03E 
 269      BE9232AF 
 269      C3856A1A 
 269      8E
 270 0a89 59FDCD50 		.ascii	"Y\375\315P\210UQ@y\276\372\352~\307b@x\376^\006\356"
 270      88555140 
 270      79BEFAEA 
 270      7EC76240 
 270      78FE5E06 
 271 0a9e CF6DA724 		.ascii	"\317m\247$\274\015\275\000\316+0Va\254\255\033\013\\"
 271      BC0DBD00 
 271      CE2B3056 
 271      61ACAD1B 
 271      0B5C
 272 0ab0 72F3A04B 		.ascii	"r\363\240K\331\355n(\006\016\274\215F\200\340:'\264"
 272      D9ED6E28 
 272      060EBC8D 
 272      4680E03A 
 272      27B4
 273 0ac2 F73336F6 		.ascii	"\36736\366\027&R^\347\375\217!0\301U\007\374\215\275"
 273      1726525E 
 273      E7FD8F21 
 273      30C15507 
 273      FC8DBD
 274 0ad5 98BED4D7 		.ascii	"\230\276\324\327\262\326\015\334\305\321\355\026\353"
ARM GAS  /tmp/ccW0sPIx.s 			page 22


 274      B2D60DDC 
 274      C5D1ED16 
 274      EB
 275 0ae2 946F6CDD 		.ascii	"\224ol\335\330\2331\317\234`\333\334\001\362\367%\277"
 275      D89B31CF 
 275      9C60DBDC 
 275      01F2F725 
 275      BF
 276 0af3 7AD84AD0 		.ascii	"z\330J\320\227\000o\224\343\333\214,\216\352\352\346"
 276      97006F94 
 276      E3DB8C2C 
 276      8EEAEAE6 
 277 0b03 D51A777C 		.ascii	"\325\032w|\225\331sd\255\272\326Y\363\"\024\377U\343"
 277      95D97364 
 277      ADBAD659 
 277      F32214FF 
 277      55E3
 278 0b15 9146D7CA 		.ascii	"\221F\327\312\263v5\276\315\330\025\344\314\237\306"
 278      B37635BE 
 278      CDD815E4 
 278      CC9FC6
 279 0b24 D2D9221C 		.ascii	"\322\331\"\034Kd\013\227\332\242\204U=M\027|m\254\245"
 279      4B640B97 
 279      DAA28455 
 279      3D4D177C 
 279      6DACA5
 280 0b37 BBDCA8CA 		.ascii	"\273\334\250\312\215\266Z\333B\225(\014{\240\016Pf\017"
 280      8DB65ADB 
 280      4295280C 
 280      7BA00E50 
 280      660F
 281 0b49 5C6D626D 		.ascii	"\\mbm(\264\200d5\035\227\301i2Z\213Z@\332\343\034\337"
 281      28B48064 
 281      351D97C1 
 281      69325A8B 
 281      5A40DAE3 
 282 0b5f 56E5C850 		.ascii	"V\345\310P\266\335X\"E3\001#\203\276#\370D\260\275\240"
 282      B6DD5822 
 282      45330123 
 282      83BE23F8 
 282      44B0BDA0 
 283 0b73 65248C68 		.ascii	"e$\214h\030QX\260\226\332\323p}5\235\"\002\263n\022"
 283      185158B0 
 283      96DAD370 
 283      7D359D22 
 283      02B36E12 
 284 0b87 21912EE6 		.ascii	"!\221.\346H\237.\035\2270\364v\220\350\214|#z\266\\"
 284      489F2E1D 
 284      9730F476 
 284      90E88C7C 
 284      237AB65C 
 285 0b9b E08F6BD6 		.ascii	"\340\217k\326\251n~\250+ \307\247\372\373ww\342#\256"
 285      A96E7EA8 
 285      2B20C7A7 
 285      FAFB7777 
 285      E223AE
 286 0bae D49E9189 		.ascii	"\324\236\221\211\3635\2568\231\001\361C\355-z\207\244"
ARM GAS  /tmp/ccW0sPIx.s 			page 23


 286      F335AE38 
 286      9901F143 
 286      ED2D7A87 
 286      A4
 287 0bbf 7F00EC1A 		.ascii	"\177\000\354\032\203\205I\177662O\345\320\330q\304\313"
 287      8385497F 
 287      3636324F 
 287      E5D0D871 
 287      C4CB
 288 0bd1 4ADC7F4A 		.ascii	"J\334\177J\264s\307\212\204<\210\371\346pk\274<B\216"
 288      B473C78A 
 288      843C88F9 
 288      E6706BBC 
 288      3C428E
 289 0be4 4B98108D 		.ascii	"K\230\020\215m\221\265:\334\310\200\314\224k\365\032"
 289      6D91B53A 
 289      DCC880CC 
 289      946BF51A 
 290 0bf4 07890EC1 		.ascii	"\007\211\016\301L\207\305\022\265\246\345\251p/#\272"
 290      4C87C512 
 290      B5A6E5A9 
 290      702F23BA 
 291 0c04 993119E3 		.ascii	"\2311\031\343\270w\035q \252>Q\023'\252\213\342E\342"
 291      B8771D71 
 291      20AA3E51 
 291      1327AA8B 
 291      E245E2
 292 0c17 1DE5E2E1 		.ascii	"\035\345\342\341\330\204\2259W\222\005\244\033%q\300"
 292      D8849539 
 292      579205A4 
 292      1B2571C0 
 293 0c27 F818F76F 		.ascii	"\370\030\367o\"\3705A\344\327%\336\232\001n\2645s\314"
 293      22F83541 
 293      E4D725DE 
 293      9A016EB4 
 293      3573CC
 294 0c3a D1ADC2BD 		.ascii	"\321\255\302\275i\366U\226$\3016\264I$\201\316\275:"
 294      69F65596 
 294      24C136B4 
 294      492481CE 
 294      BD3A
 295 0c4c 3B14D6E2 		.ascii	";\024\326\342\216G\230\312\247\007\253\356*\2354r\222"
 295      8E4798CA 
 295      A707ABEE 
 295      2A9D3472 
 295      92
 296 0c5d A4E5231D 		.ascii	"\244\345#\035\260\027us\374,\034G\002\343^\327\223r"
 296      B0177573 
 296      FC2C1C47 
 296      02E35ED7 
 296      9372
 297 0c6f 57FC80B1 		.ascii	"W\374\200\261\314\275\3240\254\304\213\024\300y\311"
 297      CCBDD430 
 297      ACC48B14 
 297      C079C9
 298 0c7e 610FDD78 		.ascii	"a\017\335x\027\334Jr\2710\374\240vA\231/\213\326\366"
 298      17DC4A72 
ARM GAS  /tmp/ccW0sPIx.s 			page 24


 298      B930FCA0 
 298      7641992F 
 298      8BD6F6
 299 0c91 14E1FA49 		.ascii	"\024\341\372I\345\350\366\365\343)\261|\004)\\F\321"
 299      E5E8F6F5 
 299      E329B17C 
 299      04295C46 
 299      D1
 300 0ca2 89F8E920 		.ascii	"\211\370\351 ~\306\272\370S\253\345\367\024x\305U\324"
 300      7EC6BAF8 
 300      53ABE5F7 
 300      1478C555 
 300      D4
 301 0cb3 8C789D37 		.ascii	"\214x\2357#l\207\363\327\331\341\374\342\265\373\031"
 301      236C87F3 
 301      D7D9E1FC 
 301      E2B5FB19 
 302 0cc3 721CC180 		.ascii	"r\034\301\200\207\373\212\223\370\351\\\334\"\312\305"
 302      87FB8A93 
 302      F8E95CDC 
 302      22CAC5
 303 0cd2 94804C95 		.ascii	"\224\200L\225\203\267\242lL\353\300\033i\263\363\012"
 303      83B7A26C 
 303      4CEBC01B 
 303      69B3F30A 
 304 0ce2 7C8CD15E 		.ascii	"|\214\321^\273\331\336\205p*\003N\214\356\353\304\352"
 304      BBD9DE85 
 304      702A034E 
 304      8CEEEBC4 
 304      EA
 305 0cf3 28CAA855 		.ascii	"(\312\250U\310(\037\030\025`5\0156!\253\320\343\241"
 305      C8281F18 
 305      1560350D 
 305      3621ABD0 
 305      E3A1
 306 0d05 FF8D8B19 		.ascii	"\377\215\213\031q\342<\224\204R\304\205N\210\037'\335"
 306      71E23C94 
 306      8452C485 
 306      4E881F27 
 306      DD
 307 0d16 BACF9B61 		.ascii	"\272\317\233a{\211\273\262\007\256e\352q\023\343\266"
 307      7B89BBB2 
 307      07AE65EA 
 307      7113E3B6 
 308 0d26 F7CE42B3 		.ascii	"\367\316B\263\233M\247\210\227\265\275H\3256s6\016\013"
 308      9B4DA788 
 308      97B5BD48 
 308      D5367336 
 308      0E0B
 309 0d38 23BF140B 		.ascii	"#\277\024\013[5e\266\205\0316^;\210p+\233!{O\33655/"
 309      5B3565B6 
 309      8519365E 
 309      3B88702B 
 309      9B217B4F 
 310 0d50 6169DB65 		.ascii	"ai\333e%\251'Z\205;\331[[#e3o\244\364=9:\357\356\264"
 310      25A9275A 
 310      853BD95B 
ARM GAS  /tmp/ccW0sPIx.s 			page 25


 310      5B236533 
 310      6FA4F43D 
 311 0d69 19548559 		.ascii	"\031T\205Y3\350\004\323l\264|\270M\201/2N}\323\221\207"
 311      33E804D3 
 311      6CB47CB8 
 311      4D812F32 
 311      4E7DD391 
 312 0d7e DD9C14EA 		.ascii	"\335\234\024\352\325X\252P/;\264\324\246\263\367\222"
 312      D558AA50 
 312      2F3BB4D4 
 312      A6B3F792 
 313 0d8e 5E4335A0 		.ascii	"^C5\240N\005\030\256\030\223\311j\361f6#\325\251#~\246"
 313      4E0518AE 
 313      1893C96A 
 313      F1663623 
 313      D5A9237E 
 314 0da3 468E6FF0 		.ascii	"F\216o\360\260\330_q\217\367\313&I\277\354VA_\004\357"
 314      B0D85F71 
 314      8FF7CB26 
 314      49BFEC56 
 314      415F04EF 
 315 0db7 24B5CC10 		.ascii	"$\265\314\020\204\301\204\363}z|\217a\257\334;[\306"
 315      84C184F3 
 315      7D7A7C8F 
 315      61AFDC3B 
 315      5BC6
 316 0dc9 1B7DD768 		.ascii	"\033}\327hu\236Q\320\246\303s\354\345\203\376\226*7"
 316      759E51D0 
 316      A6C373EC 
 316      E583FE96 
 316      2A37
 317 0ddb A9A06A92 		.ascii	"\251\240j\222\014\252\212\305\313\351\012\274\314hC"
 317      0CAA8AC5 
 317      CBE90ABC 
 317      CC6843
 318 0dea 8BE32B34 		.ascii	"\213\343+48\302\215u\232.7\034Dx?\003z\353zo\273\342"
 318      38C28D75 
 318      9A2E371C 
 318      44783F03 
 318      7AEB7A6F 
 319 0e00 230C18CF 		.ascii	"#\014\030\317\217\272\347\370c\333\031\340\177V\224"
 319      8FBAE7F8 
 319      63DB19E0 
 319      7F5694
 320 0e0f D8126A0F 		.ascii	"\330\022j\017\327jp.#\232k\213\351R8$\353V\007\242\222"
 320      D76A702E 
 320      239A6B8B 
 320      E9523824 
 320      EB5607A2 
 321 0e24 95F1788D 		.ascii	"\225\361x\2150&\332DK\372\234-\033\266\014E_S8\315\206"
 321      3026DA44 
 321      4BFA9C2D 
 321      1BB60C45 
 321      5F5338CD 
 322 0e39 32D4CED7 		.ascii	"2\324\316\327j\007\254\325Na*\\m\306],i\000/\324\002"
 322      6A07ACD5 
 322      4E612A5C 
ARM GAS  /tmp/ccW0sPIx.s 			page 26


 322      6DC65D2C 
 322      69002FD4 
 323 0e4e 02B4BF2C 		.ascii	"\002\264\277,iL\234\302)\014\375\367\032tZ\032\333V"
 323      694C9CC2 
 323      290CFDF7 
 323      1A745A1A 
 323      DB56
 324 0e60 FFF5A40C 		.ascii	"\377\365\244\014\204\362cR'=\353\225\037|\007\237\244"
 324      84F26352 
 324      273DEB95 
 324      1F7C079F 
 324      A4
 325 0e71 FAE3C36D 		.ascii	"\372\343\303m\211\021\316\2637\224\272\\\336\363 o\257"
 325      8911CEB3 
 325      3794BA5C 
 325      DEF3206F 
 325      AF
 326 0e82 50DE8926 		.ascii	"P\336\211&\\\307\004\260\345\356\236\227\346\356\231"
 326      5CC704B0 
 326      E5EE9E97 
 326      E6EE99
 327 0e91 46DC68DF 		.ascii	"F\334h\337\302\273\261$>O\336\266\337\2607\363\337\260"
 327      C2BBB124 
 327      3E4FDEB6 
 327      DFB037F3 
 327      DFB0
 328 0ea3 1B96930E 		.ascii	"\033\226\223\016\251\361\0317~\366\232m@\270\227\001"
 328      A9F11937 
 328      7EF69A6D 
 328      40B89701 
 329 0eb3 89610507 		.ascii	"\211a\005\007\364RY\002\252TtA\"K$\237N<\256\302#\214"
 329      F4525902 
 329      AA547441 
 329      224B249F 
 329      4E3CAEC2 
 330 0ec9 3AFD764E 		.ascii	":\375vN\264B\212\372\242\023\352\230\301\247\327\\\361"
 330      B4428AFA 
 330      A213EA98 
 330      C1A7D75C 
 330      F1
 331 0eda 0CA3BE58 		.ascii	"\014\243\276X]\231\250\303\213\014\230\216y\274\252"
 331      5D99A8C3 
 331      8B0C988E 
 331      79BCAA
 332 0ee9 C22B0C18 		.ascii	"\302+\014\030\332\363\244\333\005Gi\011\240xq{qM\215"
 332      DAF3A4DB 
 332      05476909 
 332      A078717B 
 332      714D8D
 333 0efc 7885450A 		.ascii	"x\205E\012\321:\234\316w\007\244A\2030\323\220\023\303"
 333      D13A9CCE 
 333      7707A441 
 333      8330D390 
 333      13C3
 334 0f0e 499E7C64 		.ascii	"I\236|d\024\235\270d\030\\r\015\306u\241[\356\327c\266"
 334      149DB864 
 334      185C720D 
ARM GAS  /tmp/ccW0sPIx.s 			page 27


 334      C675A15B 
 334      EED763B6 
 335 0f22 A312E657 		.ascii	"\243\022\346W\034\230ol\222\335/\023\240_\225\226\205"
 335      1C986F6C 
 335      92DD2F13 
 335      A05F9596 
 335      85
 336 0f33 3BA570A0 		.ascii	";\245p\240\276\225o\207\357\001\230\026\335R\302{\345"
 336      BE956F87 
 336      EF019816 
 336      DD52C27B 
 336      E5
 337 0f44 99A417BF 		.ascii	"\231\244\027\277\330\337\025\251\307\261T\347\365F\371"
 337      D8DF15A9 
 337      C7B154E7 
 337      F546F9
 338 0f53 16DE28EF 		.ascii	"\026\336(\357Y\330\267&\307\361\354\345XR\3561\236U"
 338      59D8B726 
 338      C7F1ECE5 
 338      5852EE31 
 338      9E55
 339 0f65 540076BE 		.ascii	"T\000v\276H<*w\232\012\307y*\274\305\034\220\020S|["
 339      483C2A77 
 339      9A0AC779 
 339      2ABCC51C 
 339      9010537C 
 340 0f7a 543391BE 		.ascii	"T3\221\276\270\035\3736\266\267:\012\257\337\031\307"
 340      B81DFB36 
 340      B6B73A0A 
 340      AFDF19C7 
 341 0f8a F6B4A7A0 		.ascii	"\366\264\247\240/o\202/\331\311\340\016I{\343\266\264"
 341      2F6F822F 
 341      D9C9E00E 
 341      497BE3B6 
 341      B4
 342 0f9b 57DB95D0 		.ascii	"W\333\225\320\346"
 342      E6
 343 0fa0 8253B4A2 		.ascii	"\202S\264\242\236\370\026\326\023\237^z\362@\217\263"
 343      9EF816D6 
 343      139F5E7A 
 343      F2408FB3 
 344 0fb0 D9BB93FD 		.ascii	"\331\273\223\375I\011\\x%\331W\227G'\325N\205\237\342"
 344      49095C78 
 344      25D95797 
 344      4727D54E 
 344      859FE2
 345 0fc3 C24FF29D 		.ascii	"\302O\362\235\262\254\357\206\313\306\246\376\004f\312"
 345      B2ACEF86 
 345      CBC6A6FE 
 345      0466CA
 346 0fd2 C9D07D22 		.ascii	"\311\320}\"\321\224M\242\201\276\306q8v\261YG\016\314"
 346      D1944DA2 
 346      81BEC671 
 346      3876B159 
 346      470ECC
 347 0fe5 37215C45 		.ascii	"7!\\E\001e\315\362\300\023\015\022\376.\335^\212\323"
 347      0165CDF2 
ARM GAS  /tmp/ccW0sPIx.s 			page 28


 347      C0130D12 
 347      FE2EDD5E 
 347      8AD3
 348 0ff7 5805015A 		.ascii	"X\005\001Z\2411p\343,"
 348      A13170E3 
 348      2C
 349 1000 B8D1AEAB 		.ascii	"\270\321\256\253\3408\310O\233%\302\030\274\313\011"
 349      E038C84F 
 349      9B25C218 
 349      BCCB09
 350 100f A44EA7E2 		.ascii	"\244N\247\342\222\0038\216PYgy\014>\206\370{\004c\016"
 350      9203388E 
 350      50596779 
 350      0C3E86F8 
 350      7B04630E 
 351 1023 C60C8C69 		.ascii	"\306\014\214ia,>+\022\004\327\003\207ID\031\202\244"
 351      612C3E2B 
 351      1204D703 
 351      87494419 
 351      82A4
 352 1035 B4629C0A 		.ascii	"\264b\234\012Z\300\211\016,\201\356q|\273}\034\032\274"
 352      5AC0890E 
 352      2C81EE71 
 352      7CBB7D1C 
 352      1ABC
 353 1047 4542251E 		.ascii	"EB%\036J\363g\301\253\036\277\326|FI\177\315\347\255"
 353      4AF367C1 
 353      AB1EBFD6 
 353      7C46497F 
 353      CDE7AD
 354 105a 11F20BFA 		.ascii	"\021\362\013\372)\234@\317l$u\236\002\362e,<@fl8\021"
 354      299C40CF 
 354      6C24759E 
 354      02F2652C 
 354      3C40666C 
 355 1070 8E36E0F2 		.ascii	"\2166\340\362\012*\336%\310\014\375\034\237%\014\031"
 355      0A2ADE25 
 355      C80CFD1C 
 355      9F250C19 
 356 1080 EAC31BB4 		.ascii	"\352\303\033\264\231i\342\334I\232\313\222o\344\336"
 356      9969E2DC 
 356      499ACB92 
 356      6FE4DE
 357 108f 85371C4F 		.ascii	"\2057\034O\013q\2318\235.;M\377D\367\3238\215\011\323"
 357      0B719938 
 357      9D2E3B4D 
 357      FF44F7D3 
 357      388D09D3 
 358 10a3 8C59EB5C 		.ascii	"\214Y\353\\(L\243\2209\310\262X\317e!\253\3732\227\334"
 358      284CA390 
 358      39C8B258 
 358      CF6521AB 
 358      FB3297DC 
 359 10b7 9E50ECC7 		.ascii	"\236P\354\307!\221\267\217\001\302Q\372j\231{{\021<"
 359      2191B78F 
 359      01C251FA 
 359      6A997B7B 
ARM GAS  /tmp/ccW0sPIx.s 			page 29


 359      113C
 360 10c9 FC0CC612 		.ascii	"\374\014\306\022\214'0\026`\314\303x\212\005G\371\356"
 360      8C273016 
 360      60CCC378 
 360      8A0547F9 
 360      EE
 361 10da 521C4ABD 		.ascii	"R\034J\275N\2741\312'\263G\216pgr[\316\353>\251\343"
 361      4EBC31CA 
 361      27B3478E 
 361      7067725B 
 361      CEEB3EA9 
 362 10ef 6EB1C533 		.ascii	"n\261\30531\365A\234\301\214\001\265\026*\007\036a\012"
 362      31F5419C 
 362      C18C01B5 
 362      162A071E 
 362      610A
 363 1101 A1318A37 		.ascii	"\2411\2127\350\327\227\202\217R\375H%L~\031 \350\366"
 363      E8D79782 
 363      8F52FD48 
 363      254C7E19 
 363      20E8F6
 364 1114 FA3845E4 		.ascii	"\3728E\344\033b\275$\\\312\254w\034\254\227\305\371"
 364      1B62BD24 
 364      5CCAAC77 
 364      1CAC97C5 
 364      F9
 365 1125 DBACC7D0 		.ascii	"\333\254\307\320\337\265\327\347\031\204;\3514\354\341"
 365      DFB5D7E7 
 365      19843BE9 
 365      34ECE1
 366 1134 AE24D8F6 		.ascii	"\256$\330\366\323k\272\\,\315\365\323\334\000D\361\006"
 366      D36BBA5C 
 366      2CCDF5D3 
 366      DC0044F1 
 366      06
 367 1145 CEDC6ECC 		.ascii	"\316\334n\314\370\015\350\213\261\230\177T\002\225\030"
 367      F80DE88B 
 367      B1987F54 
 367      029518
 368 1154 AAE4F8F6 		.ascii	"\252\344\370\366\372l\203\347\333\023\205\266)qb\033"
 368      FA6C83E7 
 368      DB1385B6 
 368      2971621B 
 369 1164 C7D3763D 		.ascii	"\307\323v=0\254\203w\350$'\241m\005\3056\364\034\034"
 369      30AC8377 
 369      E82427A1 
 369      6D05C536 
 369      F41C1C
 370 1177 180AD748 		.ascii	"\030\012\327H\030+\244\315\000#\002\356W\341\032\016"
 370      182BA4CD 
 370      002302EE 
 370      57E11A0E 
 371 1187 D735A173 		.ascii	"\3275\241s\333\013p\"[\243i\362\315(\231\333\302\376"
 371      DB0B7022 
 371      5BA369F2 
 371      CD2899DB 
 371      C2FE
ARM GAS  /tmp/ccW0sPIx.s 			page 30


 372 1199 C364C246 		.ascii	"\303d\302F\345Rp\021\313L\311`\214\375|j\3732\330\267"
 372      E5527011 
 372      CB4CC960 
 372      8CFD7C6A 
 372      FB32D8B7 
 373 11ad D1353389 		.ascii	"\32153\211\270\204\271\246\010VY\236\244k\370\206t\375"
 373      B884B9A6 
 373      0856599E 
 373      A46BF886 
 373      74FD
 374 11bf 5CC5BC06 		.ascii	"\\\305\274\0067\260\014\331\2241\266G\341!\255q\224"
 374      37B00CD9 
 374      9431B647 
 374      E121AD71 
 374      94
 375 11d0 E2FFA531 		.ascii	"\342\377\2451\002\206\244\350-\356M\342e\355\022)\202"
 375      0286A4E8 
 375      2DEE4DE2 
 375      65ED1229 
 375      82
 376 11e1 932A671F 		.ascii	"\223*g\037\350p;\233\326\366A\326\026\366AVQg\347\220"
 376      E8703B9B 
 376      D6F641D6 
 376      16F64156 
 376      5167E790 
 377 11f5 0EF7B077 		.ascii	"\016\367\260w95\245\005\3443\303\037\221\337D\261\340"
 377      3935A505 
 377      E433C31F 
 377      91DF44B1 
 377      E0
 378 1206 D0F52356 		.ascii	"\320\365#V\326\266=\273\036\345\206\2572\344\350\322"
 378      D6B63DBB 
 378      1EE586AF 
 378      32E4E8D2 
 379 1216 8B8FDC59 		.ascii	"\213\217\334Y}\034\027nuyC\266\376C\001\212UP\022\""
 379      7D1C176E 
 379      757943B6 
 379      FE43018A 
 379      55501222 
 380 122a 7D8C622B 		.ascii	"}\214b+:\240\240\233IN\331x\201\016\337g\324g\017\306"
 380      3AA0A09B 
 380      494ED978 
 380      810EDF67 
 380      D4670FC6 
 381 123e 0FBBE379 		.ascii	"\017\273\343y\006\204\265]\177\312ON\231\255\242&\220"
 381      0684B55D 
 381      7FCA4F4E 
 381      99ADA226 
 381      90
 382 124f 0C1D56F0 		.ascii	"\014\035V\360\242F\360\371Z\364x\351\252\026/3\342\324"
 382      A246F0F9 
 382      5AF478E9 
 382      AA162F33 
 382      E2D4
 383 1261 EE85EB48 		.ascii	"\356\205\353H\222\030\035\0019\244\350\007\362\017\267"
 383      92181D01 
 383      39A4E807 
ARM GAS  /tmp/ccW0sPIx.s 			page 31


 383      F20FB7
 384 1270 6B70B48E 		.ascii	"kp\264\2166[\347.u4\333\033J\340\320{E\252\231s=\007"
 384      365BE72E 
 384      7534DB1B 
 384      4AE0D07B 
 384      45AA9973 
 385 1286 AC99A118 		.ascii	"\254\231\241\030\035T\300Q\032\270$\2023\354\277\203"
 385      1D54C051 
 385      1AB82482 
 385      33ECBF83 
 386 1296 389CF24B 		.ascii	"8\234\362K\371\227C\3610\331!\216\376\327>\005\261g"
 386      F99743F1 
 386      30D9218E 
 386      FED73E05 
 386      B167
 387 12a8 B344EEE9 		.ascii	"\263D\356\351\004\360\3441\030\3110\222\024\202\030"
 387      04F0E431 
 387      18C93092 
 387      148218
 388 12b7 5EACDBC2 		.ascii	"^\254\333\302\370\223\323\371Q\007\376\033\267\231\325"
 388      F893D3F9 
 388      5107FE1B 
 388      B799D5
 389 12c6 F2D70F87 		.ascii	"\362\327\017\207[\013\376@\245\337/-\375>\005\013\311"
 389      5B0BFE40 
 389      A5DF2F2D 
 389      FD3E050B 
 389      C9
 390 12d7 73C7ABCE 		.ascii	"s\307\253\316\310q\271\216\2359[[\343\224N\332\327)"
 390      C871B98E 
 390      9D395B5B 
 390      E3944EDA 
 390      D729
 391 12e9 9C8F1341 		.ascii	"\234\217\023AI\330utF\251\361)\306\352\314\314\334\011"
 391      49D87574 
 391      46A9F129 
 391      C6EACCCC 
 391      DC09
 392 12fb 056E6340 		.ascii	"\005nc@Lh\312\373\270\203\336\343;C\023\017T/)\3373"
 392      4C68CAFB 
 392      B883DEE3 
 392      3B43130F 
 392      542F29DF 
 393 1310 F91C59C0 		.ascii	"\371\034Y\300;[h\204{\365\252\203\221\373\331\257\257"
 393      3B5B6884 
 393      7BF5AA83 
 393      91FBD9AF 
 393      AF
 394 1321 C40E1920 		.ascii	"\304\016\031 P\246\264\235\031\301\370O\370^\016\310"
 394      50A6B49D 
 394      19C1F84F 
 394      F85E0EC8 
 395 1331 E9D2C8B6 		.ascii	"\351\322\310\266\363\306\335\210\375\361\356x\212I;"
 395      F3C6DD88 
 395      FDF1EE78 
 395      8A493B
 396 1340 B2943467 		.ascii	"\262\2244g\373\206BOj\343\223\323wlg\310G\264S\263\264"
ARM GAS  /tmp/ccW0sPIx.s 			page 32


 396      FB86424F 
 396      6AE393D3 
 396      776C67C8 
 396      47B453B3 
 397 1355 6FCE1D3F 		.ascii	"o\316\035?a\341\323\022=\032\253c-e\321Z>\016\201\237"
 397      61E1D312 
 397      3D1AAB63 
 397      2D65D15A 
 397      3E0E819F 
 398 1369 0B464639 		.ascii	"\013FF90u>W\252\020\224*\206Q\000\243H\250\334D\321"
 398      30753E57 
 398      AA10942A 
 398      865100A3 
 398      48A8DC44 
 399 137e F70EF18C 		.ascii	"\367\016\361\214\015\250i\234\304\226\017$\276\245\313"
 399      0DA8699C 
 399      C4960F24 
 399      BEA5CB
 400 138d 78FD10DD 		.ascii	"x\375\020\335?\310g:y\034]\342#D\216]\274\205\365zS"
 400      3FC8673A 
 400      791C5DE2 
 400      23448E5D 
 400      BC85F57A 
 401 13a2 012B9A63 		.ascii	"\001+\232c\333\343o\257b\003z\241\206m\007\304bds\022"
 401      DBE36FAF 
 401      62037AA1 
 401      866D07C4 
 401      62647312 
 402 13b6 33B7871B 		.ascii	"3\267\207\033\321\207\264\005o\214\235v\275\205n\"\362"
 402      D187B405 
 402      6F8C9D76 
 402      BD856E22 
 402      F2
 403 13c7 D133422B 		.ascii	"\3213B+\337 \031\371\217\374\303\016\247\344\212\310"
 403      DF2019F9 
 403      8FFCC30E 
 403      A7E48AC8 
 404 13d7 3DE29F98 		.ascii	"=\342\237\230\323?D\3768\036\273\020\004\366\214]l\377"
 404      D33F44FE 
 404      381EBB10 
 404      04F68C5D 
 404      6CFF
 405 13e9 B06772CE 		.ascii	"\260gr\316\305\366i5b4\214;\005\005\254\331{\304\337"
 405      C5F66935 
 405      62348C3B 
 405      0505ACD9 
 405      7BC4DF
 406 13fc DB983002 		.ascii	"\333\2300\002&\225\235\220?\222\363\351\204\024\310"
 406      26959D90 
 406      3F92F3E9 
 406      8414C8
 407 140b 41623B43 		.ascii	"Ab;C\331:S\333\037\277'\347\264\225\230\014\3758\032"
 407      D93A53DB 
 407      1FBF27E7 
 407      B495980C 
 407      FD381A
 408 141e 0B25063D 		.ascii	"\013%\006=\324\377\311/\321w\342\276/c\007\300\250\334"
ARM GAS  /tmp/ccW0sPIx.s 			page 33


 408      D4FFC92F 
 408      D177E2BE 
 408      2F6307C0 
 408      A8DC
 409 1430 25571CAF 		.ascii	"%W\034\257w\366;r\333b\363q\307\246\355\234\303\027"
 409      77F63B72 
 409      DB62F371 
 409      C7A6ED9C 
 409      C317
 410 1442 B87D69E7 		.ascii	"\270}i\347\232\344\302\203E\205(\276+\025\274\347\263"
 410      9AE4C283 
 410      458528BE 
 410      2B15BCE7 
 410      B3
 411 1453 273C2A42 		.ascii	"'<*BA\247\200G\250\\A'\251\35394\247u\372;o\225\342"
 411      41A78047 
 411      A85C4127 
 411      A9EB3934 
 411      A775FA3B 
 412 146a BB327442 		.ascii	"\2732tB\301\177\347=ST\362\257?\310\264\216\215Y[n\366"
 412      C17FE73D 
 412      5354F2AF 
 412      3FC8B48E 
 412      8D595B6E 
 413 147f AAF6B74E 		.ascii	"\252\366\267NY\255\032\005\301Ae\020J\\ r/C\245\212"
 413      59AD1A05 
 413      C1416510 
 413      4A5C2072 
 413      2F43A58A 
 414 1493 71844A14 		.ascii	"q\204J\024\267\210\225\252\025?\000\342\311\013\035"
 414      B78895AA 
 414      153F00E2 
 414      C90B1D
 415 14a2 A918DF66 		.ascii	"\251\030\337f\332.\234I\035 \337\371(\33177*\332\217"
 415      DA2E9C49 
 415      1D20DFF9 
 415      28D93737 
 415      2ADA8F
 416 14b5 E9F8197B 		.ascii	"\351\370\031{Bd\331\005O\256\036\2704\254\304\323\214"
 416      4264D905 
 416      4FAE1EB8 
 416      34ACC4D3 
 416      8C
 417 14c6 E259D28B 		.ascii	"\342Y\322\213J7\301iE\220\334\353\024\224\214,\253\223"
 417      4A37C169 
 417      4590DCEB 
 417      14948C2C 
 417      AB93
 418 14d8 B0D66AD9 		.ascii	"\260\326j\331&\263<Uq\326\225j[\017\311\217Y\364a\344"
 418      26B33C55 
 418      71D6956A 
 418      5B0FC98F 
 418      59F461E4 
 419 14ec E5C77AA7 		.ascii	"\345\307z\247\3126\022e\033l\312\206\356\271\333\252"
 419      CA361265 
 419      1B6CCA86 
 419      EEB9DBAA 
ARM GAS  /tmp/ccW0sPIx.s 			page 34


 420 14fc 25DA929F 		.ascii	"%\332\222\237xFU\017\242\243b\254Y\210b\241\032\201"
 420      7846550F 
 420      A2A362AC 
 420      598862A1 
 420      1A81
 421 150e BA70CF5C 		.ascii	"\272p\317\\\336D\325\314\232N\033\320\341\034w\366+"
 421      DE44D5CC 
 421      9A4E1BD0 
 421      E11C77F6 
 421      2B
 422 151f 75ED9126 		.ascii	"u\355\221&\366\273;m\274\301\223\341\310\312X\207_l"
 422      F6BB3B6D 
 422      BCC193E1 
 422      C8CA5887 
 422      5F6C
 423 1531 65E8B442 		.ascii	"e\350\264B\350\320\244\362\372*\035.a<\246\006K\207"
 423      E8D0A4F2 
 423      FA2A1D2E 
 423      613CA606 
 423      4B87
 424 1543 1C5B432D 		.ascii	"\034[C- \201\230\250=\377\210\2470\010\316\210\202\340"
 424      208198A8 
 424      3DFF88A7 
 424      3008CE88 
 424      82E0
 425 1555 AC2D080E 		.ascii	"\254-\010\016\205\316\347\251\250H\360\010\235bA\260"
 425      85CEE7A9 
 425      A848F008 
 425      9D6241B0 
 426 1565 7AE27A3B 		.ascii	"z\342z;\022\332\345\367\032\201]\332\210]Zmv\231\356"
 426      12DAE5F7 
 426      1A815DDA 
 426      885D5A6D 
 426      7699EE
 427 1578 ED199673 		.ascii	"\355\031\226s\273\364/\251&\373\242Z~KqP\263\300*\315"
 427      BBF42FA9 
 427      26FBA25A 
 427      7E4B7150 
 427      B3C02ACD 
 428 158c 36AB9CA3 		.ascii	"6\253\234\243V\231>\234\224\254\307\013L\243\230\211"
 428      56993E9C 
 428      94ACC70B 
 428      4CA39889 
 429 159c 8E7E77BC 		.ascii	"\216~w\274\314\200\212\261[G5\036\322\011\263\343\345"
 429      CC808AB1 
 429      5B47351E 
 429      D209B3E3 
 429      E5
 430 15ad 09938448 		.ascii	"\011\223\204H\353|\245\374\2079T\030\330\026F\362{\254"
 430      EB7CA5FC 
 430      87395418 
 430      D81646F2 
 430      7BAC
 431 15bf D62C2DEA 		.ascii	"\326,-\352\004\242v&\315:7\031yB$\352R\374\220\234~"
 431      04A27626 
 431      CD3A3719 
 431      794224EA 
ARM GAS  /tmp/ccW0sPIx.s 			page 35


 431      52FC909C 
 432 15d4 0B97C755 		.ascii	"\013\227\307UB{u\212\354\325M\355E.\200\373d\364J\254"
 432      427B758A 
 432      ECD54DED 
 432      452E80FB 
 432      64F44AAC 
 433 15e8 5ED44053 		.ascii	"^\324@S\010\277o\350a\270=\024\367\351hR\215\213\020"
 433      08BF6FE8 
 433      61B83D14 
 433      F7E96852 
 433      8D8B10
 434 15fb 37597416 		.ascii	"7Yt\026\352e\270\275\024\367\300\265\032Q_.\026\352"
 434      EA65B8BD 
 434      14F7C0B5 
 434      1A515F2E 
 434      16EA
 435 160d 523BEA79 		.ascii	"R;\352y\206z\236\242\216X\357\326\272\011q\217\210p"
 435      867A9EA2 
 435      8E58EFD6 
 435      BA09718F 
 435      8870
 436 161f FB186E1F 		.ascii	"\373\030n\037\305\25587\225*\372\026\270Q$n?\303\355"
 436      C5AD3837 
 436      952AFA16 
 436      B851246E 
 436      3FC3ED
 437 1632 A7B80F0E 		.ascii	"\247\270\017\016\317G\211\276z\025\177\273<\300p\311"
 437      CF4789BE 
 437      7A157FBB 
 437      3CC070C9 
 438 1642 C5233024 		.ascii	"\305#0$\340#\223\345\203\240@sH\200\301d\376\304\260"
 438      E02393E5 
 438      83A04073 
 438      4880C164 
 438      FEC4B0
 439 1655 DDF22B4F 		.ascii	"\335\362+O\277\240\000\203g\260\321\342\371\376\027"
 439      BFA00083 
 439      67B0D1E2 
 439      F9FE17
 440 1664 1F7A7DFE 		.ascii	"\037z}\376\376\007\037z\276\377\251\361\363\2407\337"
 440      FE071F7A 
 440      BEFFA9F1 
 440      F3A037DF 
 441 1674 0F0E367B 		.ascii	"\017\0166{\006\030}}\375\015\337x\233\014\236!\237\177"
 441      06187D7D 
 441      FD0DDF78 
 441      9B0C9E21 
 441      9F7F
 442 1686 E96936F9 		.ascii	"\351i6\371x\206\230,^\001\006\263\331{\207\341-\037"
 442      7886982C 
 442      5E0106B3 
 442      D97B87E1 
 442      2D1F
 443 1698 F5BFFDE6 		.ascii	"\365\277\375\346?\277\377\301/~!S\232\215\1776xY\024"
 443      3FBFFFC1 
 443      2F7E2153 
 443      9A8D7F36 
ARM GAS  /tmp/ccW0sPIx.s 			page 36


 443      785914
 444 16ab E4A20AF6 		.ascii	"\344\242\012\366\336\355\037\344\355\253\260\030\003"
 444      DEED1FE4 
 444      EDABB018 
 444      03
 445 16b8 0C3AEF20 		.ascii	"\014:\357 \263\027\2711[\274\003\202\325!\306@\313O"
 445      B317B931 
 445      5BBC0382 
 445      D521C640 
 445      CB4F
 446 16ca DFF3B2FC 		.ascii	"\337\363\262\374\372\255\267<\341\177\013<\366\0146"
 446      FAADB73C 
 446      E17F0B3C 
 446      F60C36
 447 16d9 988CC17E 		.ascii	"\230\214\301~\006\323\3567\375\375}=\337\177\367\027"
 447      06D3EE37 
 447      FDFD7D3D 
 447      DF7FF717 
 448 16e9 6FFFD46B 		.ascii	"o\377\324k\347;\236\014\003\376\367\011\202\351\215"
 448      E73B9E0C 
 448      03FEF709 
 448      82E98D
 449 16f8 813E9E36 		.ascii	"\201>\2366Vo\371\311\264D\214 \363\227\000yY\344F_w"
 449      566FF9C9 
 449      B4448C20 
 449      F3970079 
 449      59E4465F 
 450 170d 8158465F 		.ascii	"\201XF_\020$\320\260\313\342&x\350\032l\012\332n\364"
 450      1024D0B0 
 450      CBE22678 
 450      E81A6C0A 
 450      DA6EF4
 451 1720 3706EED0 		.ascii	"7\006\356\320\206X\340\372go\213\021\014\361*AY\177"
 451      8658E0FA 
 451      676F8B11 
 451      0CF12A41 
 451      597F
 452 1732 E5131412 		.ascii	"\345\023\024\022h1\230\274,\177#\240\264\277\366\365"
 452      683198BC 
 452      2C7F23A0 
 452      B4BFF6F5 
 453 1742 B6786F02 		.ascii	"\266xo\002#\212,\370\353\377\223\005\211\032B\013\372"
 453      238A2CF8 
 453      EBFF9305 
 453      891A420B 
 453      FA
 454 1753 C9B63A9D 		.ascii	"\311\266:\235\312\313\242\023\276\263\340\235\001\026"
 454      CACBA213 
 454      BEB3E09D 
 454      0116
 455 1761 DDFB41E6 		.ascii	"\335\373A\346\317\276\260\230\014\336\001\377\365\351"
 455      CFBEB098 
 455      0CDE01FF 
 455      F5E9
 456 176f 976EC422 		.ascii	"\227n\304\"Af\012\252|\374\274\003\003\015\376\324\340"
 456      41660AAA 
 456      7CFCBC03 
ARM GAS  /tmp/ccW0sPIx.s 			page 37


 456      030DFED4 
 456      E0
 457 1780 C6200E69 		.ascii	"\306 \016i\001\377\343\317>`\300\367$\354i\344\344 "
 457      01FFE3CF 
 457      3E60C0F7 
 457      24EC69E4 
 457      E420
 458 1792 89C6CE5B 		.ascii	"\211\306\316[\001\344&\345W!\333\267\033LJ\223! \310"
 458      01E426E5 
 458      5721DBB7 
 458      1B4C4A93 
 458      2120C8
 459 17a5 627033EC 		.ascii	"bp3\354\264|b4[\014\201\006\223\313v\177\357\035f\255"
 459      B47C6234 
 459      5B0C8106 
 459      93CB767F 
 459      EF1D66AD 
 460 17b9 61A721D0 		.ascii	"a\247!\320Bo\275,J\012\230\335\350%\300\333\374\265"
 460      426FBD2C 
 460      4A0A98DD 
 460      E825C0DB 
 460      FCB5
 461 17cb 9745EDCF 		.ascii	"\227E\355\317\321"
 461      D1
 462 17d0 5D7DFCBC 		.ascii	"]}\374\274,~\300\327W\315.^\026=\305\363\262al\022\203"
 462      2C7EC0D7 
 462      57CD2E5E 
 462      163DC5F3 
 462      B2616C12 
 463 17e5 C0EE1BCA 		.ascii	"\300\356\033\312\367-&\361\327\006\023\210\357\371\201"
 463      F72D26F1 
 463      D7061388 
 463      EFF981
 464 17f4 9FF12BE3 		.ascii	"\237\361+\343g_x\006\231=M\026\242\201\177\210\257\301"
 464      675F7806 
 464      993D4D16 
 464      A2817F88 
 464      AFC1
 465 1806 D3C78F4D 		.ascii	"\323\307\217M\015\032\270\202\214_\004\205\230|\014"
 465      0D1AB882 
 465      8C5F0485 
 465      987C0C
 466 1815 4C362F33 		.ascii	"L6/3\005\364B\300\313\342Bb\310\244\366\361\366\367"
 466      05F442C0 
 466      CBE24262 
 466      C8A4F6F1 
 466      F6F7
 467 1827 FFCADBE7 		.ascii	"\377\312\333\347\353M \335N\243\311\022\342\355O\243"
 467      EB4D20DD 
 467      4EA3C912 
 467      E2ED4FA3 
 468 1837 CBE42E82 		.ascii	"\313\344.\202@\217\235\226\355!\201>pc$\321\261\323"
 468      408F9D96 
 468      ED21813E 
 468      706324D1 
 468      B1D3
 469 1849 DB7F33B1 		.ascii	"\333\1773\261\234\177P\340\016\333\003/\213\233\305"
ARM GAS  /tmp/ccW0sPIx.s 			page 38


 469      9C7F50E0 
 469      0EDB032F 
 469      8B9BC5
 470 1858 64DCB1C3 		.ascii	"d\334\261\303`\"4\356\242\230\207\370\334i\301\301\336"
 470      602234EE 
 470      A29887F8 
 470      DC69C1C1 
 470      DE
 471 1869 2605E1E2 		.ascii	"&\005\341\342\342K\224T\004\233\014;u0\261\257\301\037"
 471      E24B9454 
 471      049B0C3B 
 471      7530B1AF 
 471      C11F
 472 187b 1C4D1EB9 		.ascii	"\034M\036\271\213 \220\222\002:\363n\263}\2227\277\225"
 472      8B209092 
 472      023AF36E 
 472      B37D9237 
 472      BF95
 473 188d 39083DB1 		.ascii	"9\010=\261\0068\216,C\317oE\024\364\325\037\015>\314"
 473      06388E2C 
 473      43CF6F45 
 473      14F4D51F 
 473      0D3ECC
 474 18a0 8836E94D 		.ascii	"\2106\351M*\237\257@l\357\200\255N\326\241\011\260\335"
 474      2A9FAF40 
 474      6CEF80AD 
 474      4ED6A109 
 474      B0DD
 475 18b2 D6012F8B 		.ascii	"\326\001/\213\007\2717\373\031\374\375Y\310\220\205"
 475      07B937FB 
 475      19FCFD59 
 475      C89085
 476 18c1 28454B51 		.ascii	"(EKQ\210\200,\364^\201\270\373\202<Z\217k=`Q$\206\260"
 476      88802CF4 
 476      5E81B8FB 
 476      823C5A8F 
 476      6B3D6051 
 477 18d8 699D8847 		.ascii	"i\235\210G\265\273\215\202\007\266^\314A\023d\266E\252"
 477      B5BB8D82 
 477      07B65ECC 
 477      411364B6 
 477      45AA
 478 18ea 92395DE9 		.ascii	"\2229]\351\023\024\270\335\270\343\025;#\012\203\225"
 478      1314B8DD 
 478      B8E3153B 
 478      230A8395 
 479 18fa C1451683 		.ascii	"\301E\026\203~\3759\0057\211A\210FX\227\001\301\220"
 479      7EFD3905 
 479      37894188 
 479      46589701 
 479      C190
 480 190c 54BC030C 		.ascii	"T\274\003\014\256<\204\277\361\326\230-_{\373\033w\004"
 480      AE3C84BF 
 480      F1D6982D 
 480      5F7BFB1B 
 480      7704
 481 191e 7A595CD7 		.ascii	"zY\\\327)\\\203 \235\321\334\242\"\271\356\347^\026"
ARM GAS  /tmp/ccW0sPIx.s 			page 39


 481      295C8320 
 481      9DD1DCA2 
 481      22B9EEE7 
 481      5E16
 482 1930 8D6197C1 		.ascii	"\215a\227\301\2070\0121\203G,\340H\225OP@\200w\240\257"
 482      87300A31 
 482      83472CE0 
 482      48954F50 
 482      408077A0 
 483 1945 402FF660 		.ascii	"@/\366`\363\306\007\300\331d\370S\010\004\222\301W\343"
 483      F3C607C0 
 483      D964F853 
 483      080492C1 
 483      57E3
 484 1957 EF0D5C7C 		.ascii	"\357\015\\|\010k\367u<\006\277\262\001\366\262\250\374"
 484      086BF775 
 484      3C06BFB2 
 484      01F6B2A8 
 484      FC
 485 1968 C00041A6 		.ascii	"\300\000A\246\335J\203\257\021h\325f\203?\270\327\340"
 485      DD4A83AF 
 485      1168D566 
 485      833FB8D7 
 485      E0
 486 1979 ABF20931 		.ascii	"\253\362\0111\231`1\270\030\003\203C,Jo\323\016X\344"
 486      996031B8 
 486      18038343 
 486      2C4A6FD3 
 486      0E58E4
 487 198c 4AB3E14F 		.ascii	"J\263\341O\376\206@r\001\310\025P\314A\246\340 \263"
 487      FE864072 
 487      01C81550 
 487      CC41A6E0 
 487      20B3
 488 199e 121EEEB0 		.ascii	"\022\036\356\260\370\271\255s'\011\336l\016v\013\010"
 488      F8B9AD73 
 488      2709DE6C 
 488      0E760B08 
 489 19ae F20D017E 		.ascii	"\362\015\001~$[2\221\341!{F\\\256f\267\037\373\022\343"
 489      245B3291 
 489      E1217B46 
 489      5CAE66B7 
 489      1FFB12E3 
 490 19c2 EE60AB81 		.ascii	"\356`\253\201`P\010\354a\336\035\350\303\334\362\267"
 490      605008EC 
 490      61DE1DE8 
 490      C3DCF2B7 
 491 19d2 52C10198 		.ascii	"R\301\001\230\020\033z\333=\313\204.t~y\220Y\261#\330"
 491      101B7ADB 
 491      3DCB842E 
 491      747E7990 
 491      59B123D8 
 492 19e6 18F4BA14 		.ascii	"\030\364\272\024\335n0\022McvHm\313n\362\367djoS\300"
 492      DD6E3012 
 492      4D637648 
 492      6DCB6EF2 
 492      F7646A6F 
ARM GAS  /tmp/ccW0sPIx.s 			page 40


 493 19fc CE9FBD19 		.ascii	"\316\237\275\031 \323\000\231\305\260\353\315\200we"
 493      20D30099 
 493      C5B0EBCD 
 493      807765
 494 1a0b 7AC8AF9F 		.ascii	"z\310\257\237\262\364\372q\240\361\377\230\312\0356"
 494      B2F4FA71 
 494      A0F1FF98 
 494      CA1D36
 495 1a1a 4319E4B9 		.ascii	"C\031\344\271/\375|?\334e\264\270\004\230!\270\276\335"
 495      2FFD7C3F 
 495      DC65B4B8 
 495      049821B8 
 495      BEDD
 496 1a2c CA63F144 		.ascii	"\312c\361DV\236\332\307/\330\004A\263}\313?{\233\015"
 496      569EDAC7 
 496      2FD80441 
 496      B37DCB3F 
 496      7B9B0D
 497 1a3f 5F10C707 		.ascii	"_\020\307\007Z\214\336<\252\337u\306\315\317\333\337"
 497      5A8CDE3C 
 497      AADF75C6 
 497      CDCFDBDF 
 498 1a4f D3DFF895 		.ascii	"\323\337\370\225'S\325\354i\343\002\0341\330Bk\267\207"
 498      2753D5EC 
 498      69E3021C 
 498      31D8426B 
 498      B787
 499 1a61 97E57F01 		.ascii	"\227\345\177\001\360wXC"
 499      F0775843 
 500              		.text
 501              		.section	.gnu.lto_.symtab.e3fb241507c8b0b0,"e",%progbits
 502 0000 7572744D 		.ascii	"urtMessageInit\000"
 502      65737361 
 502      6765496E 
 502      697400
 503 000f 00       		.ascii	"\000"
 504 0010 00       		.ascii	"\000"
 505 0011 00       		.ascii	"\000"
 506 0012 00000000 		.ascii	"\000\000\000\000\000\000\000\000"
 506      00000000 
 507 001a 34020000 		.ascii	"4\002\000\000"
 508 001e 616F7300 		.ascii	"aos\000"
 509 0022 00       		.ascii	"\000"
 510 0023 02       		.ascii	"\002"
 511 0024 00       		.ascii	"\000"
 512 0025 00000000 		.ascii	"\000\000\000\000\000\000\000\000"
 512      00000000 
 513 002d 49020000 		.ascii	"I\002\000\000"
 514 0031 63685468 		.ascii	"chThdExit\000"
 514      64457869 
 514      7400
 515 003b 00       		.ascii	"\000"
 516 003c 02       		.ascii	"\002"
 517 003d 00       		.ascii	"\000"
 518 003e 00000000 		.ascii	"\000\000\000\000\000\000\000\000"
 518      00000000 
 519 0046 3C020000 		.ascii	"<\002\000\000"
ARM GAS  /tmp/ccW0sPIx.s 			page 41


 520 004a 63687072 		.ascii	"chprintf\000"
 520      696E7466 
 520      00
 521 0053 00       		.ascii	"\000"
 522 0054 02       		.ascii	"\002"
 523 0055 00       		.ascii	"\000"
 524 0056 00000000 		.ascii	"\000\000\000\000\000\000\000\000"
 524      00000000 
 525 005e 45020000 		.ascii	"E\002\000\000"
 526              		.text
 527              		.section	.gnu.lto_.opts,"e",%progbits
 528 0000 272D666E 		.ascii	"'-fno-openmp' '-fno-openacc' '-fno-pie' '-mcpu=cort"
 528      6F2D6F70 
 528      656E6D70 
 528      2720272D 
 528      666E6F2D 
 529 0033 65782D6D 		.ascii	"ex-m3' '-mthumb' '-mfloat-abi=soft' '-march=armv7-m"
 529      33272027 
 529      2D6D7468 
 529      756D6227 
 529      20272D6D 
 530 0066 2720272D 		.ascii	"' '-O2' '-fstack-usage' '-ffunction-sections' '-fda"
 530      4F322720 
 530      272D6673 
 530      7461636B 
 530      2D757361 
 531 0099 74612D73 		.ascii	"ta-sections' '-fno-common' '-flto' '-fshort-enums'\000"
 531      65637469 
 531      6F6E7327 
 531      20272D66 
 531      6E6F2D63 
 532              		.text
 533              		.comm	__gnu_lto_v1,1,1
 534              		.comm	__gnu_lto_slim,1,1
 535              		.ident	"GCC: (GNU Arm Embedded Toolchain 9-2020-q2-update) 9.3.1 20200408 (release)"
ARM GAS  /tmp/ccW0sPIx.s 			page 42


DEFINED SYMBOLS
                            *ABS*:0000000000000000 urt_message.c
                            *COM*:0000000000000001 __gnu_lto_v1
                            *COM*:0000000000000001 __gnu_lto_slim

NO UNDEFINED SYMBOLS
