ARM GAS  /tmp/cciLtLIO.s 			page 1


   1              		.cpu cortex-m4
   2              		.eabi_attribute 20, 1
   3              		.eabi_attribute 21, 1
   4              		.eabi_attribute 23, 3
   5              		.eabi_attribute 24, 1
   6              		.eabi_attribute 25, 1
   7              		.eabi_attribute 26, 1
   8              		.eabi_attribute 30, 2
   9              		.eabi_attribute 34, 1
  10              		.eabi_attribute 18, 4
  11              		.file	"memstreams.c"
  12              		.section	.gnu.lto_.profile.59e55ed3ded41f22,"e",%progbits
  13 0000 789CE360 		.ascii	"x\234\343``\004B \000\000\000]\000\013"
  13      60044220 
  13      0000005D 
  13      000B
  14              		.text
  15              		.section	.gnu.lto_.icf.59e55ed3ded41f22,"e",%progbits
  16 0000 789CE360 		.ascii	"x\234\343``d\320a@\000v\206\276\367\375\313\330\030"
  16      6064D061 
  16      40007686 
  16      BEF7FDCB 
  16      D818
  17 0012 4FBFBC77 		.ascii	"O\277\274w\222\235i\332\376\023\237Y\230\027\274\370"
  17      929D69DA 
  17      FE139F59 
  17      9817BCF8 
  18 0022 FF9C9305 		.ascii	"\377\234\223\005L\262.\272\330\360\206\223m\311\333"
  18      4CB22EBA 
  18      D8F08693 
  18      6DC9DB
  19 0031 4D47F819 		.ascii	"MG\370\031\000\372]\026l"
  19      00FA5D16 
  19      6C
  20              		.text
  21              		.section	.gnu.lto_.jmpfuncs.59e55ed3ded41f22,"e",%progbits
  22 0000 789C854E 		.ascii	"x\234\205NA\012\2000\014K\326nz\333\217\335S\366\025"
  22      410A8030 
  22      0C4BD66E 
  22      7ADB8FDD 
  22      53F615
  23 0013 6F3E6BA6 		.ascii	"o>k\246\"8\0204\020\332\2046d\005q\340AA\"\255u\203"
  23      22381034 
  23      10DA8436 
  23      640571E0 
  23      414122AD 
  24 0029 C840EC69 		.ascii	"\310@\354i6-\374%\024\273%M+\276\221\340\356\2048\204"
  24      362DFC25 
  24      14BB254D 
  24      2BBE91E0 
  24      EE843884 
  25 003d AAA86FED 		.ascii	"\252\250o\355s\212_)\257\223\377\324\354Q\261\352=\267"
  25      738A5F29 
  25      AF93FFD4 
  25      EC51B1EA 
  25      3DB7
  26 004f BB4C1027 		.ascii	"\273L\020'\317\2653\316"
ARM GAS  /tmp/cciLtLIO.s 			page 2


  26      CFB533CE 
  27              		.text
  28              		.section	.gnu.lto_.inline.59e55ed3ded41f22,"e",%progbits
  29 0000 789CCD92 		.ascii	"x\234\315\222\275J\003Q\020\205\317\314l\342\305$\260"
  29      BD4A0351 
  29      1085CFCC 
  29      6CE2C524 
  29      B0
  30 0011 A5A0C596 		.ascii	"\245\240\305\226\226>\200\205O\3403\230M\242\245>\201"
  30      963E8085 
  30      4FE03398 
  30      4DA2A53E 
  30      81
  31 0022 6C50040B 		.ascii	"lP\004\013\203ba\345O#\026V\202XX\304@:\033\213\200"
  31      836261E5 
  31      4F231656 
  31      825858C4 
  31      403A1B8B 
  32 0037 58295AD9 		.ascii	"X)Z\331\245\263P\023\235{7\373\243\225\351\234\205\273"
  32      A5B35013 
  32      9D7B37FB 
  32      A395E99C 
  32      85BB
  33 0049 E7CECEE5 		.ascii	"\347\316\316\345|\234\273\006\204yAZE\240\262}\3721"
  33      7C9CBB06 
  33      8479415A 
  33      45A0B27D 
  33      FA31
  34 005b E4651204 		.ascii	"\344e\022\004\004Yp\353\222[\203\311\342\376\355\333"
  34      045970EB 
  34      925B83C9 
  34      E2FEEDDB 
  35 006b 80EB80B9 		.ascii	"\200\353\200\271\350\236}q\235\301\240H\213C\206\227"
  35      E89E7D71 
  35      9DC1A048 
  35      8B438697 
  36 007b 6A7859D7 		.ascii	"jxY\327d]\003\317\251:\312\240\356\316\321@\252\014"
  36      645D03CF 
  36      A93ACAA0 
  36      EECED140 
  36      AA0C
  37 008d 9F130D1F 		.ascii	"\237\023\015\037\354T\210)\313B(\037^\356=\245(1DD#"
  37      EC548829 
  37      CB42281F 
  37      5EEE3DA5 
  37      28314444 
  38 00a2 16712C35 		.ascii	"\026q,5`\342\341\271w\363W\026y\331\272\033\352\251"
  38      60E2E1B9 
  38      77F35716 
  38      79D9BA1B 
  38      EAA9
  39 00b4 315918A5 		.ascii	"1Y\030\245\315\346y[Y<\004\253\007B\255\215\376\243"
  39      CDE6795B 
  39      593C04AB 
  39      0742AD8D 
  39      FEA3
  40 00c6 69C9B108 		.ascii	"i\311\261\010\201\256i\332q\255\245*\017\0124\325i]"
ARM GAS  /tmp/cciLtLIO.s 			page 3


  40      81AE69DA 
  40      71ADA52A 
  40      0F0A34D5 
  40      695D
  41 00d8 C38D1D7F 		.ascii	"\303\215\035\177\200\252eAeGA\324\262}u\377.\241\201"
  41      80AA6541 
  41      654741D4 
  41      B27D75FF 
  41      2EA181
  42 00eb 6F404E57 		.ascii	"o@NWML\335\177\215>\271f\220\357\0076\332\321N7\331"
  42      4D4CDD7F 
  42      8D3EB966 
  42      90EF0736 
  42      DAD14E37 
  43 0100 E9396391 		.ascii	"\3519c\221\005\2765\221\025\213\234\213\217\365\205"
  43      05BE3591 
  43      158B9C8B 
  43      8FF585
  44 010f 18AD9464 		.ascii	"\030\255\224d\000\343F\307\276Ov\252\246\031&j&\233"
  44      00E346C7 
  44      BE4F76AA 
  44      A619266A 
  44      269B
  45 0121 0CB2C920 		.ascii	"\014\262\311 \375>k\321\274\212\345\333]\264\217\367"
  45      FD3E6BD1 
  45      BC8AE5DB 
  45      5DB48FF7 
  46 0131 0B73F4C3 		.ascii	"\013s\364\303\3753\312\202\363\356H\203\300\311}\241"
  46      FD33CA82 
  46      F3EE4883 
  46      C0C97DA1 
  47 0141 A4E2841B 		.ascii	"\244\342\204\033\026\307\3267\207O\277\220"
  47      16C7D637 
  47      874FBF90 
  48              		.text
  49              		.section	.gnu.lto_.pureconst.59e55ed3ded41f22,"e",%progbits
  50 0000 789C05C1 		.ascii	"x\234\005\301\301\021\000\020\000\300\260\242\234\277"
  50      C1110010 
  50      00C0B0A2 
  50      9CBF
  51 000e ED3BADE4 		.ascii	"\355;\255\3442x\300!G\316\\i\356\374&\262\003\346"
  51      3278C021 
  51      47CE5C69 
  51      EEFC26B2 
  51      03E6
  52              		.text
  53              		.section	.gnu.lto__put.59e55ed3ded41f22,"e",%progbits
  54 0000 789C9552 		.ascii	"x\234\225R\333KTA\030\237\337|g\317\331U\363\037\330"
  54      DB4B5441 
  54      189FDF7C 
  54      67CFD955 
  54      F31FD8
  55 0013 171F0211 		.ascii	"\027\037\002\021b\317B\005\321\205\202\240\327\036\372"
  55      62CF4205 
  55      D18582A0 
  55      D71EFA
  56 0022 0B54165C 		.ascii	"\013T\026\\\332\255\320\236s\326\025\2432\353\241\274"
ARM GAS  /tmp/cciLtLIO.s 			page 4


  56      DAADD09E 
  56      73D615A3 
  56      32EBA1BC 
  57 0032 84EB1164 		.ascii	"\204\353\021d\351\362\320U*\322\362\324Z\271\336\322"
  57      E9F2D055 
  57      2AD2F2D4 
  57      5AB9DED2 
  58 0042 24481F56 		.ascii	"$H\037V\012\014\262\353\223\364\222\365\3159\007\326"
  58      0A0CB2EB 
  58      93F492F5 
  58      CD3907D6 
  59 0052 E8450F73 		.ascii	"\350E\017s>\346\233\231\337\345\373f\302\002\342\001"
  59      3EE69B99 
  59      DFE5FB66 
  59      C202E201 
  60 0062 09B15F08 		.ascii	"\011\261_\010\261\227\177\204\004\244R\352\220\225\011"
  60      B1977F84 
  60      04A452EA 
  60      909509
  61 0071 4B69DC18 		.ascii	"Ki\334\030\330a\250\012z\377a\341\240\241\252\010F\260"
  61      D861A80A 
  61      7AFF61E1 
  61      A0A1AA08 
  61      46B0
  62 0083 6500DE4C 		.ascii	"e\000\336L\205!Z%\031h\305%\352!\224\332r\277\252\272"
  62      85215A25 
  62      1968C525 
  62      EA2194DA 
  62      72BFAABA 
  63 0097 C8210183 		.ascii	"\310!\001\203\323+\223\303\305\012\235\0025\234vf\026"
  63      D32B93C3 
  63      C50A9D02 
  63      359C7666 
  63      16
  64 00a8 47A8EE3A 		.ascii	"G\250\356:#\225\333\323m\016\014\317\251\210CR\364\361"
  64      2395DBD3 
  64      6D0E0CCF 
  64      A9884352 
  64      F4F1
  65 00ba F11144F1 		.ascii	"\361\021D\361\004Q\241?\214\242\216\217/\314\274\273"
  65      0451A13F 
  65      8CA28E8F 
  65      2FCCBCBB 
  66 00ca 6CD11E08 		.ascii	"l\321\036\010\236O\316w\217\205k\363J\265)wz\210\324"
  66      9E4FCE77 
  66      8F856BF3 
  66      4AB52977 
  66      7A88D4
  67 00dd 7687084F 		.ascii	"v\207\010OA\377@y\215\301\317P\313\200\376\216[+D\373"
  67      41FF4079 
  67      8DC1CF50 
  67      CB80FE8E 
  67      5B2B44FB 
  68 00f1 3CF0D4DA 		.ascii	"<\360\324\332\304\270\014\300_\333IU9\354x\314\007\357"
  68      C4B80CC0 
  68      5FDB4955 
  68      39EC78CC 
ARM GAS  /tmp/cciLtLIO.s 			page 5


  68      07EF
  69 0103 8C22EE41 		.ascii	"\214\"\356A\015\206\272\250\025\032\360\361\336\372"
  69      0D86BAA8 
  69      151AF0F1 
  69      DEFA
  70 0111 D56DA6A1 		.ascii	"\325m\246\241\215i;\317ar\233\204\270\3636\344\252\365"
  70      8D693BCF 
  70      61729B84 
  70      B8F336E4 
  70      AAF5
  71 0123 3F67953B 		.ascii	"?g\225;\236\307\243#\325`XH\352@\034\370<\207\220NM"
  71      9EC7A323 
  71      D5605848 
  71      EA401CF8 
  71      3C87904E 
  72 0138 1D2C0E32 		.ascii	"\035,\0162\002\355\247\022>\365\005\022\272x\003\312"
  72      02EDA712 
  72      3EF50512 
  72      BA7803CA 
  73 0148 15A293A4 		.ascii	"\025\242\223\244\237d8YE\333\350\347\256\202\251\265"
  73      9F643859 
  73      45DBE8E7 
  73      AE82A9B5 
  74 0158 7204F6D0 		.ascii	"r\004\366\320\225\375Q\012\353\336Y^\015\356\322\335"
  74      95FD510A 
  74      EBDE595E 
  74      0DEED2DD 
  75 0168 C5EA3C86 		.ascii	"\305\352<\2062\014\251q(\234\243\010^\350\242y/\343"
  75      320CA971 
  75      289CA308 
  75      5EE8A279 
  75      2FE3
  76 017a 2C3F36E3 		.ascii	",?6\343\267\225\277\025A\001y\364\372\326\307\021\367"
  76      B795BF15 
  76      410179F4 
  76      FAD6C711 
  76      F7
  77 018b B88B319F 		.ascii	"\270\2131\237Yn\221\352\245G\245\213\307+\246ZA\373"
  77      596E91EA 
  77      A547A58B 
  77      C72BA65A 
  77      41FB
  78 019d 72615760 		.ascii	"raW`\222\331\274\353\352$*\\\034\370M\345Bz\263A!\264"
  78      92D9BCEB 
  78      EA242A5C 
  78      1CF84DE5 
  78      427AB341 
  79 01b3 253913AF 		.ascii	"%9\023\257=9M\213\011\317y\366~G_\310\3472\230NK\262"
  79      3D394D8B 
  79      09CF79F6 
  79      7E475FC8 
  79      E732984E 
  80 01c9 C2B5E201 		.ascii	"\302\265\342\001\275\266\261K\346\177]\032\254v4\306"
  80      BDB6B14B 
  80      E67F5D1A 
  80      AC7634C6 
  81 01d9 40518B61 		.ascii	"@Q\213a\222\251sT\351\033\354\313Z>ihS\006c\272\025"
ARM GAS  /tmp/cciLtLIO.s 			page 6


  81      92A97354 
  81      E91BECCB 
  81      5A3E6968 
  81      530663BA 
  82 01ee 53E5564C 		.ascii	"S\345VL\373\336\372;\340\263\004D\017\317}\273\031\321"
  82      FBDEFA3B 
  82      E0B30444 
  82      0FCF7DBB 
  82      19D1
  83 0200 66F8D631 		.ascii	"f\370\3261\303\014\254U:\217\300\352&ef\3132o\020gn"
  83      C30CAC55 
  83      3A8FC0EA 
  83      266566CB 
  83      326F1067 
  84 0215 AFC346F9 		.ascii	"\257\303F\371\251|\207\0249\262xy\015\026c\277\314\016"
  84      A97C8714 
  84      39B27879 
  84      0D1663BF 
  84      CC0E
  85 0227 FEF45425 		.ascii	"\376\364T%\316`\016Q\271\332\270\2611\022\002\363\210"
  85      CE600E51 
  85      B9DAB8B1 
  85      311202F3 
  85      88
  86 0238 D2D2A739 		.ascii	"\322\322\2479\360\003D\371\001\012\261;\026\263y\034"
  86      F00344F9 
  86      010AB13B 
  86      16B3791C 
  87 0248 4F349F48 		.ascii	"O4\237H\244\354\303M\311\206\344\321c\366\311\026\273"
  87      A4ECC34D 
  87      C986E4D1 
  87      63F6C916 
  87      BB
  88 0259 A93E65A7 		.ascii	"\251>e\247\222\015v\313\351\346D}\272\305N'\322\301"
  88      920D76CB 
  88      E9E6447D 
  88      BAC54E27 
  88      D2C1
  89 026b 34D62864 		.ascii	"4\326(d\362\024\032\376\002\375{?\023"
  89      F2141AFE 
  89      02FD7B3F 
  89      13
  90              		.text
  91              		.section	.gnu.lto__get.59e55ed3ded41f22,"e",%progbits
  92 0000 789C9552 		.ascii	"x\234\225R\315KTQ\024\277\277w\356\274y3\214A\233 \006"
  92      CD4B5451 
  92      14BFBF77 
  92      EEBC7933 
  92      8C419B20 
  93 0015 C2452242 		.ascii	"\302E\"B\315\014T\020\025\024\364\007\264h\325Rc\300"
  93      CD0C5410 
  93      1514F407 
  93      B468D552 
  93      63C0
  94 0027 21ADD056 		.ascii	"!\255\320V\021y\307\011\2454\013*?\300q\004\221\262"
  94      1179C709 
  94      A5340B2A 
ARM GAS  /tmp/cciLtLIO.s 			page 7


  94      3FC07104 
  94      91B2
  95 0039 A02F34C2 		.ascii	"\240/4\302\317\251\351KS\261$J!\255\300EJ\326JZ\224"
  95      CFA9E94B 
  95      53B1244A 
  95      21ADC045 
  95      4AD64A5A 
  96 004e 75CE7BC2 		.ascii	"u\316{\302\024m\362\361\336\345\236s\317\357\343\234"
  96      146DF2F1 
  96      DEE59E73 
  96      CFEFE39C 
  97 005e 771D0575 		.ascii	"w\035\005u\232\224\332\247\224\332\303\037|\012\226"
  97      9A94DAA7 
  97      94DAC31F 
  97      7C0A96
  98 006d 31E6803F 		.ascii	"1\346\200?\351X\226\276\321\261M\233 \275\3738\275_"
  98      E95896BE 
  98      D1B14D9B 
  98      20BDFB38 
  98      BD5F
  99 007f 9B1041AF 		.ascii	"\233\020A\257\035i\300\335\031\007\252\306\"\215\032"
  99      1D69C0DD 
  99      1907AAC6 
  99      228D1A
 100 008e 5CA216C2 		.ascii	"\\\242\026\302\\m\372{\250\2112\244\2409\274:\326;\032"
 100      5C6DFA7B 
 100      A88932A4 
 100      A039BC3A 
 100      D63B1A
 101 00a1 941028E4 		.ascii	"\224\020(\344\260193@%\327\031i\262-\375vG\357\224\011"
 101      B0313933 
 101      4025D719 
 101      69B22DFD 
 101      7647EF94 
 102 00b6 64C8526D 		.ascii	"d\310Rm\\>\2000\372\021V\362`\020%\\>=\361\346\262\237"
 102      5C3E8030 
 102      FA1156F2 
 102      6010255C 
 102      3E3DF1E6 
 103 00cc 7643F17E 		.ascii	"vC\361~\354U\363\210S\334mL\255\311\216w\221\331\232"
 103      EC55F388 
 103      53DC6D4C 
 103      ADC98E77 
 103      91D99A
 104 00df 21C210E8 		.ascii	"!\302\020\350/(\347\030<\214b%\220\366\272\233\013D"
 104      2F28E718 
 104      3C8C6225 
 104      90F6BA9B 
 104      0B44
 105 00f1 7B5DF8F0 		.ascii	"{]\370\360\225\316\021]\324\345\302W\3326%S\246\325"
 105      95CE115D 
 105      D4E5C257 
 105      DA362553 
 105      A6D5
 106 0103 E80CFB1E 		.ascii	"\350\014\373\036\361(v\204\021\363\264\245\372\323\275"
 106      F1287684 
 106      11F3B4A5 
ARM GAS  /tmp/cciLtLIO.s 			page 8


 106      FAD3BD
 107 0112 D56B05B6 		.ascii	"\325k\005\266F\026E\342M\034=\202\315\223R\220\334\235"
 107      461645E2 
 107      4D1C3D82 
 107      CD935290 
 107      DC9D
 108 0124 D7BEAC59 		.ascii	"\327\276\254Y\375Uo\262\313\233\207z\337n,\000+\373"
 108      FD556FB2 
 108      CB9B877A 
 108      DF6E2C00 
 108      2BFB
 109 0136 2C598817 		.ascii	",Y\210\027[\313\342\223\320\346\305r \226\202J\240!"
 109      5BCBE293 
 109      D0E6C572 
 109      2096824A 
 109      A021
 110 0148 4928D540 		.ascii	"I(\325@J\206\240a\262J5\222\345\005I\016\026Q;\370\271"
 110      4A86A061 
 110      B24A3592 
 110      E505490E 
 110      16513BF8 
 111 015d 27678B60 		.ascii	"'g\213`\232\300f\232R_\347\034\231\241\337\355$;{wf"
 111      9AC0669A 
 111      525FE71C 
 111      99A1DFED 
 111      243B7B77 
 112 0172 4337BA92 		.ascii	"C7\272\222\014)\314\220\223&\007\217\245y>Kf\346\037"
 112      0C29CC90 
 112      9326078F 
 112      A5793E4B 
 112      66E61F
 113 0185 DAB1DBC6 		.ascii	"\332\261\333\306;\012 \207n\264z\376\237 \346r\217n"
 113      3B0A2087 
 113      6EB47AFE 
 113      9F20E672 
 113      8F6E
 114 0197 F798AD75 		.ascii	"\367\230\255uR=u\251 T\317\230j\001\347\346s;\327L\246"
 114      523D75A9 
 114      2054CF98 
 114      6A01E7E6 
 114      733BD74C 
 115 01ac A525258D 		.ascii	"\245%%\215P\356b\307O\3127r+\345\367jh]r6\236\273rB"
 115      50EE62C7 
 115      4FCA3772 
 115      2BE5F76A 
 115      685D7236 
 116 01c4 8B17AEF3 		.ascii	"\213\027\256\363\324\375\272\031\237\307\245\231N$Y"
 116      D4FDBA19 
 116      9FC7A599 
 116      4E2459
 117 01d3 A1B9E188 		.ascii	"\241\271\341\210\227\013\3769(\373\237Aun\311\010Lc"
 117      970BFE39 
 117      28FB9F41 
 117      756EC908 
 117      4C63
 118 01e5 54F430C6 		.ascii	"T\3640\306\354\302\331^7\321w\306#\360y#yp\376KO@8\002"
 118      ECC2D95E 
ARM GAS  /tmp/cciLtLIO.s 			page 9


 118      37D177C6 
 118      23F07923 
 118      7970FE4B 
 119 01fd 005E7231 		.ascii	"\000^r1\213\314]\200\324\374W\007\021A\216\347g5\201"
 119      8BCC5D80 
 119      D4FC5707 
 119      11418EE7 
 119      673581
 120 0210 18730BCB 		.ascii	"\030s\013\313\217\372\367}\345\236V\210\375\272\343"
 120      8FFAF77D 
 120      E59E5688 
 120      FDBAE3
 121 021f D2F9FFBE 		.ascii	"\322\371\377\276\014K\245\311\346\364\212+\2654\331"
 121      0C4BA5C9 
 121      E6F48A2B 
 121      B534D9
 122 022e F9CD3562 		.ascii	"\371\3155b\341,&\021\266f\027?\360\240C\324\2774\005"
 122      E12C2611 
 122      B666173F 
 122      F0A043D4 
 122      BF3405
 123 0241 BE3FC8DF 		.ascii	"\276?\310\337\037\245vE\"Q~\217\305\253\216\307+\242"
 123      1FA57645 
 123      22517E8F 
 123      C5AB8EC7 
 123      2BA2
 124 0253 07CB1365 		.ascii	"\007\313\023e\211C\207\243'\252\243\345\245\025\321"
 124      894387A3 
 124      27AAA3E5 
 124      A515D1
 125 0262 8A4459B4 		.ascii	"\212DY\264\372TU\274\264\262:Z\031\257\\\333F\216*+"
 125      FA5455BC 
 125      B4B23A5A 
 125      19AF5CDB 
 125      468E2A2B 
 126 0276 711265BF 		.ascii	"q\022e\277\001Z\2610\357"
 126      015AB130 
 126      EF
 127              		.text
 128              		.section	.gnu.lto__unget.59e55ed3ded41f22,"e",%progbits
 129 0000 789C9592 		.ascii	"x\234\225\222\335KTA\030\306\347\231w\316\331\0176\373"
 129      DD4B5441 
 129      18C6E799 
 129      77CED90F 
 129      36FB
 130 0012 03F6C68B 		.ascii	"\003\366\306\213@\274\331\263PATP\320Mw]D\177\200\306"
 130      40BCD9B3 
 130      50415450 
 130      D04D775D 
 130      447F80C6 
 131 0026 824B6E85 		.ascii	"\202Kn\205v\0319\353\312\006\271X\027\225n\270\035K"
 131      761939EB 
 131      CA06B958 
 131      17956EB8 
 131      1D4B
 132 0038 24F2A22F 		.ascii	"$\362\242/\244BMOi\345G\212\025\005Jh\004F\037\224\322"
 132      A4424D4F 
ARM GAS  /tmp/cciLtLIO.s 			page 10


 132      69E5478A 
 132      15054A68 
 132      04461F94 
 133 004d 854484F6 		.ascii	"\205D\204\366\316\236C\"uQ\3039\303\2743\363{\346y\337"
 133      CE9E4322 
 133      7551C339 
 133      C3BC33F3 
 133      7BE679DF 
 134 0061 99B08048 		.ascii	"\231\260\200H\220\020\273\205\020;\371\207% \265\326"
 134      9010BB85 
 134      103BF987 
 134      2520B5D6 
 135 0071 7B43D9B0 		.ascii	"{C\331\260\224\252\243xH\351(}x\337\273G\351\030A\005"
 135      94AAA378 
 135      48E9287D 
 135      78DFBB47 
 135      E9184105 
 136 0085 4B0A288F 		.ascii	"K\012(\217t\030\242I\222B\023\316R;a\276\271\364=\326"
 136      7418A249 
 136      924213CE 
 136      523B61BE 
 136      B9F43DD6 
 137 0099 462E0928 		.ascii	"F.\011(\016\317O\364\215GM\010TrX\310\316\016P\3655"
 137      0ECF4FF4 
 137      8D474D08 
 137      547258C8 
 137      CE0E50F5 
 138 00ae 26B5D7BE 		.ascii	"&\265\327\276l_\356\233\321\021\227\244(\362\366\001"
 138      6C5FEE9B 
 138      D11197A4 
 138      28F2F601 
 139 00be C4D18FB8 		.ascii	"\304\321\217\2700\015\203\250\346\355/\247^\235\013"
 139      300D83A8 
 139      E6ED2FA7 
 139      5E9D0B
 140 00cd D10E081E 		.ascii	"\321\016\010\036O<\2778\034\256\352\321\272Y{o\272I"
 140      4F3CBF38 
 140      1CAEEAD1 
 140      BA597B6F 
 140      BA49
 141 00df 6F7189F0 		.ascii	"oq\211\360\000\264\001\3459\206\207P\305@g\276w\221"
 141      00B401E5 
 141      39868750 
 141      C54067BE 
 141      7791
 142 00f1 6857199E 		.ascii	"hW\031\236\\\031\033\225\001\374\263\205t\314e\307\303"
 142      5C191B95 
 142      01FCB385 
 142      74CC65C7 
 142      C3
 143 0102 3EBC358E 		.ascii	">\2745\216d\031U\214z\250\022\006xw{\365\302&[\031c"
 143      6419558C 
 143      7AA81206 
 143      78777BF5 
 143      C2265B19 
 144 0117 C6CE43D8 		.ascii	"\306\316C\330\\&!n\276\260<\275\272vZ{\323\361+\327"
 144      5C26216E 
ARM GAS  /tmp/cciLtLIO.s 			page 11


 144      BEB03CBD 
 144      BA765A7B 
 144      D3F12BD7 
 145 012b 2B6260CC 		.ascii	"+b`\314\222\246#\356x?w\026w2\004\343\"\012_\260\225"
 145      92A623EE 
 145      783F7716 
 145      773204E3 
 145      220A5FB0 
 146 0140 84495941 		.ascii	"\204IYA{B\024H\372A\226\203Oh\036\37488b\233\023J\004"
 146      7B421448 
 146      FA419683 
 146      4F681EFC 
 146      3838629B 
 147 0157 3EB92DB7 		.ascii	">\271-\2674\0376\025\013\225\235{s\267f+z\320\235e\244"
 147      341F3615 
 147      0B959D7B 
 147      73B7662B 
 147      7AD09D65 
 148 016c D2A57089 		.ascii	"\322\245p\211\347\037\231Ty-\353.\334\267\2237\264\277"
 148      E71F9954 
 148      792DEB2E 
 148      DCB79337 
 148      B4BF
 149 017e 14C1087A 		.ascii	"\024\301\010z\320\341\033\036ER,\242ead\333_\224#\020"
 149      D0E11B1E 
 149      45522CA2 
 149      656164DB 
 149      5F942310 
 150 0192 781C54BA 		.ascii	"x\034T\272@4t\367\365\017\012\334\344:\363_\356\235"
 150      403474F7 
 150      F50F0ADC 
 150      E43AF35F 
 150      EE9D
 151 01a4 F419E963 		.ascii	"\364\031\351c\205\253s9\362\2615n\233\361\204Q\366="
 151      85AB7339 
 151      F2B1356E 
 151      9BF18451 
 151      F63D
 152 01b6 7F0666DF 		.ascii	"\177\006f\337?yL\030\372\351\272\2751$Y\337\317~8\027"
 152      3F794C18 
 152      FAE9BABD 
 152      312459DF 
 152      CF7E3817 
 153 01ca 644FFF95 		.ascii	"dO\377\225\256\215\361\262\236\271\026Lp\272l\376N\276"
 153      AE8DF1B2 
 153      9EB9164C 
 153      70BA6CFE 
 153      4EBE
 154 01dc 68F95A8A 		.ascii	"h\371Z\212\345\202\023.\215\357\017|\376.\200\375Gi"
 154      E582132E 
 154      8DEF0F7C 
 154      FE2E80FD 
 154      4769
 155 01ee BB2A5CC3 		.ascii	"\273*\\\303(L\232\303\360\214\245K\024-\327G\255\337"
 155      284C9AC3 
 155      F08CA54B 
 155      142DD747 
ARM GAS  /tmp/cciLtLIO.s 			page 12


 155      ADDF
 156 0200 D6574851 		.ascii	"\326WHQ\"\213\247W`\261\302\347\351\256\345\210\021"
 156      228BA757 
 156      60B1C2E7 
 156      E9AEE588 
 156      11
 157 0211 94388529 		.ascii	"\2248\205)\304e\377\322\333\015\225\226\\\351i\304\251"
 157      C465FFD2 
 157      DB0D9596 
 157      5CE969C4 
 157      A9
 158 0222 FFDB0CF8 		.ascii	"\377\333\014\370\025`\375\025\010\261=\221p\370;\222"
 158      1560FD15 
 158      08B13D91 
 158      70F83B92 
 159 0232 6A389AAA 		.ascii	"j8\232\252w\366\325\245k\323\007\016:\307\032\235\272"
 159      77F6D5A5 
 159      6BD3070E 
 159      3AC71A9D 
 159      BA
 160 0243 9A7AA73E 		.ascii	"\232z\247>]\3534\236hH\325d\032\235L*\023\014\023\207"
 160      5DEB349E 
 160      6848D564 
 160      1A9D4C2A 
 160      130C1387 
 161 0257 854C1F47 		.ascii	"\205L\037G\355/>_\033\241"
 161      ED2F3E5F 
 161      1BA1
 162              		.text
 163              		.section	.gnu.lto__reads.59e55ed3ded41f22,"e",%progbits
 164 0000 789C9592 		.ascii	"x\234\225\222\337KTA\024\307\317w\346\356\336\273i\366"
 164      DF4B5441 
 164      14C7CF77 
 164      E6EEDEBB 
 164      69F6
 165 0012 9E043E04 		.ascii	"\236\004>\004\213\017\355\365\241 \210,\010\242\267"
 165      8B0FEDF5 
 165      A120882C 
 165      08A2B7
 166 0021 A0FE0237 		.ascii	"\240\376\0027\026\\R\023\355\335\331]\333\250\025\013"
 166      165C5213 
 166      EDDDD95D 
 166      DBA8150B 
 167 0031 B235A1F5 		.ascii	"\2625\241\365\032\262Z/\375\242\207~Xn?M\323~bP\017"
 167      1AB25A2F 
 167      FDA2877E 
 167      586E3F4D 
 167      D37E6250 
 168 0046 2B492F46 		.ascii	"+I/F\024\370\024dksf\014\011_\364r\3570\347\314|?\347"
 168      14F81464 
 168      6B73660C 
 168      095FF472 
 168      EF30E7CC 
 169 005d 7C67AE47 		.ascii	"|g\256G\240QI\264\217\210\266\351\017\222 \224R\373"
 169      A05149B4 
 169      8F88B6E9 
 169      0F922094 
ARM GAS  /tmp/cciLtLIO.s 			page 13


 169      52FB
 170 006f DD942700 		.ascii	"\335\224'\0003S\036\250K\240\013\347d\277D9]\370U\335"
 170      33531EA8 
 170      4BA00BE7 
 170      64BF4439 
 170      5DF855DD 
 171 0083 2B03BDD1 		.ascii	"+\003\275\321\321a\337\324\235\311M\034\002u:\354\376"
 171      D161DFD4 
 171      9DC94D1C 
 171      02753AEC 
 171      FE
 172 0094 3878CFA9 		.ascii	"8x\317\251\037U*\255J\375\213{\257dN\035\012\244\240"
 172      1F552AAD 
 172      4AFD8B7B 
 172      AF644E1D 
 172      0AA4A0
 173 00a7 01BDFB01 		.ascii	"\001\275\373\001jq\037\265\304\017\306P\257w\177\230"
 173      6A711FB5 
 173      C40FC650 
 173      AF777F98 
 174 00b7 993DEFCA 		.ascii	"\231=\357\312\335 =\237z\227\037\367\242E\243\374:,"
 174      DD203D9F 
 174      7A971FF7 
 174      A245A3FC 
 174      3A2C
 175 00c9 D5F6404A 		.ascii	"\325\366@J<\204\374O\252sZ\374\010Q-\370\235\233\315"
 175      3C84FC4F 
 175      AA735AFC 
 175      08512DF8 
 175      9D9BCD
 176 00dc 47E41E23 		.ascii	"G\344\036#.\276\3752\037Z\021O\027\215\330\301\370\032"
 176      2EBEFD32 
 176      1F5A114F 
 176      178DD8C1 
 176      F81A
 177 00ee B1A3C525 		.ascii	"\261\243\305%#\376\243\372\3625\262\321\210\027\346"
 177      23FEA3FA 
 177      F235B2D1 
 177      8817E6
 178 00fd 26B2F857 		.ascii	"&\262\370Wy\304\210\005\036\257\021\013-~\202(\261d"
 178      79C48805 
 178      1EAF110B 
 178      2D7E8228 
 178      B164
 179 010f FE56E5E2 		.ascii	"\376V\345\342\346\260\303\276\330\315S\204\3659\022"
 179      E6B0C3BE 
 179      D8CD5384 
 179      F53912
 180 011e DD781F2A 		.ascii	"\335x\037*\251\312\362iUZ\032\301\205\203[\240e!\301"
 180      A9CAF269 
 180      555A1AC1 
 180      85835BA0 
 180      6521C1
 181 0131 83E4C131 		.ascii	"\203\344\3011\200\0207\022\346\301\345\244\307C\004"
 181      80103712 
 181      E6C1E5A4 
 181      C74304
ARM GAS  /tmp/cciLtLIO.s 			page 14


 182 0140 6CAA0ABC 		.ascii	"l\252\012\274^\015\356\221('I\037\277r\240JD=R\330 "
 182      5E0DEE91 
 182      2827491F 
 182      BF72A04A 
 182      443D52D8 
 183 0155 A5836F48 		.ascii	"\245\203oH\217-,\355\344\262\005\011\335No\346g\331"
 183      8F2D2CED 
 183      E4B20509 
 183      DD4E6FE6 
 183      67D9
 184 0167 E34B081B 		.ascii	"\343K\010\033C\245\3177?\325\0241\234\322\212\272@\272"
 184      43A5CF37 
 184      3FD51431 
 184      9CD28ABA 
 184      40BA
 185 0179 0519C133 		.ascii	"\005\031\30136\241\327R\301\334\335p\303ue\227\004\236"
 185      36A1D752 
 185      C1DCDD70 
 185      C3756597 
 185      049E
 186 018b A3884BD6 		.ascii	"\243\210K\326\305\0134\030\364\344\016K\026\033DM\030"
 186      C50B3418 
 186      F4E40E4B 
 186      161B444D 
 186      18
 187 019c 149F035E 		.ascii	"\024\237\003^\032Tf0{&dYR7\252\211\234\\\014SA:&Ue\255"
 187      1A546630 
 187      7B266459 
 187      5237AA89 
 187      9C5C0C53 
 188 01b6 548ED84D 		.ascii	"T\216\330M\241\015\025t0i\012\012.8e\013\336\316^s-"
 188      A10D1574 
 188      30690A0A 
 188      2E38650B 
 188      DECE5E73 
 189 01cb 8B715CF0 		.ascii	"\213q\\\360;\262C5\346\2024\240puz9\322\215t\312\013"
 189      3BB24335 
 189      E68234A0 
 189      70757A39 
 189      D28D74CA 
 190 01e0 A437C0AD 		.ascii	"\2447\300\255\342\025\272\241\373\2516\012'\220\021"
 190      E215BAA1 
 190      FBA9360A 
 190      279011
 191 01ef DBD272A3 		.ascii	"\333\322r\243\305\270\353j)\306\366\247W\355\317\330"
 191      C5B8EB6A 
 191      29C6F6A7 
 191      57EDCFD8 
 192 01ff 6E2E6761 		.ascii	"n.ga)\2361\3542\272|\326\344\326\217}\275\212}\203\006"
 192      299E31EC 
 192      32BA7CD6 
 192      E4D68F7D 
 192      BD8A7D83 
 193 0214 CDA21F48 		.ascii	"\315\242\037H\017\015\367l\265h\207\257.'\261\372\253"
 193      0F0DF76C 
 193      B56887AF 
 193      2E27B1FA 
ARM GAS  /tmp/cciLtLIO.s 			page 15


 193      AB
 194 0225 10ED8AC5 		.ascii	"\020\355\212\305|\375\036Ot\264%Z\374\003\315\311x\362"
 194      7CFD1E4F 
 194      74B4255A 
 194      FC03CDC9 
 194      78F2
 195 0237 F051FF44 		.ascii	"\360Q\377D\247\337\334\324\342\267$\343~\347\311\216"
 195      A7DFDCD4 
 195      E2B724E3 
 195      7EE7C98E 
 196 0247 44536BA7 		.ascii	"DSk\247\337\232h]\231\306\216\221H\266\213x;\332\376"
 196      DF9A685D 
 196      99C68E91 
 196      48B68B78 
 196      3BDAFE
 197 025a 02B68730 		.ascii	"\002\266\2070\036"
 197      1E
 198              		.text
 199              		.section	.gnu.lto__writes.59e55ed3ded41f22,"e",%progbits
 200 0000 789C9592 		.ascii	"x\234\225\222\317KTQ\024\307\317\367\336\367\336\274"
 200      CF4B5451 
 200      14C7CFF7 
 200      DEF7DEBC 
 201 0010 51B33F40 		.ascii	"Q\263?@\002\027\201\270\231\347\242@\212~@\233v-\372"
 201      021781B8 
 201      99E7A240 
 201      8A7E409B 
 201      762DFA
 202 0023 0B34061C 		.ascii	"\0134\006\034R\023m\357\235\321&H\261\026\246\011\215"
 202      52136DEF 
 202      9DD12648 
 202      B116A609 
 202      8D
 203 0034 CF90695A 		.ascii	"\317\220iZ\365\213\026\225\246SY\246i\277\304\240\010"
 203      F58B1695 
 203      A65359A6 
 203      69BFC4A0 
 203      08
 204 0045 25778A15 		.ascii	"%w\212\025D\213 \322\316\271o@\302\215\0163\227{\316"
 204      448B20D2 
 204      CEB96F40 
 204      C28D0E33 
 204      977BCE
 205 0058 3D9FEF39 		.ascii	"=\237\3579\337{\307'PA\023\035#\242}\374\203&(c\314"
 205      DF7BC727 
 205      5041131D 
 205      23A27DFC 
 205      83262863 
 206 006d F158DA57 		.ascii	"\361X\332W\200\335\031\037\324\251\320\211\313zPc)\223"
 206      80DD191F 
 206      D4A9D089 
 206      CB7A5063 
 206      2993
 207 007f FB5DD1A7 		.ascii	"\373]\321\247C.t8\354\237}0S&!P\315a\367\307\341GNm"
 207      432E7438 
 207      EC9F7D30 
 207      53262150 
ARM GAS  /tmp/cciLtLIO.s 			page 16


 207      CD61F7C7 
 208 0097 C1988C29 		.ascii	"\301\230\214)\016N\034\271\321u\341d\250\025\015q\365"
 208      0E4E1CB9 
 208      D175E164 
 208      A8150D71 
 208      F5
 209 00a8 18AAF018 		.ascii	"\030\252\360\030U$\037\214\243\226\253\027\346\027\257"
 209      55241F8C 
 209      A396AB17 
 209      E617AF
 210 00b7 C4743D88 		.ascii	"\304t=\210\367\263\357\007&\375\232\274%\327G\265\331"
 210      F7B3EF07 
 210      26FD9ABC 
 210      25D747B5 
 210      D9
 211 00c8 1F6A8D27 		.ascii	"\037j\215'\320\377\241\234cx\0025\014\374\351Y\034\210"
 211      D0FFA19C 
 211      63780235 
 211      0CFCE959 
 211      1C88
 212 00da EBC316CE 		.ascii	"\353\303\026\316\277\373\272\342\226\340\251\233\026"
 212      BFFBBAE2 
 212      96E0A99B 
 212      16
 213 00e7 7630B90D 		.ascii	"v0\271\015v\030.Z\370\257\351\037\250\324G-\274\272"
 213      76182E5A 
 213      F8AFE91F 
 213      A8D4472D 
 213      BCBA
 214 00f9 3C9D4509 		.ascii	"<\235E\011\376R\260\260\302\323m\260b\370\031jH\220"
 214      FE52B0B0 
 214      C2D36DB0 
 214      62F8196A 
 214      4890
 215 010b 957B1B57 		.ascii	"\225{\033W\367x\216\370\0227\317\341\361=\022\335\371"
 215      F7788EF8 
 215      1237CFE1 
 215      F13D12DD 
 215      F9
 216 011c E016CDC6 		.ascii	"\340\026\315\306\346ES\374U\300\262\273\027\214\271"
 216      E64553FC 
 216      55C0B2BB 
 216      178CB9
 217 012b 4A162D8B 		.ascii	"J\026-\213c\005\\\336z\236,1I\372\262\304!\246\312!"
 217      63055CDE 
 217      7A9E2C31 
 217      49FAB2C4 
 217      21A6CA21 
 218 013f E7159019 		.ascii	"\347\025\220\031\211z4\361\365\033\007\246H\324\253"
 218      897A34F1 
 218      F51B07A6 
 218      48D4AB
 219 014e 5514A439 		.ascii	"U\024\2449XCf|u\355\200\264\315i\3608}]?\226|y\204\230"
 219      5843667C 
 219      75ED80B4 
 219      CD69F038 
 219      7D5D3F96 
ARM GAS  /tmp/cciLtLIO.s 			page 17


 220 0166 3554FC7C 		.ascii	"5T\374|\367Se\036\243i&\252C\355\347t\034Sb\202\317"
 220      F753651E 
 220      A36926AA 
 220      43EDE774 
 220      1C536282 
 221 017b D2E1F243 		.ascii	"\322\341\362C\257\356\266\211\216\024^ \217k\221\213"
 221      AFEEB689 
 221      8E145E20 
 221      8F6B918B 
 222 018b 97A8B3D2 		.ascii	"\227\250\263\3223\211HY\355Rj\332J\311=\340\225\225"
 222      33894859 
 222      ED526ADA 
 222      4AC93DE0 
 222      9595
 223 019d EA1ACE0E 		.ascii	"\352\032\316\016\271\221\226\346AYQ\222?=\312i\307\246"
 223      B99196E6 
 223      41595192 
 223      3F3DCA69 
 223      C7A6
 224 01af CA232BEB 		.ascii	"\312#+\353\207\242\"wW\015=\314\330\206J\032\316F\015"
 224      87A22277 
 224      570D3DCC 
 224      D8864A1A 
 224      CE460D
 225 01c2 EF67574B 		.ascii	"\357gWK\015EN\032\256#;Ri\037\210\005r\267\3466\343"
 225      0D454E1A 
 225      AE233B52 
 225      691F8805 
 225      72B7E636 
 226 01d7 DDC8A4FD 		.ascii	"\335\310\244\375P\307\207dT\274F7\310\226W\360T\241"
 226      50C78764 
 226      54BC4637 
 226      C89657F0 
 226      54A1
 227 01e9 2E8B46FA 		.ascii	".\213F\372V\037\311\304v4RB\354\317m\331\237\217\246"
 227      561FC9C4 
 227      76345242 
 227      ECCF6DD9 
 227      9F8FA6
 228 01fc B99E45A4 		.ascii	"\271\236E\244\342[\3031\221^\272ds;\227}\263%\373\026"
 228      E25BC331 
 228      915EBA64 
 228      733B977D 
 228      B325FB16 
 229 0210 75AC45DF 		.ascii	"u\254E\337\221\031\031[(I;\362t=\032[\177\025\242\203"
 229      9119195B 
 229      28493BF2 
 229      743D1A5B 
 229      7F15A283 
 230 0224 8944C0DF 		.ascii	"\211D\300\337\263\311\366\326dsp\242)\325\230:u:8\327"
 230      B3C9F6D6 
 230      647370A2 
 230      29D5983A 
 230      753A38D7 
 231 0238 11343534 		.ascii	"\021454\007\315\251\306\240\343|{\262\241\245#hI\266"
 231      07CDA9C6 
 231      A0E37C7B 
ARM GAS  /tmp/cciLtLIO.s 			page 18


 231      B2A1A523 
 231      6849B6
 232 024b 94B68933 		.ascii	"\224\266\2113\244Rm\252\261\015\255\377\000\011\376"
 232      A4526DAA 
 232      B10DADFF 
 232      0009FE
 233 025a 3037     		.ascii	"07"
 234              		.text
 235              		.section	.gnu.lto_msObjectInit.59e55ed3ded41f22,"e",%progbits
 236 0000 789C9D92 		.ascii	"x\234\235\222\317KTQ\024\307\357\367\3357\357=\315\211"
 236      CF4B5451 
 236      14C7EFF7 
 236      DD37EF3D 
 236      CD89
 237 0012 162D2209 		.ascii	"\026-\"\011\\\004\203\033\337l\202\026-\002\027\011"
 237      5C04831B 
 237      DF6C8216 
 237      2D021709 
 238 0022 2D5AF417 		.ascii	"-Z\364\0278\361\304!'\303\251M\004\336\031\307\204\014"
 238      38F1C421 
 238      27C3A94D 
 238      04DE19C7 
 238      840C
 239 0034 5D64A881 		.ascii	"]d\250\201=\311&w\375\000\027\225\315\364\232R\363W"
 239      3DC92677 
 239      FD001795 
 239      CDF49A52 
 239      F357
 240 0046 3FAC812C 		.ascii	"?\254\201,P\250\260\222\320\320 -\323\316\2753Qa\233"
 240      50A8B092 
 240      D0D0202D 
 240      D3CEBD33 
 240      51619B
 241 0059 E6F12EDC 		.ascii	"\346\361.\334s\337\371~\316\367\235s-\006\226\346\214"
 241      73DFF97E 
 241      CEF79D73 
 241      2D0696E6 
 241      8C
 242 006a 1D648CED 		.ascii	"\035d\214\355\242\005\316\240\011!\366\2331K\003\324"
 242      A205CEA0 
 242      0921F69B 
 242      314B03D4 
 243 007a 4E58608D 		.ascii	"NX`\215\032\032\321\316;92-s\267\265\362~\372\"\274"
 243      1A1AD1CE 
 243      3B39322D 
 243      73B7B5F2 
 243      7EFA22BC 
 244 008e CE97E619 		.ascii	"\316\227\346\031\321\274\303%@7\255\334\203;(\247\274"
 244      D1BCC325 
 244      4037ADDC 
 244      833B28A7 
 244      BC
 245 009f 9978CF4A 		.ascii	"\231x\317JI\033w9\240S\330160Z,C\015e\024./f\307\213"
 245      491B7739 
 245      A053D831 
 245      36305A2C 
 245      430D6514 
ARM GAS  /tmp/cciLtLIO.s 			page 19


 246 00b8 F85E30DA 		.ascii	"\370^0\332o\314y\256?\220\024\".\274\211+\\\354v9G\012"
 246      6FCC79AE 
 246      3F901422 
 246      2EBC892B 
 246      5CEC7639 
 247 00ce 9C90B88B 		.ascii	"\234\220\270\213R\014\242\2241:#t\032\001\022\364'\006"
 247      520CA294 
 247      313A2374 
 247      1A0112F4 
 247      2706
 248 00e0 A78BF83E 		.ascii	"\247\213\370>%\036y\235\356(\311\213\327\222J\254\343"
 248      251E799D 
 248      EE28C98B 
 248      D7924AAC 
 248      E3
 249 00f1 DE26B14E 		.ascii	"\336&\261NbO\211/\307\262\343~^\251\304\347\007\274"
 249      624F892F 
 249      C7B2E37E 
 249      5EA9C4E7 
 249      07BC
 250 0103 6E332F5E 		.ascii	"n3/^\270\264\275\257IT\271\334\207\373\233\344>\222"
 250      B8B4BDAF 
 250      4954B9DC 
 250      87FB9BE4 
 250      3E92
 251 0115 6794FC6B 		.ascii	"g\224\374k\177fH\347UJ>\374\371S\363/\343k9\343><\370"
 251      7F6648E7 
 251      554A3EFC 
 251      F953F32F 
 251      E36B39E3 
 252 012c A7F82102 		.ascii	"\247\370!\002LJ\336\334\\\277\3407\364|\2730\004\203"
 252      4C4ADEDC 
 252      5CBFE037 
 252      F47CBB30 
 252      0483
 253 013e 06C0D8F5 		.ascii	"\006\300\330\365)\237'\3267Z\204\367.\211\325\003[\250"
 253      299F27D6 
 253      375A84F7 
 253      2E89D503 
 253      5BA8
 254 0150 F5F4AB3A 		.ascii	"\365\364\253:\244g\003\262\264\205\034\243\2253\331"
 254      A46703B2 
 254      B4851CA3 
 254      9533D9
 255 015f 7A1DC263 		.ascii	"z\035\302c\354\034\327rA\214\202y\304;\316\376H\235"
 255      EC1CD772 
 255      418C8279 
 255      C43BCEFE 
 255      489D
 256 0171 9650AAD4 		.ascii	"\226P\252\324\326\2648c\311\206s\345\325{uczk\022}1"
 256      D6B43863 
 256      C98673E5 
 256      D57B7563 
 256      7A6B127D 
 257 0186 CAEFDDE9 		.ascii	"\312\357\335\351r\243\207&1,\015\322\307\230;{\313\010"
 257      72A38726 
 257      312C0DD2 
ARM GAS  /tmp/cciLtLIO.s 			page 20


 257      C7983B7B 
 257      CB08
 258 0198 5E93AC32 		.ascii	"^\223\2542\227\233\030A\022]9\207\217\020\374\023f*"
 258      979B1841 
 258      125D3987 
 258      8F10FC13 
 258      662A
 259 01aa D8E097D4 		.ascii	"\330\340\227\324|Q\002\361\030\215\336\354\223\211t"
 259      7C5102F1 
 259      188DDEEC 
 259      938974
 260 01b9 382B9626 		.ascii	"8+\226&\213e\205m.\2670\206\0040\232\347/\277\037J["
 260      8B65856D 
 260      2EB73086 
 260      04309AE7 
 260      2FBF1F4A 
 261 01ce 32BF8B8A 		.ascii	"2\277\213\212_\205\304\214S\011\302OP\232t~\361\343"
 261      5F85C48C 
 261      5309C24F 
 261      509A747E 
 261      F1E3
 262 01e0 CA5B33EF 		.ascii	"\312[3\357\374?\254\352\230TVe\017\361\030\301\036\032"
 262      FC3FACEA 
 262      98545665 
 262      0FF118C1 
 262      1E1A
 263 01f2 B4A2AD16 		.ascii	"\264\242\255\026B\363\341\211\242i\222\366T\322\214"
 263      42F3E189 
 263      A26992F6 
 263      54D28C
 264 0201 1CED5B61 		.ascii	"\034\355[a\264g\212&\333\203)I\263$m\351\303\367\302"
 264      B4678A26 
 264      DB832949 
 264      B3246DE9 
 264      C3F7C2
 265 0214 68CF154D 		.ascii	"h\317\025M\227\264\027\177\017\305\007\206,\251\026"
 265      97B4177F 
 265      0FC50786 
 265      2CA916
 266 0223 10EF5D6E 		.ascii	"\020\357]n\207\272U\362i\345\370}W\030\333SQa\323{\324"
 266      87BA55F2 
 266      69E5F87D 
 266      5718DB53 
 266      5161D37B 
 267 0238 6938E6D4 		.ascii	"i8\346\324\331\225\265\341P\370\320a\273>j\327V\327"
 267      D995B5E1 
 267      50F8D061 
 267      BB3E6AD7 
 267      56D7
 268 024a D975E190 		.ascii	"\331u\341\220\035=\321\340TG\242v\304\211\344\267\025"
 268      1D3DD1E0 
 268      5447A276 
 268      C489E4B7 
 268      15
 269 025b 47188F44 		.ascii	"G\030\217D\217\033\241\22355N\203\036\015\237r\270S"
 269      8F1BA193 
 269      35354E83 
ARM GAS  /tmp/cciLtLIO.s 			page 21


 269      1E0D9F72 
 269      B853
 270 026d 1FFD0909 		.ascii	"\037\375\011\011\302R\010"
 270      C25208
 271              		.text
 272              		.section	.gnu.lto_vmt.59e55ed3ded41f22,"e",%progbits
 273 0000 789CE360 		.ascii	"x\234\343``d\270\305\300\300`\316\000\001\323\231\031"
 273      6064B8C5 
 273      C0C060CE 
 273      0001D399 
 273      19
 274 0011 E7AE38F3 		.ascii	"\347\2568\363\237\263\205\261\251\261\243\241\341A\367"
 274      9FB385B1 
 274      A9B1A3A1 
 274      E141F7
 275 0020 19E695CC 		.ascii	"\031\346\225\314\363\231\031f2cJ.x\3073\237\231q&3#"
 275      F3991966 
 275      32634A2E 
 275      78C7339F 
 275      99712633 
 276 0035 A6CC361E 		.ascii	"\246\3146\036\260\036&L\231o@\323\230f23c\312l\002\312"
 276      B01E264C 
 276      996F40D3 
 276      98663233 
 276      63CA6C02 
 277 004a 30CF6466 		.ascii	"0\317df\001\313\034\177\377\366\012c\037P\204\205\021"
 277      01CB1C7F 
 277      FFF60A63 
 277      1F508485 
 277      11
 278 005b C45DB6B8 		.ascii	"\304]\266\270\347\015\213\345\366\206\216\005\015\011"
 278      E70D8BE5 
 278      F6868E05 
 278      0D09
 279 0069 F3995967 		.ascii	"\363\231Yg030\356g\224\236\301\314\310\270\217\261\205"
 279      303330EE 
 279      67949EC1 
 279      CCC8B88F 
 279      B185
 280 007b 71063313 		.ascii	"q\0063\023\343^0\315\314\270\007L\2630\356\006\323\254"
 280      E35E30CD 
 280      CCB8074C 
 280      B330EE06 
 280      D3AC
 281 008d 8CBB8034 		.ascii	"\214\273\2004\003\343\001FK\006S==} \312N-\312K\315"
 281      03E30146 
 281      4B06533D 
 281      3D7D20CA 
 281      4E2DCA4B 
 282 00a2 D177CEC8 		.ascii	"\321w\316\310L\312\364\017\326\317/\326\317H\314\321"
 282      4CCAF40F 
 282      D6CF2FD6 
 282      CF48CCD1 
 283 00b2 CFC94CD2 		.ascii	"\317\311L\322/.)JM\314-\326\317M\315\2052\365\222\031"
 283      2F2E294A 
 283      4DCC2DD6 
 283      CF4DCD85 
ARM GAS  /tmp/cciLtLIO.s 			page 22


 283      32F59219 
 284 00c6 0034B85D 		.ascii	"\0004\270])"
 284      29
 285              		.text
 286              		.section	.gnu.lto_.symbol_nodes.59e55ed3ded41f22,"e",%progbits
 287 0000 789C75CF 		.ascii	"x\234u\317\313\015\302@\014E\321\34773!]DJ%P\231]BJ"
 287      CB0DC240 
 287      0C45D1E7 
 287      3733215D 
 287      444A2550 
 288 0018 A088FCB3 		.ascii	"\240\210\374\263\242\001\252@\242\014p2\010)\213\271"
 288      A201AA40 
 288      A20C7032 
 288      08298BB9 
 289 0028 2B4BC75E 		.ascii	"+K\307^\270\206\340\015\217#\025\346E\351\236\200\002"
 289      B886E00D 
 289      8F2315E6 
 289      45E99E80 
 289      02
 290 0039 F3FD6195 		.ascii	"\363\375a\225\363\216\023U\2128SY\304\201\032\212\330"
 290      F38E1355 
 290      8A385359 
 290      C4811A8A 
 290      D8
 291 004a 53631157 		.ascii	"Sc\021Wj:\341j\267Li!\254\005\202l\324\352\363\2539"
 291      6A3AE16A 
 291      B74C6921 
 291      AC05826C 
 291      D4EAF3AB 
 292 005f F6E04F5C 		.ascii	"\366\340O\\\235\302%\337\276$\304\377\210/r\257A\217"
 292      9DC225DF 
 292      BE24C4FF 
 292      882F72AF 
 292      418F
 293              		.text
 294              		.section	.gnu.lto_.refs.59e55ed3ded41f22,"e",%progbits
 295 0000 789C05C1 		.ascii	"x\234\005\301\301\021\0000\010\3030\307\005\216w\367"
 295      C1110030 
 295      08C330C7 
 295      058E77F7 
 296 0010 1F166909 		.ascii	"\037\026i\011\037H;\351\261|b\224\003\004\224\000J"
 296      1F483BE9 
 296      B17C6294 
 296      03049400 
 296      4A
 297              		.text
 298              		.section	.gnu.lto_.decls.59e55ed3ded41f22,"e",%progbits
 299 0000 789C9D56 		.ascii	"x\234\235VkP\024\331\025\356\323w\230\201a\000K\255"
 299      6B5014D9 
 299      15EED377 
 299      98816100 
 299      4BAD
 300 0012 7553B815 		.ascii	"uS\270\025\335\302T\222]\034uM\355\372'\225\252\375"
 300      DDC25492 
 300      5D1C754D 
 300      EDFA2795 
 300      AAFD
ARM GAS  /tmp/cciLtLIO.s 			page 23


 301 0024 91CD8F8D 		.ascii	"\221\315\217\215?\314n\305\037\011\201\241\201\3310"
 301      3FCC6EC5 
 301      1F0981A1 
 301      81D930
 302 0033 0361867D 		.ascii	"\003a\206}\244\362\243\225\207\212\250,\210\212((\017"
 302      A4F2A395 
 302      878AA82C 
 302      888A2828 
 302      0F
 303 0044 41F0018B 		.ascii	"A\360\001\213\273\026\2122\200\"(\352\210\002*\362\320"
 303      BB168A32 
 303      802228EA 
 303      88022AF2 
 303      D0
 304 0055 75416505 		.ascii	"uAe\005\037\010\212\0029\367\336\236\241g\000S\261\341"
 304      1F088A02 
 304      39F7DE9E 
 304      A1670053 
 304      B1E1
 305 0067 4CF73DF7 		.ascii	"L\367=\367\234\357~\347\334\323\247\257\257\000\302"
 305      9CEF7EE7 
 305      DCD3A7AF 
 305      AF00C2
 306 0076 674182F0 		.ascii	"gA\202\360\020\004\241W\024\204I\274|\005A\270\202\242"
 306      1004A157 
 306      148449BC 
 306      7C0541B8 
 306      82A2
 307 0088 458946A9 		.ascii	"E\211F\251E\251GiDiB\351\026\370\245C\031@\031By\214"
 307      45A94769 
 307      446942E9 
 307      16F8A543 
 307      19401942 
 308 009e 328A324E 		.ascii	"2\2122N\365\210\265\000\005\377\205\367A\360\270:p\254"
 308      F588B500 
 308      05FF85F7 
 308      41F0B83A 
 308      70AC
 309 00b0 C7FB5C94 		.ascii	"\307\373\\\224\371(\367Uk\254U\326\241\370]\312z\004"
 309      F928F755 
 309      6BAC55D6 
 309      A1F85DCA 
 309      7A04
 310 00c2 E53ACA4D 		.ascii	"\345:\312M\224N\201c\016\010\323\257\2367\300\245\230"
 310      944E8163 
 310      0E08D3AF 
 310      9E37C0A5 
 310      98
 311 00d3 ED2ADCA1 		.ascii	"\355*\334\241\031p\177\374?qE/\314\3073`\016ya6*\230"
 311      19707FFC 
 311      3F71452F 
 311      CCC73360 
 311      0E796136 
 312 00e9 F50AA60B 		.ascii	"\365\012\246\013/\024\355>\200\351\\E%\327\013`:\366"
 312      2F14ED3E 
 312      80E95C45 
 312      25D70B60 
ARM GAS  /tmp/cciLtLIO.s 			page 24


 312      3AF6
 313 00fb 4BD4F9CF 		.ascii	"K\324\371\317\200\3354\003_5\276:\307\024\177|\026\374"
 313      80DD3403 
 313      5F35BE3A 
 313      C7147F7C 
 313      16FC
 314 010d 209CF4C3 		.ascii	" \234\364\303{\214j\215na\252>(\356J\364{\017\305\007"
 314      7B8C6A8D 
 314      6E61AA3E 
 314      28EE4AF4 
 314      7B0FC507 
 315 0121 9F3B144C 		.ascii	"\237;\024L\027~\273\222\027\335,\365\261V\344u\367\016"
 315      177EBB92 
 315      17DD2CF5 
 315      B156E475 
 315      F70E
 316 0133 EA83517E 		.ascii	"\352\203Q~\211\262\0308w\212I\347~\205\367\337\242,"
 316      89B21838 
 316      778A49E7 
 316      7E85F7DF 
 316      A22C
 317 0145 410941F9 		.ascii	"A\011A\3715\312o\224\365h\276\351>\016\010S\365\350"
 317      35CA6F94 
 317      F568BEE9 
 317      3E0E0853 
 317      F5E8
 318 0157 7DED24E0 		.ascii	"}\355$\340\350\335\362\202l%\260P\017\223\200\343sC"
 318      E8DDF282 
 318      6C25B050 
 318      0F9380E3 
 318      7343
 319 0169 0FAF011F 		.ascii	"\017\257\001\037\323\351\374\315\247\212uDd\317?\265"
 319      D3E9FCCD 
 319      A78A7544 
 319      64CF3FB5 
 320 0179 6F6EF531 		.ascii	"on\3651\036\226\371\345\033'@\015\220)\244\203\371\245"
 320      1E96F9E5 
 320      1B27400D 
 320      9029A483 
 320      F9A5
 321 018b 6702C81F 		.ascii	"g\002\310\037\230\351\300eG\225\277~\243,\257\227\345"
 321      98E9C065 
 321      4795BF7E 
 321      A32CAF97 
 321      E5
 322 019c 4299BC2D 		.ascii	"B\231\274-\300\007\301\260,X\200\323\300\240O\201\021"
 322      C007C1B0 
 322      2C5880D3 
 322      C0A04F81 
 322      11
 323 01ad 4E42309C 		.ascii	"NB0\234\000\324\325\202\036]\272\327\357}n\300\205\347"
 323      00D4D582 
 323      1E5DBAD7 
 323      EF7D6EC0 
 323      85E7
 324 01bf EA4183C3 		.ascii	"\352A\203\303\355\347\2175\353q8_\017\213p8\361\375"
 324      EDE78F35 
ARM GAS  /tmp/cciLtLIO.s 			page 25


 324      EB71385F 
 324      0F8B7038 
 324      F1FD
 325 01d1 EE528D21 		.ascii	"\356R\215!\215\002\356K\222\375>\241NP\207\010\016D"
 325      8D02EE4B 
 325      92FD3EA1 
 325      4E508708 
 325      0E44
 326 01e3 10A01E0C 		.ascii	"\020\240\036\014\002\277\241mM\352\370i\035\272\256"
 326      02BFA16D 
 326      4DEAF869 
 326      1DBAAE
 327 01f2 C590F00A 		.ascii	"\305\220\360\012RE\265\226GU\364b\350\270\201|\302\236"
 327      5245B596 
 327      4755F462 
 327      E8B8817C 
 327      C29E
 328 0204 DB86766E 		.ascii	"\333\206vn\0209U\206,\270a\341,0\017J\366\014\352\032"
 328      10395586 
 328      2CB861E1 
 328      2C300F4A 
 328      F60CEA1A 
 329 0218 A8AE9191 		.ascii	"\250\256\221\221=X\324\320\342\216/\371\365\361\241"
 329      3D58D4D0 
 329      E28E2FF9 
 329      F5F1A1
 330 0227 79DF68F5 		.ascii	"y\337h\365KQ\315\376\234\007\373&\316\276\211\261\337"
 330      4B51CDFE 
 330      9C07FB26 
 330      CEBE89B1 
 330      DF
 331 0238 DFE65C0F 		.ascii	"\337\346\\\017<\017spX;\271\243V\303\207\2768\034-\251"
 331      3C0F7370 
 331      583BB9A3 
 331      56C387BE 
 331      381C2DA9 
 332 024c 3FAB21AB 		.ascii	"?\253!\253\031\363\202um\027\002\310\032\366\\\222|"
 332      19F38275 
 332      6D1702C8 
 332      1AF65C92 
 332      7C
 333 025d F2861FF9 		.ascii	"\362\206\037\371+{\376v\262\350\232\037\011c\317\255"
 333      2B7BFE76 
 333      B2E89A1F 
 333      0963CFAD 
 334 026d 35E59702 		.ascii	"5\345\227\002\211\211=Wm;<\254\231\367\255\262\1772"
 334      89893D57 
 334      6D3B3CAC 
 334      99F7ADB2 
 334      7F32
 335 027f B08283CB 		.ascii	"\260\202\203\313\310\330\011\363(ee#\0379wu\351\\v\311"
 335      C8D809F3 
 335      28656523 
 335      1F397775 
 335      E95C76C9 
 336 0293 B3DBADDF 		.ascii	"\263\333\255\337[\224bPGu\005\247\247\242jeQ\241\335"
 336      5B946250 
ARM GAS  /tmp/cciLtLIO.s 			page 26


 336      477505A7 
 336      A7A26A65 
 336      51A1DD
 337 02a6 ADC98777 		.ascii	"\255\311\207w\003y\010\363qx\2771\267/\200\357\354>"
 337      037908F3 
 337      7178BF31 
 337      B72F80EF 
 337      EC3E
 338 02b8 5A71C359 		.ascii	"Zq\303Y7{\002I<\245\250\315)\355\257\005\010\011\011"
 338      377B0249 
 338      3CA5A8CD 
 338      29EDAF05 
 338      080909
 339 02cb 99171252 		.ascii	"\231\027\022R@\201\035\223y!9\215\251rF\035\320\324"
 339      40811D93 
 339      7921398D 
 339      A972461D 
 339      D0D4
 340 02dd 431BB2B8 		.ascii	"C\033\262\270\341\261L3\373]\216?\334\2411gaa\222\334"
 340      E1B14C33 
 340      FB5D8E3F 
 340      DCA13167 
 340      616192DC 
 341 02f1 F40FBA3E 		.ascii	"\364\017\272>\\\232fn\364\264\276\224\243\335-;\222"
 341      5C9A666E 
 341      F4B4BE94 
 341      A3DD2D3B 
 341      92
 342 0302 B50CBC65 		.ascii	"\265\014\274e\232\365y78KG\006M\233F\200khp\225M\335"
 342      9AF57937 
 342      384B4706 
 342      4D9B4680 
 342      6B687095 
 343 0318 E019810E 		.ascii	"\340\031\201\016\010\201N\224\353(7Q\332!\204f\211/"
 343      08814E94 
 343      EB283751 
 343      DA218466 
 343      892F
 344 032a E204A443 		.ascii	"\342\004\244C\027\2700\313\002u\020\354a\213u\014\027"
 344      17B830CB 
 344      027510EC 
 344      618B750C 
 344      17
 345 033b 67A6CE4C 		.ascii	"g\246\316L1k\331e\355\035\276\3440\260\235\315:QY\342"
 345      316BD965 
 345      ED1DBEE4 
 345      30B09DCD 
 345      3A5159E2 
 346 034f 336F468A 		.ascii	"3oF\212pK\301y\015KD\350\314\352x\341\253\336\313.\217"
 346      704BC179 
 346      0D4B44E8 
 346      CCEA78E1 
 346      ABDECB2E 
 347 0364 A5BB7985 		.ascii	"\245\273y\205v\363\012\355\352\255\365\273\015=@\333"
 347      76F30AED 
 347      EAADF5BB 
 347      0D3D40DB 
ARM GAS  /tmp/cciLtLIO.s 			page 27


 348 0374 23C0980F 		.ascii	"#\300\230\017\010\364\217\376\360R\241w\240\317T&]\027"
 348      08F48FFE 
 348      F052A177 
 348      A0CF5426 
 348      5D17
 349 0386 D04BB113 		.ascii	"\320K\261\023\224\246\347\322\361\233\353\207\353D\005"
 349      94A6E7D2 
 349      F19BEB87 
 349      EB4405
 350 0395 45545A0C 		.ascii	"ETZ\014p\037\216\316\206*h>\017\312\274\013\204;pVS"
 350      701F8ECE 
 350      862A683E 
 350      0FCABC0B 
 350      843B7056 
 351 03aa 8E8A4A54 		.ascii	"\216\212JT\226S{\3004\306S\200\202\033\324u\201\273"
 351      96537BC0 
 351      34C65380 
 351      821BD475 
 351      81BB
 352 03bc F7A5DE68 		.ascii	"\367\245\336h\376\317\035\350]\207\311w\366\014/\024"
 352      FECF1DE8 
 352      5D87C977 
 352      F60C2F14 
 353 03cc 604EC622 		.ascii	"`N\306\"\201m\315\271S{\316\004\221\353|\237\232/\247"
 353      816DCDB9 
 353      537BCE04 
 353      91EB7C9F 
 353      9A2FA7
 354 03df 25056A30 		.ascii	"%\005j0 \326\276\0225TW\226VUd`\272h\003\334\001\246"
 354      20D6BE12 
 354      35545796 
 354      56556460 
 354      BA6803DC 
 355 03f5 4B3D9B71 		.ascii	"K=\233q2\200\2771\242\252%\314\347-\341Y\335\036'm\011"
 355      3280BF31 
 355      A2AA25CC 
 355      E72DE159 
 355      DD1E276D 
 356 040a 5ADEDF74 		.ascii	"Z\336\337t\250j\337y\356C\256\2415\3605j:\322\257vj"
 356      A86ADF79 
 356      EE43AEA1 
 356      35F0356A 
 356      3AD2AF76 
 357 041f 49175F77 		.ascii	"I\027_w,\347U%kW\362\264\036w\017\230\033\255\216~\324"
 357      2CE75525 
 357      6B57F2B4 
 357      1E770F98 
 357      1BAD8E7E 
 358 0434 F5F18675 		.ascii	"\365\361\206u&\367t\213\377\202lVPI\362\034\021\356"
 358      26F7748B 
 358      FF826C56 
 358      5049F21C 
 358      11EE
 359 0446 23DF9F70 		.ascii	"#\337\237p\376.+\207\007\260@\200\037\221+\013>+\373"
 359      FE2E2B87 
 359      07B04080 
 359      1F912B0B 
ARM GAS  /tmp/cciLtLIO.s 			page 28


 359      3E2BFB
 360 0459 F2DA77F7 		.ascii	"\362\332w\367\311\216^\331\321S\363\376\256\232{\262"
 360      C98E5ED9 
 360      D153F3FE 
 360      AE9A7BB2 
 361 0469 ACD7501B 		.ascii	"\254\327P\033\270\215\340J\277\240\317\002\364b\204"
 361      B88DE04A 
 361      BFA0CF02 
 361      F46284
 362 0478 5838B769 		.ascii	"X8\267iZ\007\340]tN\276S\236\342Kr\370\027\346\310\241"
 362      5A07E05D 
 362      744EBE53 
 362      9EE24B72 
 362      F817E6C8 
 363 048d 97157A57 		.ascii	"\227\025zW.xz6d\035\032\327\314\316d\2202y\350brpw_"
 363      2E787A36 
 363      641D1AD7 
 363      CCCE6490 
 363      3279E862 
 364 04a5 4E8042E5 		.ascii	"N\200B\345\301/\360\305\306\366,\213\324\010~VQ\371"
 364      C12FF0C5 
 364      C6F62C8B 
 364      D4087E56 
 364      51F9
 365 04b7 D99BCA10 		.ascii	"\331\233\312\020\243\262\277~\340T\020\311\343TJ\356"
 365      A3B2BF7E 
 365      E05410C9 
 365      E3544AEE 
 366 04c7 96761814 		.ascii	"\226v\030\024\250\372`7\024\215\352\221\012\352\221"
 366      A8FA6037 
 366      148DEA91 
 366      0AEA91
 367 04d6 37D46306 		.ascii	"7\324c\006\325\330\331\377BK\2129T\365\221\354v\302"
 367      D5D8D9FF 
 367      424B8A39 
 367      54F591EC 
 367      76C2
 368 04e8 A26A74EF 		.ascii	"\242jt\357zAu\351 0\035}\327\237*\333>\361\274\317]"
 368      7A4175E9 
 368      20301D7D 
 368      D79F2ADB 
 368      3EF1BCCF 
 369 04fd 0AC35CF7 		.ascii	"\012\303\\\367\254\342\302\263@u\374\215\036\361\217"
 369      ACE2C2B3 
 369      4075FC8D 
 369      1EF18F
 370 050c D0F89FB9 		.ascii	"\320\370\237\271\342\257\336\234Z\346\"}i\224\270Y\243"
 370      E2AFDE9C 
 370      5AE6227D 
 370      6994B859 
 370      A3
 371 051d 153C51B1 		.ascii	"\025<Q\261~\342\315z\224\261\276ZV\023C\016\315N\372"
 371      7EE2CD7A 
 371      94B1BE5A 
 371      5613430E 
 371      CD4EFA
 372 0530 88F37936 		.ascii	"\210\363y6'\215\237*x\301\011:\273J\352\264.\322c\\"
ARM GAS  /tmp/cciLtLIO.s 			page 29


 372      278D9F2A 
 372      78C1093A 
 372      BB4AEAB4 
 372      2ED2635C 
 373 0544 B74DDE9E 		.ascii	"\267M\336\236\254\237\235\364+J\372\245\213tm\312\211"
 373      AC9F9DF4 
 373      2B4AFAA5 
 373      8B746DCA 
 373      89
 374 0555 1D44213D 		.ascii	"\035D!=VL\344\355\3505\207\332\300s\025\345\347\336"
 374      564CE4ED 
 374      E83587DA 
 374      C07315E5 
 374      E7DE
 375 0567 94C719E5 		.ascii	"\224\307\031\345\274\035\231\023\376\344\330\354\234"
 375      BC1D9913 
 375      FEE4D8EC 
 375      9C
 376 0574 CB9AAEDF 		.ascii	"\313\232\256\337\320\270u\223\234\337\320XK\251\306"
 376      D0B87593 
 376      9CDFD058 
 376      4BA9C6
 377 0583 9D7D5964 		.ascii	"\235}Yd\312\316\224\312\255\340\375y\024`\275\250\376"
 377      CACE94CA 
 377      ADE0FD79 
 377      1460BDA8 
 377      FE
 378 0594 E6A5D597 		.ascii	"\346\245\325\227\027\372L\373\206\322\036\353i\327P"
 378      17FA4CFB 
 378      86D21EEB 
 378      69D750
 379 05a3 77B03348 		.ascii	"w\2603H\335O\223Du?M\026\225ocg\377\315\344\000\306"
 379      DD4F9344 
 379      753F4D16 
 379      956F6367 
 379      FFCDE400 
 380 05b8 0455B08E 		.ascii	"\004U\260\216394ve\220\250\323\027\363\226*{\251\"f"
 380      33393476 
 380      6590A8D3 
 380      17F3962A 
 380      7BA92266 
 381 05cc 2F4554B2 		.ascii	"/ET\262\227~\340\312-=f\257\027\263\327\227gpo9Z\301"
 381      977EE0CA 
 381      2D3D66AF 
 381      17B3D797 
 381      67706F39 
 382 05e2 842A7F13 		.ascii	"\204*\177\023\336\371\333 \322\374\345\226\235\254\322"
 382      DEF9DB20 
 382      D2FCE596 
 382      9DACD2
 383 05f1 923A9EBF 		.ascii	"\222:\236\277\213G\357o\326\222&>\250\310\355;\257C"
 383      8B47EF6F 
 383      D692263E 
 383      A8C8ED3B 
 383      AF43
 384 0603 66B04924 		.ascii	"f\260I$|\251\212u\216\222\000r\221O\027\024\347\265"
 384      7CA98A75 
ARM GAS  /tmp/cciLtLIO.s 			page 30


 384      8E920072 
 384      914F1714 
 384      E7B5
 385 0615 FAD1E9CD 		.ascii	"\372\321\351\3158\015i\234\370L\033p\245$\263Pd:\263"
 385      380D699C 
 385      F84C1B70 
 385      A524B350 
 385      643AB3
 386 0628 01B670BB 		.ascii	"\001\266p\273\314\301\232f\367{\276\225\353\332\223"
 386      CCC19A66 
 386      F77BBE95 
 386      EBDA93
 387 0637 D2470217 		.ascii	"\322G\002\027\267\211\371\262/[\355T\316\375*\276G\031"
 387      B789F9B2 
 387      2F5BED54 
 387      CEFD2ABE 
 387      4719
 388 0649 E262A619 		.ascii	"\342b\246\031\271\263%KG:\370\372\217\363\237\036\240"
 388      B9B3254B 
 388      473AF8FA 
 388      8FF39F1E 
 388      A0
 389 065a 65079922 		.ascii	"e\007\231\"\236xh6\350Q\342VN\215\017\351\341\026\345"
 389      9E786836 
 389      E851E256 
 389      4E8D0FE9 
 389      E116E5
 390 066d 3B8B9C2C 		.ascii	";\213\234,\200\355\224a\026_\245\347N\3325\235:\265"
 390      80ED9461 
 390      165FA5E7 
 390      4EDA359D 
 390      3AB5
 391 067f 4840492D 		.ascii	"H@I-d\243\011\354\240\331\335\346\312n\375\276\311Q"
 391      64A309EC 
 391      A0D9DDE6 
 391      CA6EFDBE 
 391      C951
 392 0691 DA507AB1 		.ascii	"\332Pz\261<'o\375>\253!\325\341\224eR\361\016\265\203"
 392      3C276FFD 
 392      3EAB21D5 
 392      E1946552 
 392      F10EB583 
 393 06a5 8DA2925F 		.ascii	"\215\242\222_H\247\256\033E~\032\206\235,\265\207\177"
 393      48A7AE1B 
 393      457E1A86 
 393      9D2CB587 
 393      7F
 394 06b6 48CFD5F1 		.ascii	"H\317\325\361&\3766\016\317;\237<2\360&\356\240\307"
 394      26FE360E 
 394      CF3B9F3C 
 394      32F026EE 
 394      A0C7
 395 06c8 9EA35D05 		.ascii	"\236\243]\005\033\003\310Y\302\217f\316\232\247zu\271"
 395      1B03C859 
 395      C28F66CE 
 395      9AA77A75 
 395      B9
ARM GAS  /tmp/cciLtLIO.s 			page 31


 396 06d9 D0963555 		.ascii	"\320\2265U.\271\256r\231\034z\332m \315\334\351\207"
 396      2EB9AE72 
 396      991C7ADA 
 396      6D20CDDC 
 396      E987
 397 06eb E613A37E 		.ascii	"\346\023\243~j\247\007\036N{]N\203\251'\272\002\311"
 397      6AA7071E 
 397      4E7B5D4E 
 397      83A927BA 
 397      02C9
 398 06fd 45EE74A6 		.ascii	"E\356t\246\276\243\337G\3554\342\341\224\357rj\353\257"
 398      BEA3DF47 
 398      ED34E2E1 
 398      94EF726A 
 398      EBAF
 399 070f 1EF127AD 		.ascii	"\036\361'\255\334i8\343\301qP;\275\362p\332\357r:\322"
 399      DC6938E3 
 399      C171503B 
 399      BDF270DA 
 399      EF723AD2 
 400 0723 7AEF9948 		.ascii	"z\357\231H\256s\247\244\312\312V\015\271\307\006\272"
 400      AE73A7A4 
 400      CACA560D 
 400      B9C706BA 
 401 0733 E6CC4CA7 		.ascii	"\346\314L\247^9\330\271Ov\037\035?&\313\233\014\224"
 401      5E39D8B9 
 401      4F761F1D 
 401      3F26CB9B 
 401      0C94
 402 0745 29ECC15C 		.ascii	")\354\301\\\226\210\377\373h\204\004!o\026\333\345\301"
 402      9688FFFB 
 402      68840421 
 402      6F16DBE5 
 402      C1
 403 0756 D34E5C05 		.ascii	"\323N\\\005\323L\2153\236\350r\304`\330%\006\363cn\011"
 403      D34C8D33 
 403      9EE872C4 
 403      60D82506 
 403      F3636E09 
 404 076a 7F95E180 		.ascii	"\177\225\341\200\030\002e(\305(E(\245(\007E\357\203"
 404      18026528 
 404      C5284528 
 404      A5280745 
 404      EF83
 405 077c 1D6E0EEC 		.ascii	"\035n\016\354\236\266\214\367\261\224\231\322@\013g"
 405      9EB68CF7 
 405      B19499D2 
 405      400B67
 406 078b 31F50E14 		.ascii	"1\365\016\024\223\012\373ff\357:\003N8\006\323\015\256"
 406      930AFB66 
 406      66EF3A03 
 406      4E3806D3 
 406      0DAE
 407 079d 635FF21B 		.ascii	"c_\362\033\305\201(\267\345\013\233|\226\024\312N\007"
 407      C58128B7 
 407      E50B9B7C 
 407      9614CA4E 
ARM GAS  /tmp/cciLtLIO.s 			page 32


 407      07
 408 07ae FD7E2FDB 		.ascii	"\375~/\333\263=E\226\347B9\372^\342\375\303\015*0\315"
 408      B33D4596 
 408      E74239FA 
 408      5EE2FDC3 
 408      0D2A30CD 
 409 07c2 DFE93B79 		.ascii	"\337\351;yH\\\202\256\343-\015\325\376\352"
 409      485C82AE 
 409      E32D0DD5 
 409      FEEA
 410 07d0 BAA06FC5 		.ascii	"\272\240o\305\024\331\303\254.\350m\226\3360R\374\362"
 410      14D9C3AC 
 410      2EE86D96 
 410      DE3052FC 
 410      F2
 411 07e1 7B9DCB7F 		.ascii	"{\235\313\177\035\372\177\361\226\312\335\254T\325P"
 411      1DFA7FF1 
 411      96CADDAC 
 411      54D550
 412 07f0 7AED04FF 		.ascii	"z\355\004\377\302\034\305\234\034\021gv\215Q\273\342"
 412      C21CC59C 
 412      1C116776 
 412      8D51BBE2 
 413 0800 5BCD5E4C 		.ascii	"[\315^L4\374\356fu\003?sU\242w\005\367N\333rt\233\357"
 413      34FCEE66 
 413      75033F73 
 413      55A27705 
 413      F74EDB72 
 414 0817 EBDA4015 		.ascii	"\353\332@\025m\003\337\2616@\237\351\373\332\362x\230"
 414      6D03DFB1 
 414      36409FE9 
 414      FBDAF278 
 414      98
 415 0828 A8632DF7 		.ascii	"\250c-\367\330\230c<Vz[\271t\251\021\377\377)%X\245"
 415      D898633C 
 415      567A5BB9 
 415      74A911FF 
 415      FF292558 
 416 083d 58E3C731 		.ascii	"X\343\3071\346\010\363\3525\3068\2331&<\326\030k\216"
 416      E608F3EA 
 416      35C6389B 
 416      31263CD6 
 416      186B8E
 417 0850 30DAEC09 		.ascii	"0\332\354\011R\270\305f\264H\026\345q\251\311\367\217"
 417      52B8C566 
 417      B44816E5 
 417      71A9C9F7 
 417      8F
 418 0861 7FFE6CD1 		.ascii	"\177\376l\321\307\253V\011\272D\263\325\376Q\230]k3"
 418      C7AB5609 
 418      BA44B3D5 
 418      FE51985D 
 418      6B33
 419 0873 FF5B0AB3 		.ascii	"\377[\012\263\023)\316\246\241\217\332\210\304\250("
 419      1329CEA6 
 419      A18FDA88 
 419      C4A828
ARM GAS  /tmp/cciLtLIO.s 			page 33


 420 0882 29817C69 		.ascii	")\201|i\261\033>\225,k\230\343\347\237\376E\033\027"
 420      B11B3E95 
 420      2C6B98E3 
 420      E79FFE45 
 420      1B17
 421 0894 156593EC 		.ascii	"\025e\223\354\277{\203Ec\004\212\024\227\360\015\007"
 421      BF7B8345 
 421      63048A14 
 421      97F00D07 
 422 08a4 13570A41 		.ascii	"\023W\012A\341\011\226/?\224B-\357E\305/\215\214\027"
 422      E109962F 
 422      3F94422D 
 422      EF45C52F 
 422      8D8C17
 423 08b7 F4A6B804 		.ascii	"\364\246\270\004\273\364u\250e\245\240\011\213O\264"
 423      BBF475A8 
 423      65A5A009 
 423      8B4FB4
 424 08c6 FB586CD1 		.ascii	"\373Xl\321ao\264\226\011\001\242%\2736,\321\312n\250"
 424      616FB496 
 424      0901A225 
 424      BB362CD1 
 424      CA6EA8
 425 08d9 8DB4E9C2 		.ascii	"\215\264\351\302\276J0\333%\233\301b[\035\361\205d\262"
 425      BE4A30DB 
 425      259BC162 
 425      5B1DF185 
 425      64B2
 426 08eb FFC96AB6 		.ascii	"\377\311j\266k\321\313\024\377\215&V\012\217\322Y\343"
 426      6BD1CB14 
 426      FF8D2656 
 426      0A8FD259 
 426      E3
 427 08fc EC310971 		.ascii	"\3541\011q_\301r]\224u\221-^2\241\306jM\214\215\375"
 427      5FC1725D 
 427      9475912D 
 427      5E32A1C6 
 427      6A4D8C8D 
 428 0911 9B3126CE 		.ascii	"\2331&\316\"\031\343\315vc\264\311\024\212\274C%K\204"
 428      2219E3CD 
 428      7663B4C9 
 428      148ABC43 
 428      254B84
 429 0924 14192945 		.ascii	"\024\031)E\272\025h*\205J\341\021\346\320U\241+\226"
 429      BA15682A 
 429      854AE111 
 429      E6D055A1 
 429      2B96
 430 0936 AD5816FA 		.ascii	"\255X\026\372\257\025\241\211\361\221\341v\311\3501"
 430      AF15A189 
 430      F191E176 
 430      C9E831
 431 0945 6D345B4D 		.ascii	"m4[M\261\211\221\022\345m\266Fc^\010r$\030\257\206\322"
 431      B1899112 
 431      E56DB646 
 431      635E0872 
 431      2418AF86 
ARM GAS  /tmp/cciLtLIO.s 			page 34


 432 095a F4612483 		.ascii	"\364a$\203\314V\233=\334j\222\302x\302}X \377\0056I"
 432      CC569B3D 
 432      DC6A92C2 
 432      78C27D58 
 432      20FF0536 
 433 096f 30F3     		.ascii	"0\363"
 434              		.text
 435              		.section	.gnu.lto_.symtab.59e55ed3ded41f22,"e",%progbits
 436 0000 6D734F62 		.ascii	"msObjectInit\000"
 436      6A656374 
 436      496E6974 
 436      00
 437 000d 00       		.ascii	"\000"
 438 000e 00       		.ascii	"\000"
 439 000f 00       		.ascii	"\000"
 440 0010 00000000 		.ascii	"\000\000\000\000\000\000\000\000"
 440      00000000 
 441 0018 07010000 		.ascii	"\007\001\000\000"
 442              		.text
 443              		.section	.gnu.lto_.opts,"e",%progbits
 444 0000 272D666E 		.ascii	"'-fno-openmp' '-fno-openacc' '-fno-pie' '-mcpu=cort"
 444      6F2D6F70 
 444      656E6D70 
 444      2720272D 
 444      666E6F2D 
 445 0033 65782D6D 		.ascii	"ex-m4' '-mthumb' '-mfloat-abi=softfp' '-mfpu=fpv5-d"
 445      34272027 
 445      2D6D7468 
 445      756D6227 
 445      20272D6D 
 446 0066 31362720 		.ascii	"16' '-march=armv7e-m+fp.dp' '-O2' '-fstack-usage' '"
 446      272D6D61 
 446      7263683D 
 446      61726D76 
 446      37652D6D 
 447 0099 2D666675 		.ascii	"-ffunction-sections' '-fdata-sections' '-fno-common"
 447      6E637469 
 447      6F6E2D73 
 447      65637469 
 447      6F6E7327 
 448 00cc 2720272D 		.ascii	"' '-flto' '-fshort-enums'\000"
 448      666C746F 
 448      2720272D 
 448      6673686F 
 448      72742D65 
 449              		.text
 450              		.comm	__gnu_lto_v1,1,1
 451              		.comm	__gnu_lto_slim,1,1
 452              		.ident	"GCC: (GNU Arm Embedded Toolchain 9-2020-q2-update) 9.3.1 20200408 (release)"
ARM GAS  /tmp/cciLtLIO.s 			page 35


DEFINED SYMBOLS
                            *ABS*:0000000000000000 memstreams.c
                            *COM*:0000000000000001 __gnu_lto_v1
                            *COM*:0000000000000001 __gnu_lto_slim

NO UNDEFINED SYMBOLS
