ARM GAS  /tmp/ccmQRK3D.s 			page 1


   1              		.cpu cortex-m4
   2              		.eabi_attribute 27, 1
   3              		.eabi_attribute 20, 1
   4              		.eabi_attribute 21, 1
   5              		.eabi_attribute 23, 3
   6              		.eabi_attribute 24, 1
   7              		.eabi_attribute 25, 1
   8              		.eabi_attribute 26, 1
   9              		.eabi_attribute 30, 2
  10              		.eabi_attribute 34, 1
  11              		.eabi_attribute 18, 4
  12              		.file	"helloworld.c"
  13              		.section	.gnu.lto_.profile.bb0ed825791730e6,"e",%progbits
  14 0000 789CE360 		.ascii	"x\234\343``\004B \000\000\000]\000\013"
  14      60044220 
  14      0000005D 
  14      000B
  15              		.text
  16              		.section	.gnu.lto_.icf.bb0ed825791730e6,"e",%progbits
  17 0000 789CE360 		.ascii	"x\234\343``d\340`@\000F\206\277\237\236,ff\000\000\021"
  17      6064E060 
  17      40004686 
  17      BF9F9E2C 
  17      66660000 
  18 0015 BD038C   		.ascii	"\275\003\214"
  19              		.text
  20              		.section	.gnu.lto_.jmpfuncs.bb0ed825791730e6,"e",%progbits
  21 0000 789CE360 		.ascii	"x\234\343``d\340g@\000F\006&FF\306\372\371\314\014\014"
  21      6064E067 
  21      40004606 
  21      264646C6 
  21      FAF9CC0C 
  22 0015 F3991919 		.ascii	"\363\231\031\031\000\017\036\001\343"
  22      000F1E01 
  22      E3
  23              		.text
  24              		.section	.gnu.lto_.inline.bb0ed825791730e6,"e",%progbits
  25 0000 789CE360 		.ascii	"x\234\343``d0a@\000F\006\006\366\006 `NgedP\000\362"
  25      60643061 
  25      40004606 
  25      06F60620 
  25      604E6765 
  26 0018 9819181A 		.ascii	"\230\031\030\032\201\374:\006\0066\2208S\012\023\003"
  26      81FC3A06 
  26      06369038 
  26      530A1303 
  27 0028 13030790 		.ascii	"\023\003\007\220\365\200)\235\201\005\254\007\000%c"
  27      F580299D 
  27      8105AC07 
  27      002563
  28 0037 0A9E     		.ascii	"\012\236"
  29              		.text
  30              		.section	.gnu.lto_.pureconst.bb0ed825791730e6,"e",%progbits
  31 0000 789CE360 		.ascii	"x\234\343``d`a`\000\222\015,\000\001\236\000\223"
  31      60646061 
  31      6000920D 
  31      2C00019E 
ARM GAS  /tmp/ccmQRK3D.s 			page 2


  31      0093
  32              		.text
  33              		.section	.gnu.lto_helloworldSrtUsefulness.bb0ed825791730e6,"e",%progbits
  34 0000 789C85D0 		.ascii	"x\234\205\320\317KTQ\024\007\360\363\275\347\315\017"
  34      CF4B5451 
  34      1407F0F3 
  34      BDE7CD0F 
  35 0010 65A29682 		.ascii	"e\242\226\202\014\270\020\006\027\365\376\200@z\204"
  35      0CB81006 
  35      17F5FE80 
  35      407A84
  36 001f E4C68D2E 		.ascii	"\344\306\215.\\\306\220\202\302\310\014*\264\364\316"
  36      5CC69082 
  36      C2C80C2A 
  36      B4F4CE
  37 002e 44CF4031 		.ascii	"D\317@1\004\177 5\016&\332R\215\004\311\246^%\211-]"
  37      047F2035 
  37      0E26DA52 
  37      8D04C9A6 
  37      5E25892D 
  38 0043 C42C6216 		.ascii	"\304,b\026\271R\252E-\372\001\215\2353o@\302\205\027"
  38      B952AA45 
  38      2DFA018D 
  38      9D336F40 
  38      C28517
  39 0056 DEE59CFB 		.ascii	"\336\345\234\373\316\347\334\037q\002\375\005\321-\""
  39      CEE7DC1F 
  39      7102FD05 
  39      D12D22
  40 0065 4ACA0726 		.ascii	"J\312\007&\030k\355\215X>n\200zd\343\240\011\203\011"
  40      186BED8D 
  40      583E6E80 
  40      7A64E3A0 
  40      098309
  41 0078 3CE44546 		.ascii	"<\344EF\265P\374\225\230\341\222\024:\222\316}x~\320"
  41      B550FC95 
  41      98E19214 
  41      3A92CE7D 
  41      787ED0
  42 008b AC29D026 		.ascii	"\254)\320&\351t\345h\003\035O\305\331`q.\272\357\337"
  42      E974E568 
  42      031D4FC5 
  42      D960712E 
  42      BAEFDF
  43 009e EF2EB1A1 		.ascii	"\357.\261\241%\251\336E+^\240\225t\340%:\244:\357\327"
  43      25A9DE45 
  43      2B5EA095 
  43      74E0253A 
  43      A43AEFD7 
  44 00b2 26C19D20 		.ascii	"&\301\235 \211\227\017\237\354\304Sk\326\026l\360i\215"
  44      89970F9F 
  44      ECC4536B 
  44      D6166CF0 
  44      698D
  45 00c4 6D7B8919 		.ascii	"m{\211\031e\360\177T\326\004\277BJ\300\354\373\037\253"
  45      65F07F54 
  45      D604BF42 
ARM GAS  /tmp/ccmQRK3D.s 			page 3


  45      4AC0ECFB 
  45      1FAB
  46 00d6 09F6EAF8 		.ascii	"\011\366\352\370ta\347gS\003\177Y\257c\007\257\317a"
  46      7461E767 
  46      53037F59 
  46      AF6307AF 
  46      CF61
  47 00e8 47708014 		.ascii	"Gp\200\024)\371\274U\233\277\024u\364hz\2407\210\312"
  47      29F9BC55 
  47      9BBF1475 
  47      F4687AA0 
  47      3788CA
  48 00fb 53106D1C 		.ascii	"S\020m\034F\002[;\235\264A\265e\245\234\210A\2301:\261"
  48      46025B3B 
  48      9DB441B5 
  48      65A59C88 
  48      4198313A 
  49 0110 4E0E74F7 		.ascii	"N\016t\367\210\206DSLzQ\0076 \232f\023&yINP\250\372"
  49      88864453 
  49      4C7A5107 
  49      36209A66 
  49      13267949 
  50 0128 5FB736A1 		.ascii	"_\2676\241}\213\214\242l}\202{\025\3778\026\256\030"
  50      7D8B8CA2 
  50      6C7D827B 
  50      15FF3816 
  50      AE18
  51 013a 5994433C 		.ascii	"Y\224C<\373\270\373\026\311G\366\201\265W\232\251\336"
  51      FBB8FB16 
  51      C947F681 
  51      B5579AA9 
  51      DE
  52 014b 4DC71F68 		.ascii	"M\307\037h\177\310/U\217\375\343\313\241b\201\242\312"
  52      7FC82F55 
  52      8FFDE3CB 
  52      A16281A2 
  52      CA
  53 015c DBDFF79C 		.ascii	"\333\337\367\234\206\302\231\262\241z\027\252\212\377"
  53      86C299B2 
  53      A17A17AA 
  53      8AFF
  54 016a 9B4315B9 		.ascii	"\233C\025\271\220\354!)\315\351\033\012m\015\242o2\305"
  54      90EC2129 
  54      CDE91B0A 
  54      6D0DA26F 
  54      32C5
  55 017c 38BB1ED1 		.ascii	"8\273\036\321uw(;2\350\346\206\307]\257\257\353v\257"
  55      7577283B 
  55      32E8E686 
  55      C75DAFAF 
  55      EB76AF
  56 018f 77B3CBF5 		.ascii	"w\263\313\365z\206{\263W\275\\n\314M\353\324=\230\311"
  56      7A867BB3 
  56      57BD5C6E 
  56      CC4DEBD4 
  56      3D98C9
  57 01a2 64FBB3A3 		.ascii	"d\373\263\243\231\001wH\303\273\032^\273Cf`<\232K\217"
ARM GAS  /tmp/ccmQRK3D.s 			page 4


  57      99017748 
  57      C3BB1A5E 
  57      BB436660 
  57      3C9A4B8F 
  58 01b6 A647C6FE 		.ascii	"\246G\306\376\001\342\365\273'"
  58      01E2F5BB 
  58      27
  59              		.text
  60              		.section	.gnu.lto_.symbol_nodes.bb0ed825791730e6,"e",%progbits
  61 0000 789CE360 		.ascii	"x\234\343``d\220e\000\002\2469\314\365\014\015@\300"
  61      60649065 
  61      0002A639 
  61      CCF50C0D 
  61      40C0
  62 0012 C238E11C 		.ascii	"\3028\341\034\003C=\003\303\256\006G\240$\010\000\000"
  62      03433D03 
  62      C3AE0647 
  62      A0240800 
  62      00
  63 0023 78A106A5 		.ascii	"x\241\006\245"
  64              		.text
  65              		.section	.gnu.lto_.refs.bb0ed825791730e6,"e",%progbits
  66 0000 789CE360 		.ascii	"x\234\343``\004B \000\000\000]\000\013"
  66      60044220 
  66      0000005D 
  66      000B
  67              		.text
  68              		.section	.gnu.lto_.decls.bb0ed825791730e6,"e",%progbits
  69 0000 789C9D51 		.ascii	"x\234\235QML\023Q\020\236o\267\306v[\201\020\222\036"
  69      4D4C1351 
  69      109E6FB7 
  69      C6765B81 
  69      10921E
  70 0013 B8345C34 		.ascii	"\2704\\41u/$\006\271\330\020\224K=@\210\307\246\201"
  70      31752F24 
  70      06B9D810 
  70      944B3D40 
  70      88C7A681 
  71 0027 8592B46E 		.ascii	"\205\222\264n\323\037\305\203\311R\222\306\223\351A"
  71      D31FC583 
  71      C95292C6 
  71      93E941
  72 0036 E24F22C1 		.ascii	"\342O\"\301p\220(\022\243\022\015 -(\002=\230\232\300"
  72      70902812 
  72      A3120D20 
  72      2D28023D 
  72      989AC0
  73 0049 C1FFC2CD 		.ascii	"\301\377\302\315\030\203G\023\2438o_KI\270\030gw\336"
  73      18834713 
  73      A3386F5F 
  73      4B49B818 
  73      6777DE
  74 005c 9BF9DECC 		.ascii	"\233\371\336\314\367\336\3148\011tK!*\020Q\204u\227"
  74      F7DECC38 
  74      09744B21 
  74      2A105184 
  74      7597
ARM GAS  /tmp/ccmQRK3D.s 			page 5


  75 006e 855D7ACB 		.ascii	"\205]z\313*\366%\326A\222\002\326\"\035\2241>8\304{"
  75      2AF625D6 
  75      419202D6 
  75      221D9431 
  75      3E38C47B 
  76 0082 236B136B 		.ascii	"#k\023k\360\037\363n\250X\310\376^<|M\305Q\015\342\346"
  76      F01FF36E 
  76      A858C8FE 
  76      5E3C7C4D 
  76      C5510DE2 
  77 0097 7A865677 		.ascii	"z\206Vw\276o@B\"\242\370\341\361m\267\252\330\366\273"
  77      BE6F4042 
  77      22A2F8E1 
  77      F16DB7AA 
  77      D8F6BB
  78 00aa C29FAC43 		.ascii	"\302\237\254C\177hIq^!,@\255\221M\217?\030\251W\317"
  78      7F684971 
  78      5E212C40 
  78      AD914D8F 
  78      3F18A957 
  79 00bf D8A19F33 		.ascii	"\330\241\2373w~z\230\245Q\203\203\335\353\305\247\353"
  79      777E7A98 
  79      A5518383 
  79      DDEBC5A7 
  79      EB
  80 00d0 1ABB4D1A 		.ascii	"\032\273M\032|\354\346\277\025\357\251\332U\313\312"
  80      7CECE6BF 
  80      15EFA9DA 
  80      55CBCA
  81 00df 5813A396 		.ascii	"X\023\243\226\253\213P@3\362h&,\302\276\372\005t\314"
  81      AB8B5040 
  81      33F26826 
  81      2CC2BEFA 
  81      0574CC
  82 00f2 333627B0 		.ascii	"36'\260%h\234t\367S9\357\332\302\027\210\276\000\367"
  82      25689C74 
  82      F75339EF 
  82      DAC21788 
  82      BE00F7
  83 0105 5590F8C4 		.ascii	"U\220\370\304\002Y&\304/\020\310F\332\002!\2258\271"
  83      025926C4 
  83      2F10C846 
  83      DA022195 
  83      38B9
  84 0117 890089C9 		.ascii	"\211\000\211\311\255\272HL\251\260(\325\356\311\034"
  84      ADBA484C 
  84      A9B028D5 
  84      EEC91C
  85 0126 C96EBBFB 		.ascii	"\311n\273\373\250\3459*\347U\022\231 _UK\254@J\345\272"
  85      A8E5392A 
  85      E7551299 
  85      205F554B 
  85      AC404AE5 
  86 013b FD1938F0 		.ascii	"\375\0318\360\342\032!\355\221V\005{\035\337\335X^s"
  86      E21A21ED 
  86      9156057B 
  86      1DDFDD58 
ARM GAS  /tmp/ccmQRK3D.s 			page 6


  86      5E73
  87 014d 6DA33CC2 		.ascii	"m\243<\302\343(\315N\325\021\352r>\222\003x\377\344"
  87      E328CD4E 
  87      D511EA72 
  87      3E920378 
  87      FFE4
  88 015f AB5B8DD9 		.ascii	"\253[\215\331\366\314\364\257G\232\203\013\302\240\007"
  88      F6CCF4AF 
  88      479A830B 
  88      C2A007
  89 016e 698780E6 		.ascii	"i\207\200\346>n>\227\0207\027+\260\301\354Jn\376\210"
  89      3E6E3E97 
  89      1037172B 
  89      B0C1EC4A 
  89      6EFE88
  90 0181 1C9A221A 		.ascii	"\034\232\"\032\276Y\312@\016\255\201\335g3\271\254\323"
  90      BE59CA40 
  90      0EAD81DD 
  90      6733B9AC 
  90      D3
  91 0192 3B26469F 		.ascii	";&F\237\033\265\032\024\004\335X\343\021\255\362\210"
  91      1BB51A14 
  91      04DD58E3 
  91      11ADF288 
  92 01a2 08EBF012 		.ascii	"\010\353\360\022^3\217\375\260\311\361\331I\255e\302"
  92      5E338FFD 
  92      B0C9F1D9 
  92      49AD65C2 
  93 01b2 FA51B60A 		.ascii	"\372Q\266\012;S\307n\276\311Z%\316;m\307\341\025\317"
  93      3B53C76E 
  93      BEC95A25 
  93      CE3B6DC7 
  93      E115CF
  94 01c5 98076CD7 		.ascii	"\230\007l\327\3026\341%\266\201el\211\262\213h\241S"
  94      C236E125 
  94      B681656C 
  94      89B28B68 
  94      A153
  95 01d7 7AC48C19 		.ascii	"z\304\214\031z|(\245\007z:C\335\201\216N=\020\034\352"
  95      7A7C28A5 
  95      077A3A43 
  95      DD818E4E 
  95      3D101CEA 
  96 01eb 36FD8178 		.ascii	"6\375\201x<\251\207\305\322eD\243\346y3\021\355\327"
  96      3CA987C5 
  96      D26544A3 
  96      E6793311 
  96      EDD7
  97 01fd 23C2BC24 		.ascii	"#\302\274$\314\023}\316\263\347z}\035mm\344N'R\241~"
  97      CC137DCE 
  97      B3E77A7D 
  97      1D6D6DE4 
  97      4E2752A1 
  98 0212 231ABE1C 		.ascii	"#\032\276\034J)\255\344\011'b\027O\032\376\330\361\201"
  98      4A29ADE4 
  98      09276217 
  98      4F1AFED8 
ARM GAS  /tmp/ccmQRK3D.s 			page 7


  98      F181
  99 0224 38697D66 		.ascii	"8i}f\"e\014\373c\255\344\255%\367$R\275Ic \035\275`"
  99      22650CFB 
  99      63ADE4AD 
  99      25F72452 
  99      BD496320 
 100 023b 2493EDFF 		.ascii	"$\223\355\377\377\004\372\013k\322\345\204"
 100      FF04FA0B 
 100      6BD2E584 
 101              		.text
 102              		.section	.gnu.lto_.symtab.bb0ed825791730e6,"e",%progbits
 103 0000 68656C6C 		.ascii	"helloworldSrtUsefulness\000"
 103      6F776F72 
 103      6C645372 
 103      74557365 
 103      66756C6E 
 104 0018 00       		.ascii	"\000"
 105 0019 00       		.ascii	"\000"
 106 001a 00       		.ascii	"\000"
 107 001b 00000000 		.ascii	"\000\000\000\000\000\000\000\000"
 107      00000000 
 108 0023 CA000000 		.ascii	"\312\000\000\000"
 109              		.text
 110              		.section	.gnu.lto_.opts,"e",%progbits
 111 0000 272D666E 		.ascii	"'-fno-openmp' '-fno-openacc' '-fno-pie' '-mcpu=cort"
 111      6F2D6F70 
 111      656E6D70 
 111      2720272D 
 111      666E6F2D 
 112 0033 65782D6D 		.ascii	"ex-m4' '-mthumb' '-mfloat-abi=softfp' '-mfpu=fpv4-s"
 112      34272027 
 112      2D6D7468 
 112      756D6227 
 112      20272D6D 
 113 0066 702D6431 		.ascii	"p-d16' '-march=armv7e-m+fp' '-O2' '-fstack-usage' '"
 113      36272027 
 113      2D6D6172 
 113      63683D61 
 113      726D7637 
 114 0099 2D666675 		.ascii	"-ffunction-sections' '-fdata-sections' '-fno-common"
 114      6E637469 
 114      6F6E2D73 
 114      65637469 
 114      6F6E7327 
 115 00cc 2720272D 		.ascii	"' '-flto' '-fshort-enums'\000"
 115      666C746F 
 115      2720272D 
 115      6673686F 
 115      72742D65 
 116              		.text
 117              		.comm	__gnu_lto_v1,1,1
 118              		.comm	__gnu_lto_slim,1,1
 119              		.ident	"GCC: (GNU Arm Embedded Toolchain 9-2020-q2-update) 9.3.1 20200408 (release)"
ARM GAS  /tmp/ccmQRK3D.s 			page 8


DEFINED SYMBOLS
                            *ABS*:0000000000000000 helloworld.c
                            *COM*:0000000000000001 __gnu_lto_v1
                            *COM*:0000000000000001 __gnu_lto_slim

NO UNDEFINED SYMBOLS
