ARM GAS  /tmp/cckEsitx.s 			page 1


   1              		.cpu cortex-m0
   2              		.eabi_attribute 20, 1
   3              		.eabi_attribute 21, 1
   4              		.eabi_attribute 23, 3
   5              		.eabi_attribute 24, 1
   6              		.eabi_attribute 25, 1
   7              		.eabi_attribute 26, 1
   8              		.eabi_attribute 30, 2
   9              		.eabi_attribute 34, 0
  10              		.eabi_attribute 18, 4
  11              		.file	"bufstreams.c"
  12              		.section	.gnu.lto_.profile.4840649993ee4460,"e",%progbits
  13 0000 789CE360 		.ascii	"x\234\343``\004B \000\000\000]\000\013"
  13      60044220 
  13      0000005D 
  13      000B
  14              		.text
  15              		.section	.gnu.lto_.icf.4840649993ee4460,"e",%progbits
  16 0000 789CE360 		.ascii	"x\234\343``d0b@\000\016\206\245\363O-\346b\234\370m"
  16      60643062 
  16      40000E86 
  16      A5F34F2D 
  16      E6629CF8 
  17 0015 D11C36A6 		.ascii	"\321\0346\246e[^l\345`\276\370\374\364Vf\226m\323g\276"
  17      655B5E6C 
  17      E560BEF8 
  17      FCF45666 
  17      966DD367 
  18 002a 6666FDBF 		.ascii	"ff\375\277\365\357Y^\266\265\253\036M\345c_\362v\323"
  18      F5EF595E 
  18      B6B5AB1E 
  18      4DE5635F 
  18      F276D3
  19 003d 117E0600 		.ascii	"\021~\006\000k\033\030q"
  19      6B1B1871 
  20              		.text
  21              		.section	.gnu.lto_.jmpfuncs.4840649993ee4460,"e",%progbits
  22 0000 789C754F 		.ascii	"x\234uO9\016\3020\020\234\361:\007\025\017\240\311\013"
  22      390EC230 
  22      109CF13A 
  22      07150FA0 
  22      C90B
  23 0012 78A25D50 		.ascii	"x\242]P\321D\242\242t\215DM\001H\360\016\212\374\000"
  23      D144A2A2 
  23      748D444D 
  23      0148F00E 
  23      8AFC00
  24 0025 F104D845 		.ascii	"\361\004\330E\011 '\2544\222\265;\236\243\006q!>SAH"
  24      092027AC 
  24      3492B53B 
  24      9EA30671 
  24      213E5341 
  25 003a 56310998 		.ascii	"V1\011\230\364\231\304\225\000\257\236P<u\346\360\201"
  25      F499C495 
  25      00AF9E50 
  25      3C75E6F0 
  25      81
ARM GAS  /tmp/cckEsitx.s 			page 2


  26 004b 1CAD5CCE 		.ascii	"\034\255\\\316\212\015\035)\275\222\370\011\225\237"
  26      8A0D1D29 
  26      BD92F809 
  26      959F
  27 0059 1595EF06 		.ascii	"\025\225\357\006\276Bg\310\241\360\321rL\370f\242\224"
  27      BE4267C8 
  27      A1F0D172 
  27      4CF866A2 
  27      94
  28 006a ADB05D3D 		.ascii	"\255\260]=\272\272\225$\205\262\217\\\030r\363Q\247"
  28      BABA9524 
  28      85B28F5C 
  28      1872F351 
  28      A7
  29 007b 91D0BF9F 		.ascii	"\221\320\277\237\261\361\032\314rM4.\206\223\017\310"
  29      B1F11ACC 
  29      724D342E 
  29      86930FC8 
  30 008b A3967DBB 		.ascii	"\243\226}\273RQ\345\376_?\247\0156\373\333\322\012\324"
  30      5251E5FE 
  30      5F3FA70D 
  30      36FBDBD2 
  30      0AD4
  31 009d 0C3C6904 		.ascii	"\014<i\004\243\006\243\303\256\207\365}7\263\263\012"
  31      A306A3C3 
  31      AE87F57D 
  31      37B3B30A 
  32 00ad F2DC9FDF 		.ascii	"\362\334\237\337j\300\013\207?xF"
  32      6AC00B87 
  32      3F7846
  33              		.text
  34              		.section	.gnu.lto_.inline.4840649993ee4460,"e",%progbits
  35 0000 789C9D51 		.ascii	"x\234\235Q;N\303@\020}3\3438\033\342H\006\312\244\360"
  35      3B4EC340 
  35      107D33E3 
  35      381BE248 
  35      06CAA4F0 
  36 0014 01287284 		.ascii	"\001(r\204\234 g\010I\370t\344\004(\210\002E\"Q\012"
  36      9C206708 
  36      49F874E4 
  36      04288802 
  36      4522510A 
  37 0028 A4144880 		.ascii	"\244\024H\200h\020\035\242\240\010\001!Q\322\300\005"
  37      68101DA2 
  37      A0080121 
  37      51D2C005 
  38 0038 10A2A241 		.ascii	"\020\242\242AP A\001\210Y;v\214\240\212\275\036\277"
  38      50204101 
  38      88593B76 
  38      8CA08ABD 
  38      1EBF
  39 004a F1F3CEBC 		.ascii	"\361\363\316\274}c@\020Are\201B[/Y!B\240\\\34086\347"
  39      7D634010 
  39      41726581 
  39      425B2F59 
  39      2142A05C 
  40 0062 26E04680 		.ascii	"&\340F\200\301\240\020\326\031N\202\341\204\373\347"
ARM GAS  /tmp/cckEsitx.s 			page 3


  40      C1A010D6 
  40      194E82E1 
  40      84FBE7
  41 0071 3548BF6A 		.ascii	"5H\277jo\202\247\314+OY\312\235\323\300\266\020#\177"
  41      6F82A7CC 
  41      2B4F59CA 
  41      9DD3C0B6 
  41      10237F
  42 0084 3BF8BCE0 		.ascii	";\370\274\340er\311\254\015\204:G7[\371\236\354\213"
  42      6572C9AC 
  42      0D843A47 
  42      375BF99E 
  42      EC8B
  43 0096 D037D190 		.ascii	"\3207\321\220\212 \323\012\337\010,\337\333|\2717\226"
  43      8A20D30A 
  43      DF082CDF 
  43      DB7CB937 
  43      96
  44 00a7 67029D53 		.ascii	"g\002\235SQj\010Z\021 CZ\326\312\251\031`C\373\255\377"
  44      516A085A 
  44      1120435A 
  44      D6CAA919 
  44      6043FBAD 
  45 00bc 92134BAC 		.ascii	"\222\023K\254\200\256\273{_\262h\030m\322\220\031>\035"
  45      80AEBB7B 
  45      5FB26818 
  45      6DD29019 
  45      3E1D
  46 00ce 5E72D3D8 		.ascii	"^r\323\330\014\334\335\375x\227z`\263 \2252\3543auA"
  46      0CDCDDFD 
  46      78977A60 
  46      B3209532 
  46      EC336175 
  47 00e3 7F81A014 		.ascii	"\177\201\240\024\272\272JN\324\233\203\261\014\220\015"
  47      BABA4A4E 
  47      D49B83B1 
  47      0C900D
  48 00f2 D9BCB20F 		.ascii	"\331\274\262\017\274\004\344\024\\\311\037g$\334\336"
  48      BC04E414 
  48      5CC91F67 
  48      24DCDE
  49 0101 506742AD 		.ascii	"PgB\255\322\204\007\016\371\006J\011Z\260\2769\205\311"
  49      D284070E 
  49      F9064A09 
  49      5AB0BE39 
  49      85C9
  50 0113 08D2E370 		.ascii	"\010\322\343p\0205\231r\034\231Y\015\324\257f\340=\236"
  50      10359972 
  50      1C99590D 
  50      D4AF66E0 
  50      3D9E
  51 0125 9C8E7418 		.ascii	"\234\216t\030Nd\366Y\347\3718\027\231M4\212\315\036"
  51      4E64F659 
  51      E7F93817 
  51      994D348A 
  51      CD1E
  52 0137 037B56A8 		.ascii	"\003{V\250\345R\311\375\347v\322\315W\203\355\311U\215"
ARM GAS  /tmp/cckEsitx.s 			page 4


  52      E552C9FD 
  52      E776D2CD 
  52      5783EDC9 
  52      558D
  53 0149 0F7EDBBE 		.ascii	"\017~\333\276\333\221\272\201o@!\266S\320\025'H\177"
  53      DB91BA81 
  53      6F4021B6 
  53      53D01527 
  53      487F
  54 015b 2FA789B2 		.ascii	"/\247\211\2625\334\207x\352\203U\353bF\313\036\304\207"
  54      35DC8778 
  54      EA8355EB 
  54      6246CB1E 
  54      C487
  55 016d 06C746A6 		.ascii	"\006\307F\246\215N\231\246\361\007\355\026\250\303"
  55      8D4E99A6 
  55      F107ED16 
  55      A8C3
  56              		.text
  57              		.section	.gnu.lto_.pureconst.4840649993ee4460,"e",%progbits
  58 0000 789C05C1 		.ascii	"x\234\005\301\011\001\000 \014\304\260\016\312\243\000"
  58      09010020 
  58      0CC4B00E 
  58      CAA300
  59 000f EF3BB524 		.ascii	"\357;\265$\227\342\001\207\266\332\021g\264]q\307\017"
  59      97E20187 
  59      B6DA1167 
  59      B45D71C7 
  59      0F
  60 0020 33E5048B 		.ascii	"3\345\004\213"
  61              		.text
  62              		.section	.gnu.lto__writes.4840649993ee4460,"e",%progbits
  63 0000 789C6D90 		.ascii	"x\234m\220\317k\023A\024\307\337wfw\263\211M\377\201"
  63      CF6B1341 
  63      14C7DF77 
  63      6677B389 
  63      4DFF81
  64 0013 22E42084 		.ascii	"\"\344 \204\202d{\021\024\177\202\027o\036\374\013\032"
  64      82647B11 
  64      147F8217 
  64      6F1EFC0B 
  64      1A
  65 0024 89341A6B 		.ascii	"\2114\032ki\364\334I\252\365\020\251=\324T\017q\225"
  65      69F4DC49 
  65      AAF510A9 
  65      3DD4540F 
  65      7195
  66 0036 1273AB0A 		.ascii	"\022s\253\012\202\277\242]\265Z\023\025\177\321\202"
  66      82BFA25D 
  66      B55A1315 
  66      7FD182
  67 0045 A22DF656 		.ascii	"\242-\366V\251z\361 \210\3257\263\021+\315\262;\314"
  67      A97AF120 
  67      88D537B3 
  67      112BCDB2 
  67      3BCC
  68 0057 DB379FCF 		.ascii	"\3337\237\317\274\367\\\002\325\005\321n\"\332\310\037"
ARM GAS  /tmp/cckEsitx.s 			page 5


  68      BCF75C02 
  68      D505D16E 
  68      22DAC81F 
  69 0067 244128A5 		.ascii	"$A(\245\366D\012\256\000\314N\271\240!\201!\234\225"
  69      F6440AAE 
  69      00CC4EB9 
  69      A0218121 
  69      9C95
  70 0079 13120BC5 		.ascii	"\023\022\013\305\312\217\216Q\351\363A\213\303\361\346"
  70      CA8F8E51 
  70      E9F3418B 
  70      C3F1E6
  71 0088 8D464C87 		.ascii	"\215FL\207@\202\303\223\363\027o[\3355\245\212*\230"
  71      4082C393 
  71      F3176F5B 
  71      DD35A58A 
  71      2A98
  72 009a 98DF7979 		.ascii	"\230\337yy\370\324>_\012\272\300\247\357\242\013w\320"
  72      F8D43E5F 
  72      0ABAC0A7 
  72      EFA20B77 
  72      D0
  73 00ab 45FA411D 		.ascii	"E\372A\035\335|\372\355\213\271\261\210\334\012\342"
  73      DD7CFAED 
  73      8BB9B188 
  73      DC0AE2
  74 00ba 7DF37579 		.ascii	"}\363uy\332MV\015\2712)\325&_J\334\203\374\017\345\177"
  74      DA4D560D 
  74      B93229D5 
  74      265F4ADC 
  74      83FC0FE5 
  75 00cf 0CDF4792 		.ascii	"\014\337G\222\201\237\245\271rTn7p\365\325\247%\273"
  75      819FA5B9 
  75      72546E37 
  75      70F5D5A7 
  75      25BB
  76 00e1 05CF5C31 		.ascii	"\005\317\\1\260\205\351u\260\305p`\340_j\274\334)w\031"
  76      B085E975 
  76      B0C57060 
  76      E05F6ABC 
  76      DC297719 
  77 00f5 78797176 		.ascii	"xyqv\004-\370C\315\300\002\017\326\301<%<D\2224\262"
  77      042DF843 
  77      CDC0020F 
  77      D6C13C25 
  77      3C449234 
  78 010a 747DF55C 		.ascii	"t}\365\\\334\261t_\272\233Gpx\216DW\337\330\201Z\375"
  78      DCB1745F 
  78      BA9B4770 
  78      788E4457 
  78      DFD8815A 
  79 011f 7D5A05DF 		.ascii	"}Z\005\337k\370h\307\300\230-xq$/\021\013\272t\007\272"
  79      6BF868C7 
  79      C0982D78 
  79      71242F11 
  79      0BBA7407 
  80 0134 8608B42C 		.ascii	"\206\010\264,\032zK\222x\322\312\202\012\210\316H\021"
ARM GAS  /tmp/cckEsitx.s 			page 6


  80      1A7A4B92 
  80      78D2CA82 
  80      0A88CE48 
  80      11
  81 0145 06050E3E 		.ascii	"\006\005\016>\243X_\376\262C\337P\221\340\233G\207\277"
  81      A3585FFE 
  81      B243DF50 
  81      91E09B47 
  81      87BF
  82 0157 2DB87ADE 		.ascii	"-\270z\336\256\251=x\177\355]g\025\223\005&\022\276"
  82      AEA93D78 
  82      7FED5D67 
  82      15930526 
  82      12BE
  83 0169 8C56B8EF 		.ascii	"\214V\270\357\031]/\347\012\376\342-\247gJ\205)\033"
  83      195D2FE7 
  83      0AFEE22D 
  83      A7674A85 
  83      291B
  84 017b 8F51C5F9 		.ascii	"\217Q\305\371\260\340'\3501\352\306\346\320,\326\232"
  84      B0E027E8 
  84      31EAC6E6 
  84      D02CD69A 
  85 018b ED76E618 		.ascii	"\355v\346\030_\217\331\266f\007O\215YO\000\215\277\346"
  85      5F8FD9B6 
  85      66074F8D 
  85      594F008D 
  85      BFE6
  86 019d 6DA159AE 		.ascii	"m\241Y\2565;\355\314\033\370z4[\346\251\233\265\227"
  86      353BEDCC 
  86      1BF87A34 
  86      5BE6A99B 
  86      B597
  87 01af 71368F99 		.ascii	"q6\217\231T\007\236\031\263\320\346\347l^\301\310\245"
  87      54079E19 
  87      B3D0E6E7 
  87      6C5EC1C8 
  87      A5
  88 01c0 C3A1985B 		.ascii	"\303\241\230[\225\304EU$\007\021_\306\351+\212\211V"
  88      95C44555 
  88      2407115F 
  88      C6E92B8A 
  88      8956
  89 01d2 4E375992 		.ascii	"N7Y\222\3707T\242-\251\224\307\357\221\314`\177&\347"
  89      F83754A2 
  89      2DA994C7 
  89      EF91CC60 
  89      7F26E7
  90 01e5 EDEDCBA6 		.ascii	"\355\355\313\246\263\373\017x\307\362^_o\316\313e\323"
  90      B3FB0F78 
  90      C7F25E5F 
  90      6FCECB65 
  90      D3
  91 01f6 5EFEF860 		.ascii	"^\376\370`\246\367h\336K\2378\324\332\246\016\222\310"
  91      A6F768DE 
  91      4B9F38D4 
  91      DAA60E92 
ARM GAS  /tmp/cckEsitx.s 			page 7


  91      C8
  92 0207 0E88F400 		.ascii	"\016\210\364\000\372\377\000\303_\354I"
  92      FAFF00C3 
  92      5FEC49
  93              		.text
  94              		.section	.gnu.lto__put.4840649993ee4460,"e",%progbits
  95 0000 789C6D90 		.ascii	"x\234m\220Mk\023Q\024\206\317{\317\344fR\023\377@\020"
  95      4D6B1351 
  95      1486CF7B 
  95      CFE46652 
  95      13FF4010 
  96 0014 B2104241 		.ascii	"\262\020BA2\001\021\024]\010\202[\027\376\202F\"\215"
  96      32011114 
  96      5D08825B 
  96      17FE8246 
  96      228D
  97 0026 C60F1A75 		.ascii	"\306\017\032u\333;\361k\321R\273P\253b\034\241\204\202"
  97      DB3BF16B 
  97      D152BB50 
  97      AB621CA1 
  97      8482
  98 0038 8B5AA150 		.ascii	"\213Z\241P\261\325\2166j\023\025\277pQ\027\025\004\027"
  98      B1D58E36 
  98      6A1315BF 
  98      70511715 
  98      0417
  99 004a 4AD19DB8 		.ascii	"J\321\235\270\252\236;\023\261B\206\231\3139s\316\373"
  99      AA9E3B13 
  99      B1428699 
  99      CB3973CE 
  99      FB
 100 005b 9CF75C97 		.ascii	"\234\367\\\227@g\024\321\036\"\332\"\037\230\240\214"
 100      406714D1 
 100      1E22DA22 
 100      1F98A08C 
 101 006b 317B93BE 		.ascii	"1{\223\276\253\200(2.hXa\030\227x\202\261Zo\374J\217"
 101      AB802832 
 101      2E685861 
 101      18977882 
 101      B15A6FFC 
 102 0081 71208D8E 		.ascii	"q \215\216\244\227;\263\355>\233\0029IG\375\225y\356"
 102      A4973BB3 
 102      ED3E9B02 
 102      394947FD 
 102      9579EE
 103 0094 9F129D09 		.ascii	"\237\022\235\011'f\364\255\3317&\025\260\242\353\322"
 103      2766F4AD 
 103      D9372615 
 103      B0A2EBD2 
 104 00a4 3E8F2C1E 		.ascii	">\217,\036 K\366\301\002\372\245\375\375\253\017\343"
 104      204BF6C1 
 104      02FAA5FD 
 104      FDAB0FE3 
 105 00b4 49DE0992 		.ascii	"I\336\011\222\270\363\366\352\242\233o\032S7\341\313"
 105      B8F3F6EA 
 105      A29B6F1A 
 105      5337E1CB 
ARM GAS  /tmp/cckEsitx.s 			page 8


 106 00c4 49365B03 		.ascii	"I6[\003f<\004\377'\225\177\"~\204\274\010n^\270\363"
 106      663C04FF 
 106      27957F22 
 106      7E84BC08 
 106      6E5EB8F3 
 107 00d8 85797724 		.ascii	"\205yw$~\361s\271\245\272\342\265sl\322\001;X\214\305"
 107      7EF173B9 
 107      A5BAE2B5 
 107      736CD201 
 107      3B588CC5 
 108 00ec DBB32846 		.ascii	"\333\263(FRG\244!\362d\005\237\357\255_\311h\307\032"
 108      5247A421 
 108      F264059F 
 108      EFAD5FC9 
 108      68C71A
 109 00ff B3761E43 		.ascii	"\263v\036C\313M\020\335}\227\010\315\372\357\213&l5"
 109      CB4D10DD 
 109      7D9708CD 
 109      FAEF8B26 
 109      6C35
 110 0111 31B73F05 		.ascii	"1\267?\005\221%\224\034\232\345H:\260\2635,\306%\273"
 110      9125941C 
 110      9AE5483A 
 110      B0B3352C 
 110      C625BB
 111 0124 188D30D9 		.ascii	"\030\2150\331m\035\230\220h\224U\234\370\222|C}\341"
 111      6D1D9890 
 111      6894559C 
 111      F8927C43 
 111      7DE1
 112 0136 EB8DA5A4 		.ascii	"\353\215\245\244\2057\0302t\354\354\217U\327^\226\033"
 112      85371832 
 112      74ECEC8F 
 112      55D75E96 
 112      1B
 113 0147 990E3FCE 		.ascii	"\231\016?\316\254lnb\322\027I.\340TC<?\261[J\315\017"
 113      AC6C6E62 
 113      D217492E 
 113      E054433C 
 113      3FB15B4A 
 114 015d 3EDDD7C5 		.ascii	">\335\327\305i\023\227\022XB\023\327b\257-\024#v{[L"
 114      69139712 
 114      584213D7 
 114      62AF2D14 
 114      23767B5B 
 115 0172 561BC989 		.ascii	"V\033\311\211^\344>\031\217\247=\311\032\317\"\262]"
 115      5EE43E19 
 115      8FA73DC9 
 115      1ACF22B2 
 115      5D
 116 0183 1ECFFF92 		.ascii	"\036\317\377\222w\305d\336H\326\275\310\233d<\226\273"
 116      77C564DE 
 116      48D6BDC8 
 116      9B643C96 
 116      BB
 117 0194 E4E9B9A9 		.ascii	"\344\351\271\251\327\031!\217G\2454\332\021YYrG\310"
 117      D719218F 
ARM GAS  /tmp/cckEsitx.s 			page 9


 117      47A534DA 
 117      11595972 
 117      47C8
 118 01a6 6B387FFB 		.ascii	"k8\177\373H\014v\205Mb\252\301:\340\014}G=\327-\330"
 118      480C7685 
 118      4D62AAC1 
 118      3AE00C7D 
 118      473DD72D 
 119 01bb 0D4718FF 		.ascii	"\015G\030\377\256\224hG\241\340\311{\264<t\274\\\365"
 119      AE946847 
 119      A1E0C97B 
 119      B43C74BC 
 119      5CF5
 120 01cd F60D564A 		.ascii	"\366\015VJ\225\003\007\275\0235op\240\352U+%\257vj\250"
 120      950307BD 
 120      13356F70 
 120      A0EA552B 
 120      25AF766A 
 121 01e2 3C70ACE6 		.ascii	"<p\254\346\225N\037\356\206\205C\244*'Q\372\003i\311"
 121      954E1FEE 
 121      868543A4 
 121      2A2751FA 
 121      0369C9
 122 01f5 D618     		.ascii	"\326\030"
 123              		.text
 124              		.section	.gnu.lto__unget.4840649993ee4460,"e",%progbits
 125 0000 789C7D93 		.ascii	"x\234}\223\337KTA\024\307\347;s\357\335u\335\352\017"
 125      DF4B5441 
 125      14C7E73B 
 125      73EFDD75 
 125      DDEA0F
 126 0013 58081F02 		.ascii	"X\010\037\002\021\302\273\030A\220`\320C/A\017\021\364"
 126      11C2BB18 
 126      419060D0 
 126      432F410F 
 126      11F4
 127 0025 EA86E192 		.ascii	"\352\206\341\222\375@\353UgU\224j\265\240\037\376\\"
 127      FD40EB55 
 127      6755946A 
 127      B5A01FFE 
 127      5C
 128 0036 774916C3 		.ascii	"wI\026\303\2072\020\372\241\351\226V\256fXf\244\304"
 128      873210FA 
 128      A1E99656 
 128      AE665866 
 128      A4C4
 129 0048 9A811146 		.ascii	"\232\201\021F\026=\230\205i\347\354]\222B\274\334;\314"
 129      163D9885 
 129      69E7EC5D 
 129      9242BCDC 
 129      3BCC
 130 005a 39339F73 		.ascii	"93\237s\276\347\314\\\267\200(TB\024\012!\016\322\007"
 130      BEE7CC5C 
 130      B7802854 
 130      42140A21 
 130      0ED207
 131 006d 4B406AAD 		.ascii	"K@j\255\367\271Bn)\315\233\035;\015\355Qo\347&\213\014"
ARM GAS  /tmp/cckEsitx.s 			page 10


 131      F7B9426E 
 131      29CD9B1D 
 131      3B0DED51 
 131      6FE7268B 
 132 0082 ED55D26C 		.ascii	"\355U\322ln9B\016\343\323\307nv\03003{M =\323n\210*"
 132      6E39420E 
 132      E3D3C76E 
 132      76183033 
 132      7B4D203D 
 133 009a A90C1355 		.ascii	"\251\014\023U\270\244\232\024R\325\221eo\243\212*\001"
 133      B8A49A14 
 133      52D59165 
 133      6FA38A2A 
 133      01
 134 00ab 83CCABA3 		.ascii	"\203\314\253\243\275I\017\233@\016\231\341\320t\237"
 134      BD490F9B 
 134      400E99E1 
 134      D0749F
 135 00ba CAEB2254 		.ascii	"\312\353\"T'\232RVG\357\204\316\212*)Zh{\037|x\000\237"
 135      279A5256 
 135      47EF84CE 
 135      8A2A295A 
 135      687B1F7C 
 136 00d1 E007FDC8 		.ascii	"\340\007\375\310\243\355\223\343S\227]j\017\004\315"
 136      A3ED93E3 
 136      53975D6A 
 136      0F04CD
 137 00e0 475F5E1F 		.ascii	"G_^\037t\347\306\265\256\326\211w\235J\357\210*\205"
 137      74E7C6B5 
 137      AED68977 
 137      9D4AEF88 
 137      2A85
 138 00f2 8750FFA0 		.ascii	"\207P\377\240\344#x\000\271\004\264\327u\317+\2657\015"
 138      E4237800 
 138      B904B4D7 
 138      75CF2BB5 
 138      370D
 139 0104 8F2D8D0C 		.ascii	"\217-\215\014\313\014\274R\253\2647\252\014\014:\360"
 139      CB0CBC52 
 139      ABB437AA 
 139      0C0C3AF0 
 140 0114 2E1FFC69 		.ascii	".\037\374i\324 4\201\\\301\300\207;\253\327\266X\006"
 140      D4203481 
 140      5CC1C087 
 140      3BABD7B6 
 140      5806
 141 0126 0B63398F 		.ascii	"\013c9\217\270O4\271\375\312L\350\325\265z\235x\035"
 141      B84F34B9 
 141      FDCA4CE8 
 141      D5B57A9D 
 141      781D
 142 0138 C79503D9 		.ascii	"\307\225\003\331 \314\224<(\032$u\205r[\3400\036v\010"
 142      20CC943C 
 142      281A2475 
 142      85725BE0 
 142      301E7608 
 143 014c 715109AE 		.ascii	"qQ\011\256\326\200N\010\021V\3221Bd\314\243vv\350M\233"
ARM GAS  /tmp/cckEsitx.s 			page 11


 143      D6804E08 
 143      1156D231 
 143      4264CCA3 
 143      7676E84D 
 144 0161 97834794 		.ascii	"\227\203G\224EI\317w\215\325gs\263\014\254\002\2173"
 144      4549CF77 
 144      8DD56773 
 144      B30CAC02 
 144      8F33
 145 0173 BD082B35 		.ascii	"\275\010+5\324\320\361[1\204\005T\367'\217:\010\010"
 145      D4D0F15B 
 145      31840554 
 145      F7278F3A 
 145      0808
 146 0185 69ACF99A 		.ascii	"i\254\371\232r3b\245\353L\314\364Lo\215\2433DYr\242"
 146      723362A5 
 146      EB4CCCF4 
 146      4C6F8DA3 
 146      33445972 
 147 019a CA155126 		.ascii	"\312\025Q&\2068\016\255\205\242\263\367,\377-\355,\271"
 147      86380EAD 
 147      85A2B3F7 
 147      2CFF2DED 
 147      2CB9
 148 01ac 318C389A 		.ascii	"1\2148\232\235\362\236\300\357\310\03166\010MG\214\247"
 148      9DF29EC0 
 148      EFC81936 
 148      36084D47 
 148      8CA7
 149 01be 7FC5180D 		.ascii	"\177\305\030\015m\313?\322b\304\002j\332\353\276\334"
 149      6DCB3FD2 
 149      62C4026A 
 149      DAEBBEDC 
 150 01ce 8DC181A4 		.ascii	"\215\301\201\244\303\205o\314\324(\207[\243g\033\236"
 150      C3856FCC 
 150      D428875B 
 150      A3671B9E 
 151 01de 114BBA53 		.ascii	"\021K\272S\027~\272x\343\1772c\003\334\304M\225\216"
 151      177EBA78 
 151      E37F3263 
 151      03DCC44D 
 151      958E
 152 01f0 AC2B4DC2 		.ascii	"\254+M\302O\2118\\k\262h\243h\3337\215\225\205\321t"
 152      4F89385C 
 152      6BB268A3 
 152      68DB378D 
 152      9585D174 
 153 0204 2C3E4B5A 		.ascii	",>KZ\234\232[l\267\012zx1V\311m\037s\302s\246\347(\240"
 153      9C9A5B6C 
 153      B70A7A78 
 153      3156C96D 
 153      1F73C273 
 154 021c 53E14C2B 		.ascii	"S\341L+\365\015\367K\235\022=\354\342.\230\353\347\270"
 154      F50DF74B 
 154      9D123DEC 
 154      E22E98EB 
 154      E7B8
ARM GAS  /tmp/cckEsitx.s 			page 12


 155 022e 0829227C 		.ascii	"\010)\"|\357\304\022\370\017\370\374\"\366-\213\353"
 155      EFC412F8 
 155      0FF8FC22 
 155      F62D8BEB 
 156 023e 97A8C438 		.ascii	"\227\250\3048|\352\327\342{\020j\264~\237\000;$;\350"
 156      7CEAD7E2 
 156      7B106AB4 
 156      7E9F003B 
 156      243BE8
 157 0251 6260FD62 		.ascii	"b`\375b\010\261;?\337\246\367DI\371\251\2222{\177i0"
 157      08B13B3F 
 157      DFA6F744 
 157      49F9A992 
 157      327B7F69 
 158 0266 103C74D8 		.ascii	"\020<t\330>]a\227\026\227\331e\301\200]q\266\274\244"
 158      3E5D6197 
 158      1697D965 
 158      C1805D71 
 158      B6BCA4
 159 0279 F864851D 		.ascii	"\370d\205\0358w<3\315?&d\360\014\002\177\000\351\000"
 159      38773C33 
 159      CD3F2664 
 159      F00C027F 
 159      00E900
 160 028c 2A03     		.ascii	"*\003"
 161              		.text
 162              		.section	.gnu.lto__reads.4840649993ee4460,"e",%progbits
 163 0000 789C9593 		.ascii	"x\234\225\223\311OSQ\024\306\357\367\356k\373\036\320"
 163      C94F5351 
 163      14C6EFF7 
 163      EE6BFB1E 
 163      D0
 164 0011 2298E082 		.ascii	"\"\230\340\202\230\260\320\0207\224\215\211\3068$nX"
 164      98B0D010 
 164      37948D89 
 164      C638246E 
 164      58
 165 0022 98B8F02F 		.ascii	"\230\270\360/\240Z\"\021\321\200&\306\015\257\005k\004"
 165      A05A2211 
 165      D18026C6 
 165      0DAF056B 
 165      04
 166 0033 5416086A 		.ascii	"T\026\010j|T\323\024\304\304\211\030'P\353\210 \310"
 166      7C54D314 
 166      C4C48918 
 166      2750EB88 
 166      20C8
 167 0045 A0A0B880 		.ascii	"\240\240\270\200h\334h\234\342F\023\307s\356-\342@\214"
 167      68DC689C 
 167      E24613C7 
 167      73EE2DE2 
 167      408C
 168 0057 36EDCD1D 		.ascii	"6\355\315\035\316\367\273\347|\347\326\022\020\245\036"
 168      CEF7BBE7 
 168      7CE7D612 
 168      10A51E
 169 0066 214A8410 		.ascii	"!J\204\020\363\351\007)`8\216\263\312\027\261\014@\315"
ARM GAS  /tmp/cckEsitx.s 			page 13


 169      F3E90729 
 169      60388EB3 
 169      CA17B10C 
 169      40CD
 170 0078 1C0BA2C6 		.ascii	"\034\013\242\306@\015\366\313V\211\311\250\3731k\237"
 170      400DF6CB 
 170      5689C9A8 
 170      FB316B9F 
 171 0088 8C53A049 		.ascii	"\214S\240I\313\346\376s}\031\274\004\012hY7\336v\311"
 171      CBE6FE73 
 171      7D19BC04 
 171      0A685937 
 171      DE76C9
 172 009b 5CD4E138 		.ascii	"\\\324\3418Q'\325\372n\371\261\332]%qi\210C\024\335"
 172      5127D5FA 
 172      6EF9B1DA 
 172      5D257169 
 172      884314DD 
 173 00af 8D7C5C46 		.ascii	"\215|\\F\276\340\017z\260\210\242\037\014\2165\371\344"
 173      BEE00F7A 
 173      B088A21F 
 173      0C8E35F9 
 173      E4
 174 00c0 12089AF7 		.ascii	"\022\010\232\367\217\264\\\263\012\223J\371<!\235\005"
 174      8FB45CB3 
 174      0A934AF9 
 174      3C219D05 
 175 00d0 71297105 		.ascii	"q)q\005\362\027)\355\221\370*\012I\360\251a\254\305"
 175      F21729ED 
 175      91F82A0A 
 175      49F0A961 
 175      ACC5
 176 00e2 96CB9438 		.ascii	"\226\313\22489\374\364\231'-\036H*\261\211k\177\210"
 176      39FCF499 
 176      272D1E48 
 176      2AB1896B 
 176      7F88
 177 00f4 4D12A794 		.ascii	"M\022\247\224\370\213\323\334\022\220+\224\370\305T"
 177      F88BD3DC 
 177      12902B94 
 177      F8C554
 178 0103 6F0CD337 		.ascii	"o\014\3237\267+\261\201\353\177\210\015\022\337@\241"
 178      B72BB181 
 178      EB7F880D 
 178      12DF40A1 
 179 0113 6049A2D7 		.ascii	"`I\242\327\251\267\345*%?849b-L(\371\370\005\317a'U"
 179      A9B7E52A 
 179      253F3834 
 179      39622D4C 
 179      28F9F805 
 180 012b 57C0849B 		.ascii	"W\300\204\233\277\021\370C\341\317\316~=\340\367\232"
 180      BF11F843 
 180      E1CFCE7E 
 180      3DE0F79A 
 181 013b B885856C 		.ascii	"\270\205\205l\013\233q\033^j\203\000\357\235\036\365"
 181      0B9B711B 
 181      5E6A8300 
ARM GAS  /tmp/cckEsitx.s 			page 14


 181      EF9D1EF5 
 182 014b A49CAFDF 		.ascii	"\244\234\257\337v;\251;\037\320\336\335\210y\240\273"
 182      763BA93B 
 182      1FD0DEDD 
 182      8879A0BB 
 183 015b 3D060F44 		.ascii	"=\006\017D\243\010\223\246^\017\257\2754\370|<\263x"
 183      A30893A6 
 183      5E0FAFBD 
 183      34F87C3C 
 183      B378
 184 016d B069B032 		.ascii	"\260i\2602h\2603i\310\310\342\202\375|\020\340!\033"
 184      68B03369 
 184      C8C8E282 
 184      FD7C10E0 
 184      211B
 185 017f EC5B0EB8 		.ascii	"\354[\016\270\206\\\260\015y\272\250\006)\250\315\216"
 185      865CB00D 
 185      79BAA806 
 185      29A8CD8E 
 186 018f 09272544 		.ascii	"\011'%D\2434\364\"B\213\227\210\366\274\370|\006\234"
 186      A334F422 
 186      428B9788 
 186      F6BCF87C 
 186      069C
 187 01a1 A02B41C9 		.ascii	"\240+A\311\357\253};iq\2673U\351\251'g&\002I$\"$\241"
 187      EFAB7D3B 
 187      6971B733 
 187      55E9A927 
 187      67260249 
 188 01b9 9AB35C99 		.ascii	"\232\263\\\231\215;\\+\235E\342S\027\275\305\247\034"
 188      8D3B5C2B 
 188      9D45E253 
 188      17BDC5A7 
 188      1C
 189 01ca 7D64A017 		.ascii	"}d\240\027I\034\324\365\336E1\261k\333b\235\266F\033"
 189      491CD4F5 
 189      DE4531B1 
 189      6BDB629D 
 189      B6461B
 190 01dd 147F7ECF 		.ascii	"\024\177~\317\353N\233\321\364\354\320\207|\272\220"
 190      EB4E9BD1 
 190      F4ECD087 
 190      7CBA90
 191 01ec 83DE7B85 		.ascii	"\203\336{\205+%\205\2702\207\023j\256?yv\207V\231\277"
 191      2B2585B8 
 191      3287136A 
 191      AE3F7976 
 191      875699BF 
 192 0200 6570F404 		.ascii	"ep\364\004[\365\227$\374\350WI@w\242g\352y\227Q\207"
 192      5BF59724 
 192      FCE85749 
 192      4077A267 
 192      EA799751 
 193 0215 A8D2EE24 		.ascii	"\250\322\356$Sq\217\022\023\030@\035t~}~}\223G'$y\267"
 193      53718F12 
 193      1318401D 
 193      747E7D7E 
ARM GAS  /tmp/cckEsitx.s 			page 15


 193      7D934727 
 194 022c 2BB6546F 		.ascii	"+\266Tor\006t$^!V\240ZHH\367\370\3007\233\221V\\\006"
 194      72067424 
 194      5E2156A0 
 194      5A4848F7 
 194      F8C0379B 
 195 0244 0EF14518 		.ascii	"\016\361E\030d\232+s\225\200\312\313\326\2666$|\032"
 195      649A2B73 
 195      9580CACB 
 195      D6B63624 
 195      7C1A
 196 0256 E3FB271F 		.ascii	"\343\373'\037\213\330\227\3733\026\016i\013\217\304"
 196      8BD897FB 
 196      33160E69 
 196      0B8FC4
 197 0265 D2CDB194 		.ascii	"\322\315\261\224I>fO\326\253\275\177\307\016\317`GP"
 197      493E664F 
 197      D6ABBD7F 
 197      C70ECF60 
 197      4750
 198 0277 4C2C9DE1 		.ascii	"L,\235\341\336D@\263\355\377\352\264\205Q\3053\230\367"
 198      DE4440B3 
 198      EDFFEAB4 
 198      8551C533 
 198      98F7
 199 0289 40A519ED 		.ascii	"@\245\031\355\351[\251Q\031?\277!k\26674\207\356\303"
 199      E95BA951 
 199      193FBF21 
 199      6BB63734 
 199      87EEC3
 200 029c C359C936 		.ascii	"\303Y\3116\306\024\231S\305\3704y\215&g\376L\266g#\347"
 200      C6149953 
 200      C5F83479 
 200      8D2667FE 
 200      4CB66723 
 201 02b1 D0F57894 		.ascii	"\320\365x\224&\237\272\3201\344'r\223:\312\305cE6\231"
 201      269FBAD0 
 201      31E42772 
 201      933ACAC5 
 201      63453699 
 202 02c5 3CA1ADED 		.ascii	"<\241\255\355\212Mx4:KuO\352'\221\366\333\3572O\376"
 202      8A4D7834 
 202      3A4B754F 
 202      EA2791F6 
 202      DBEF324F 
 203 02da 68BE2B03 		.ascii	"h\276+\003\224\003\365\331V\361\376\270\234\253\373"
 203      9403F5D9 
 203      56F1FEB8 
 203      9CABFB
 204 02e9 73290DC9 		.ascii	"s)\015\311S\015\012\2107\210\246\005y\354x\203\304\314"
 204      530D0A88 
 204      3788A605 
 204      79EC7883 
 204      C4CC
 205 02fb 9F4F88C5 		.ascii	"\237O\210\305EEA\372n\012WU\206+\202\2537\226\207\312"
 205      454541FA 
 205      6E0A5755 
ARM GAS  /tmp/cckEsitx.s 			page 16


 205      862B82AB 
 205      379687CA 
 206 030f D7AE0B6E 		.ascii	"\327\256\013n\251\016n,\255\010V\224\207\202\325\333"
 206      A90E6E2C 
 206      AD085694 
 206      8782D5DB 
 207 031f AAC2A59B 		.ascii	"\252\302\245\233\253\203\241\355e\351i\321za\224o5B"
 207      AB83A1ED 
 207      65E969D1 
 207      7A61946F 
 207      3542
 208 0331 5B5169D1 		.ascii	"[Qi\321nY\270*\274\341;}e\266\210"
 208      6E59B82A 
 208      BCE13B7D 
 208      65B688
 209              		.text
 210              		.section	.gnu.lto__get.part.0.4840649993ee4460,"e",%progbits
 211 0000 789C6D91 		.ascii	"x\234m\221\317k\023A\024\307\347;o\263\371a\243\010"
 211      CF6B1341 
 211      14C7E73B 
 211      6FB3F961 
 211      A308
 212 0012 DE7AE9C1 		.ascii	"\336z\351\301\022\203\220\255\007A\350A\301Ko\036\374"
 212      128390AD 
 212      0741E841 
 212      C14B6F1E 
 212      FC
 213 0023 0B128934 		.ascii	"\013\022\2114\030\265$z\356$\021<\244\324\036\324\332"
 213      18B5247A 
 213      EE24113C 
 213      A4D41ED4 
 213      DA
 214 0034 43DC4208 		.ascii	"C\334B\010\305KU((I\265\251?\223\330jT<\324C\005o\212"
 214      C54B5528 
 214      2849B5A9 
 214      3F93D86A 
 214      543CD443 
 215 004b E8C9D683 		.ascii	"\350\311\326\203T\337\314&%\006\227\335\3317o\277\357"
 215      54DFCC26 
 215      250697DD 
 215      D9376FBF 
 215      EF
 216 005c F3BEF336 		.ascii	"\363\276\3636  \016\221\020\307\205\020G\370\201O\300"
 216      20200E91 
 216      10C78510 
 216      47F8814F 
 216      C0
 217 006d 524A9DF0 		.ascii	"RJ\235\360\303\202\364\002\0112A.@\200\211T\000b\322"
 217      C382F402 
 217      0932412E 
 217      40808954 
 217      0062D2
 218 0080 9284495C 		.ascii	"\222\204I\\\243Y\302f\276\364k`\232\\\342b\336^o-5C"
 218      A359C266 
 218      BEF46B60 
 218      9A5CE262 
 218      DE5E6F2D 
ARM GAS  /tmp/cckEsitx.s 			page 17


 219 0096 7A0B0CF1 		.ascii	"z\013\014\361v*\267Q\243\350\002W\252\372l\325\276\275"
 219      762AB751 
 219      A3E80257 
 219      AAFA6CD5 
 219      BEBD
 220 00a8 D4564197 		.ascii	"\324VA\227\244\230cy\015\203\250bP\350\253O\332^\225"
 220      A4986379 
 220      0D83A862 
 220      50E8AB4F 
 220      DA5E95
 221 00bb 639E0CBB 		.ascii	"c\236\014\2732,#\252]>B\224\325\357\327?\314\370\351"
 221      322C23AA 
 221      5D3E4294 
 221      D5EFD73F 
 221      CCF8E9
 222 00ce 187465EB 		.ascii	"\030te\353\355\315\225@\244\242T^\325\327\312\244\016"
 222      EDCD9540 
 222      A4A2545E 
 222      D5D7CAA4 
 222      0E
 223 00df BA44780C 		.ascii	"\272Dx\014\372\247\011\347D\277\270\215\261]iO\243\025"
 223      FAA709E7 
 223      44BFB88D 
 223      B15D694F 
 223      A315
 224 00f1 448C1A75 		.ascii	"D\214\032uDL\315\347\373;7\302\266\245]{^\177\327~\316"
 224      444CCDE7 
 224      FB3B37C2 
 224      B6A55D7B 
 224      5E7FD77E 
 225 0106 EFA351D3 		.ascii	"\357\243Q\323\275Z\331.\372\207\313\006\2705w\240\\"
 225      BD5AD92E 
 225      FA87CB06 
 225      B83577A0 
 225      5C
 226 0117 500D65B9 		.ascii	"P\015e\271d\341I\237\203Nm\257\276\215^m\217\205\247"
 226      64E1499F 
 226      834E6DAF 
 226      BE8D5E6D 
 226      8F85A7
 227 012a 18EEC83B 		.ascii	"\030\356\310;\275\361\2143Z\262\012\233\235=\347\025"
 227      BDF18C33 
 227      5AB20A9B 
 227      9D3DE715 
 228 013a FCD6E9BB 		.ascii	"\374\326\351\273\357|J\355\374\271\252T\365\360\376"
 228      EF7C4AED 
 228      FCB9AA54 
 228      F5F0FE
 229 0149 20A06D4B 		.ascii	" \240mK>\257\217xa\327.\371}\274\004l\275\010Q$\241"
 229      3EAF8F78 
 229      61D72EF9 
 229      7DBC046C 
 229      BD085124 
 230 015e 676C4187 		.ascii	"glA\207\226\027\222\230\"\331\015\277\"\277\374\345"
 230      96179298 
 230      22D90DBF 
 230      22BFFCE5 
ARM GAS  /tmp/cckEsitx.s 			page 18


 231 016e 4E21A49B 		.ascii	"N!\244\233\224H\262\207\351\302\217\315\200\376\251"
 231      9448B287 
 231      E9C28FCD 
 231      80FEA9
 232 017d 963971FD 		.ascii	"\2269q\375\343\275\215\275\025\224\341R\260\304\226"
 232      E3BD8DBD 
 232      1594E152 
 232      B0C496
 233 018c 5EE8D371 		.ascii	"^\350\323q>\347~zh\217,j\316\020\267\307KTp\313\214"
 233      3EE77E7A 
 233      688F2C6A 
 233      CE10B7C7 
 233      4B5470CB 
 234 01a1 0C0D8C18 		.ascii	"\014\015\214\030n3\346Q\251\227\352\353\247\206\270"
 234      6E33E651 
 234      A997EAEB 
 234      A786B8
 235 01b0 2D9AFFA5 		.ascii	"-\232\377\245\332h\031*4\365U\227:\352Q\255^\252\335"
 235      DA68192A 
 235      34F55597 
 235      3AEA51AD 
 235      5EAADD
 236 01c3 4FDDC36D 		.ascii	"O\335\303m\261\326\241.>Xx\023f\352\214\241\016`\335"
 236      B1D6A12E 
 236      3E587813 
 236      66EA8CA1 
 236      0E60DD
 237 01d6 50A5A6BE 		.ascii	"P\245\246\276f\3527\\\231\317xP\037s\005\033r),\212"
 237      66EA375C 
 237      99CF7850 
 237      1F73051B 
 237      72292C8A 
 238 01ea 52352C33 		.ascii	"R5,3|\301\023\243\356\304\276C\262B'\267L\205\224<Z"
 238      7CC113A3 
 238      EEC4BE43 
 238      B24227B7 
 238      4C85943C 
 239 01ff 785F35F2 		.ascii	"x_5\362h,\346\360}.\231\271\220L;'\307S\211\324\251"
 239      682CE6F0 
 239      7D2E99B9 
 239      904C3B27 
 239      C75389D4 
 240 0214 D3CEC5AC 		.ascii	"\323\316\305\2543\036O;\351T\302\311^\312$\343\347\263"
 240      331E4F3B 
 240      E954C2C9 
 240      5ECA24E3 
 240      E7B3
 241 0226 4EE2F2D9 		.ascii	"N\342\362\331N\030;#dj\302Jd\343\023\177\001\020\311"
 241      4E183B23 
 241      646AC24A 
 241      64E3137F 
 241      0110C9
 242 0239 0760     		.ascii	"\007`"
 243              		.text
 244              		.section	.gnu.lto__get.4840649993ee4460,"e",%progbits
 245 0000 789C7D51 		.ascii	"x\234}Q\317KTQ\024>\337;\367\275y\343\214\375\003n\\"
 245      CF4B5451 
ARM GAS  /tmp/cckEsitx.s 			page 19


 245      143EDF3B 
 245      F7BD79E3 
 245      8CFD036E 
 246 0015 04E2669E 		.ascii	"\004\342f\236HA\264\012\242\266-\372\0134\014\207\354"
 246      4841B40A 
 246      A2B62DFA 
 246      0B340C87 
 246      EC
 247 0026 075A9B36 		.ascii	"\007Z\2336\3367JR\015f`\231\340\364\006d\3106f\241\021"
 247      DE374A52 
 247      0D666099 
 247      E0F40664 
 247      C83666A1 
 248 003b 6AF9CA7E 		.ascii	"j\371\312~)\032Z\270\260@\251h\221\331\264(\242Eh\347"
 248      291A5AB8 
 248      B040A968 
 248      91D9B428 
 248      A24568E7 
 249 004f BE191872 		.ascii	"\276\031\030r\341\345\275\313\371q\317\367\235\357\034"
 249      E1E5BDCB 
 249      F971CFF7 
 249      9DEF1C
 250 005e 9740AB16 		.ascii	"\227@\253\026\321A\":\"?\034\202\245\265>\024\363]\313"
 250      D141223A 
 250      223F1C82 
 250      A5B53E14 
 250      F35DCB
 251 0071 E207C589 		.ascii	"\342\007\305\211j\245\253\324\233\353\363\215J'\031"
 251      6AA5ABD4 
 251      9BEBF38D 
 251      4A2719
 252 0080 7694832A 		.ascii	"v\224\203*\033\276k\003\221\245]P\247\305\312F'\256"
 252      1BBE6B03 
 252      91A55D50 
 252      A7C5CA46 
 252      27AE
 253 0092 F100632D 		.ascii	"\361\000c-\223\373\223\354\345\200\011J\334\376\371"
 253      93FB93EC 
 253      E580094A 
 253      DCFEF9
 254 00a1 F1B92AE3 		.ascii	"\361\271*\343\002\265\342f\375\325)\256\277#\245:\034"
 254      02B5E266 
 254      FDD529AE 
 254      BF23A53A 
 254      1C
 255 00b2 98746E8F 		.ascii	"\230tn\217/\351x\300\026\015\312\363)\324`\0225d\016"
 255      2FE978C0 
 255      160DCAF3 
 255      29D46012 
 255      35640E
 256 00c5 A6512FCF 		.ascii	"\246Q/\317\337-\256\364\305\370\000H\354\371\345\233"
 256      DF2DAEF4 
 256      C5F80048 
 256      ECF9E59B 
 257 00d5 336E5D41 		.ascii	"3n]A\353\214\016\027\206Y\357\015\230\361\030\374_\251"
 257      EB8C0E17 
 257      8659EF0D 
ARM GAS  /tmp/cckEsitx.s 			page 20


 257      98F118FC 
 257      5FA9
 258 00e7 C4A4F809 		.ascii	"\304\244\370\011\352\310\224|\272\277u\243\332Q\006"
 258      EAC8947C 
 258      BABF75A3 
 258      DA5106
 259 00f6 DD60CE18 		.ascii	"\335`\316\030\225b\334{k\207zk\273G\207\233\303\370"
 259      9562DC7B 
 259      6B877A6B 
 259      BB47879B 
 259      C3F8
 260 0108 70340929 		.ascii	"p4\011)S,\227\255\214e\313\3458rY1\030\250\2041\211"
 260      532C97AD 
 260      8C65CBE5 
 260      38725931 
 260      18A88431 
 261 011d AE3299B6 		.ascii	"\2562\231\266\025tH\224e\253\344\370\342l 3\375u\344"
 261      15744894 
 261      65ABE4F8 
 261      E26C2033 
 261      FD75E4
 262 0130 B3630872 		.ascii	"\263c\010r\014!\356\355\372\261\346\032\325\261\250"
 262      0C21EEED 
 262      FAB1E61A 
 262      D5B1A8
 263 013f F5F0FDD8 		.ascii	"\365\360\375\330\352\236\002\206})\251\015\330\315I"
 263      EA9E0286 
 263      7D29A90D 
 263      D8CD49
 264 014e 3C34ED4A 		.ascii	"<4\355J\316\017\326\0379\015\243\272\224\212\343)\012"
 264      CE0FD61F 
 264      390DA3BA 
 264      948AE329 
 264      0A
 265 015f B855EAF7 		.ascii	"\270U\352\367\031\032\350\013\272\327g\367U\220\037"
 265      191AE80B 
 265      BAD767F7 
 265      55901F
 266 016e 5EFE7E37 		.ascii	"^\376~7n\220\343\000f\313\323\3122\367\375\034\375F"
 266      6E90E300 
 266      66CBD3CA 
 266      32F7FD1C 
 266      FD46
 267 0180 51379BB2 		.ascii	"Q7\233\262\245\350\271\331Fnda;\336\215\214\357\006"
 267      A5E8B9D9 
 267      466E6461 
 267      3BDE8D8C 
 267      EF06
 268 0192 5C35C8A2 		.ascii	"\\5\310\242\036\317\321\015\222\016\002ND\245\352Wv"
 268      1ECFD10D 
 268      920E024E 
 268      44A5EA57 
 268      76
 269 01a3 B99FCB42 		.ascii	"\271\237\313B\272\206.-N\344\255\022\200\022\312\210"
 269      BA862E2D 
 269      4EE4AD12 
 269      8012CA88 
ARM GAS  /tmp/cckEsitx.s 			page 21


 270 01b3 4304AE5D 		.ascii	"C\004\256]\201\011\356\020\223/\232\331\355\252\347"
 270      8109EE10 
 270      932F9AD9 
 270      EDAAE7
 271 01c2 4545CF4B 		.ascii	"EE\317K4\010\250A[\232K\225(\354\235\200\027w\307K\342"
 271      3408A841 
 271      5B9A4B95 
 271      28EC9D80 
 271      1777C74B 
 272 01d7 558467D6 		.ascii	"U\204g\326(\311\225\217\305!\247q\314$\363\223\010\270"
 272      28C9958F 
 272      C521A771 
 272      CC24F393 
 272      08B8
 273 01e9 1AAF0D07 		.ascii	"\032\257\015\007\"\27294\032\256\277=(q%\204.RlWVW\204"
 273      22BA3934 
 273      1AAEBF3D 
 273      28712584 
 273      2E526C57 
 274 0200 25B37024 		.ascii	"%\263p$\374;\032\031\213\227P\226,\033\333r8Z6\321\376"
 274      FC3B1A19 
 274      8B975096 
 274      2C1BDB72 
 274      385A36D1 
 275 0215 54CA93EF 		.ascii	"T\312\223\357TK\373\231\2266\357pk\2729}\354\270w\266"
 275      544BFB99 
 275      9636EF70 
 275      6BBA397D 
 275      ECB877B6 
 276 0229 C36B6D6A 		.ascii	"\303kmj\363\332\322\315^\307\371\366\226\246\323\035"
 276      F3DAD2CD 
 276      5EC7F9F6 
 276      96A6D31D 
 277 0239 5EF38593 		.ascii	"^\363\205\223e3u\202\254\364\271\177y\372\377A"
 277      65337582 
 277      ACF4B97F 
 277      79FAFF41 
 278              		.text
 279              		.section	.gnu.lto_bsaObjectInit.4840649993ee4460,"e",%progbits
 280 0000 789C9D53 		.ascii	"x\234\235SKk\023Q\024\276\337\234I2I\037\272\254\004"
 280      4B6B1351 
 280      14BEDF9C 
 280      4932491F 
 280      BAAC04
 281 0013 250BA174 		.ascii	"%\013\241t\223\311Fp#(\356\334\270\360\027$Ri\261ji"
 281      93C94670 
 281      2328EEDC 
 281      B8F01724 
 281      5269B16A 
 282 0028 145CD99B 		.ascii	"\024\\\331\233\264\266h\244E\250\364\001a\002%\370\300"
 282      B4B668A4 
 282      45A8F401 
 282      610225F8 
 282      C0
 283 0039 3722DA36 		.ascii	"7\"\3326ul\255\332\332\372(\250X\264\001\021\253\241"
 283      756CADDA 
 283      DAFA28A8 
ARM GAS  /tmp/cckEsitx.s 			page 22


 283      58B40111 
 283      ABA1
 284 004b 5688150A 		.ascii	"V\210\025\012\326\324sg\002\212\202\240\303\334\341"
 284      D6D47367 
 284      028A82A0 
 284      C3DCE1
 285 005a 9EC7F79D 		.ascii	"\236\307\367\235\357\234{\307\020\020\273H\210\035B"
 285      EF9C7BC7 
 285      1010BB48 
 285      881D42
 286 0069 888DBC40 		.ascii	"\210\215\274@\002\232\224r\273/ah\200\263\223\006D\253"
 286      029A9472 
 286      BB2F6168 
 286      80B39306 
 286      44AB
 287 007b 86567453 		.ascii	"\206VtS/a\254\363\375m\255\356,G\244\335\373\302\327"
 287      2F61ACF3 
 287      FD6DADEE 
 287      2C47A4DD 
 287      FBC2D7
 288 008e 218FD758 		.ascii	"!\217\327XL\320\317\313}0\204:\316\233O\246W*\273\310"
 288      4CD0CFCB 
 288      7D30843A 
 288      CE9B4FA6 
 288      572ABBC8 
 289 00a2 224067B3 		.ascii	"\"@g\263g\352\306d@\231\032Bl\256\016\177\315\254\243"
 289      67EAC664 
 289      40991A42 
 289      6CAE0E7F 
 289      CDACA3
 290 00b5 AD10BCB7 		.ascii	"\255\020\274\267\013\317\263\025\265Y)\223\322~\235"
 290      0BCFB315 
 290      B5592993 
 290      D27E9D
 291 00c4 25B9D922 		.ascii	"%\271\331\"B\016\304\224\030A\020\303\010\012\301>\246"
 291      420EC494 
 291      184110C3 
 291      080AC13E 
 291      A6
 292 00d5 1E452D03 		.ascii	"\036E-\003\226\007_\026u\332\346\200/\215\247\276y\313"
 292      96075F16 
 292      75DAE680 
 292      2F8DA7BE 
 292      79CB
 293 00e7 E0D59A01 		.ascii	"\340\325\232\001i\353\026\351\270\363\007Zg\264\215"
 293      69EB16E9 
 293      B8F3075A 
 293      67B48D
 294 00f6 5AA1306F 		.ascii	"Z\2410o\257\225\316Ty\365\262f\334\205\227\247 \304"
 294      AF95CE54 
 294      79F5B266 
 294      DC8597A7 
 294      20C4
 295 0108 95598F2D 		.ascii	"\225Y\217-Kk\235\322^\3340T2\374`\230\207\345sQ\017"
 295      4B6B9DD2 
 295      5EDC3054 
 295      32FC6098 
ARM GAS  /tmp/cckEsitx.s 			page 23


 295      87E57351 
 296 011d 5C708A84 		.ascii	"\\p\212\204j\\\207\264\2058E\232k$\330( \331s\362M."
 296      6A5C87B4 
 296      8538459A 
 296      6B24D828 
 296      20D973F2 
 297 0133 0345C735 		.ascii	"\003E\3075\272\332>\317\033\252_r{\234\273\372\252:"
 297      BADA3ECF 
 297      1BAA5F72 
 297      7B9CBBFA 
 297      AA3A
 298 0145 8BC10403 		.ascii	"\213\301\004\0032\233,\362\24690\246\244q0a\345oy#\227"
 298      329B2CF2 
 298      A63930A6 
 298      A4713061 
 298      E56F7923 
 299 015a 1559C822 		.ascii	"\025Y\310\"\037\306\221E\237\253\355\036\"\277\222\371"
 299      1FC69145 
 299      9FABED1E 
 299      22BF92F9 
 300 016a 1CB2E1E5 		.ascii	"\034\262\341\345\\\301\337\216d\202'\357\033T\211\354"
 300      5CC1DF8E 
 300      648227EF 
 300      1B5489EC 
 301 017a CCCBE24C 		.ascii	"\314\313\342L@UXo\221\201\373h\007&\312\374_\026&F\015"
 301      4055586F 
 301      9181FB68 
 301      0726CAFC 
 301      5F162646 
 302 018f 95DFC7C5 		.ascii	"\225\337\307\305/@\321<\340\022L\377\220\323\224\364"
 302      2F40D13C 
 302      E0124CFF 
 302      90D394F4 
 303 019f 818F4B6D 		.ascii	"\201\217Km\201\262\362\177\220\252c\322\221\252\246"
 303      81B2F27F 
 303      90AA63D2 
 303      91AAA6
 304 01ae 872944D2 		.ascii	"\207)D\322\344q\007\361=wT\261\245\011\277\021\206\376"
 304      E47107F1 
 304      3D7754B1 
 304      A509BF11 
 304      86FE
 305 01c0 CAE7C723 		.ascii	"\312\347\307#\207Os[\032\311\277\273\256)\335n\324\203"
 305      874F735B 
 305      1AC9BFBB 
 305      AE29DD6E 
 305      D483
 306 01d2 6944B8D0 		.ascii	"iD\270\320\214\022\275\210\216L\265st\234\230>7\275"
 306      8C12BD88 
 306      8E4CB573 
 306      749C983E 
 306      37BD
 307 01e4 E60CC4B0 		.ascii	"\346\014\304\260(\320\257\344\340\261Jr\353\237\276"
 307      28D0AFE4 
 307      E0B14A72 
 307      EB9FBE
 308 01f3 381756C3 		.ascii	"8\027V\303\253\3001<A\220=7O|:\357W\256J\000O\021\264"
ARM GAS  /tmp/cckEsitx.s 			page 24


 308      ABC0313C 
 308      41903D37 
 308      4F7C3AEF 
 308      57AE4A00 
 309 020a A84AE92E 		.ascii	"\250J\351.~X\371\237)T\342\231\243Z\035\004f\021Q\214"
 309      7E58F99F 
 309      2954E299 
 309      A35A1D04 
 309      6611518C 
 310 021e 6209C9CC 		.ascii	"b\011\311\314B\267s\033\234\277\"E\370ys\204\330\022"
 310      42B7731B 
 310      9CBF2245 
 310      F8797384 
 310      D812
 311 0230 0E9BFCEE 		.ascii	"\016\233\374\356\257o9X\337d\356lh\2145\356\336c\036"
 311      AF6F3958 
 311      DF64EE6C 
 311      688C35EE 
 311      DE631E
 312 0243 8A9B0DD1 		.ascii	"\212\233\015\321&\263\2511f\306\017\267\324G\017\304"
 312      26B3A931 
 312      66C60FB7 
 312      D4470FC4 
 313 0253 CDD8917D 		.ascii	"\315\330\221}\345mx\257\320c\361h3\177\342\315?\000"
 313      E56D78AF 
 313      D063F168 
 313      337FE2CD 
 313      3F00
 314 0265 A91026D5 		.ascii	"\251\020&\325"
 315              		.text
 316              		.section	.gnu.lto_vmt.4840649993ee4460,"e",%progbits
 317 0000 789CE360 		.ascii	"x\234\343``d\270\301\300\300`\316\000\001\323\231\031"
 317      6064B8C1 
 317      C0C060CE 
 317      0001D399 
 317      19
 318 0011 E7AE38F3 		.ascii	"\347\2568\363\237\263\205\261\251\261\243\241\341A\367"
 318      9FB385B1 
 318      A9B1A3A1 
 318      E141F7
 319 0020 19E6E8F9 		.ascii	"\031\346\350\371\314\0143\2311\345\026lc\232\317\314"
 319      CC0C3399 
 319      31E5166C 
 319      639ACFCC 
 320 0030 38939911 		.ascii	"8\223\231\021S\346\037#X\017\023\246\314>\240\014\323"
 320      53E61F23 
 320      580F13A6 
 320      CC3EA00C 
 320      D3
 321 0041 4C66664C 		.ascii	"LffL\231\252\371\314\3143\231Y\300\022\307\337\277\275"
 321      99AAF9CC 
 321      CC339959 
 321      C012C7DF 
 321      BFBD
 322 0053 C2D8C73C 		.ascii	"\302\330\307<\237\231\205\021\304]\266\270\347\015\213"
 322      9F998511 
 322      C45DB6B8 
ARM GAS  /tmp/cckEsitx.s 			page 25


 322      E70D8B
 323 0062 E5F6868E 		.ascii	"\345\366\206\216\005\015\011\363\231Yg030\356g\224\236"
 323      050D09F3 
 323      99596730 
 323      3330EE67 
 323      949E
 324 0074 C1CCC8B8 		.ascii	"\301\314\310\270\217\261\205q\0063\023\343^0\315\314"
 324      8FB18571 
 324      063313E3 
 324      5E30CDCC 
 325 0084 B8074CB3 		.ascii	"\270\007L\2630\356\006\323\254\214\273\2004\003\343"
 325      30EE06D3 
 325      AC8CBB80 
 325      3403E3
 326 0093 01464B06 		.ascii	"\001FK\006S==} \312N-\312K\315\321w\316\310L\312\364"
 326      533D3D7D 
 326      20CA4E2D 
 326      CA4BCDD1 
 326      77CEC84C 
 327 00a9 0FD6CF2F 		.ascii	"\017\326\317/\326\317H\314\321\317\311L\322/.)JM\314"
 327      D6CF48CC 
 327      D1CFC94C 
 327      D22F2E29 
 327      4A4DCC
 328 00bc 2DD64F2A 		.ascii	"-\326O*M\2032\365\222\031\000R\225\\Z"
 328      4D8332F5 
 328      92190052 
 328      955C5A
 329              		.text
 330              		.section	.gnu.lto_.symbol_nodes.4840649993ee4460,"e",%progbits
 331 0000 789C75D0 		.ascii	"x\234u\320\275\021\3020\014\005\340\367b9\030\226\200"
 331      BD11C230 
 331      0C05E0F7 
 331      62391896 
 331      80
 332 0011 6312D881 		.ascii	"c\022\330\201\011XD.\030 Mz&\240\006\272,\300\014\004"
 332      0958442E 
 332      18204D7A 
 332      26A006BA 
 332      2CC00C04 
 333 0025 C2DF5132 		.ascii	"\302\337Q2\000\004\354\343\347\016\253z\247O*$\007b"
 333      0004ECE3 
 333      E70EAB7A 
 333      A74F2A24 
 333      0762
 334 0037 4200D996 		.ascii	"B\000\331\226\012\337\226\260\330\000\012,\347\225\317"
 334      0ADF96B0 
 334      D8000A2C 
 334      E795CF
 335 0046 F134643B 		.ascii	"\3614d;*\223\330P\263$\326T\223\304\013U\276\221+_\371"
 335      2A93D850 
 335      B324D654 
 335      93C40B55 
 335      BE912B5F 
 336 005b 41C43DD5 		.ascii	"A\304=\325&7\217\324\374\007\327~\034\310\036\010?\004"
 336      26378FD4 
 336      FC07D77E 
ARM GAS  /tmp/cckEsitx.s 			page 26


 336      1CC81E08 
 336      3F04
 337 006d 0CCFD4CE 		.ascii	"\014\317\324\316=V\3775\207\366\302\021\300\023\325"
 337      3D56FF35 
 337      87F6C211 
 337      C013D5
 338 007c FD15892F 		.ascii	"\375\025\211/(\011\341;\032\343Bn(\361\230\262\007\221"
 338      2809E13B 
 338      1AE3426E 
 338      28F198B2 
 338      0791
 339 008e CF8095E2 		.ascii	"\317\200\225\342\266\270\202S\223wCwF<\000\305\024d"
 339      B6B88253 
 339      93774377 
 339      463C00C5 
 339      1464
 340 00a0 29       		.ascii	")"
 341              		.text
 342              		.section	.gnu.lto_.refs.4840649993ee4460,"e",%progbits
 343 0000 789C05C1 		.ascii	"x\234\005\301\307\015\0000\014\3040\235\002\227w\366"
 343      C70D0030 
 343      0CC4309D 
 343      029777F6 
 344 0010 1FD6E412 		.ascii	"\037\326\344\022>\220vR#>c)\007\004\256\000N"
 344      3E907652 
 344      233E6329 
 344      0704AE00 
 344      4E
 345              		.text
 346              		.section	.gnu.lto_.decls.4840649993ee4460,"e",%progbits
 347 0000 789C9D57 		.ascii	"x\234\235W{PT\327\031\277\337\275\313\002\313\303\214"
 347      7B5054D7 
 347      19BFDFBD 
 347      CB02CBC3 
 347      8C
 348 0011 8FC429E9 		.ascii	"\217\304)\351\214\311\220IgZ\\c\222\246\316\244\255"
 348      8CC99049 
 348      675A5C63 
 348      92A6CEA4 
 348      AD
 349 0022 899D493A 		.ascii	"\211\235I:mb;i\323\232\264%<V\331\024\026\302.y\364"
 349      6D623B69 
 349      D39AB425 
 349      3C56D914 
 349      16C22E79 
 350 0037 AF8BBCD4 		.ascii	"\257\213\274\324\000\342\013\005\214\370@D\243\200A"
 350      00E20B05 
 350      8CF84044 
 350      A38041
 351 0046 253C5D01 		.ascii	"%<]\001y\213\253\002\312K\221\250\240F!\012\242A\330"
 351      798BAB02 
 351      CA4B91A8 
 351      A046210A 
 351      A241D8
 352 0059 7EE79C7B 		.ascii	"~\347\234{\227{\227]\223x\341\333{\317\271\337\343\367"
 352      977B975D 
 352      9378E1DB 
ARM GAS  /tmp/cckEsitx.s 			page 27


 352      7BCFB9DF 
 352      E3F7
 353 006b FDCE77CE 		.ascii	"\375\316w\316\271\307\213\003.j\036\307\031y\216k\025"
 353      B9C78B03 
 353      2E6A1EC7 
 353      19798E6B 
 353      15
 354 007c 38CE8E97 		.ascii	"8\316\216\2277\307qgP\310}\025J\015J=J\003J#J\013\312"
 354      37C77167 
 354      50C87D15 
 354      4A0D4A3D 
 354      4A034A23 
 355 0093 00CA0D94 		.ascii	"\000\312\015\224\3678v\021\335Q\224I\024;\212\007p\234"
 355      F7387611 
 355      DD519449 
 355      143B8A07 
 355      709C
 356 00a5 1F8A0E65 		.ascii	"\037\212\016e\036\312s(z\024\374\347\376\000\234\352"
 356      1ECA7328 
 356      7A14FCE7 
 356      FE009CEA 
 357 00b5 BA8E6D7F 		.ascii	"\272\216m\177\274\317F\231+\305\222\343\222\030o\343"
 357      BCCF4699 
 357      2BC592E3 
 357      92186FE3 
 358 00c5 FB25C062 		.ascii	"\373%\300b^&\372(oa{9\312]|F\330\\\017\312 \312\237"
 358      5E26FA28 
 358      6F617B39 
 358      CA5D7C46 
 358      D85C0FCA 
 359 00dc A518A3DC 		.ascii	"\245\030\243\334\314k\302)\316\204\024\247A\021\347"
 359      CC6BC229 
 359      CE8414A7 
 359      4111E7
 360 00eb 651771FE 		.ascii	"e\027q\376\202\362\320)\316\033R\234I\027q\354$o7qV"
 360      82F2D029 
 360      CE1B529C 
 360      491771EC 
 360      246F3771 
 361 0100 70D3FE49 		.ascii	"p\323\376I\236\315(H=w\021\345\022\307|\332]\370\364"
 361      9ECD2848 
 361      3D7711E5 
 361      12C77CDA 
 361      5DF8F4
 362 0113 E1992F67 		.ascii	"\341\231/g\216\032%\237dL\214\212<^Q\344Ab\374\025\333"
 362      8E1A259F 
 362      644C8C8A 
 362      3C5E51E4 
 362      4162FC15 
 363 0128 FF80E99C 		.ascii	"\377\200\351\234\376\211\242A\361P\304\226s{\023\030"
 363      FE89A241 
 363      F150C496 
 363      737B1318 
 364 0138 260F69DC 		.ascii	"&\017i\334\234\257\000\3365\217rM\220\370/\242h\235"
 364      9CAF00DE 
 364      358F724D 
 364      90F82FA2 
ARM GAS  /tmp/cckEsitx.s 			page 28


 364      689D
 365 014a 785C81E2 		.ascii	"x\\\201\342\015j\036\377$\305\322I\365\342|\315s\023"
 365      0D6A1EFF 
 365      24C5D249 
 365      F5E27CCD 
 365      7313
 366 015c 8BE44CFC 		.ascii	"\213\344L\374?\355\304\347{\350\303\027X\316\015N\334"
 366      3FEDC4E7 
 366      7BE8C317 
 366      58CE0D4E 
 366      DC
 367 016d 3E2ACE2F 		.ascii	">*\316/\2458\021\212Xr>-\222\377\367\321n\231\344\373"
 367      A538118A 
 367      58723E2D 
 367      92FFF7D1 
 367      6E99E4FB 
 368 0181 5FC06A9F 		.ascii	"_\300j\237\304\\H\270\304{\257\224\327%)&\2117\357\021"
 368      C45C48B8 
 368      C47BAF94 
 368      D7252926 
 368      8937EF11 
 369 0195 75BF9667 		.ascii	"u\277\226g9\274,\361\365\212T\347$\267e\022\177\277"
 369      39BC2CF1 
 369      F58A54E7 
 369      24B76512 
 369      7FBF
 370 01a7 C7FBEB28 		.ascii	"\307\373\353(\277Ey\025e)\312k\322\270\331\245|&\245"
 370      BF457915 
 370      6529CA6B 
 370      D2B8D9A5 
 370      7C26A5
 371 01ba B17255F3 		.ascii	"\261rU\363[\005\270\270\372\213\373\276\351\002\314"
 371      5B05B8B8 
 371      FA8BFBBE 
 371      E902CC
 372 01c9 D681069B 		.ascii	"\326\201\006\233\233\233\2174\351\2609W\007\013\260"
 372      9B9B8F34 
 372      E9B03957 
 372      070BB0
 373 01d8 69ED4F7B 		.ascii	"i\355O{ `\363i\035\330\001\333\015\303\267\332\201\265"
 373      2060F369 
 373      1DD801DB 
 373      0DC3B7DA 
 373      81B5
 374 01ea 89F1DEC6 		.ascii	"\211\361\336\306\203\347<\005\236>\227\236\374\3463"
 374      83E73C05 
 374      9E3E979E 
 374      FCE633
 375 01f9 FD21915D 		.ascii	"\375!\221]^\321\034T\2030\035f\177nA\235\237\260\224"
 375      5ED11C54 
 375      83301D66 
 375      7F6E419D 
 375      9FB094
 376 020c 6AEECFAB 		.ascii	"j\356\317\253m\365\321\255\021\305\325\242\270'Q\230"
 376      6DF5D1AD 
 376      11C5D5A2 
 376      B8275198 
ARM GAS  /tmp/cckEsitx.s 			page 29


 377 021c CFC18B01 		.ascii	"\317\301\213\001\260(\200\003+P\317\307A\017U\020\000"
 377      B0288003 
 377      2B50CFC7 
 377      410F5510 
 377      00
 378 022d 951040D4 		.ascii	"\225\020@\324\257\215\227M\360\276\353\210\372\316\004"
 378      AF8D974D 
 378      F0BEEB88 
 378      FACE04
 379 023c D1FB4D38 		.ascii	"\321\373M8\001:\250\300\367\345\370\236\203\032\360"
 379      013AA8C0 
 379      F7E5F89E 
 379      831AF0
 380 024b E5D80D75 		.ascii	"\345\330\015u+\223'\253=\021\337\012\304\213\327,\005"
 380      2B9327AB 
 380      3D11DF0A 
 380      C48BD72C 
 380      05
 381 025c E4150C72 		.ascii	"\344\025\014r\336\203\341R_\341M\372\3341\2745\205g"
 381      DE83E152 
 381      5FE14DFA 
 381      DC31BC35 
 381      8567
 382 026e 40A867CE 		.ascii	"@\250g\316\341\026N\002\265 P\352\260\257\226\364\325"
 382      E1164E02 
 382      B52050EA 
 382      B0AF96F4 
 382      D5
 383 027f 830E8D6E 		.ascii	"\203\016\215n\236\266\2268\320\213\217F\017\015\324"
 383      9EB69638 
 383      D08B8F46 
 383      0F0DD4
 384 028e 64EA6876 		.ascii	"d\352hv\201F\231A\203*\203F\226A#\315\240\264\252{\275"
 384      81469941 
 384      832A8346 
 384      964123CD 
 384      A0B4AA7B 
 385 02a3 3F712F4A 		.ascii	"?q/J\272\263\225\252M\240\343@\037\200\377\004\177z"
 385      BAB395AA 
 385      4DA0E340 
 385      1F80FF04 
 385      7F7A
 386 02b5 47DB2161 		.ascii	"G\333!av\006e<A\\\012\324/C\303A3\314f\372\224\377\334"
 386      7606653C 
 386      415C0AD4 
 386      2F43C341 
 386      33CC66FA 
 387 02cc 94A43A15 		.ascii	"\224\244:\025\004|\255\360\333\302 \264P\010\307\355"
 387      047CADF0 
 387      DBC220B4 
 387      5008C7ED 
 388 02dc 99C735AC 		.ascii	"\231\3075\254$\274\260\271/\261\242\313[XN\031\033\335"
 388      24BCB0B9 
 388      2FB1A2CB 
 388      5B584E19 
 388      1BDD
 389 02ee 73FE8E46 		.ascii	"s\376\216Fx\227>\367$\035N\2079\033\244\021\027\201"
ARM GAS  /tmp/cckEsitx.s 			page 30


 389      78973EF7 
 389      241D4E87 
 389      391BA411 
 389      1781
 390 0300 D52F9C86 		.ascii	"\325/\234\2069\204\003i\334\263\212\312J\374\204\367"
 390      39840369 
 390      DCB38ACA 
 390      4AFC84F7 
 391 0310 A9C1F5CE 		.ascii	"\251\301\365\316C]\032g\003\260!mj\233\372}\233\364"
 391      435D1A67 
 391      03B0216D 
 391      6A9BFA7D 
 391      9BF4
 392 0322 4AA867F0 		.ascii	"J\250g\360\3554\324\263\024*\252m\260\347\265{\0131"
 392      ED34D4B3 
 392      142AAA6D 
 392      B0E7B57B 
 392      0B31
 393 0334 D4F5504A 		.ascii	"\324\365PJ\327\267\036\202\205>\017d\016]\366\231\021"
 393      D7B71E82 
 393      853E0F64 
 393      0E5DF699 
 393      11
 394 0345 A61DC374 		.ascii	"\246\035\303t\250\302d\264td\362\262^\242{\275\302\324"
 394      A8C264B4 
 394      7464F2B2 
 394      5EA27BBD 
 394      C2D4
 395 0357 A62CAD12 		.ascii	"\246,\255\022O\247\012\317y\031\317\256\016\333j`\264"
 395      4FA70ACF 
 395      7919CFAE 
 395      0EDB6A60 
 395      B4
 396 0368 3D81CD43 		.ascii	"=\201\315C\366\301\234Yl&\211d\352\344\216\034\034\321"
 396      F6C19C59 
 396      6C268964 
 396      EAE48E1C 
 396      1CD1
 397 037a 09694030 		.ascii	"\011i@0z\354\256\333Q\344\013\201\201s\002\003w\023"
 397      7AECAEDB 
 397      51E40B81 
 397      81730203 
 397      7713
 398 038c C7D6D307 		.ascii	"\307\326\323\007~\221]\237,f\234\000\222 \264!\212>"
 398      7E915D9F 
 398      2C669C00 
 398      9220B421 
 398      8A3E
 399 039e 55183DF9 		.ascii	"U\030=\371\251 \217\314\240-{\356\336\004\261\361\003"
 399      A9208FCC 
 399      A02D7BEE 
 399      DE04B1F1 
 399      03
 400 03af 121FCEB9 		.ascii	"\022\037\316\271V\177\001\177h~\244D@\303A\027\276\277"
 400      567F017F 
 400      687EA444 
 400      40C34117 
ARM GAS  /tmp/cckEsitx.s 			page 31


 400      BEBF
 401 03c1 40DFF7B1 		.ascii	"@\337\367\261\024\241\027\002\241\007\345\022\312E\010"
 401      14A11702 
 401      A107E512 
 401      CA4508
 402 03d0 242933FF 		.ascii	"$)3\377\235\331\332l\321\232\250%U\017\3353\374\267"
 402      9DD9DA6C 
 402      D19AA825 
 402      550FDD33 
 402      FCB7
 403 03e2 82128F28 		.ascii	"\202\022\217(Z\255\260\355\003ZT\247$]\271\016\231&"
 403      5AADB0ED 
 403      035A54A7 
 403      245DB90E 
 403      9926
 404 03f4 8142168C 		.ascii	"\201B\026\214\374\013\333tB\003%\001\216\324\355\220"
 404      FC0BDB74 
 404      42032501 
 404      8ED4ED90 
 405 0404 EBC11920 		.ascii	"\353\301\031 \364K^\334`D\353\356\374\304\021UE_V\001"
 405      F44B5EDC 
 405      6044EBEE 
 405      FCC41155 
 405      455F5601 
 406 0418 1C60153D 		.ascii	"\034`\025=@+zb}o\213 \364\261\260}\205#\265\374\214"
 406      402B7A62 
 406      7D6F8B20 
 406      F4B1B07D 
 406      8523B5FC 
 407 042d FAF80603 		.ascii	"\372\370\006\003^Q\215\373\310\245\264\032\337\031\365"
 407      5E518DFB 
 407      C8A5B41A 
 407      DF19F5
 408 043c 3153AF7B 		.ascii	"1S\257{\3131\321C\011\344\252\012\3105\251>\370\354"
 408      CB31D143 
 408      09E4AA0A 
 408      C835A93E 
 408      F8EC
 409 044e AA87453A 		.ascii	"\252\207E:\010\234\303\370\035\256~)\373\253\353\242"
 409      089CC3F8 
 409      1DAE7E29 
 409      FBABEBA2 
 410 045e B8713ED1 		.ascii	"\270q>\321\240#8\364\210\021D\317\224\240\351\367C\022"
 410      A02338F4 
 410      881144CF 
 410      94A0E9F7 
 410      4312
 411 0470 3B830E46 		.ascii	";\203\016F6\234I\272*\001vV\247\263l\246E\312T\371."
 411      369C49BA 
 411      2A017656 
 411      A7B36CA6 
 411      45CA54F9 
 412 0485 D5D27A5D 		.ascii	"\325\322z]\005\341\006\343\360\006\3450)?\267\0019\276"
 412      05E106E3 
 412      F006E530 
 412      293FB701 
 412      39BE
ARM GAS  /tmp/cckEsitx.s 			page 32


 413 0497 0464E302 		.ascii	"\004d\343\002\270\200{5\371#?\214\031r\007\362L\304"
 413      B8807B35 
 413      F9233F8C 
 413      197207F2 
 413      4CC4
 414 04a9 2E5F402E 		.ascii	"._@.I\217\223\266:\271\217\335\246\237\311\235\227\274"
 414      498F93B6 
 414      3AB98FDD 
 414      A69FC99D 
 414      97BC
 415 04bb F0D2DE01 		.ascii	"\360\322\336\001\314\206y\247M\205k\366\036\244\367"
 415      CC8679A7 
 415      4D856BF6 
 415      1EA4F7
 416 04ca D2C5C941 		.ascii	"\322\305\311A\270iX\314\007\351\342\245\230J\013\230"
 416      B86958CC 
 416      07E9E2A5 
 416      984A0B98 
 417 04da 8178DA21 		.ascii	"\201x\332!\347p*_\340\330\324\216\227|a\363\032\200"
 417      E7702A5F 
 417      E0D8D48E 
 417      977C61F3 
 417      1A80
 418 04ec FE7864BC 		.ascii	"\376xd\2748\347\350\363\270\241g,`\257\316\035\250\214"
 418      38E7E8F3 
 418      B8A1672C 
 418      60AFCE1D 
 418      A88C
 419 04fe 10AC6C67 		.ascii	"\020\254lg,+\334\322)h0!:\227\3424tQ\261\335\337\002"
 419      2C2BDCD2 
 419      29683021 
 419      3A97E234 
 419      7451B1DD 
 420 0514 B40F372E 		.ascii	"\264\0177.\270\015\264\323\326\267\357\204\226v\256"
 420      B80DB4D3 
 420      D6B7EF84 
 420      9676AE
 421 0523 F28561D6 		.ascii	"\362\205a\326\227|2\243\302\217\255*\274b\221\231\313"
 421      977C32A3 
 421      C28FAD2A 
 421      BC629199 
 421      CB
 422 0534 1699F5E2 		.ascii	"\026\231\365\342\346D\335S[\350\024J\020\237\340i\204"
 422      E644DD53 
 422      5BE8144A 
 422      109FE069 
 422      84
 423 0545 3B3880DF 		.ascii	";8\200\337\321\001\274\013Oq0\002\032i\301\313\031\274"
 423      D101BC0B 
 423      4F713002 
 423      1A69C1CB 
 423      19BC
 424 0557 A37976A7 		.ascii	"\243yv\247h\355\027\255\015]\277\272W\233,\332\320p"
 424      68ED17AD 
 424      0D5DBFBA 
 424      579B2CDA 
 424      D070
ARM GAS  /tmp/cckEsitx.s 			page 33


 425 0569 29D5835B 		.ascii	")\325\203[X!RQ\223g\016\276\305\311\0037q\310\261c\024"
 425      58215251 
 425      93670EBE 
 425      C5C90337 
 425      71C8B163 
 426 057e 9E255B69 		.ascii	"\236%[i\325\366\272Y\302\024\313\252\351\364\272\004"
 426      D5F6BA59 
 426      C214CBAA 
 426      E9F4BA04 
 427 058e 7F0AB6C1 		.ascii	"\177\012\266\301\221\325\201u%y\276r\002\367X\002c'"
 427      91D58175 
 427      2579BE72 
 427      02F75802 
 427      6327
 428 05a0 B6DBC86E 		.ascii	"\266\333\310n\242e[\262'vunmx\205\365\020\340\237b\317"
 428      A2655BB2 
 428      2776756E 
 428      6D7885F5 
 428      10E09F62 
 429 05b5 F9D4733D 		.ascii	"\371\324s=Z!A\240\236\277\317zx\330G\261\005*\312\370"
 429      5A2141A0 
 429      9EBFCF7A 
 429      78D847B1 
 429      052ACAF8 
 430 05c9 7BA066A4 		.ascii	"{\240f\244\212\037`\337}\366\205P\227S\335\352\243d"
 430      8A1F60DF 
 430      7DF68550 
 430      9753DDEA 
 430      A364
 431 05db 6142C5C2 		.ascii	"aB\305\302C\302\302\270\314\302\216\342\375\243\202"
 431      43C2C2B8 
 431      CCC28EE2 
 431      FDA382
 432 05ea C4427DD6 		.ascii	"\304B}\326\323\273\022\304\002\264[@\264`L\301\301\230"
 432      D3BB12C4 
 432      02B45B40 
 432      B4604CC1 
 432      C198
 433 05fc 33079394 		.ascii	"3\007\223\224\203]57\253f\011k\031\322\313\343\335\007"
 433      835D3537 
 433      AB66096B 
 433      19D2CBE3 
 433      DD07
 434 060e FC255FDF 		.ascii	"\374%_\337\377\014\327K\374&\020y\352jJ\341j\312\331"
 434      FF0CD74B 
 434      FC261079 
 434      EA6A4AE1 
 434      6ACAD9
 435 0621 959DBAAA 		.ascii	"\225\235\272\252\357\031|\240\0252\004\267E\262\273"
 435      EF197CA0 
 435      153204B7 
 435      45B2BB
 436 0630 ACE0362B 		.ascii	"\254\3406+\022\3746\200x\236\025\304\324\375k\016\216"
 436      12FC3680 
 436      789E15C4 
 436      D4FD6B0E 
 436      8E
ARM GAS  /tmp/cckEsitx.s 			page 34


 437 0641 57B3BEB1 		.ascii	"W\263\276\261\342\2261\177\367e\220\310#\001\011\274"
 437      E296317F 
 437      F76590C8 
 437      230109BC 
 438 0651 44C068D5 		.ascii	"D\300h\325\327\225 \0230.8P\243\026\210\3744j|V\243"
 438      D7952013 
 438      302E3850 
 438      A31688FC 
 438      346A7C56 
 439 0666 4EE209EA 		.ascii	"N\342\011\352\201\212\326!\255\260\225\241N\034\370"
 439      818AD621 
 439      ADB095A1 
 439      4E1CF8
 440 0675 32C94BD8 		.ascii	"2\311K\330\303\032\205\007'\212u22\226A\312\246\203"
 440      C31A8507 
 440      278A7532 
 440      329641CA 
 440      A683
 441 0687 931AF723 		.ascii	"\223\032\367#\263\226\000[#\003\313\270U\236\345%\001"
 441      B396005B 
 441      2303CBB8 
 441      559EE525 
 441      01
 442 0698 BB2D8F4C 		.ascii	"\273-\217L\306\002\242\005)\012`)N\300\036+t*\011\375"
 442      C602A205 
 442      290A6029 
 442      4EC01E2B 
 442      742A09FD 
 443 06ac B91C7AF3 		.ascii	"\271\034z\363`q\233\\\024\266x\236T\304\"\242\002\311"
 443      60719B5C 
 443      14B6789E 
 443      54C422A2 
 443      02C9
 444 06be 8EB8B08E 		.ascii	"\216\270\260\216\177\2264\325\234\244QN\272k\036\336"
 444      7F9634D5 
 444      9CA4514E 
 444      BA6B1EDE 
 445 06ce F4130A18 		.ascii	"\364\023\012\030\015CW\304*?\212\205\354\344\014\214"
 445      0D4357C4 
 445      2A3F8A85 
 445      ECE40C8C 
 446 06de 9B6FA50C 		.ascii	"\233o\245\014^\271\221\330\032\366>?c_\"\033\241Z\355"
 446      5EB991D8 
 446      1AF63E3F 
 446      635F221B 
 446      A15AED
 447 06f1 E1600FAE 		.ascii	"\341`\017\256\031\212E{\003\257\\\2647\362\322\367H"
 447      198A457B 
 447      03AF5CB4 
 447      37F2D2F7 
 447      48
 448 0702 7CCE443A 		.ascii	"|\316D:\303\201]\260\236U\312\265\336\304!\017%+\021"
 448      C3815DB0 
 448      9E55CAB5 
 448      DEC4210F 
 448      252B11
 449 0715 4F2A48D9 		.ascii	"O*H\331LH\331$\223\322\177$%\235\220\322\217\244\\\334"
ARM GAS  /tmp/cckEsitx.s 			page 35


 449      4C48D924 
 449      93D27F24 
 449      259D90D2 
 449      8FA45CDC 
 450 0729 E1EB2814 		.ascii	"\341\353(\024\324\202t\305x\244;\223\262\205\222\222"
 450      D48274C5 
 450      78A43B93 
 450      B2859292 
 451 0739 73A0A244 		.ascii	"s\240\242D+\034c\244\234*\272\376\271V\250b\215\342"
 451      2B1C63A4 
 451      9C2ABAFE 
 451      B956A862 
 451      8DE2
 452 074b 9C6BCD9E 		.ascii	"\234k\315\236\210\014\266\362\002\013U\034o\335\347"
 452      880CB6F2 
 452      020B551C 
 452      6FDDE7
 453 075a 27D4B0D7 		.ascii	"'\324\260\327\273\367\3568\353M^g\021\307\333\030pW"
 453      BBF7EE38 
 453      EB4D5E67 
 453      11C7DB18 
 453      7057
 454 076c F3E3CCBE 		.ascii	"\363\343\314\276\215{x\332g\364\205\034\246\267\361"
 454      8D7B78DA 
 454      67F4851C 
 454      A6B7F1
 455 077b 766593A3 		.ascii	"ve\223\243\022\266\263\276\316\204\324{\376\3174\013"
 455      12B6B3BE 
 455      CE84D47B 
 455      FECF340B 
 456 078b B9A2178D 		.ascii	"\271\242\027\215V\225u\275DCuv\360\317\320\236{\003"
 456      569575BD 
 456      44437576 
 456      F0CFD09E 
 456      7B03
 457 079d 699B3C85 		.ascii	"i\233<\205V\026\377\273\334\273\371d\031\206\235\230"
 457      5616FFBB 
 457      DCBBF964 
 457      19869D98 
 458 07ad 642E6183 		.ascii	"d.a\203\314\232\336\254J\017\241\235i|\2715\317F\023"
 458      CC9ADEAC 
 458      4A0FA19D 
 458      697CB935 
 458      CF4613
 459 07c0 D84D10EE 		.ascii	"\330M\020\356bQ.\015\254k\367TR\213\000$"
 459      62512E0D 
 459      AC6BF754 
 459      528B0024 
 460 07d0 6A016172 		.ascii	"j\001ar\220G\330\375Bf\267f\247}\334\217\260\213U78"
 460      9047D8FD 
 460      4266B766 
 460      A77DDC8F 
 460      B08B5537 
 461 07e5 F1BB4DB5 		.ascii	"\361\273M\265\311V\\\215\205\342\237\023=\310\224\371"
 461      C9565C8D 
 461      85E29F13 
 461      3DC894F9 
ARM GAS  /tmp/cckEsitx.s 			page 36


 462 07f5 856C629A 		.ascii	"\205lb\232\311\263\263\024\354\245\324\026\225V\246"
 462      C9B3B314 
 462      ECA5D416 
 462      9556A6
 463 0804 7908E51A 		.ascii	"y\010\345\0327l\252\011\334\367c\010|O\007\373]\020"
 463      376CAA09 
 463      DCF76308 
 463      7C4F07FB 
 463      5D10
 464 0816 7880F5B9 		.ascii	"x\200\365\271dDM\302\301\037&\341\020\311\244\220\220"
 464      64444DC2 
 464      C11F26E1 
 464      10C9A490 
 464      90
 465 0827 F0A54C42 		.ascii	"\360\245LBf\323\344E\235DBs\236\220\261Y\354\027\305"
 465      66D3E445 
 465      9D444273 
 465      9E90B159 
 465      EC17C5
 466 083a 2BFE440B 		.ascii	"+\376D\013\362\035\024\024\020\303|\231\202\"J\301\241"
 466      F21D1414 
 466      10C37C99 
 466      82224AC1 
 466      A1
 467 084b 63A9399E 		.ascii	"c\2519\236l_\234\217\315f\333\235\021_\266/Z\311\327"
 467      6C5F9C8F 
 467      CD66DB9D 
 467      115FB62F 
 467      5AC9D7
 468 085e 7651DFEE 		.ascii	"vQ\337\3565~\302\011\306P\211\255\362\256N9c\310\212"
 468      357EC209 
 468      C65089AD 
 468      F2AE4E39 
 468      63C88A
 469 0871 323D634A 		.ascii	"2=cJ\344\031c\037\276{\321W8\311\214\2165\225\217{+"
 469      E419631F 
 469      BE7BD157 
 469      38C98C8E 
 469      35958F7B 
 470 0886 8DC8AA3E 		.ascii	"\215\310\252>mtT6\272\235\\\336\347/41\243\272\232\363"
 470      6D745436 
 470      BA9D5CDE 
 470      E72F3431 
 470      A3BA9AF3 
 471 089a 83AA6FC1 		.ascii	"\203\252o\301DU\244R\331\250c\260\354\236\217\320\306"
 471      4455A452 
 471      D9A863B0 
 471      EC9E8FD0 
 471      C6
 472 08ab 8C46336E 		.ascii	"\214F3n\224\252&\364]U\2442\331\250\360\354\320\030"
 472      94AA26F4 
 472      5D55A432 
 472      D9A8F0EC 
 472      D018
 473 08bd 2FB433A3 		.ascii	"/\2643\243\204\303\207\317j\204+\264\341\271&>;\223"
 473      84C387CF 
 473      6A842BB4 
ARM GAS  /tmp/cckEsitx.s 			page 37


 473      E1B9263E 
 473      3B93
 474 08cf 67C789E9 		.ascii	"g\307\211\351\003\305\253\333\244\003\005B\205#Hf5\357"
 474      03C5ABDB 
 474      A4030542 
 474      85234866 
 474      35EF
 475 08e1 FE0B1E2D 		.ascii	"\376\013\036-l\200\247\011D\010\307\334\350\3168N\034"
 475      6C80A709 
 475      4408C7DC 
 475      E8CE384E 
 475      1C
 476 08f2 E603A098 		.ascii	"\346\003\240\230\017`\207\246j\266H\301q>\020jP\252"
 476      0F6087A6 
 476      6AB648C1 
 476      713E106A 
 476      50AA
 477 0904 502A51AC 		.ascii	"P*Q\254('x\305\311\202\306!5X>#\216\343\233W\241\211"
 477      282778C5 
 477      C982C621 
 477      35583E23 
 477      8EE39B57 
 478 091a A3035FCD 		.ascii	"\243\003_\315\320\274\000.TI\242\025nT\235\023EV\341"
 478      D0BC002E 
 478      5449A215 
 478      6E549D13 
 478      4556E1
 479 092d 6BD700A8 		.ascii	"k\327\000\250*R<n\037k\361\221\317'\211\217\2251\331"
 479      2A523C6E 
 479      1F6BF191 
 479      CF27898F 
 479      9531D9
 480 0940 5A260B52 		.ascii	"Z&\013R\275\237\333#\332\254\364\253k{e\222(\316\006"
 480      BD9FDB23 
 480      DAACF4AB 
 480      6B7B6592 
 480      28CE06
 481 0953 3C81D06F 		.ascii	"<\201\320o~b/;\345h\317\177\310\324\253\343\237C\323"
 481      7E622F3B 
 481      E568CF7F 
 481      C8D4ABE3 
 481      9F43D3
 482 0966 5EFBAD2B 		.ascii	"^\373\255+\376\254\306\347\222\363s}\3165?V\343;\261"
 482      FEACC6E7 
 482      92F3737D 
 482      CE353F56 
 482      E33BB1
 483 0979 C6B5BB6A 		.ascii	"\306\265\273j\273\366h\244Q\227\017\025\201YN\203\336"
 483      BBF668A4 
 483      51970F15 
 483      81594E83 
 483      DE
 484 098a F41306DD 		.ascii	"\364\023\006\335\225\356\214A\257G\264'\011\005\344"
 484      95EE8C41 
 484      AF47B427 
 484      0905E4
 485 0999 24D42451 		.ascii	"$\324$Q\320\214)\267\2424\2424\240\264\270\035\360\246"
ARM GAS  /tmp/cckEsitx.s 			page 38


 485      D08C29B7 
 485      A234A234 
 485      A0B4B81D 
 485      F0A6
 486 09ab 1F3DE04D 		.ascii	"\037=\340M?<\340\362 \272p*\017\342\255\246\25375\352"
 486      3F3CE0F2 
 486      20BA702A 
 486      0FE2ADA6 
 486      AB3735EA 
 487 09bf 41FC2919 		.ascii	"A\374)\031\240\207\352\324\214\363\252C\322)U\2646:"
 487      A087EAD4 
 487      8CF3AA43 
 487      D22955B4 
 487      363A
 488 09d1 3DC90D75 		.ascii	"=\311\015u[\262K-\262j\242\233\231\014\247\251j\333"
 488      5BB24B2D 
 488      B26AA29B 
 488      990CA7A9 
 488      6ADB
 489 09e3 A673F9BC 		.ascii	"\246s\371\274R\327\325\372\0026\252;\331Z[\346\243\204"
 489      52D7D5FA 
 489      0236AA3B 
 489      D95A5BE6 
 489      A384
 490 09f5 90A75A56 		.ascii	"\220\247ZV\3160\3353T\327\325:\177o\357\304QO\331>\036"
 490      CE30DD33 
 490      54D7D53A 
 490      7F6FEFC4 
 490      514FD93E 
 491 0a0a ED3F7C52 		.ascii	"\355?|Ran\224\326\227\341\324\343S\354\370q\016y=\313"
 491      616E94D6 
 491      97E1D4E3 
 491      53ECF871 
 491      0E793DCB 
 492 0a1e BB368D50 		.ascii	"\2736\215P\232\342\352N\227hT\374\252\273\254\226\235"
 492      9AE2EA4E 
 492      976854FC 
 492      AABBAC96 
 492      9D
 493 0a2f 073AD0BA 		.ascii	"\007:\320\272\235Y\257K+Z\357\365\250=\361<\331\016"
 493      9D59AF4B 
 493      2B5AEFF5 
 493      A83DF13C 
 493      D90E
 494 0a41 3AE97640 		.ascii	":\351v@\236\311jx\243\344\252\217\222\027WK(\\\240\271"
 494      9EC96A78 
 494      A3E4AA8F 
 494      9217574B 
 494      285CA0B9 
 495 0a55 9ECAAF5F 		.ascii	"\236\312\257_\353\255\324u\265\260C\027\325\235\261"
 495      EBADD475 
 495      B5B04317 
 495      D59DB1
 496 0a64 09A4AA74 		.ascii	"\011\244\252t\273\231n7\325\275\274>\257\335O\251[\253"
 496      BB996E37 
 496      D5BDBC3E 
 496      AFDD4FA9 
ARM GAS  /tmp/cckEsitx.s 			page 39


 496      5BAB
 497 0a76 1AF21EA6 		.ascii	"\032\362\036\246\333\343zl\012U~{\231.\271\275\264p"
 497      DBE37A6C 
 497      0A557E7B 
 497      992EB9BD 
 497      B470
 498 0a88 A11EFFFF 		.ascii	"\241\036\377\377k\2105\031\"\365\313\"\214\241\306\345"
 498      6B883519 
 498      22F5CB22 
 498      8CA1C6E5 
 499 0a98 EFE8A3CD 		.ascii	"\357\350\243\315\372\210\220H}\2441To\266\304\032B\242"
 499      FA889048 
 499      7DA43154 
 499      6FB6C41A 
 499      42A2
 500 0aaa CCFAD0B8 		.ascii	"\314\372\320\270\225\322\343\3020\2577\336\376\373\202"
 500      95D2E3C2 
 500      30AF37DE 
 500      FEFB82
 501 0ab9 654B9670 		.ascii	"eK\226p\236qF\223\3457\301\026\255\331\370?\003\336"
 501      9E714693 
 501      E537C116 
 501      ADD9F83F 
 501      03DE
 502 0acb 5069A521 		.ascii	"Pi\245!V\023j6\307\314}=\304lx\307\360Q\234\301d1\206"
 502      56136A36 
 502      C7CC7D3D 
 502      C46C78C7 
 502      F0519CC1 
 503 0ae2 44BE436D 		.ascii	"D\276Cm\205\217\243,\363_\247J\206p\326\365ZxH\214\305"
 503      858FA32C 
 503      F35FA74A 
 503      8670D6F5 
 503      5A78488C 
 504 0af7 10FBEE5B 		.ascii	"\020\373\356[\177\023L\341\237\276\374\030p\"\270y."
 504      7F134CE1 
 504      9FBEFC18 
 504      7022B879 
 504      2E
 505 0b08 5D3EE50A 		.ascii	"]>\345\012\001\306Y\374\250\030FSXd\\\270\201<\007O"
 505      01C659FC 
 505      A8184653 
 505      58645CB8 
 505      813C074F 
 506 0b1c 07E05FE2 		.ascii	"\007\340_\342\274Cb\243>\376\2659(\212\323\205E\307"
 506      BC4362A3 
 506      3EFEB539 
 506      288AD385 
 506      45C7
 507 0b2e 5A0C9F06 		.ascii	"Z\014\237\006E-\342<\203?\2115Z\014\346\307\201\035"
 507      452DE23C 
 507      833F8935 
 507      5A0CE6C7 
 507      811D
 508 0b40 C6698263 		.ascii	"\306i\202c\342,\036Q\346U\310\\p\234i\225\001o\370."
 508      E22C1E51 
 508      E655C85C 
ARM GAS  /tmp/cckEsitx.s 			page 40


 508      709C6995 
 508      016FF82E 
 509 0b54 DCEC138C 		.ascii	"\334\354\023\214\317\013cBb-\013\027i\310\263_\2509"
 509      CF0B6342 
 509      622D0B17 
 509      69C8B35F 
 509      A839
 510 0b66 6479E887 		.ascii	"dy\350\207\2060\313\037MF\2136\312\020\025\026\363\231"
 510      8630CB1F 
 510      4D468B36 
 510      CA101516 
 510      F399
 511 0b78 26D210B2 		.ascii	"&\322\020\262\322\323\024m\211\210\215\376\004^\360"
 511      D2D3146D 
 511      89888DFE 
 511      045EF0
 512 0b87 5C695A60 		.ascii	"\\iZ`\2161\204a\217\311\024\027\031\371o}Dt\224A\037"
 512      8E318461 
 512      8FC91417 
 512      19F96F7D 
 512      44749441 
 513 0b9c 63B4E857 		.ascii	"c\264\350W\205\205\005!\374 CT\250!<\334\020\356\350"
 513      85850521 
 513      FC204354 
 513      A8213CDC 
 513      10EEE8
 514 0baf 40554390 		.ascii	"@UC\220!$\324\030\264$h\361\242\305\213\202>Z\034\024"
 514      2124D418 
 514      B42468F1 
 514      A2C58B82 
 514      3E5A1C14 
 515 0bc3 17131E62 		.ascii	"\027\023\036b1\350U\257\035\264 x\243i\0252B0\230\015"
 515      31E855AF 
 515      1DB42078 
 515      A3691532 
 515      4230980D 
 516 0bd7 1601C109 		.ascii	"\026\001\301\011\230\205\206\340\366\240d\3142\232\314"
 516      988586E0 
 516      F6A064CC 
 516      329ACC
 517 0be6 96105398 		.ascii	"\226\020S\230!8z\345JT\361\240\231\375\037\334\247!"
 517      21387AE5 
 517      4A54F1A0 
 517      99FD1FDC 
 517      A721
 518 0bf8 18       		.ascii	"\030"
 519              		.text
 520              		.section	.gnu.lto_.symtab.4840649993ee4460,"e",%progbits
 521 0000 6273614F 		.ascii	"bsaObjectInit\000"
 521      626A6563 
 521      74496E69 
 521      7400
 522 000e 00       		.ascii	"\000"
 523 000f 00       		.ascii	"\000"
 524 0010 00       		.ascii	"\000"
 525 0011 00000000 		.ascii	"\000\000\000\000\000\000\000\000"
 525      00000000 
ARM GAS  /tmp/cckEsitx.s 			page 41


 526 0019 15010000 		.ascii	"\025\001\000\000"
 527              		.text
 528              		.section	.gnu.lto_.opts,"e",%progbits
 529 0000 272D666E 		.ascii	"'-fno-openmp' '-fno-openacc' '-fno-pie' '-mcpu=cort"
 529      6F2D6F70 
 529      656E6D70 
 529      2720272D 
 529      666E6F2D 
 530 0033 65782D6D 		.ascii	"ex-m0' '-mthumb' '-mfloat-abi=soft' '-march=armv6s-"
 530      30272027 
 530      2D6D7468 
 530      756D6227 
 530      20272D6D 
 531 0066 6D272027 		.ascii	"m' '-O2' '-fstack-usage' '-ffunction-sections' '-fd"
 531      2D4F3227 
 531      20272D66 
 531      73746163 
 531      6B2D7573 
 532 0099 6174612D 		.ascii	"ata-sections' '-fno-common' '-flto' '-fshort-enums'"
 532      73656374 
 532      696F6E73 
 532      2720272D 
 532      666E6F2D 
 533 00cc 00       		.ascii	"\000"
 534              		.text
 535              		.comm	__gnu_lto_v1,1,1
 536              		.comm	__gnu_lto_slim,1,1
 537              		.ident	"GCC: (GNU Arm Embedded Toolchain 9-2020-q2-update) 9.3.1 20200408 (release)"
ARM GAS  /tmp/cckEsitx.s 			page 42


DEFINED SYMBOLS
                            *ABS*:0000000000000000 bufstreams.c
                            *COM*:0000000000000001 __gnu_lto_v1
                            *COM*:0000000000000001 __gnu_lto_slim

NO UNDEFINED SYMBOLS
