ARM GAS  /tmp/ccabQmGZ.s 			page 1


   1              		.cpu cortex-m4
   2              		.eabi_attribute 27, 1
   3              		.eabi_attribute 20, 1
   4              		.eabi_attribute 21, 1
   5              		.eabi_attribute 23, 3
   6              		.eabi_attribute 24, 1
   7              		.eabi_attribute 25, 1
   8              		.eabi_attribute 26, 1
   9              		.eabi_attribute 30, 2
  10              		.eabi_attribute 34, 1
  11              		.eabi_attribute 18, 4
  12              		.file	"urt_message.c"
  13              		.section	.gnu.lto_.profile.cb67e2b81ef81e78,"e",%progbits
  14 0000 789CE360 		.ascii	"x\234\343``\004B \000\000\000]\000\013"
  14      60044220 
  14      0000005D 
  14      000B
  15              		.text
  16              		.section	.gnu.lto_.icf.cb67e2b81ef81e78,"e",%progbits
  17 0000 789CE360 		.ascii	"x\234\343``d\340`@\000F\206\206\367\367\217\3611\000"
  17      6064E060 
  17      40004686 
  17      86F7F78F 
  17      F13100
  18 0013 000F2B03 		.ascii	"\000\017+\0035"
  18      35
  19              		.text
  20              		.section	.gnu.lto_.jmpfuncs.cb67e2b81ef81e78,"e",%progbits
  21 0000 789CE360 		.ascii	"x\234\343``dX\305\310\300\020\313\000\001\214\014L\214"
  21      606458C5 
  21      C8C010CB 
  21      00018C0C 
  21      4C8C
  22 0012 8CCCF5F3 		.ascii	"\214\314\365\363\231\031\200\230\221\211i:3\343\304"
  22      99198098 
  22      9189693A 
  22      33E3C4
  23 0021 35B7F4FA 		.ascii	"5\267\364\372\230\347331\3261\356b\224f`<\300\302X\007"
  23      98E73333 
  23      31D631EE 
  23      62946660 
  23      3CC0C258 
  24 0036 C40C0C1C 		.ascii	"\304\014\014\034\314@\351\246\346\365\213x\015\364\346"
  24      CC40E9A6 
  24      E6F58B78 
  24      0DF4E6
  25 0045 33332F66 		.ascii	"33/ff\230\301\0146d7\243\001X\031\003\020\377\370\377"
  25      6698C10C 
  25      366437A3 
  25      01581903 
  25      10FFF8FF 
  26 0059 FF3F3F23 		.ascii	"\377??#He_\363\373{\034 \223\200\022\214{\030\245A\030"
  26      48655FF3 
  26      FB7B1C20 
  26      9380128C 
  26      7B18A541 
  27 006e 247E76FF 		.ascii	"$~v\377\367o\354\212\214\363\033f(\314gfe`\334\313\250"
ARM GAS  /tmp/ccabQmGZ.s 			page 2


  27      F76FEC8A 
  27      8CF31B66 
  27      28CC6766 
  27      6560DCCB 
  28 0083 08D7FD07 		.ascii	"\010\327\375\007\242\033Y\371\312\307\317\027\261+\312"
  28      A21B59F9 
  28      CAC7CF17 
  28      B12BCA
  29 0092 4194B331 		.ascii	"A\224\26310\356\303\255\034\344\374\256\277SZy@\266"
  29      30EEC3AD 
  29      1CE4FCAE 
  29      BF535A79 
  29      40B6
  30 00a4 B2331E65 		.ascii	"\2623\036e`\334\017\365\300Q\006,>\340\000\373\000("
  30      60DC0FF5 
  30      C051062C 
  30      3EE000FB 
  30      0028
  31 00b6 CC0014DD 		.ascii	"\314\000\024\335|n\366\0356\220('\343\001F\203\031\314"
  31      7C6EF61D 
  31      36902827 
  31      E3014683 
  31      19CC
  32 00c8 4C208F1D 		.ascii	"L \217\035\204z\214\005\3411|>9D\232O\016\343\361\011"
  32      847A8C05 
  32      E1317C3E 
  32      39449A4F 
  32      0EE3F109 
  33 00dc BACB1964 		.ascii	"\272\313\031dT\2135TK5\255\024\022\363\213]\222\322"
  33      548B3554 
  33      4B35AD14 
  33      12F38B5D 
  33      92D2
  34 00ee 1D8B8B53 		.ascii	"\035\213\213S\213J\024\322\0223sRS\030\354\3653\362"
  34      8B4A14D2 
  34      12337352 
  34      5318ECF5 
  34      33F2
  35 0100 7353F50B 		.ascii	"sS\365\0132K\364\035\203]\343\203\034\235]\365\035}"
  35      324BF41D 
  35      835DE383 
  35      1C9D5DF5 
  35      1D7D
  36 0112 3383F275 		.ascii	"3\203\362u\035\013\012\212\365s3SRrR\313\023\213R\365"
  36      1D0B0A8A 
  36      F5733353 
  36      527252CB 
  36      138B52F5 
  37 0126 4B8342F4 		.ascii	"K\203B\364\213\213\222\365K\213J\342sS\213\213\023\323"
  37      8B8B92F5 
  37      4B8B4AE2 
  37      73538B8B 
  37      13D3
  38 0138 53F59219 		.ascii	"S\365\222\031\0000N\226\366"
  38      00304E96 
  38      F6
  39              		.text
ARM GAS  /tmp/ccabQmGZ.s 			page 3


  40              		.section	.gnu.lto_.inline.cb67e2b81ef81e78,"e",%progbits
  41 0000 789CE360 		.ascii	"x\234\343``d\250a@\000F\006\006\271s37?cJgdfP\310\237"
  41      6064A861 
  41      40004606 
  41      06B97333 
  41      373F634A 
  42 001a CECCD8D7 		.ascii	"\316\314\330\327\374\376\036G\037\363|f\240\034\343"
  42      FCFE1E47 
  42      1FF37C66 
  42      A01CE3
  43 0029 2E466906 		.ascii	".Fi\006\006\205\002(\015T\314\302\325\320\320p\200)"
  43      06850228 
  43      0D54CCC2 
  43      D5D0D070 
  43      8029
  44 003b 95814100 		.ascii	"\225\201A\000\304`Neb`b`\0012\033\230R\030\004\030\330"
  44      C4604E65 
  44      62606260 
  44      01321B98 
  44      52180418 
  45 0050 80469D61 		.ascii	"\200F\235aNba`\001\031\316\304\015\324\0004\206\225"
  45      4E626160 
  45      0119CEC4 
  45      0DD40034 
  45      8695
  46 0062 0F448385 		.ascii	"\017D\203\205\220\230\014\000e\222\027Y"
  46      90980C00 
  46      65921759 
  47              		.text
  48              		.section	.gnu.lto_.pureconst.cb67e2b81ef81e78,"e",%progbits
  49 0000 789CE360 		.ascii	"x\234\343``d`a`\000\222\263X\000\001\322\000\255"
  49      60646061 
  49      600092B3 
  49      580001D2 
  49      00AD
  50              		.text
  51              		.section	.gnu.lto_urtMessageInit.cb67e2b81ef81e78,"e",%progbits
  52 0000 789C9D55 		.ascii	"x\234\235UmPTU\030>\317=w\357\335]\026,\310\302PZfr"
  52      6D505455 
  52      183ECF3D 
  52      77EFDD5D 
  52      162CC8C2 
  53 0018 88A6DCFD 		.ascii	"\210\246\334\375\321\257\376\024\231\375h\246?\324\177"
  53      D1AFFE14 
  53      99FD68A6 
  53      3FD47F
  54 0027 6783CD68 		.ascii	"g\203\315h \030\026\246\351O^\026\024\007\312\276(\026"
  54      201816A6 
  54      E94F5E16 
  54      1407CABE 
  54      2816
  55 0039 9296440A 		.ascii	"\222\226D\012\313\011\030\032'\024u\205\324$(2\244\\"
  55      CB09181A 
  55      27147585 
  55      D4242832 
  55      A45C
  56 004b 115204D1 		.ascii	"\021R\004\321\3700K\352O\332y\317\335\017H%\206;sg\316"
ARM GAS  /tmp/ccabQmGZ.s 			page 4


  56      F8304BEA 
  56      4FDA79CF 
  56      DD0F4825 
  56      863B7367 
  57 0060 39EFFB3C 		.ascii	"9\357\373<\357\373<\347\276\273V\0066\2443\366*c,O\274"
  57      EFFB3CE7 
  57      BEBB5606 
  57      36A433F6 
  57      2A632C4F 
  58 0075 B0322886 		.ascii	"\2602(\206a<\251\227[\025\205O\366\327\247\250\206]"
  58      613CA997 
  58      5B15854F 
  58      F6D7A7A8 
  58      865D
  59 0087 6FE89C7C 		.ascii	"o\350\234|D5\034\\Q\247\233\317\257\026'\226\332\221"
  59      44351C5C 
  59      51A79BCF 
  59      AF162796 
  59      DA91
  60 0099 8F1F1627 		.ascii	"\217\037\026'*\264H\266%\266\322\240GV: W\206\025l\253"
  60      2AB448B6 
  60      25B6D2A0 
  60      47563A20 
  60      5786156C 
  61 00ae C2558BA6 		.ascii	"\302U\213\246c+\336\346u\034=U\223]J\326g\"l\204\352"
  61      632BDEE6 
  61      751C3D55 
  61      935D4AD6 
  61      67226C84 
  62 00c3 3ED4B61B 		.ascii	">\324\266\033\333R\203\234\261z\361\232\017\016 K\344"
  62      DB52839C 
  62      B17AF19A 
  62      0F0E204B 
  62      E4
  63 00d4 8DFA1BFF 		.ascii	"\215\372\033\377v\354\344A\016\250b[\333\367\325I;m"
  63      76ECE441 
  63      0EA8625B 
  63      DBF7D549 
  63      3B6D
  64 00e6 1538C576 		.ascii	"\0258\305vd\240\257.\201?\005&\326}\327g\236\311l1\014"
  64      64A0AF2E 
  64      813F0526 
  64      D67DD767 
  64      9EC96C31 
  65 00fb BF11BAB8 		.ascii	"\277\021\272\270\207\033\017\0069\307!p\301\210n\244"
  65      871B0F06 
  65      39C72170 
  65      C1886EA4 
  66 010b E120D218 		.ascii	"\341 \322\030\023g\202\37102E~\367|\240u\025\177Vb\313"
  66      136782F9 
  66      3032457E 
  66      F77CA075 
  66      157F5662 
  67 0120 CFF50CAA 		.ascii	"\317\365\014\252\021\360\310\247\022\254\342\310-`U"
  67      11F0C8A7 
  67      12ACE2C8 
  67      2D6055
ARM GAS  /tmp/ccabQmGZ.s 			page 5


  68 012f 8043C864 		.ascii	"\200C\310d\004\271\320q\343\203DM\215t\214\243\320\204"
  68      04B9D071 
  68      E383444D 
  68      8D748CA3 
  68      D084
  69 0141 958CB59D 		.ascii	"\225\214\265\235\262\204\214\0337\253\214\320d\352'"
  69      B2848C1B 
  69      37AB8CD0 
  69      64EA27
  70 0150 1D89C910 		.ascii	"\035\211\311\0200\213\012\252\351\200\011\256\341\214"
  70      308B0AAA 
  70      E98009AE 
  70      E18C
  71 015e 64AB3042 		.ascii	"d\2530B\214\275\311\025sS.6\023\250\034\353\235\015"
  71      8CBDC915 
  71      73532E36 
  71      13A81CEB 
  71      9D0D
  72 0170 68C4D6C8 		.ascii	"h\304\326\310I\357\316\212\271Q+\351\345`\350\241.\030"
  72      49EFCE8A 
  72      B9512BE9 
  72      E560E8A1 
  72      2E18
  73 0182 6178A7B8 		.ascii	"ax\247\270\031\020\006W\340\357\266\231\000,\004hRX"
  73      19100657 
  73      E0EFB699 
  73      002C0468 
  73      5258
  74 0194 636BFF4D 		.ascii	"ck\377M[%\374\345Vq\322L\255\212\303\341\263\307\007"
  74      5B25FCE5 
  74      5671D24C 
  74      AD8AC3E1 
  74      B3C707
  75 01a7 D1826604 		.ascii	"\321\202f\004\271\216oP\011\364\022\263\210\034xoG\273"
  75      B98E6F50 
  75      09F412B3 
  75      881C786F 
  75      47BB
  76 01b9 E6FE923A 		.ascii	"\346\376\222:r\006\271\025\307DZ@\012\024\301\312\251"
  76      7206B915 
  76      C7445A40 
  76      0A14C1CA 
  76      A9
  77 01ca BD617B2C 		.ascii	"\275a{,h\303q\270\003\2344\343\004\334\262\367\215\361"
  77      68C371B8 
  77      039C34E3 
  77      04DCB2F7 
  77      8DF1
  78 01dc 3E5A6A76 		.ascii	">Zjv\037L\244>lP\360m\254q\325?\274\3531\352[\231F\225"
  78      1F4CA43E 
  78      6C50F06D 
  78      AC71D53F 
  78      BCEB31EA 
  79 01f4 53BAF69F 		.ascii	"S\272\366\237.\355\365\304\211\223\242\255\345\011\350"
  79      2EEDF5C4 
  79      8993A2AD 
  79      E509E8
ARM GAS  /tmp/ccabQmGZ.s 			page 6


  80 0203 5B4AC077 		.ascii	"[J\300ww\026\220\200~\022\240\230\261\243\247\303\357"
  80      77169080 
  80      7E12A098 
  80      B1A3A7C3 
  80      EF
  81 0214 73AAB343 		.ascii	"s\252\263C\006\035\030\200\333\274\324\357\005\277H"
  81      061D1880 
  81      DBBCD4EF 
  81      05BF48
  82 0223 1838F2D7 		.ascii	"\0308\362\327\274\236\221\0234\002\"\234H\220\356\336"
  82      BC9E9113 
  82      3402229C 
  82      4890EEDE 
  83 0233 CFBB9208 		.ascii	"\317\273\222\010\022\220\220$\374\200\014\0232hB\366"
  83      12909024 
  83      FC800C13 
  83      326842F6 
  84 0243 8E5FDAAD 		.ascii	"\216_\332\255g(&d\025A\272\256Vw\332\343\220\273\360"
  84      67282664 
  84      1541BAAE 
  84      5677DAE3 
  84      90BBF0
  85 0256 631472CA 		.ascii	"c\024r\312\204T\377S\273M~\356w\343\030\303OH\013\362"
  85      8454FF53 
  85      BB4D7EEE 
  85      77E318C3 
  85      4F480BF2 
  86 026a 64699CA5 		.ascii	"di\234\245\343\235\366\011F\316\361\377qnh\331\316\235"
  86      E39DF609 
  86      46CEF1FF 
  86      716E68D9 
  86      CE9D
  87 027c BEB37329 		.ascii	"\276\263s)\030\226\316E`=\325\333\207\355qw\356\301"
  87      1896CE45 
  87      603DD5DB 
  87      87ED7177 
  87      EEC1
  88 028e CF51777E 		.ascii	"\317Qw~Y\266;g\242R\303\313v\347l\0242B\235.pC\213}"
  88      59B63B67 
  88      A252C3CB 
  88      76E76C14 
  88      32429D2E 
  89 02a6 FF966954 		.ascii	"\377\226iT\336\326\215\325\365t\2658\027q\343\335}\341"
  89      DED68DD5 
  89      F574B538 
  89      1771E3DD 
  89      7DE1
  90 02b8 0DE4EBBD 		.ascii	"\015\344\353\275x\003\243Dt\237$\322\343\303'\006\351"
  90      7803A344 
  90      749F24D2 
  90      E3C32706 
  90      E9
  91 02c9 DA54A0D9 		.ascii	"\332T\240\331Nd\002\020\012\267\237I\022N\225\213\204"
  91      4E640210 
  91      0AB79F49 
  91      124E958B 
  91      84
ARM GAS  /tmp/ccabQmGZ.s 			page 7


  92 02da A657C414 		.ascii	"\246W\304\024\247\212\2114G\220~0\202c_\307\335Z\203"
  92      A78A8934 
  92      47907E30 
  92      82635FC7 
  92      DD5A83
  93 02ed 31E9964A 		.ascii	"1\351\226J\303\360+\334\013\347p\215\030\334\363\002"
  93      C3F02BDC 
  93      0BE7708D 
  93      18DCF302 
  94 02fd 25E9EBC7 		.ascii	"%\351\353\307\365\025\320\337\217\013\222\336B\364\343"
  94      F515D0DF 
  94      8F0B92DE 
  94      42F4E3
  95 030c 92FEC4DC 		.ascii	"\222\376\304\334\314\020\210>M\320_\214\3227\344\336"
  95      CC10883E 
  95      4DD05F8C 
  95      D237E4DE 
  96 031c 86DDB924 		.ascii	"\206\335\271$\367ZLHn\315\274\350\375Cm}\266Xp\035&"
  96      F75A4C48 
  96      6ECDBCE8 
  96      FD436D7D 
  96      B658701D 
  97 0331 694474AA 		.ascii	"iDt\252{i\261\254u\242\356\224Y\267\341\362G\025\011"
  97      7B69B1AC 
  97      75A2EE94 
  97      59B7E1F2 
  97      471509
  98 0344 CB9215FC 		.ascii	"\313\222\025\374b\317\230#\306\256\342\262,m%\372+p"
  98      62CF9823 
  98      C6AEE2B2 
  98      2C6D25FA 
  98      2B70
  99 0356 37728729 		.ascii	"7r\207)c\327\212.!\035\277I:\033\321M/\3566]t;\023u"
  99      63D78A2E 
  99      211DBF49 
  99      3A1BD14D 
  99      2FEE365D 
 100 036e A9B12279 		.ascii	"\251\261\"yE\364\263\222\336N\364s\342\363\217\361\005"
 100      45F4B392 
 100      DE4EF473 
 100      E2F38FF1 
 100      05
 101 037f C757C2F7 		.ascii	"\307W\302\367\000\256J\276\204[\214o\332/\246\323\211"
 101      00AE4ABE 
 101      845B8C6F 
 101      DA2FA6D3 
 101      89
 102 0390 DFC97A07 		.ascii	"\337\311z\007U\273\266X\214S\210\371#Z\274u<eE\305\377"
 102      55BBB658 
 102      8C5388F9 
 102      235ABC75 
 102      3C6545C5 
 103 03a5 5CAA783A 		.ascii	"\\\252x:\256S\361D*>\037\221:\013\177S\333[\\\216\032"
 103      AE53F144 
 103      2A3E1F91 
 103      3A0B7F53 
 103      DB5B5C8E 
ARM GAS  /tmp/ccabQmGZ.s 			page 8


 104 03ba 3D351CF1 		.ascii	"=5\034\361\1771\306\236p\275\\T\350u\025\347\227\272"
 104      7F31C69E 
 104      70BD5C54 
 104      E87515E7 
 104      97BA
 105 03cc B29FDFB4 		.ascii	"\262\237\337\2649'{\343&W\366s\3719E\217f\027\027\373"
 105      39277BE3 
 105      2657F673 
 105      F939458F 
 105      661717FB 
 106 03e0 5C85F979 		.ascii	"\\\205\371yy\005\336\327<%^WY\316\013._I\256\253\254"
 106      7905DED7 
 106      3C255E57 
 106      59CE0B2E 
 106      5F49AEAB 
 107 03f5 A47473A1 		.ascii	"\244ts\241\327\347\363l\361n\310ezd\251\027{^/(\362"
 107      D7E7F36C 
 107      F16EC865 
 107      7A64A917 
 107      7B5E2F28 
 108 040a E4AD5DEF 		.ascii	"\344\255]\357{h}Y\326\343NO\221\357\351\027\267d\373"
 108      7B687D59 
 108      D6E34E4F 
 108      91EFE917 
 108      B764FB
 109 041d 7CDE9252 		.ascii	"|\336\222R\347K\236\374\002o\036\373\027\201f\276\215"
 109      E74B9EFC 
 109      026F1EFB 
 109      178166BE 
 109      8D
 110              		.text
 111              		.section	.gnu.lto_.symbol_nodes.cb67e2b81ef81e78,"e",%progbits
 112 0000 789CE360 		.ascii	"x\234\343``d\250d\000\002\246)\314\365\014\015@\300"
 112      6064A864 
 112      0002A629 
 112      CCF50C0D 
 112      40C0
 113 0012 C238E11C 		.ascii	"\3028\341\034\003C=\003\303\256\006G\240$\020\260Ne"
 113      03433D03 
 113      C3AE0647 
 113      A02410B0 
 113      4E65
 114 0024 665000D2 		.ascii	"fP\000\322\214\323\231\353\031\377C\201<X\031\003P\213"
 114      8CD399EB 
 114      19FF4381 
 114      3C581903 
 114      508B
 115 0036 0350661A 		.ascii	"\003Pf\032s=\023V\031f\006\346\246ksL\030[\030\201\254"
 115      733D1356 
 115      196606E6 
 115      A66B734C 
 115      185B1881 
 116 004b 8D13363C 		.ascii	"\215\0236<e`\\\002d2m~vf&#\343\021F\006\000\241n)X"
 116      65605C02 
 116      64326D7E 
 116      76662623 
 116      E3114606 
ARM GAS  /tmp/ccabQmGZ.s 			page 9


 117              		.text
 118              		.section	.gnu.lto_.refs.cb67e2b81ef81e78,"e",%progbits
 119 0000 789CE360 		.ascii	"x\234\343``d\340a```f``dbbdabde\000\000\002\000\000"
 119      6064E061 
 119      60606066 
 119      60606462 
 119      62646162 
 120 001b 2B       		.ascii	"+"
 121              		.text
 122              		.section	.gnu.lto_.decls.cb67e2b81ef81e78,"e",%progbits
 123 0000 789C955A 		.ascii	"x\234\225Z{P\224W\226\357\373\335\356\206n\232\306\210"
 123      7B509457 
 123      96EFFBDD 
 123      EE866E9A 
 123      C688
 124 0012 95C9AEA9 		.ascii	"\225\311\256\251Tv\312\331\231\255\231HRI\355\314\374"
 124      5476CAD9 
 124      99AD9948 
 124      5249EDCC 
 124      FC
 125 0023 33B36E2A 		.ascii	"3\263n*\265\231\252\311d6\311\356\324\314\037\303v\240"
 125      B599AAC9 
 125      6436C9EE 
 125      D4CC1FC3 
 125      76A0
 126 0035 95DE00CD 		.ascii	"\225\336\000\315t7\211\231\177\246y\012*\210\202\362"
 126      74378999 
 126      7FA6790A 
 126      2A8882F2 
 127 0045 12114510 		.ascii	"\022\021E\020\021\001y\310\033\024\344!\210\250\200"
 127      110179C8 
 127      1B14E421 
 127      88A880
 128 0054 200F0191 		.ascii	" \017\001\221\367CD\020Qa\317}4\375}t\223\235\264^\276"
 128      F7434410 
 128      5161CF7D 
 128      34FD7D74 
 128      939DB45E 
 129 0069 EF7CDF39 		.ascii	"\357|\3379\347\376\316\271\347\236{\356\355v\225!\331"
 129      E7FECEB9 
 129      E79E7BEE 
 129      ED769521 
 129      D9
 130 007a 7FFEB34C 		.ascii	"\177\376\263L\326\243\220\311\276@2\331:|\004\231Lv"
 130      D6A390C9 
 130      BE4032D9 
 130      3A7C0499 
 130      4C76
 131 008c 1B9A1ADA 		.ascii	"\033\232\032\332\"\264}\320\224\320\344\360^\001M\013"
 131      22B47DD0 
 131      94D0E4F0 
 131      5E014D0B 
 132 009c CD13DA9F 		.ascii	"\315\023\332\237\340Y%\\wC\303p\337\014\327Fh\005\234"
 132      E059255C 
 132      7743C370 
 132      DF0CD746 
 132      68059C
ARM GAS  /tmp/ccabQmGZ.s 			page 10


 133 00af EE846B3F 		.ascii	"\356\204k?\264G\320\340\277l\222\374\021}r\200\351\237"
 133      B447D0E0 
 133      BF6C92FC 
 133      117D7280 
 133      E99F
 134 00c1 E0EA076D 		.ascii	"\340\352\007m;\264\035\242\376\274\201w\012\332\004"
 134      3BB41DA2 
 134      FEBC8177 
 134      0ADA04
 135 00d0 627DE8A0 		.ascii	"b}\350\240M\363\276f8\206Y\216c\216c\031Ev\214\363\210"
 135      4DF3BE66 
 135      3886598E 
 135      638E6319 
 135      45768CF3 
 136 00e5 61EE83EB 		.ascii	"a\356\203\353\023\270>\206\353=\270\376\221\340\202"
 136      13B83E86 
 136      EB3DB8FE 
 136      91E082
 137 00f4 D601AD11 		.ascii	"\326\001\255\021\332\004\264ahZ\031\303^\302\361\023"
 137      DA04B461 
 137      685A19C3 
 137      5EC2F113 
 138 0104 5BA6E0D9 		.ascii	"[\246\340\331<\264\031\356\217i\242\007\332\034\261"
 138      3CB419EE 
 138      8F69A207 
 138      DA1CB1
 139 0113 05DA23D2 		.ascii	"\005\332#\322\247\314n\353#n\2573[\0231\032\014M[\321"
 139      A7CC6EEB 
 139      236EAF33 
 139      5B13311A 
 139      0C4D5BD1 
 140 0127 C462B45D 		.ascii	"\304b\264]\215\344@&\334(nQ\003\271C\215\336\026\221"
 140      8DE44026 
 140      DC286E51 
 140      03B9438D 
 140      DE1691
 141 013a DB1999D1 		.ascii	"\333\031\231\321\325\021\212\030\271\015\310\274\365"
 141      D5118A18 
 141      B90DC8BC 
 141      F5
 142 0147 F1540FC6 		.ascii	"\361T\017\306lE\204.=\234\352\302^\277\001\344\345\236"
 142      6C45842E 
 142      3D9CEAC2 
 142      5EBF01E4 
 142      E59E
 143 0159 73031E58 		.ascii	"s\003\036X@\244\233\252\310W5\344\325\037\325\210\014"
 143      40A49BAA 
 143      C85735E4 
 143      D51FD588 
 143      0C
 144 016a A6073C6A 		.ascii	"\246\007<j\232\237\355D\354\021\341Hi>\031\347\206_"
 144      9A9FED44 
 144      EC11E148 
 144      693E19E7 
 144      865F
 145 017c A7F79752 		.ascii	"\247\367\227R\357.i\275\362\254\354\343\232\207e\250"
 145      EF2E69BD 
ARM GAS  /tmp/ccabQmGZ.s 			page 11


 145      F2ACECE3 
 145      9A8765A8 
 146 018c 1E613BE8 		.ascii	"\036a;\350\314\347\363W4\370\317\224\267k>\361\200\240"
 146      CCE7F357 
 146      34F8CF94 
 146      B76B3EF1 
 146      80A0
 147 019e 8EB25A43 		.ascii	"\216\262ZC\255\247\303\254\252\217e\250\022\355D\025"
 147      ADA7C3AC 
 147      AA8F65A8 
 147      12ED4415 
 148 01ae 68A70C5D 		.ascii	"h\247\014]GT{\003\362B\327\340\331Ux\006\002gB\272Z"
 148      47547B03 
 148      F242D7E0 
 148      D9557806 
 148      026742BA 
 149 01c3 DDB19EC1 		.ascii	"\335\261\236\301ZN:\357\201\377\227\336\327\256\237"
 149      5A4E3AEF 
 149      81FF97DE 
 149      D7AE9F
 150 01d2 A89533F4 		.ascii	"\250\2253\364\256@\036\277p\365\245\206\031WG^G\327"
 150      AE401EBF 
 150      70F5A586 
 150      1957475E 
 150      47D7
 151 01e4 1D6C5063 		.ascii	"\035lPc\023eMLL,r\305\337\320\373\213\363K\225\304\262"
 151      13654D4C 
 151      4C2C72C5 
 151      DFD0FB8B 
 151      F34B95C4 
 152 01f9 9FA8D1DF 		.ascii	"\237\250\321\337DV\375\204Yu \374\374\0217\034\201("
 152      4456FD84 
 152      597520FC 
 152      FC11371C 
 152      8128
 153 020b 3194105D 		.ascii	"1\224\020]\257dP\013\302\254\257\205\274'C7\000W\013"
 153      AF64500B 
 153      C2ACAF85 
 153      BC274337 
 153      00570B
 154 021e C17A0B51 		.ascii	"\301z\013Q\031\202\265\035\236\335\244X\205\332\302"
 154      1982B51D 
 154      9EDDA458 
 154      85DAC2
 155 022d A85425DA 		.ascii	"\250T%\332\345y\206\310\324=\313\371\240\262l\306j\035"
 155      E57986C8 
 155      D43DCBF9 
 155      A0B26CC6 
 155      6A1D
 156 023f B162D481 		.ascii	"\261b\324\201\324\250\025d\356 \317\015%2\344E\376\274"
 156      D4A81564 
 156      EE20CF0D 
 156      2532E445 
 156      FEBC
 157 0251 077F8E12 		.ascii	"\007\177\216\022\307A'V\364\206\250\2236.@z\271\215"
 157      C7412756 
 157      F486A893 
ARM GAS  /tmp/ccabQmGZ.s 			page 12


 157      362E407A 
 157      B98D
 158 0263 76716F86 		.ascii	"vqo\206\314\367\377\014\3470\210\247\356\304=Tx:\227"
 158      CCF7FF0C 
 158      E73088A7 
 158      EEC43D54 
 158      783A97
 159 0276 BEEB54BA 		.ascii	"\276\353T\2724;f\012\343R&\276\260\236=\254\304\345"
 159      343B660A 
 159      E35226BE 
 159      B09E3DAC 
 159      C4E5
 160 0288 8C28BE57 		.ascii	"\214(\276WR\243u>2\335NG&\256\377y\225\033na\322\003"
 160      52A3753E 
 160      32DD4E47 
 160      26AEFF79 
 160      951B6E61 
 161 029e 57EB7305 		.ascii	"W\353s\005\334\316\210\374\261\221%9\203E>\210\3061"
 161      DCCE88FC 
 161      B1912539 
 161      83453E88 
 161      C631
 162 02b0 EA052DF7 		.ascii	"\352\005-\367\031 \016&\254d-\017i\016ntI_\333z\225"
 162      19200E26 
 162      AC642D0F 
 162      690E6E74 
 162      495FDB7A 
 163 02c5 A13EA461 		.ascii	"\241>\244a|\365W\372&\0056\326\357\2220/\351\355\346"
 163      7CF557FA 
 163      260536D6 
 163      EF92302F 
 163      E9EDE6
 164 02d8 516FC540 		.ascii	"Qo\305@\267\027\256.j\360}\326\367\265\305\344\002\025"
 164      B717AE2E 
 164      6AF07DD6 
 164      F7B5C5E4 
 164      0215
 165 02ea 1E65C4E3 		.ascii	"\036e\304\343\205\233\321\012\274\300\210\266\263\221"
 165      859BD10A 
 165      BCC088B6 
 165      B391
 166 02f8 4DDA2DC6 		.ascii	"M\332-\306s\310\331x\242#\213\327\177\217\243\330\224"
 166      73C8D978 
 166      A2238BD7 
 166      7F8FA3D8 
 166      94
 167 0309 18BD1551 		.ascii	"\030\275\025Q\256\301g(\201_-\347U\250\321.\333H?h\177"
 167      AEC16728 
 167      815F2DE7 
 167      55A8D12E 
 167      DB483F68 
 168 031e 37A578C2 		.ascii	"7\245x\302j=\366\006j\204\201~\010\312\306$\226\260"
 168      6A3DF606 
 168      6A84817E 
 168      08CAC624 
 168      96B0
 169 0330 E12623CD 		.ascii	"\341&#\315\004\226\223w\024\205Y\243\3024h\030\370\037"
ARM GAS  /tmp/ccabQmGZ.s 			page 13


 169      04969377 
 169      148559A3 
 169      C2346818 
 169      F81F
 170 0342 70FEAD02 		.ascii	"p\376\255\002#\316\312\206\266\006\336W\023\264#\\\200"
 170      23CECA86 
 170      B606DE57 
 170      13B4235C 
 170      80
 171 0353 C07D8476 		.ascii	"\300}\204v\241\321\215\341\255\311j\370\030/2\304/\254"
 171      A1D18DE1 
 171      ADC96AF8 
 171      182F32C4 
 171      2FAC
 172 0365 59FB3D9D 		.ascii	"Y\373=\235+\030\337J\201k\326\314Z&\261\014l\203v\206"
 172      2B18DF4A 
 172      816BD6CC 
 172      5A26B10C 
 172      6C837686 
 173 0379 48D775E7 		.ascii	"H\327u\347\274\025o\245h'@f\020dg\341jS&CU\233\255;"
 173      BC156FA5 
 173      68274066 
 173      106467E1 
 173      6A532643 
 174 0391 F9D69930 		.ascii	"\371\326\2310k\363\377\220\001D=\234\335\356\014/)w"
 174      6BF3FF90 
 174      01443D9C 
 174      DDEE0C2F 
 174      2977
 175 03a3 77FAF60C 		.ascii	"w\372\366\014\312\275O\203\232\035\230\253\305\272\001"
 175      CABD4F83 
 175      9A1D98AB 
 175      C5BA01
 176 03b2 CBDCA96D 		.ascii	"\313\334\251m\227\231\347:\201\257\225\363\333=g\367"
 176      9799E73A 
 176      81AF95F3 
 176      DB3D67F7 
 177 03c2 B4C4F201 		.ascii	"\264\304\362\001`\350'\226\367r\011b\371\024X>\017m"
 177      60E82796 
 177      F7720962 
 177      F914583E 
 177      0F6D
 178 03d4 06DA34B4 		.ascii	"\006\3324\264\307\320\346\240M2o0xc\347w0xdd\353\034"
 178      C7D0E6A0 
 178      4D326F30 
 178      7863E777 
 178      30786464 
 179 03ea F0D56EB6 		.ascii	"\360\325n\266=\355uf\373=`\357rn{%\332`_K\027io\332"
 179      3DED7566 
 179      FB3D60EF 
 179      726E7B25 
 179      DA605F4B 
 180 0402 C27ACA0F 		.ascii	"\302z\312\017\003\0329\232Y\356\202\217`:\272Im\207"
 180      031A399A 
 180      59EE828F 
 180      603ABA49 
 180      6D87
ARM GAS  /tmp/ccabQmGZ.s 			page 14


 181 0414 EE293C9D 		.ascii	"\356)<\235\033\271\360\367\033\011\232Bk\036\256h\304"
 181      1BB9F0F7 
 181      1B099A42 
 181      6B1EAE68 
 181      C4
 182 0425 B3F08904 		.ascii	"\263\360\211\004\303\"\235\205\344\002\274G\3273;U8"
 182      C3229D85 
 182      E402BC47 
 182      D7333B55 
 182      38
 183 0436 8D4128A9 		.ascii	"\215A(\251\316<\253\304\031\214\2708\320p\304\325a\316"
 183      CE3CABC4 
 183      198CB838 
 183      D070C4D5 
 183      61CE
 184 0448 2F019265 		.ascii	"/\001\222e\311\234/hH\257\330\340\013\337\232\357\360"
 184      C99C2F68 
 184      48AFD8E0 
 184      0BDF9AEF 
 184      F0
 185 0459 C4A90C77 		.ascii	"\304\251\014w1\252g\022T+\266\334\320\2353\024\253\301"
 185      31AA6712 
 185      542BB6DC 
 185      D09D3314 
 185      ABC1
 186 046b F91C447F 		.ascii	"\371\034D\177\375\240\022W2\242\364iq\226\002\3273b"
 186      FDA01257 
 186      32A2F469 
 186      719602D7 
 186      3362
 187 047d F5F2B121 		.ascii	"\365\362\261!\225\003\274\027\320\355KI\267\261\205"
 187      9503BC17 
 187      D0ED4B49 
 187      B7B185
 188 048c 652F54F8 		.ascii	"e/T\3706\023Z\311\234\263*\035\204^9\010\2758\225W."
 188      36135AC9 
 188      9CB32A1D 
 188      845E3908 
 188      BD389557 
 189 04a1 C1BA26C1 		.ascii	"\301\272&\301\272\316\261\342\212\334\262V\015\254\017"
 189      BACEB1E2 
 189      8ADCB256 
 189      0DAC0F
 190 04b0 BBF802F1 		.ascii	"\273\370\002\361\342\335\2745\2266\300\034\364\024\364"
 190      E2DDBC35 
 190      9636C01C 
 190      F414F4
 191 04bf 86084E67 		.ascii	"\206\010Ng\212}\230\345\242\244\365\234\013\220a\266"
 191      8A7D98E5 
 191      A2A4F59C 
 191      0B9061B6 
 192 04cf 0ABB50A8 		.ascii	"\012\273P\250 \212\333\271<e\212\265.\\IzG\253\316U"
 192      208ADBB9 
 192      3C658AB5 
 192      2E5C497A 
 192      47ABCE55 
 193 04e3 DB022BFE 		.ascii	"\333\002+\376\300\364\0257\374\212\031\335\337\327;"
ARM GAS  /tmp/ccabQmGZ.s 			page 15


 193      C0F41537 
 193      FC8A19DD 
 193      DFD73B
 194 04f2 883D9DF7 		.ascii	"\210=\235\367\030&8\355\021\205\013\236 \031\363\244"
 194      182638ED 
 194      11850B9E 
 194      2019F3A4 
 195 0502 3ADA43EC 		.ascii	":\332C\354\206pI\227\021\002\015$\270\220t\232u\343"
 195      86704997 
 195      11020D24 
 195      B890749A 
 195      75E3
 196 0514 5B96D177 		.ascii	"[\226\321w\002\325\327q\374\250\212\244f+\227\204\347"
 196      02D5D771 
 196      FCA88AA4 
 196      662B9784 
 196      E7
 197 0525 76412818 		.ascii	"vA(\030\010`\024)\320\254<\036\331\266\306\353\2267"
 197      08601429 
 197      D0AC3C1E 
 197      D9B6C6EB 
 197      9637
 198 0537 495A7F79 		.ascii	"IZ\177y\265\206\257\374C\244\254\351Z\251^\325\340("
 198      B586AFFC 
 198      43A4ACE9 
 198      5AA95ED5 
 198      E028
 199 0549 394DD421 		.ascii	"9M\324!\007W{1R\357D\240\014\321\324o=k\3050W\336\337"
 199      07577B31 
 199      52EF44A0 
 199      0CD1D46F 
 199      3D6BC530 
 200 0560 89DE0583 		.ascii	"\211\336\005\203\016\202A\207\210\372\303\302N\024\003"
 200      0E824187 
 200      88FAC3C2 
 200      4E1403
 201 056f FA93ADAE 		.ascii	"\372\223\255\256\364A\262\025\270\037\377\215\336\203"
 201      F441B215 
 201      B81FFF8D 
 201      DE83
 202 057d D2BBF3DD 		.ascii	"\322\273\363\335\213\362\355q\334)\377\206\310s\024"
 202      8BF2ED71 
 202      DC29FF86 
 202      C87314
 203 058c 0D325102 		.ascii	"\0152Q\002A\030+lg0\331=\010L,\316\\P0\220\277\002\362"
 203      41182B6C 
 203      6730D93D 
 203      084C2CCE 
 203      5C503090 
 204 05a3 7C635C8B 		.ascii	"|c\\\213zK\003\343\270\201G\230\201m\345\261\331\256"
 204      7A4B03E3 
 204      B8814798 
 204      816DE5B1 
 204      D9AE
 205 05b5 4CF6D740 		.ascii	"L\366\327@\266\336|\271$g\006\256\220\345n\245\351\341"
 205      B6DE7CB9 
 205      246706AE 
ARM GAS  /tmp/ccabQmGZ.s 			page 16


 205      90E56EA5 
 205      E9E1
 206 05c7 679BA11C 		.ascii	"g\233\241\034\003(G)\224x\002%\216A\211\247PNL\336\270"
 206      03284729 
 206      94780225 
 206      8E4189A7 
 206      504E4CDE 
 207 05dc EAC6D459 		.ascii	"\352\306\324Y\265dQ\354~8\314W\323N\322]\353\2251#S"
 207      B56451EC 
 207      7E38CC57 
 207      D34ED25D 
 207      EB953123 
 208 05f1 7F5A0164 		.ascii	"\177Z\001d\356x\355*/\254\254d\244.TN&qv\253@\352\217"
 208      EE78ED2A 
 208      2FACAC64 
 208      A42E544E 
 208      267176AB 
 209 0608 FB87CFB9 		.ascii	"\373\207\317\271\360\325\227\224\225\331\341\225\275"
 209      F0D59794 
 209      95D9E195 
 209      BD
 210 0615 2A1C43FD 		.ascii	"*\034C\375\215\352\206b\236c\306\274N\006\243\373\326"
 210      8DEA8662 
 210      9E63C6BC 
 210      4E06A3FB 
 210      D6
 211 0626 8B0CF996 		.ascii	"\213\014\371\226v\237\344v\2472\273g\017\276J\364\330"
 211      769FE476 
 211      A732BB67 
 211      0FBE4AF4 
 211      D8
 212 0637 6C593258 		.ascii	"lY2X\226D-K#\226\235\244\226\221E\277ivL\313zZq\003"
 212      96442D4B 
 212      23969DA4 
 212      969145BF 
 212      69764CCB 
 213 064f BA7CEAD1 		.ascii	"\272|\352\321\3278\201\241\210HZ,Q\341TF$\3646\326i"
 213      D73881A1 
 213      88485A2C 
 213      51E15446 
 213      24F436D6 
 214 0664 1D26F169 		.ascii	"\035&\361i\030\370\014A<\211\347c#\262\\\034\022\223"
 214      18F80C41 
 214      3C89E763 
 214      23B25C1C 
 214      1293
 215 0676 235F46D2 		.ascii	"#_F\322\241\032\2718\312\317H\242\374\254\300\023\323"
 215      A11AB938 
 215      CACF48A2 
 215      FCACC013 
 215      D3
 216 0687 F0487EB8 		.ascii	"\360H~\270\200\363\030\210\312\206\210Rw\\\305\210\323"
 216      80F31888 
 216      CA868852 
 216      775CC588 
 216      D3
 217 0698 A93DE56A 		.ascii	"\251=\345j\007D\347\240\247,)\242\372\264,\027|\223"
ARM GAS  /tmp/ccabQmGZ.s 			page 17


 217      0744E7A0 
 217      A72C29A2 
 217      FAB42C17 
 217      7C93
 218 06aa 093D489F 		.ascii	"\011=H\237\210q\314E\331\016B\305\227K\342Tbx\347%\360"
 218      8871CC45 
 218      D90E42C5 
 218      974BE254 
 218      6278E725 
 219 06bf 72383C1C 		.ascii	"r8<\034\233\370jA\205`\221w>\3233A\361\005>\323/\302"
 219      9BF86A41 
 219      85609177 
 219      3ED33341 
 219      F1053ED3 
 220 06d5 4CCF15E7 		.ascii	"L\317\025\347\226\351T\034u+\322\032w\025\021}4\273"
 220      96E9541C 
 220      752BD21A 
 220      7715117D 
 220      34BB
 221 06e7 5CD822BB 		.ascii	"\\\330\"\273\360en\376\365L\272\314\201wh\236s\302\376"
 221      F0656EFE 
 221      F54CBACC 
 221      8177689E 
 221      73C2FE
 222 06fa 1ECB45F3 		.ascii	"\036\313E\363\275\241u\036\37093\272\266\273\350\221"
 222      BDA1751E 
 222      F83933BA 
 222      B6BBE891 
 223 070a 728B5C94 		.ascii	"r\213\\\224\347\034!\331$%?\215\344\021;DB\343F\307"
 223      E71C21D9 
 223      24253F8D 
 223      E4113B44 
 223      42E346C7 
 224 071e 93C7B6BD 		.ascii	"\223\307\266\275\001\011\312\344\354W\035\030G)X\272"
 224      0109CAE4 
 224      EC571D18 
 224      472958BA 
 225 072e 5B9F1DE5 		.ascii	"[\237\035\345q\264\003\310\311\306\3241w>\033\010\357"
 225      71B403C8 
 225      C9C6D431 
 225      773E1B08 
 225      EF
 226 073f 78CBD37C 		.ascii	"x\313\323|\025>\302x\217\247\214\275\201S\024\222-\322"
 226      153EC278 
 226      8FA78CBD 
 226      81531492 
 226      2DD2
 227 0751 8F1DB748 		.ascii	"\217\035\267H?f\233\211\334\350\273\337\342\323\214"
 227      3F669B89 
 227      DCE8BBDF 
 227      E2D38C
 228 0760 FB4C7E77 		.ascii	"\373L~w\241\302yq]&P\011b\306\025\210\365R6\027\032"
 228      A1C27971 
 228      5D265009 
 228      62C61588 
 228      F5523617 
 229 0775 8F841F56 		.ascii	"\217\204\037V\343<&\335\273\230U\346\346\\\272\302\251"
ARM GAS  /tmp/ccabQmGZ.s 			page 18


 229      E33C26DD 
 229      BB9855E6 
 229      E65CBAC2 
 229      A9
 230 0786 74F572D5 		.ascii	"t\365r\325u-.g\322\323c\271\335\002\276\306\210\360"
 230      752D2E67 
 230      D2D363B9 
 230      DD02BEC6 
 230      88F0
 231 0798 03C92D82 		.ascii	"\003\311-\202C\030U\203\226\032I\030\025\255\347Db\334"
 231      43185583 
 231      961A4918 
 231      15ADE744 
 231      62DC
 232 07aa C68596D2 		.ascii	"\306\205\226\322\227\025\016B\265\016B'ro\246\271\212"
 232      97150E42 
 232      B50E4227 
 232      726FA6B9 
 232      8A
 233 07bb 63AF4E32 		.ascii	"c\257N2\314WmS\2430\341\366\272\022w1\345+\003\2317"
 233      CC576D53 
 233      A330E1F6 
 233      BA127731 
 233      E52B0399 
 234 07d0 1D57E66B 		.ascii	"\035W\346k\240\274^\242\374V\341\335\020-\036eBy-]C"
 234      A0BC5EA2 
 234      FC56E1DD 
 234      102D1E65 
 234      42792D5D 
 235 07e5 D841A8C1 		.ascii	"\330A\250\301A\250\360UY\267dI\272.A\324hC\224\021\237"
 235      41A8F055 
 235      59B76449 
 235      BA2E41D4 
 235      68439411 
 236 07fa 7C4E8397 		.ascii	"|N\203\227\250re\302\343\311v\201L\215]\233fG\021x\370"
 236      A87265C2 
 236      E3C97681 
 236      4C8D5D9B 
 236      66471178 
 237 080f 327898A2 		.ascii	"2x\230\242k\346\261\327\012\261\327\006\355\006\264"
 237      6BE6B1D7 
 237      0AB1D706 
 237      ED06B4
 238 081e 166837C5 		.ascii	"\026h7\3053e\274\026G\237\215\215\261\236\016\205\014"
 238      3365BC16 
 238      479F8D8D 
 238      B19E0E85 
 238      0C
 239 082f 05D9AC84 		.ascii	"\005\331\254\204\013n\336\032\210\346\312j6\266f\276"
 239      0B6EDE1A 
 239      88E6CA6A 
 239      36B666BE 
 240 083f 8B2A81BB 		.ascii	"\213*\201\273p\013nQ\361\234\355\302Vy\260\204\226\332"
 240      700B6E51 
 240      F19CEDC2 
 240      5679B084 
 240      96DA
ARM GAS  /tmp/ccabQmGZ.s 			page 19


 241 0851 CDCE2716 		.ascii	"\315\316'\026\343\236b\252a\034P\225\203\352\315sv0"
 241      E39E62AA 
 241      611C5095 
 241      83EACD73 
 241      7630
 242 0863 69FB593A 		.ascii	"i\373Y:g\011\356&\007v{aNJ\255\274\224\375\236\316]"
 242      6709EE26 
 242      07767B61 
 242      4E4AADBC 
 242      94FD9ECE 
 243 0878 D5F0FFBB 		.ascii	"\325\360\377\273\212\034\021\334\255\350S\342\\%\035"
 243      8A1C11DC 
 243      ADE853E2 
 243      5C251D
 244 0887 DCFAC9D1 		.ascii	"\334\372\311\321(5\276L\011\341\311\371\345jacO=\230"
 244      2835BE4C 
 244      09E1C9F9 
 244      E56A6163 
 244      4F3D98
 245 089a BC8381B2 		.ascii	"\274\203\201\262\331{\347;\012\246\323a\014\313\306"
 245      D97BE73B 
 245      0AA6D361 
 245      0CCBC6
 246 08a9 64E91098 		.ascii	"d\351\020\230\000\335\022o\364\335\267z=\324\003\327"
 246      00DD126F 
 246      F4DDB77A 
 246      3DD403D7 
 247 08b9 B2BEC333 		.ascii	"\262\276\3033\212.\362U\300A\374\2563q\234\225\022:"
 247      8A2EF255 
 247      C041FCAE 
 247      33719C95 
 247      123A
 248 08cb E3C6F782 		.ascii	"\343\306\367\202\260A\231O\305\271E\005\267C\210\243"
 248      B041994F 
 248      C5B94505 
 248      B74388A3 
 249 08db 3B81F916 		.ascii	";\201\371\026\010\335\333rP@\2401\025_\202\262$Z\203"
 249      08DDDB72 
 249      5040A031 
 249      155F82B2 
 249      245A83
 250 08ee DA81AD98 		.ascii	"\332\201\255\230\263\333\374'\036\027\211\203\013\200"
 250      B3DBFC27 
 250      1E178983 
 250      0B80
 251 08fc 816D3EEE 		.ascii	"\201m>\356qH]\340\321\356\015\253&\327\362\307\345\270"
 251      71485DE0 
 251      D1EE0DAB 
 251      26D7F2C7 
 251      E5B8
 252 090e 5D295996 		.ascii	"])Y\226\337\344\313\262-S\275\3112\325\235\236\251t"
 252      DFE4CBB2 
 252      2D53BDC9 
 252      32D59D9E 
 252      A974
 253 0920 017731DE 		.ascii	"\001w1\336\231\203\271\311<UIk\245>\201\012\220\256"
 253      9983B9C9 
ARM GAS  /tmp/ccabQmGZ.s 			page 20


 253      3C55496B 
 253      A53E810A 
 253      90AE
 254 0932 EE43E7BD 		.ascii	"\356C\347\275,\325\014\244\315/\312\3618\223\355y\320"
 254      2CD50CA4 
 254      CD2FCAF1 
 254      3893ED79 
 254      D0
 255 0943 D882F02C 		.ascii	"\330\202\360,#.\017\036l\306\256\221TQ\275X\321 (z "
 255      232E0F1E 
 255      6CC6AE91 
 255      5451BD58 
 255      D120287A 
 256 0958 B8D2692A 		.ascii	"\270\322i*V\025r.\344\017\370%\023NZ\204\234\355Lxh"
 256      5615722E 
 256      E40FF825 
 256      134E5A84 
 256      9CED4C78 
 257 096d 0BE103DD 		.ascii	"\013\341\003\335\013\311\274\362\350!I\377LG\317i-\216"
 257      0BC9BCF2 
 257      E82149FF 
 257      4C47CF69 
 257      2D8E
 258 097f 71A1DAA2 		.ascii	"q\241\332\242F\227\252\335l6\205\177W\375G\316}\346"
 258      4697AADD 
 258      6C36857F 
 258      57FD47CE 
 258      7DE6
 259 0991 AEC56171 		.ascii	"\256\305aq\316\030\025\304E\313#[\316\010\035)\355F"
 259      CE1815C4 
 259      45CB235B 
 259      CE081D29 
 259      ED46
 260 09a3 3881F570 		.ascii	"8\201\365p\257\250\276U\313\327\230\001\362\340Urk\264"
 260      AFA8BE55 
 260      CBD79801 
 260      F2E05572 
 260      6BB4
 261 09b5 0B4E666F 		.ascii	"\013Nfo;\323\356V\361\022\254\202\370\277\362\301P\276"
 261      3BD3EE56 
 261      F112AC82 
 261      F8BFF2C1 
 261      50BE
 262 09c7 EB9665D1 		.ascii	"\353\226e\321\024/\213&\031\236\301\374\276\0069>\313"
 262      142F8B26 
 262      199EC1FC 
 262      BE06393E 
 262      CB
 263 09d8 34B5CF46 		.ascii	"4\265\317F\034s\333\342\020cZpv\210Q\334<\024\247\266"
 263      1C73DBE2 
 263      10635A70 
 263      768851DC 
 263      3C14A7B6 
 264 09ec 57556FA0 		.ascii	"WUo\240\0310g\034\314\035\241\3415K\252\252)[U\325\224"
 264      1930671C 
 264      CC1DA1E1 
 264      354BAAAA 
ARM GAS  /tmp/ccabQmGZ.s 			page 21


 264      295B55D5 
 265 0a01 300729EA 		.ascii	"0\007)\352\022\353k\362\\I\261\212\273\224\024\216\347"
 265      12EB6BF2 
 265      5C49B18A 
 265      BB94148E 
 265      E7
 266 0a12 8FAE9EB3 		.ascii	"\217\256\236\263\255\243Kt\357\225x\263]\213\313\030"
 266      ADA34B74 
 266      EF9578B3 
 266      5D8BCB18 
 267 0a22 7769DC95 		.ascii	"wi\334\225H^7v\020:'\375|\203;\276\306^N\337\252+rs"
 267      485E3776 
 267      103A27FD 
 267      7C833BBE 
 267      C65E4EDF 
 268 0a3a 16548B4E 		.ascii	"\026T\213N\203\2525\265#\204\037d6\323M\343r\347)9\276"
 268      83AA35B5 
 268      23841F64 
 268      36D34DE3 
 268      72E72939 
 269 0a4f C17485E4 		.ascii	"\301t\205\344&\024\250q\027#\252:+\216 \334\317\210"
 269      2614A871 
 269      1723AA3A 
 269      2B8E20DC 
 269      CF88
 270 0a61 B6B2B687 		.ascii	"\266\262\266\207*<\312\210\221\354\310q\307C\250\347"
 270      2A3CCA88 
 270      91ECC871 
 270      C743A8E7 
 271 0a71 D0DFAA64 		.ascii	"\320\337\252d\211H,=V\252\306KLh\241!\246E\356P\004"
 271      89482C3D 
 271      56AAC64B 
 271      4C68A121 
 271      A645EE50 
 272 0a86 BE7010BA 		.ascii	"\276p\020\272\370j$A-\216\221\227\222)\376\312Ve\325"
 272      F86A2441 
 272      2D8E9197 
 272      9229FECA 
 272      5665D5
 273 0a99 F546F7C8 		.ascii	"\365F\367\310\267\254\262dh\215\317\335u\230\273V,Z"
 273      B7ACB264 
 273      688DCFDD 
 273      7598BB56 
 273      2C5A
 274 0aab 38D6AA71 		.ascii	"8\326\252qK1\315\012\240\013\255\000\200\265\357J\""
 274      4B31CD0A 
 274      A00BAD00 
 274      80B5EF4A 
 274      22
 275 0abc 63353895 		.ascii	"c58\225\261\377I\215\2369\347\266\355\366lG\245\333"
 275      B1FF498D 
 275      9E39E7B6 
 275      EDF66C47 
 275      A5DB
 276 0ace F95169C5 		.ascii	"\371Qi\305\363\344\243\2568\312\225:\240hj\276\002\341"
 276      F3E4A3AE 
 276      38CA953A 
ARM GAS  /tmp/ccabQmGZ.s 			page 22


 276      A0686ABE 
 276      02E1
 277 0ae0 78462485 		.ascii	"xF$\205\236?\254u6\011\3030dJ\3548\011Sj\223\316\271"
 277      9E3FAC75 
 277      3609C330 
 277      644AEC38 
 277      09536A93 
 278 0af6 E0B34CFA 		.ascii	"\340\263L\372\324\303\263\321rg\322\021[H\337\216\277"
 278      D4C3B3D1 
 278      7267D211 
 278      5B48DF8E 
 278      BF
 279 0b07 FF80C7DB 		.ascii	"\377\200\307\333/H\000-\305\246\362  \373\220\212\256"
 279      2F48002D 
 279      C5A6F220 
 279      20FB908A 
 279      AE
 280 0b18 D6337C86 		.ascii	"\3263|\206\015\021\356\230\356g=*\\\302\372\272S\\\230"
 280      0D11EE98 
 280      EE673D2A 
 280      5CC2FABA 
 280      535C98
 281 0b2b E48EAB19 		.ascii	"\344\216\253\0311\033\363d\315\00570\242\367\300\323"
 281      311BF364 
 281      CD053730 
 281      A2F7C0D3 
 282 0b3b 1B0A7C93 		.ascii	"\033\012|\223\022\362\227\017\227\327]\311\006\234\357"
 282      12F2970F 
 282      97D75DC9 
 282      069CEF
 283 0b4a C0DBCBF0 		.ascii	"\300\333\313\360)\3466r\376r\030p\035\301\316\375&\031"
 283      29E63672 
 283      FE721870 
 283      1DC1CEFD 
 283      2619
 284 0b5c BF680C1B 		.ascii	"\277h\014\033?L\336\021v2~G\361.\310\247\273P\234x\014"
 284      3F4CDE11 
 284      76327E47 
 284      F12EC8A7 
 284      BB509C78 
 285 0b71 A7CA315F 		.ascii	"\247\3121_\234A\371!\007\345\233\327\362\251K\"\366"
 285      9C41F921 
 285      07E59BD7 
 285      F2A94B22 
 285      F6
 286 0b82 18E758F8 		.ascii	"\030\347X\370z\233\323Q^\317\213\326\017\200L\213\256"
 286      7A9BD351 
 286      5ECF8BD6 
 286      0F804C8B 
 286      AE
 287 0b93 BBA8E245 		.ascii	"\273\250\342E+\331!.\337j\211\320\342.\346\000\333\376"
 287      2BD9212E 
 287      DF6A89D0 
 287      E22EE600 
 287      DBFE
 288 0ba5 6D07DFBF 		.ascii	"m\007\337\277\265.\035\\\027p\037{9\224\234yB\311\024"
 288      B52E1D5C 
ARM GAS  /tmp/ccabQmGZ.s 			page 23


 288      17701F7B 
 288      39949C79 
 288      42C914
 289 0bb8 B900D9FC 		.ascii	"\271\000\331\3742\351\270\260e^J\302,/%b:\\\2111\271"
 289      32E9B8B0 
 289      655E4AC2 
 289      2C2F2562 
 289      3A5C8931 
 290 0bcd 0F251BA1 		.ascii	"\017%\033\241C\222<\231\2145l\302\020\274\367GG\260"
 290      43923C99 
 290      8C356CC2 
 290      10BCF747 
 290      47B0
 291 0bdf 3D07C9E9 		.ascii	"=\007\311\351\313\343\340Evt\230\202\2673\355\254\230"
 291      CBE3E045 
 291      76749882 
 291      B733EDAC 
 291      98
 292 0bf0 68496C50 		.ascii	"hIlP\340\021\006\320\026\023;XL\314\256<\235\326\342"
 292      E01106D0 
 292      16133B58 
 292      4CCCAE3C 
 292      9DD6E2
 293 0c03 49F6EECA 		.ascii	"I\366\356\312\255\344D\016^I\026\271\347\203\023['\325"
 293      ADE4440E 
 293      5E4916B9 
 293      E783135B 
 293      27D5
 294 0c15 740EFE14 		.ascii	"t\016\376\024\003?p\251}@\261y\257y\0223\343`\333G\020"
 294      033F70A9 
 294      7D40B179 
 294      AF791233 
 294      E360DB47 
 295 0c2a A5DB1075 		.ascii	"\245\333\020u\264W\216\270\343\307\254\327\376\303\213"
 295      B4578EB8 
 295      E3C7ACD7 
 295      FEC38B
 296 0c39 5508AF52 		.ascii	"U\010\257RBY\362\274\343)=\010\3368,m\314\303il9\007"
 296      4259F2BC 
 296      E3293D08 
 296      DE382C6D 
 296      CCC3696C 
 297 0c4f ABD00918 		.ascii	"\253\320\011\030\306s0\214v[EGz\274\244\271(\216\301"
 297      C673308C 
 297      765B4547 
 297      7ABCA4B9 
 297      288EC1
 298 0c62 542EE0AC 		.ascii	"T.\340\254\320\222\304`<h<F\261\236\3431x\036\342/\013"
 298      D092C460 
 298      3C683C46 
 298      B19EE331 
 298      781EE22F 
 299 0c77 5A36B44C 		.ascii	"Z6\264Lhg\305\261\270zA\024\\\031\016\235H\212?\222"
 299      6867C5B1 
 299      B87A4114 
 299      5C190E9D 
 299      488A3F92 
ARM GAS  /tmp/ccabQmGZ.s 			page 24


 300 0c8b 4F72F149 		.ascii	"Or\361I\260\"LC<\201\3228\277\335?\016u\350\005\261"
 300      B0224C43 
 300      3C81D238 
 300      BFDD3F0E 
 300      75E805B1 
 301 0c9f 11679CEB 		.ascii	"\021g\234\353g\301\353\022\325w\023\012m~\304\314}P"
 301      67C1EB12 
 301      D577130A 
 301      6D7EC4CC 
 301      7D50
 302 0cb1 81F30B68 		.ascii	"\201\363\013hw\221\220\027BA<\017\304Y\272\220\241\020"
 302      77919017 
 302      42413C0F 
 302      C459BA90 
 302      A110
 303 0cc3 BCC965ED 		.ascii	"\274\311e\3559\370\022\353\315\266\375\314s\336\033"
 303      39F812EB 
 303      CDB6FDCC 
 303      73DE1B
 304 0cd2 3F33AEC1 		.ascii	"?3\256\301\211VR4\222\244\270,0n{\016^\022\244\354O"
 304      89565234 
 304      92A4B82C 
 304      306E7B0E 
 304      5E12A4EC 
 305 0ce7 CA710875 		.ascii	"\312q\010u\025\231\177\0079\026\373\224?\200\235\216"
 305      15997F07 
 305      3916FB94 
 305      3F809D8E 
 306 0cf7 C709C863 		.ascii	"\307\011\310c\307\251\246<>\036\027`\014\362\241]\204"
 306      C7A9A63C 
 306      3E1E1760 
 306      0CF2A15D 
 306      84
 307 0d08 96032D17 		.ascii	"\226\003-\027\332%\361\230t\327\3424f\365S\2765\020"
 307      DA25F198 
 307      74D7E234 
 307      66F553BE 
 307      3510
 308 0d1a 5BFD6413 		.ascii	"[\375d\023\254\366<n\005\361l\002\207e\217\002q\212"
 308      ACF63C6E 
 308      05F16C02 
 308      87658F02 
 308      718A
 309 0d2c 572FC42E 		.ascii	"W/\304.E\013\210\037\342o\204\346r*\276\300B\363\022"
 309      450B881F 
 309      E26F84E6 
 309      722ABEC0 
 309      42F312
 310 0d3f 38022A3E 		.ascii	"8\002*>T$q\304)aS\024,\307b~\360\017U\002\232\340\002"
 310      542471C4 
 310      29615314 
 310      2CC7627E 
 310      F00F5502 
 311 0d56 F6DA6173 		.ascii	"\366\332as%{\036'\261\240I\003\366\024\316n?\300I\264"
 311      257B1E27 
 311      B1A04903 
 311      F614CE6E 
ARM GAS  /tmp/ccabQmGZ.s 			page 25


 311      3FC049B4 
 312 0d6a EB979C5B 		.ascii	"\353\227\234[?\006\216y\262W\230\343\"\304{\205\340"
 312      3F068E79 
 312      B25798E3 
 312      22C47B85 
 312      E0
 313 0d7b AD526865 		.ascii	"\255Rhe\320J\240]\201V\016\255\000\332eh\305\033\236"
 313      D04AA05D 
 313      81560EAD 
 313      00DA6568 
 313      C51B9E
 314 0d8e 849E076B 		.ascii	"\204\236\007k\361q\352\033\342\223\005\256\305>\"\011"
 314      F171EA1B 
 314      E29305AE 
 314      C53E2209 
 315 0d9e C2A6009A 		.ascii	"\302\246\000\232K\302\027\231\347\207\241\224\034\340"
 315      4BC21799 
 315      E787A194 
 315      1CE0
 316 0dac 0236CFE7 		.ascii	"\0026\317\347\213=O\242\363\010Ng\341\006\265\037\032"
 316      8B3D4FA2 
 316      F3084E67 
 316      E106B51F 
 316      1A
 317 0dbd E3DCF670 		.ascii	"\343\334\366p\033\331\304\337\235\214\363\230\366~\030"
 317      1BD9C4DF 
 317      9D8CF398 
 317      F67E18
 318 0dcc D71EA7DA 		.ascii	"\327\036\247\332\337\337\340nL\022k\177\270\205v\321"
 318      DFDFE06E 
 318      4C126B7F 
 318      B88576D1 
 319 0ddc A8B4A772 		.ascii	"\250\264\247rcI\341_\310\371\355\333\201|A\024\011\350"
 319      6349E15F 
 319      C8F9EDDB 
 319      817C4114 
 319      09E8
 320 0dee FEF58245 		.ascii	"\376\365\202E5\016Q\261\022\355yF\221\312\323\271\357"
 320      350E51B1 
 320      12ED7946 
 320      91CAD3B9 
 320      EF
 321 0dff 2BF0F7F6 		.ascii	"+\360\367\366=\252\304\344\330w\270\2519\322\025\307"
 321      3DAAC4E4 
 321      D877B8A9 
 321      39D215C7 
 322 0e0f B02EAECE 		.ascii	"\260.\256\316-\\\226\343xF\304\204\244\356\301'\350"
 322      2D5C96E3 
 322      7846C484 
 322      A4EEC127 
 322      E8
 323 0e20 3D1EED1D 		.ascii	"=\036\355\035\233v\371\216J\250\226\367]\007\372\257"
 323      9B76F98E 
 323      4AA896F7 
 323      5D07FAAF 
 324 0e30 8AC7F641 		.ascii	"\212\307\366A\256\342H\304!\266\205&\033\252\032\000"
 324      AEE248C4 
ARM GAS  /tmp/ccabQmGZ.s 			page 26


 324      21B68526 
 324      1BAA1A00 
 325 0e40 5AFB5DD3 		.ascii	"Z\373]\323}\344_X\246#\314\325\316\231m\336y\024~(\301"
 325      7DE45F58 
 325      A623CCD5 
 325      CE996DDE 
 325      79147E28 
 326 0e55 039731B4 		.ascii	"\003\2271\264\327\237\245\315\363s\345\011R\356\026"
 326      D79FA5CD 
 326      F373E509 
 326      52EE16
 327 0e64 3F49EBB1 		.ascii	"?I\353\261\225\364\313\364hj\345\340\202\007\256\247"
 327      95F4CBF4 
 327      686AE5E0 
 327      8207AEA7 
 328 0e74 DCF2B409 		.ascii	"\334\362\264\011\353\202\233\255\224 \031\363\302[G"
 328      EB829BAD 
 328      942019F3 
 328      C25B47
 329 0e83 D95C01AF 		.ascii	"\331\\\001\257\240*\350\267\011\2566\367:O\343\340\377"
 329      A02AE8B7 
 329      09AE36F7 
 329      3A4FE3E0 
 329      FF
 330 0e94 0698C0F5 		.ascii	"\006\230\300\365\230\034)p\011\342\203f\360A\013\264"
 330      981C2970 
 330      09E28366 
 330      F0410BB4 
 331 0ea4 46B11FE6 		.ascii	"F\261\037\346\322\337<J\207\235\234\252_\347\334N\276"
 331      D2DF3C4A 
 331      879D9CAA 
 331      5FE7DC4E 
 331      BE
 332 0eb5 32E4DC39 		.ascii	"2\344\3349j\226\304\210\365$H\244\334\366\374M:#\007"
 332      6A96C488 
 332      F52448A4 
 332      DCF6FC4D 
 332      3A2307
 333 0ec8 200343B5 		.ascii	" \003C\265\252a\364\000\221\037n t\362\017HF\376\221"
 333      AA61F400 
 333      911F6E20 
 333      74F20F48 
 333      46FE91
 334 0edb 3FAC0626 		.ascii	"?\254\006&WD\356\021\377\205\007\375 \362\341|2\376"
 334      5744EE11 
 334      FF8507FD 
 334      20F2E17C 
 334      32FE
 335 0eed B305DB33 		.ascii	"\263\005\3333v\261\375a\317\004\256\205\364B\3252\031"
 335      76B1FD61 
 335      CF04AE85 
 335      F442D532 
 335      19
 336 0efe A69D9222 		.ascii	"\246\235\222\"\325\354=\342\357mJ\230\000Ce\027\344"
 336      D5EC3DE2 
 336      EF6D4A98 
 336      00436517 
ARM GAS  /tmp/ccabQmGZ.s 			page 27


 336      E4
 337 0f0f 8F04DE9D 		.ascii	"\217\004\336\235X\0029 \266+\224m(\265}\370=\270d\275"
 337      58023920 
 337      B62B946D 
 337      28B57DF8 
 337      3DB864BD 
 338 0f23 F35AB36A 		.ascii	"\363Z\263j\004\015\205\200?\037/\036\374\363O\2216\356"
 338      040D8580 
 338      3F1F2F1E 
 338      FCF34F91 
 338      36EE
 339 0f35 6D192B8C 		.ascii	"m\031+\214#3WTx\234\305\315\245\213/\012\324r\260\210"
 339      23335754 
 339      789CC5CD 
 339      A58B2F0A 
 339      D472B088 
 340 0f49 7C83192C 		.ascii	"|\203\031,'\217\032\226\253\3179\2369/8|\001\336\236"
 340      278F1A96 
 340      ABCF399E 
 340      392F387C 
 340      01DE9E
 341 0f5c 76BD4A10 		.ascii	"v\275J\020\227P\355\222X\275\205\371V\363@Xd\270\234"
 341      9750ED92 
 341      58BD85F9 
 341      56F34058 
 341      64B89C
 342 0f6f 76018FD0 		.ascii	"v\001\217\320ML;\211\274\036W\351\316\342\225\324u\266"
 342      4D4C3B89 
 342      BC1E57E9 
 342      CEE295D4 
 342      75B6
 343 0f81 5F7BEC60 		.ascii	"_{\354`\277\366(k=\272\240\371\301q\032ka\326m\002\362"
 343      BFF6286B 
 343      3DBAA0F9 
 343      C1711A6B 
 343      61D66D02 
 344 0f96 7B1DDD81 		.ascii	"{\035\335\201`\273MW\213\273"
 344      60BB4D57 
 344      8BBB
 345 0fa0 F80732D4 		.ascii	"\370\0072\324\001z\330wr\325\255\303\036?<m\035\032"
 345      017AD877 
 345      72D5ADC3 
 345      1E3F3C6D 
 345      1D1A
 346 0fb2 B2D63DAB 		.ascii	"\262\326=\253Q\034\252\237\264Z\325r\302\204\332 \320"
 346      511CAA9F 
 346      B45AD572 
 346      C284DA20 
 346      D0
 347 0fc3 385E722F 		.ascii	"8^r/C\255x\004\241\033x\2308\261\023\377\020\244'n7"
 347      43AD7804 
 347      A11B7898 
 347      38B113FF 
 347      10A4276E 
 348 0fd8 9DC4B894 		.ascii	"\235\304\270\224\035%,]=\331Av\201Jv,\352Bw\211M?gO"
 348      1D252C5D 
 348      3DD94176 
ARM GAS  /tmp/ccabQmGZ.s 			page 28


 348      814A762C 
 348      EA427789 
 349 0ff0 0898FD64 		.ascii	"\010\230\375d\263|\370n\237\022\3271\211\325\344\227"
 349      B37CF86E 
 349      9F12D731 
 349      89D5E497 
 350 1000 856EA2B2 		.ascii	"\205n\242\262Mt\340\322\203\251\030\231\022\367\000"
 350      4D74E0D2 
 350      83A91899 
 350      12F700
 351 100f 7A372BDD 		.ascii	"z7+\335\236O\026\\SQg\364b5w\370LD\347\023\355\226\326"
 351      9E4F165C 
 351      535167F4 
 351      623577F8 
 351      4C44E713 
 352 1026 F6116BEF 		.ascii	"\366\021k\357\333\254\0159\360\250^C\254\205i\362\254"
 352      DBAC0D39 
 352      F0A85E43 
 352      AC8569F2 
 352      AC
 353 1037 47311D1D 		.ascii	"G1\035\035\031c\315@\224\013u\211\314\205{\026\021\375"
 353      1963CD40 
 353      940B7589 
 353      CC857B16 
 353      11FD
 354 1049 D4CC8CD9 		.ascii	"\324\314\214\331\264\016w\274\314@\337(\215\257r\247"
 354      B40E77BC 
 354      CC40DF28 
 354      8DAF72A7 
 355 1059 18E87100 		.ascii	"\030\350q\0009E\212(\214E\233\207\\\206\036`\361x'\347"
 355      39458A28 
 355      8C459B87 
 355      5C861E60 
 355      F17827E7 
 356 106d 9717B9E3 		.ascii	"\227\027\271\343u\246c\262;\257\327q\203:\004\010\244"
 356      75A663B2 
 356      3BAFD771 
 356      833A0408 
 356      A4
 357 107e 428DD9F1 		.ascii	"B\215\331\361^\342\030\031\226.\017\266\0309\032\262"
 357      5EE21819 
 357      962E0FB6 
 357      18391AB2 
 358 108e 98E54221 		.ascii	"\230\345B!\301#4\310bd\355\362\375F$\366\013l\017\355"
 358      C12334C8 
 358      6264EDF2 
 358      FD4624F6 
 358      0B6C0FED 
 359 10a2 7E19257E 		.ascii	"~\031%~yh\363\313l[k\237\300\3752>\245\230h\217\254"
 359      7968F3CB 
 359      6C5B6B9F 
 359      C0FD323E 
 359      A598688F 
 360 10b7 FB3DE541 		.ascii	"\373=\345A\003\"\257\014\330\274\362\210ze\366Xr\212"
 360      0322AF0C 
 360      D8BCF288 
 360      7A65F658 
ARM GAS  /tmp/ccabQmGZ.s 			page 29


 360      728A
 361 10c9 1637BBB1 		.ascii	"\0267\273\261|?\326t\313\003\2671\"\275\270,V\360t\236"
 361      7C3FD674 
 361      CB03B731 
 361      22BDB82C 
 361      56F0749E 
 362 10dd ECC6B74E 		.ascii	"\354\306\267Nv\304\222\341\305\237\375\350,\305\001"
 362      76C492E1 
 362      C59FFDE8 
 362      2CC501
 363 10ec C9BF3FBB 		.ascii	"\311\277?\273\325j\315\320\240\011\340\037c@6\024\311"
 363      D56ACDD0 
 363      A009E01F 
 363      63403614 
 363      C9
 364 10fd C8130266 		.ascii	"\310\023\002f\022\377\210\010\2467\236\226|\223=!q\325"
 364      12FF8808 
 364      A6379E96 
 364      7C933D21 
 364      71D5
 365 110f 147515B9 		.ascii	"\024u\025\271\000\357\323\301\256X\255\344\224\007\014"
 365      00EFD3C1 
 365      AE58ADE4 
 365      94070C
 366 111e B5F34E33 		.ascii	"\265\363N3\336i\312\373l0\271D!\346\275$\331]\3170\336"
 366      DE69CAFB 
 366      6C30B944 
 366      21E6BD24 
 366      D95DCF30 
 367 1133 19CA7BB8 		.ascii	"\031\312{\270\247Dr0\020\013\245\220\235u\226\261\316"
 367      A7447230 
 367      100BA590 
 367      9D7596B1 
 367      CE
 368 1144 52D67EEB 		.ascii	"R\326~\353\243R71o\274\204w\216\361\316Q\336\202\353"
 368      A3523731 
 368      6FBC8477 
 368      8EF1CE51 
 368      DE82EB
 369 1157 932725A6 		.ascii	"\223'%\246\365I\340\3163\336y\312;}l1R\362u\264\364"
 369      F549E0CE 
 369      33DE79CA 
 369      3B7D6C31 
 369      52F275B4 
 370 116c 47058F19 		.ascii	"G\005\217\031/\271x\006\006\007|l\262|h\0144\007\007"
 370      2FB97806 
 370      06077C6C 
 370      B27C680C 
 370      340707
 371 117f E84DE6DF 		.ascii	"\350M\346\337\352\367Z~\345\345g\014\320{\005\031,^"
 371      EAF75A7E 
 371      E5E5670C 
 371      D07B0519 
 371      2C5E
 372 1191 7B3EFFC8 		.ascii	"{>\377\310\373\263=\037~\344\265\347\023\303g\306w\366"
 372      FBB33D1F 
 372      7EE4B5E7 
ARM GAS  /tmp/ccabQmGZ.s 			page 30


 372      13C367C6 
 372      77F6
 373 11a3 040599BD 		.ascii	"\004\005\231\275\002\014\276\276\376\372ot&\275W\360"
 373      020CBEBE 
 373      FEFA6F74 
 373      26BD57F0 
 374 11b3 675F7899 		.ascii	"g_x\231M>^\301&\213w\200\336l\326\355\323\357\366q\375"
 374      4D3E5EC1 
 374      268B7780 
 374      DE6CD6ED 
 374      D3EFF671 
 375 11c8 8FDFFDD7 		.ascii	"\217\337\375\327\333\037\376\362\2272\245\331\360W\275"
 375      DB1FFEF2 
 375      9732A5D9 
 375      F057BD
 376 11d7 B7454E2E 		.ascii	"\267EN..A\272o\375\215:_\271\305\020\240w\327\031\315"
 376      2E41BA6F 
 376      FD8D3A5F 
 376      B9C510A0 
 376      77D719CD 
 377 11eb DEE4C66C 		.ascii	"\336\344\306l\321\005\004\271\006\033\002-\377\372\201"
 377      D10504B9 
 377      061B022D 
 377      FFFA81
 378 11fa B7E51F77 		.ascii	"\267\345\037w\357\366\202\377>F\320l\010\364\361\262"
 378      EFF682FF 
 378      3E46D06C 
 378      08F4F1B2 
 379 120a 71EDF693 		.ascii	"q\355\366\223iH\017F\363\027@y[\004\203\257\207\250"
 379      69480F46 
 379      F3174079 
 379      5B0483AF 
 379      87A8
 380 121c 47832FF4 		.ascii	"G\203/\364\021\250\337oq\023=T\005\231\214{\015\376"
 380      11A8DF6F 
 380      71133D54 
 380      05998C7B 
 380      0DFE
 381 122e 86C07D9A 		.ascii	"\206\300}\232`\013\\\377\252\263\030\300\306\327\011"
 381      600B5CFF 
 381      AAB318C0 
 381      C6D709
 382 123d CBC62B1F 		.ascii	"\313\306+\037cp\240Eo\362\266\374\203H\322\376\332W"
 382      6370A045 
 382      6FF2B6FC 
 382      8348D2FE 
 382      DA57
 383 124f 67D16D03 		.ascii	"g\321m\003\377H\234\363\353\357\345\034b\206\3309~\262"
 383      FF489CF3 
 383      EBEFE51C 
 383      6286D839 
 383      7EB2
 384 1261 9D5B76E5 		.ascii	"\235[v\345mq\027\277\263\340\257\003,\356{\214\346O"
 384      6D7117BF 
 384      B3E0AF03 
 384      2CEE7B8C 
 384      E64F
ARM GAS  /tmp/ccabQmGZ.s 			page 31


 385 1273 3FB798F4 		.ascii	"?\267\230\364\272\200\377\376\344\0137\342\021\243\231"
 385      BA80FFFE 
 385      E40B37E2 
 385      11A399
 386 1282 922E3E7E 		.ascii	"\222.>~\272\300@\275?\365\245\301\310)\015\360\377\346"
 386      BAC040BD 
 386      3FF5A5C1 
 386      C8290DF0 
 386      FFE6
 387 1294 D30F19F1 		.ascii	"\323\017\031\361\226\023\177\032\2708 Q\333u\313A\334"
 387      96137F1A 
 387      B8382051 
 387      DB75CB41 
 387      DC
 388 12a5 A4FC3278 		.ascii	"\244\3742x\357^\275I\311\030^\203\267\237\373\351\375"
 388      EF5EBD49 
 388      C9185E83 
 388      B79FFBE9 
 388      FD
 389 12b6 FD377AD7 		.ascii	"\3757z\327\202\274\231<a\014\333\210:J\363\276=l\022"
 389      82BC993C 
 389      610CDB88 
 389      3A4AF3BE 
 389      3D6C12
 390 12c9 BCFB9D4E 		.ascii	"\274\373\235N\272\247\374\320\267V\252]\251\377Z\037"
 390      BAA7FCD0 
 390      B756AA5D 
 390      A9FF5A1F 
 391 12d9 6831AB8D 		.ascii	"h1\253\215\346\337\032\314\026}\240\336\244\330\353"
 391      E6DF1ACC 
 391      167DA0DE 
 391      A4D8EB
 392 12e8 AFDB67D6 		.ascii	"\257\333g\326\320\347\364\326\333\342F\211\000\235\371"
 392      D0E7F4D6 
 392      DBE24689 
 392      009DF9
 393 12f7 2B6F8BAB 		.ascii	"+o\213\253?\347S\371\370y[\374@\207\257+\273x[\264\224"
 393      3FE753F9 
 393      F8795BFC 
 393      4087AF2B 
 393      BB785BB4 
 394 130c CFDBC6B1 		.ascii	"\317\333\306\261MJz[\224\337P\205\273\031\274\257\364"
 394      4D4A7A5B 
 394      94DF5085 
 394      BB19BCAF 
 394      F4
 395 131d 26C0EAF5 		.ascii	"&\300\352\365\241\237\341K\303\247\237{\031\315^&\013"
 395      A19FE14B 
 395      C3A79F7B 
 395      19CD5E26 
 395      0B
 396 132e 81EB1FEC 		.ascii	"\201\353\037\354\253\367\362\361c\300\000\261\322l\014"
 396      ABF7F2F1 
 396      63C000B1 
 396      D26C0C
 397 133d 36F9E819 		.ascii	"6\371\350\031\"oFh\305\004(\3661\006\3565\354{\315\356"
 397      226F4668 
ARM GAS  /tmp/ccabQmGZ.s 			page 32


 397      C50428F6 
 397      3106EE35 
 397      EC7BCDEE 
 398 1351 184A7B5B 		.ascii	"\030J{[\024\020\347\026\275v\3439%\267II\020\207h\010"
 398      1410E716 
 398      BD76E339 
 398      25B74949 
 398      10876808 
 399 1365 088250D6 		.ascii	"\010\202P\326\005\350U\334\230otj\263\345+\235\277a"
 399      05E855DC 
 399      986F746A 
 399      B3E52B9D 
 399      BF61
 400 1377 5FA0B745 		.ascii	"_\240\267E\265!\2412\006\351M4\242]\310\344\371\205"
 400      B521A132 
 400      06E94D34 
 400      A25DC8E4 
 400      F985
 401 1389 B745ADDF 		.ascii	"\267E\255\337\257\367!\212\202\315J\223\336\362\265"
 401      AFF7218A 
 401      82CD4A93 
 401      DEF2B5
 402 1398 CEDFC5C7 		.ascii	"\316\337\305\307\030\020\240\013\364\025\215\023{\260"
 402      1810A00B 
 402      F4158D13 
 402      7BB0
 403 13a6 7DF30390 		.ascii	"}\363\003\220\366\327\201\254\017Q\350\261\361\226\321"
 403      F6D781AC 
 403      0F51E8B1 
 403      F196D1
 404 13b5 AF6DA2BD 		.ascii	"\257m\242\275-.~\340J\243\351[\245\336\327`\321\373"
 404      2D2E7EE0 
 404      4AA3E95B 
 404      A5DED760 
 404      D1FB
 405 13c7 BA9AF5FE 		.ascii	"\272\232\365\376z\037\270q\361\0116\231\300\037\012"
 405      7A1FB871 
 405      F1093699 
 405      C01F0A
 406 13d6 436050B0 		.ascii	"C`P\260E\2513\355\203\200R\232\365\177\361\327\007\222"
 406      45A933ED 
 406      8380529A 
 406      F57FF1D7 
 406      0792
 407 13e8 0B502A60 		.ascii	"\013P*`1\033MAF\263\022\036\356\263\370\271mh'^\"W\301"
 407      311B4D41 
 407      46B3121E 
 407      EEB3F8B9 
 407      6D68275E 
 408 13ff 6896EF0B 		.ascii	"h\226\357\0132\030\337t\026=\337\302\030\322\320\265"
 408      3218DF74 
 408      163DDFC2 
 408      18D2D0B5 
 409 140f 53AEB688 		.ascii	"S\256\266\210\026>\220it\246\200\257\177\256\177'\340"
 409      163E9069 
 409      74A680AF 
 409      7FAE7F27 
ARM GAS  /tmp/ccabQmGZ.s 			page 33


 409      E0
 410 1420 A77B8364 		.ascii	"\247{\203dj\020\265\350\367\277\023\360\201L\013\363"
 410      6A10B5E8 
 410      F7BF13F0 
 410      814C0BF3 
 411 1430 EA1336AD 		.ascii	"\352\0236\255~\023h\370\236S\330!\277\311 \346\276\360"
 411      7E1368F8 
 411      9E53D821 
 411      BFC920E6 
 411      BEF0
 412 1442 F3FD68BF 		.ascii	"\363\375h\277\301\242\0100\303\360z\375]\221\304F\224"
 412      C1A20830 
 412      C3F07AFD 
 412      5D91C446 
 412      94
 413 1453 8492AB8F 		.ascii	"\204\222\253\217_\220\011\206m\357\216\177\327\231\365"
 413      5F900986 
 413      6DEF8E7F 
 413      D799F5
 414 1462 9FEBFF12 		.ascii	"\237\353\377\022\014^3\350\370\\x\177+m~:\177/\177\303"
 414      0C5E33E8 
 414      F85C787F 
 414      2B6D7E3A 
 414      7F2F7FC3 
 415 1476 975ECC5C 		.ascii	"\227^\314\\\263\227M\013h\304\340\017\215\335'\336\226"
 415      B3974D0B 
 415      68C4E00F 
 415      8DDD27DE 
 415      96
 416 1487 FF037AEE 		.ascii	"\377\003z\356\033\007"
 416      1B07
 417              		.text
 418              		.section	.gnu.lto_.symtab.cb67e2b81ef81e78,"e",%progbits
 419 0000 7572744D 		.ascii	"urtMessageInit\000"
 419      65737361 
 419      6765496E 
 419      697400
 420 000f 00       		.ascii	"\000"
 421 0010 00       		.ascii	"\000"
 422 0011 00       		.ascii	"\000"
 423 0012 00000000 		.ascii	"\000\000\000\000\000\000\000\000"
 423      00000000 
 424 001a D4010000 		.ascii	"\324\001\000\000"
 425 001e 616F7300 		.ascii	"aos\000"
 426 0022 00       		.ascii	"\000"
 427 0023 02       		.ascii	"\002"
 428 0024 00       		.ascii	"\000"
 429 0025 00000000 		.ascii	"\000\000\000\000\000\000\000\000"
 429      00000000 
 430 002d E9010000 		.ascii	"\351\001\000\000"
 431 0031 63685468 		.ascii	"chThdExit\000"
 431      64457869 
 431      7400
 432 003b 00       		.ascii	"\000"
 433 003c 02       		.ascii	"\002"
 434 003d 00       		.ascii	"\000"
 435 003e 00000000 		.ascii	"\000\000\000\000\000\000\000\000"
ARM GAS  /tmp/ccabQmGZ.s 			page 34


 435      00000000 
 436 0046 DC010000 		.ascii	"\334\001\000\000"
 437 004a 63687072 		.ascii	"chprintf\000"
 437      696E7466 
 437      00
 438 0053 00       		.ascii	"\000"
 439 0054 02       		.ascii	"\002"
 440 0055 00       		.ascii	"\000"
 441 0056 00000000 		.ascii	"\000\000\000\000\000\000\000\000"
 441      00000000 
 442 005e E5010000 		.ascii	"\345\001\000\000"
 443              		.text
 444              		.section	.gnu.lto_.opts,"e",%progbits
 445 0000 272D666E 		.ascii	"'-fno-openmp' '-fno-openacc' '-fno-pie' '-mcpu=cort"
 445      6F2D6F70 
 445      656E6D70 
 445      2720272D 
 445      666E6F2D 
 446 0033 65782D6D 		.ascii	"ex-m4' '-mthumb' '-mfloat-abi=softfp' '-mfpu=fpv4-s"
 446      34272027 
 446      2D6D7468 
 446      756D6227 
 446      20272D6D 
 447 0066 702D6431 		.ascii	"p-d16' '-march=armv7e-m+fp' '-O2' '-fstack-usage' '"
 447      36272027 
 447      2D6D6172 
 447      63683D61 
 447      726D7637 
 448 0099 2D666675 		.ascii	"-ffunction-sections' '-fdata-sections' '-fno-common"
 448      6E637469 
 448      6F6E2D73 
 448      65637469 
 448      6F6E7327 
 449 00cc 2720272D 		.ascii	"' '-flto' '-fshort-enums'\000"
 449      666C746F 
 449      2720272D 
 449      6673686F 
 449      72742D65 
 450              		.text
 451              		.comm	__gnu_lto_v1,1,1
 452              		.comm	__gnu_lto_slim,1,1
 453              		.ident	"GCC: (GNU Arm Embedded Toolchain 9-2020-q2-update) 9.3.1 20200408 (release)"
ARM GAS  /tmp/ccabQmGZ.s 			page 35


DEFINED SYMBOLS
                            *ABS*:0000000000000000 urt_message.c
                            *COM*:0000000000000001 __gnu_lto_v1
                            *COM*:0000000000000001 __gnu_lto_slim

NO UNDEFINED SYMBOLS
