ARM GAS  /tmp/ccmmeCuO.s 			page 1


   1              		.cpu cortex-m4
   2              		.eabi_attribute 20, 1
   3              		.eabi_attribute 21, 1
   4              		.eabi_attribute 23, 3
   5              		.eabi_attribute 24, 1
   6              		.eabi_attribute 25, 1
   7              		.eabi_attribute 26, 1
   8              		.eabi_attribute 30, 2
   9              		.eabi_attribute 34, 1
  10              		.eabi_attribute 18, 4
  11              		.file	"bufstreams.c"
  12              		.section	.gnu.lto_.profile.c16dce6b504ddc7c,"e",%progbits
  13 0000 789CE360 		.ascii	"x\234\343``\004B \000\000\000]\000\013"
  13      60044220 
  13      0000005D 
  13      000B
  14              		.text
  15              		.section	.gnu.lto_.icf.c16dce6b504ddc7c,"e",%progbits
  16 0000 789CE360 		.ascii	"x\234\343``d0b@\000\016\206?_\316Mfb\374\261\346\373"
  16      60643062 
  16      40000E86 
  16      3F5FCE4D 
  16      6662FCB1 
  17 0016 4756A6D7 		.ascii	"GV\246\327\213\237|ad^\265i\303/v\226\325Og\036ec]\361"
  17      8B9F7C61 
  17      645EB569 
  17      C32F7696 
  17      D54F671E 
  18 002e F7DD4976 		.ascii	"\367\335Iv\266\316?\257_\260\260/y\273\351\010?\003"
  18      B6CE3FAF 
  18      5FB0B02F 
  18      79BBE908 
  18      3F03
  19 0040 00B3FC1A 		.ascii	"\000\263\374\032\201"
  19      81
  20              		.text
  21              		.section	.gnu.lto_.jmpfuncs.c16dce6b504ddc7c,"e",%progbits
  22 0000 789C754F 		.ascii	"x\234uO9\016\3020\020\234\361:\007\025\017\240\311\013"
  22      390EC230 
  22      109CF13A 
  22      07150FA0 
  22      C90B
  23 0012 78A25D50 		.ascii	"x\242]P\321D\242\242t\215DM\001H\360\016\212\374\000"
  23      D144A2A2 
  23      748D444D 
  23      0148F00E 
  23      8AFC00
  24 0025 F104D845 		.ascii	"\361\004\330E\011 '\2544\222\265;\236\243\006q!>SAH"
  24      092027AC 
  24      3492B53B 
  24      9EA30671 
  24      213E5341 
  25 003a 56310998 		.ascii	"V1\011\230\364\231\304\225\000\257\236P<u\346\360\201"
  25      F499C495 
  25      00AF9E50 
  25      3C75E6F0 
  25      81
ARM GAS  /tmp/ccmmeCuO.s 			page 2


  26 004b 1CAD5CCE 		.ascii	"\034\255\\\316\212\015\035)\275\222\370\011\225\237"
  26      8A0D1D29 
  26      BD92F809 
  26      959F
  27 0059 1595EF06 		.ascii	"\025\225\357\006\276Bg\310\241\360\321rL\370f\242\224"
  27      BE4267C8 
  27      A1F0D172 
  27      4CF866A2 
  27      94
  28 006a ADB05D3D 		.ascii	"\255\260]=\272\272\225$\205\262\217\\\030r\363Q\247"
  28      BABA9524 
  28      85B28F5C 
  28      1872F351 
  28      A7
  29 007b 91D0BF9F 		.ascii	"\221\320\277\237\261\361\032\314rM4.\206\223\017\310"
  29      B1F11ACC 
  29      724D342E 
  29      86930FC8 
  30 008b A3967DBB 		.ascii	"\243\226}\273RQ\345\376_?\247\0156\373\333\322\012\324"
  30      5251E5FE 
  30      5F3FA70D 
  30      36FBDBD2 
  30      0AD4
  31 009d 0C3C6904 		.ascii	"\014<i\004\243\006\243\303\256\207\365}7\263\263\012"
  31      A306A3C3 
  31      AE87F57D 
  31      37B3B30A 
  32 00ad F2DC9FDF 		.ascii	"\362\334\237\337j\300\013\207?xF"
  32      6AC00B87 
  32      3F7846
  33              		.text
  34              		.section	.gnu.lto_.inline.c16dce6b504ddc7c,"e",%progbits
  35 0000 789C9D51 		.ascii	"x\234\235Q;N\303@\020}3\3438\033\342H\006\312\244\360"
  35      3B4EC340 
  35      107D33E3 
  35      381BE248 
  35      06CAA4F0 
  36 0014 01287284 		.ascii	"\001(r\204\234 g\010I\370t\344\004(\210\002E\"Q\012"
  36      9C206708 
  36      49F874E4 
  36      04288802 
  36      4522510A 
  37 0028 A4144880 		.ascii	"\244\024H\200h\020\035\242\240\010\001!Q\322\300\005"
  37      68101DA2 
  37      A0080121 
  37      51D2C005 
  38 0038 10A2A241 		.ascii	"\020\242\242AP A\001\210Y;v\214\240\212\275\036\277"
  38      50204101 
  38      88593B76 
  38      8CA08ABD 
  38      1EBF
  39 004a F1F3CEBC 		.ascii	"\361\363\316\274}c@\020Are\201B[/Y!B\240\\\34086\347"
  39      7D634010 
  39      41726581 
  39      425B2F59 
  39      2142A05C 
  40 0062 26E04680 		.ascii	"&\340F\200\301\240\020\326\031N\202\341\204\373\347"
ARM GAS  /tmp/ccmmeCuO.s 			page 3


  40      C1A010D6 
  40      194E82E1 
  40      84FBE7
  41 0071 3548BF6A 		.ascii	"5H\277jo\202\247\314+OY\312\235\323\300\266\020#\177"
  41      6F82A7CC 
  41      2B4F59CA 
  41      9DD3C0B6 
  41      10237F
  42 0084 3BF8BCE0 		.ascii	";\370\274\340er\311\254\015\204:G7[\371\236\354\213"
  42      6572C9AC 
  42      0D843A47 
  42      375BF99E 
  42      EC8B
  43 0096 D037D190 		.ascii	"\3207\321\220\212 \323\012\337\010,\337\333|\2717\226"
  43      8A20D30A 
  43      DF082CDF 
  43      DB7CB937 
  43      96
  44 00a7 67029D53 		.ascii	"g\002\235SQj\010Z\021 CZ\326\312\251\031`C\373\255\377"
  44      516A085A 
  44      1120435A 
  44      D6CAA919 
  44      6043FBAD 
  45 00bc 92134BAC 		.ascii	"\222\023K\254\200\256\273{_\262h\030m\322\220\031>\035"
  45      80AEBB7B 
  45      5FB26818 
  45      6DD29019 
  45      3E1D
  46 00ce 5E72D3D8 		.ascii	"^r\323\330\014\334\335\375x\227z`\263 \2252\3543auA"
  46      0CDCDDFD 
  46      78977A60 
  46      B3209532 
  46      EC336175 
  47 00e3 7F81A014 		.ascii	"\177\201\240\024\272\272JN\324\233\203\261\014\220\015"
  47      BABA4A4E 
  47      D49B83B1 
  47      0C900D
  48 00f2 D9BCB20F 		.ascii	"\331\274\262\017\274\004\344\024\\\311\037g$\334\336"
  48      BC04E414 
  48      5CC91F67 
  48      24DCDE
  49 0101 506742AD 		.ascii	"PgB\255\322\204\007\016\371\006J\011Z\260\2769\205\311"
  49      D284070E 
  49      F9064A09 
  49      5AB0BE39 
  49      85C9
  50 0113 08D2E370 		.ascii	"\010\322\343p\0205\231r\034\231Y\015\324\257f\340=\236"
  50      10359972 
  50      1C99590D 
  50      D4AF66E0 
  50      3D9E
  51 0125 9C8E7418 		.ascii	"\234\216t\030Nd\366Y\347\3718\027\231M4\212\315\036"
  51      4E64F659 
  51      E7F93817 
  51      994D348A 
  51      CD1E
  52 0137 037B56A8 		.ascii	"\003{V\250\345R\311\375\347v\322\315W\203\355\311U\215"
ARM GAS  /tmp/ccmmeCuO.s 			page 4


  52      E552C9FD 
  52      E776D2CD 
  52      5783EDC9 
  52      558D
  53 0149 0F7EDBBE 		.ascii	"\017~\333\276\333\221\272\201o@!\266S\320\025'H\177"
  53      DB91BA81 
  53      6F4021B6 
  53      53D01527 
  53      487F
  54 015b 2FA789B2 		.ascii	"/\247\211\2625\334\207x\352\203U\353bF\313\036\304\207"
  54      35DC8778 
  54      EA8355EB 
  54      6246CB1E 
  54      C487
  55 016d 06C746A6 		.ascii	"\006\307F\246\215N\231\246\361\007\355\026\250\303"
  55      8D4E99A6 
  55      F107ED16 
  55      A8C3
  56              		.text
  57              		.section	.gnu.lto_.pureconst.c16dce6b504ddc7c,"e",%progbits
  58 0000 789C05C1 		.ascii	"x\234\005\301\011\001\000 \014\304\260\016\312\243\000"
  58      09010020 
  58      0CC4B00E 
  58      CAA300
  59 000f EF3BB524 		.ascii	"\357;\265$\227\342\001\207\266\332\021g\264]q\307\017"
  59      97E20187 
  59      B6DA1167 
  59      B45D71C7 
  59      0F
  60 0020 33E5048B 		.ascii	"3\345\004\213"
  61              		.text
  62              		.section	.gnu.lto__writes.c16dce6b504ddc7c,"e",%progbits
  63 0000 789C6D90 		.ascii	"x\234m\220\317k\023A\024\307\337wfw\263\211M\377\201"
  63      CF6B1341 
  63      14C7DF77 
  63      6677B389 
  63      4DFF81
  64 0013 22E42084 		.ascii	"\"\344 \204\202d{\021\024\177\202\027o\036\374\013\032"
  64      82647B11 
  64      147F8217 
  64      6F1EFC0B 
  64      1A
  65 0024 89341A6B 		.ascii	"\2114\032ki\364\334I\252\365\020\251=\324T\017q\225"
  65      69F4DC49 
  65      AAF510A9 
  65      3DD4540F 
  65      7195
  66 0036 1273AB0A 		.ascii	"\022s\253\012\202\277\242]\265Z\023\025\177\321\202"
  66      82BFA25D 
  66      B55A1315 
  66      7FD182
  67 0045 A22DF656 		.ascii	"\242-\366V\251z\361 \210\3257\263\021+\315\262;\314"
  67      A97AF120 
  67      88D537B3 
  67      112BCDB2 
  67      3BCC
  68 0057 DB379FCF 		.ascii	"\3337\237\317\274\367\\\002\325\005\321n\"\332\310\037"
ARM GAS  /tmp/ccmmeCuO.s 			page 5


  68      BCF75C02 
  68      D505D16E 
  68      22DAC81F 
  69 0067 244128A5 		.ascii	"$A(\245\366D\012\256\000\314N\271\240!\201!\234\225"
  69      F6440AAE 
  69      00CC4EB9 
  69      A0218121 
  69      9C95
  70 0079 13120BC5 		.ascii	"\023\022\013\305\312\217\216Q\351\363A\213\303\361\346"
  70      CA8F8E51 
  70      E9F3418B 
  70      C3F1E6
  71 0088 8D464C87 		.ascii	"\215FL\207@\202\303\223\363\027o[\3355\245\212*\230"
  71      4082C393 
  71      F3176F5B 
  71      DD35A58A 
  71      2A98
  72 009a 98DF7979 		.ascii	"\230\337yy\370\324>_\012\272\300\247\357\242\013w\320"
  72      F8D43E5F 
  72      0ABAC0A7 
  72      EFA20B77 
  72      D0
  73 00ab 45FA411D 		.ascii	"E\372A\035\335|\372\355\213\271\261\210\334\012\342"
  73      DD7CFAED 
  73      8BB9B188 
  73      DC0AE2
  74 00ba 7DF37579 		.ascii	"}\363uy\332MV\015\2712)\325&_J\334\203\374\017\345\177"
  74      DA4D560D 
  74      B93229D5 
  74      265F4ADC 
  74      83FC0FE5 
  75 00cf 0CDF4792 		.ascii	"\014\337G\222\201\237\245\271rTn7p\365\325\247%\273"
  75      819FA5B9 
  75      72546E37 
  75      70F5D5A7 
  75      25BB
  76 00e1 05CF5C31 		.ascii	"\005\317\\1\260\205\351u\260\305p`\340_j\274\334)w\031"
  76      B085E975 
  76      B0C57060 
  76      E05F6ABC 
  76      DC297719 
  77 00f5 78797176 		.ascii	"xyqv\004-\370C\315\300\002\017\326\301<%<D\2224\262"
  77      042DF843 
  77      CDC0020F 
  77      D6C13C25 
  77      3C449234 
  78 010a 747DF55C 		.ascii	"t}\365\\\334\261t_\272\233Gpx\216DW\337\330\201Z\375"
  78      DCB1745F 
  78      BA9B4770 
  78      788E4457 
  78      DFD8815A 
  79 011f 7D5A05DF 		.ascii	"}Z\005\337k\370h\307\300\230-xq$/\021\013\272t\007\272"
  79      6BF868C7 
  79      C0982D78 
  79      71242F11 
  79      0BBA7407 
  80 0134 8608B42C 		.ascii	"\206\010\264,\032zK\222x\322\312\202\012\210\316H\021"
ARM GAS  /tmp/ccmmeCuO.s 			page 6


  80      1A7A4B92 
  80      78D2CA82 
  80      0A88CE48 
  80      11
  81 0145 06050E3E 		.ascii	"\006\005\016>\243X_\376\262C\337P\221\340\233G\207\277"
  81      A3585FFE 
  81      B243DF50 
  81      91E09B47 
  81      87BF
  82 0157 2DB87ADE 		.ascii	"-\270z\336\256\251=x\177\355]g\025\223\005&\022\276"
  82      AEA93D78 
  82      7FED5D67 
  82      15930526 
  82      12BE
  83 0169 8C56B8EF 		.ascii	"\214V\270\357\031]/\347\012\376\342-\247gJ\205)\033"
  83      195D2FE7 
  83      0AFEE22D 
  83      A7674A85 
  83      291B
  84 017b 8F51C5F9 		.ascii	"\217Q\305\371\260\340'\3501\352\306\346\320,\326\232"
  84      B0E027E8 
  84      31EAC6E6 
  84      D02CD69A 
  85 018b ED76E618 		.ascii	"\355v\346\030_\217\331\266f\007O\215YO\000\215\277\346"
  85      5F8FD9B6 
  85      66074F8D 
  85      594F008D 
  85      BFE6
  86 019d 6DA159AE 		.ascii	"m\241Y\2565;\355\314\033\370z4[\346\251\233\265\227"
  86      353BEDCC 
  86      1BF87A34 
  86      5BE6A99B 
  86      B597
  87 01af 71368F99 		.ascii	"q6\217\231T\007\236\031\263\320\346\347l^\301\310\245"
  87      54079E19 
  87      B3D0E6E7 
  87      6C5EC1C8 
  87      A5
  88 01c0 C3A1985B 		.ascii	"\303\241\230[\225\304EU$\007\021_\306\351+\212\211V"
  88      95C44555 
  88      2407115F 
  88      C6E92B8A 
  88      8956
  89 01d2 4E375992 		.ascii	"N7Y\222\3707T\242-\251\224\307\357\221\314`\177&\347"
  89      F83754A2 
  89      2DA994C7 
  89      EF91CC60 
  89      7F26E7
  90 01e5 EDEDCBA6 		.ascii	"\355\355\313\246\263\373\017x\307\362^_o\316\313e\323"
  90      B3FB0F78 
  90      C7F25E5F 
  90      6FCECB65 
  90      D3
  91 01f6 5EFEF860 		.ascii	"^\376\370`\246\367h\336K\2378\324\332\246\016\222\310"
  91      A6F768DE 
  91      4B9F38D4 
  91      DAA60E92 
ARM GAS  /tmp/ccmmeCuO.s 			page 7


  91      C8
  92 0207 0E88F400 		.ascii	"\016\210\364\000\372\377\000\303_\354I"
  92      FAFF00C3 
  92      5FEC49
  93              		.text
  94              		.section	.gnu.lto__put.c16dce6b504ddc7c,"e",%progbits
  95 0000 789C6D90 		.ascii	"x\234m\220Mk\023Q\024\206\317{\317\344fR\023\377@\020"
  95      4D6B1351 
  95      1486CF7B 
  95      CFE46652 
  95      13FF4010 
  96 0014 B2104241 		.ascii	"\262\020BA2\001\021\024]\010\202[\027\376\202F\"\215"
  96      32011114 
  96      5D08825B 
  96      17FE8246 
  96      228D
  97 0026 C60F1A75 		.ascii	"\306\017\032u\333;\361k\321R\273P\253b\034\241\204\202"
  97      DB3BF16B 
  97      D152BB50 
  97      AB621CA1 
  97      8482
  98 0038 8B5AA150 		.ascii	"\213Z\241P\261\325\2166j\023\025\277pQ\027\025\004\027"
  98      B1D58E36 
  98      6A1315BF 
  98      70511715 
  98      0417
  99 004a 4AD19DB8 		.ascii	"J\321\235\270\252\236;\023\261B\206\231\3139s\316\373"
  99      AA9E3B13 
  99      B1428699 
  99      CB3973CE 
  99      FB
 100 005b 9CF75C97 		.ascii	"\234\367\\\227@g\024\321\036\"\332\"\037\230\240\214"
 100      406714D1 
 100      1E22DA22 
 100      1F98A08C 
 101 006b 317B93BE 		.ascii	"1{\223\276\253\200(2.hXa\030\227x\202\261Zo\374J\217"
 101      AB802832 
 101      2E685861 
 101      18977882 
 101      B15A6FFC 
 102 0081 71208D8E 		.ascii	"q \215\216\244\227;\263\355>\233\0029IG\375\225y\356"
 102      A4973BB3 
 102      ED3E9B02 
 102      394947FD 
 102      9579EE
 103 0094 9F129D09 		.ascii	"\237\022\235\011'f\364\255\3317&\025\260\242\353\322"
 103      2766F4AD 
 103      D9372615 
 103      B0A2EBD2 
 104 00a4 3E8F2C1E 		.ascii	">\217,\036 K\366\301\002\372\245\375\375\253\017\343"
 104      204BF6C1 
 104      02FAA5FD 
 104      FDAB0FE3 
 105 00b4 49DE0992 		.ascii	"I\336\011\222\270\363\366\352\242\233o\032S7\341\313"
 105      B8F3F6EA 
 105      A29B6F1A 
 105      5337E1CB 
ARM GAS  /tmp/ccmmeCuO.s 			page 8


 106 00c4 49365B03 		.ascii	"I6[\003f<\004\377'\225\177\"~\204\274\010n^\270\363"
 106      663C04FF 
 106      27957F22 
 106      7E84BC08 
 106      6E5EB8F3 
 107 00d8 85797724 		.ascii	"\205yw$~\361s\271\245\272\342\265sl\322\001;X\214\305"
 107      7EF173B9 
 107      A5BAE2B5 
 107      736CD201 
 107      3B588CC5 
 108 00ec DBB32846 		.ascii	"\333\263(FRG\244!\362d\005\237\357\255_\311h\307\032"
 108      5247A421 
 108      F264059F 
 108      EFAD5FC9 
 108      68C71A
 109 00ff B3761E43 		.ascii	"\263v\036C\313M\020\335}\227\010\315\372\357\213&l5"
 109      CB4D10DD 
 109      7D9708CD 
 109      FAEF8B26 
 109      6C35
 110 0111 31B73F05 		.ascii	"1\267?\005\221%\224\034\232\345H:\260\2635,\306%\273"
 110      9125941C 
 110      9AE5483A 
 110      B0B3352C 
 110      C625BB
 111 0124 188D30D9 		.ascii	"\030\2150\331m\035\230\220h\224U\234\370\222|C}\341"
 111      6D1D9890 
 111      6894559C 
 111      F8927C43 
 111      7DE1
 112 0136 EB8DA5A4 		.ascii	"\353\215\245\244\2057\0302t\354\354\217U\327^\226\033"
 112      85371832 
 112      74ECEC8F 
 112      55D75E96 
 112      1B
 113 0147 990E3FCE 		.ascii	"\231\016?\316\254lnb\322\027I.\340TC<?\261[J\315\017"
 113      AC6C6E62 
 113      D217492E 
 113      E054433C 
 113      3FB15B4A 
 114 015d 3EDDD7C5 		.ascii	">\335\327\305i\023\227\022XB\023\327b\257-\024#v{[L"
 114      69139712 
 114      584213D7 
 114      62AF2D14 
 114      23767B5B 
 115 0172 561BC989 		.ascii	"V\033\311\211^\344>\031\217\247=\311\032\317\"\262]"
 115      5EE43E19 
 115      8FA73DC9 
 115      1ACF22B2 
 115      5D
 116 0183 1ECFFF92 		.ascii	"\036\317\377\222w\305d\336H\326\275\310\233d<\226\273"
 116      77C564DE 
 116      48D6BDC8 
 116      9B643C96 
 116      BB
 117 0194 E4E9B9A9 		.ascii	"\344\351\271\251\327\031!\217G\2454\332\021YYrG\310"
 117      D719218F 
ARM GAS  /tmp/ccmmeCuO.s 			page 9


 117      47A534DA 
 117      11595972 
 117      47C8
 118 01a6 6B387FFB 		.ascii	"k8\177\373H\014v\205Mb\252\301:\340\014}G=\327-\330"
 118      480C7685 
 118      4D62AAC1 
 118      3AE00C7D 
 118      473DD72D 
 119 01bb 0D4718FF 		.ascii	"\015G\030\377\256\224hG\241\340\311{\264<t\274\\\365"
 119      AE946847 
 119      A1E0C97B 
 119      B43C74BC 
 119      5CF5
 120 01cd F60D564A 		.ascii	"\366\015VJ\225\003\007\275\0235op\240\352U+%\257vj\250"
 120      950307BD 
 120      13356F70 
 120      A0EA552B 
 120      25AF766A 
 121 01e2 3C70ACE6 		.ascii	"<p\254\346\225N\037\356\206\205C\244*'Q\372\003i\311"
 121      954E1FEE 
 121      868543A4 
 121      2A2751FA 
 121      0369C9
 122 01f5 D618     		.ascii	"\326\030"
 123              		.text
 124              		.section	.gnu.lto__unget.c16dce6b504ddc7c,"e",%progbits
 125 0000 789C7D93 		.ascii	"x\234}\223\337KTA\024\307\347;s\357\335u\335\352\017"
 125      DF4B5441 
 125      14C7E73B 
 125      73EFDD75 
 125      DDEA0F
 126 0013 58081F02 		.ascii	"X\010\037\002\021\302\273\030A\220`\320C/A\017\021\364"
 126      11C2BB18 
 126      419060D0 
 126      432F410F 
 126      11F4
 127 0025 EA86E192 		.ascii	"\352\206\341\222\375@\353UgU\224j\265\240\037\376\\"
 127      FD40EB55 
 127      6755946A 
 127      B5A01FFE 
 127      5C
 128 0036 774916C3 		.ascii	"wI\026\303\2072\020\372\241\351\226V\256fXf\244\304"
 128      873210FA 
 128      A1E99656 
 128      AE665866 
 128      A4C4
 129 0048 9A811146 		.ascii	"\232\201\021F\026=\230\205i\347\354]\222B\274\334;\314"
 129      163D9885 
 129      69E7EC5D 
 129      9242BCDC 
 129      3BCC
 130 005a 39339F73 		.ascii	"93\237s\276\347\314\\\267\200(TB\024\012!\016\322\007"
 130      BEE7CC5C 
 130      B7802854 
 130      42140A21 
 130      0ED207
 131 006d 4B406AAD 		.ascii	"K@j\255\367\271Bn)\315\233\035;\015\355Qo\347&\213\014"
ARM GAS  /tmp/ccmmeCuO.s 			page 10


 131      F7B9426E 
 131      29CD9B1D 
 131      3B0DED51 
 131      6FE7268B 
 132 0082 ED55D26C 		.ascii	"\355U\322ln9B\016\343\323\307nv\03003{M =\323n\210*"
 132      6E39420E 
 132      E3D3C76E 
 132      76183033 
 132      7B4D203D 
 133 009a A90C1355 		.ascii	"\251\014\023U\270\244\232\024R\325\221eo\243\212*\001"
 133      B8A49A14 
 133      52D59165 
 133      6FA38A2A 
 133      01
 134 00ab 83CCABA3 		.ascii	"\203\314\253\243\275I\017\233@\016\231\341\320t\237"
 134      BD490F9B 
 134      400E99E1 
 134      D0749F
 135 00ba CAEB2254 		.ascii	"\312\353\"T'\232RVG\357\204\316\212*)Zh{\037|x\000\237"
 135      279A5256 
 135      47EF84CE 
 135      8A2A295A 
 135      687B1F7C 
 136 00d1 E007FDC8 		.ascii	"\340\007\375\310\243\355\223\343S\227]j\017\004\315"
 136      A3ED93E3 
 136      53975D6A 
 136      0F04CD
 137 00e0 475F5E1F 		.ascii	"G_^\037t\347\306\265\256\326\211w\235J\357\210*\205"
 137      74E7C6B5 
 137      AED68977 
 137      9D4AEF88 
 137      2A85
 138 00f2 8750FFA0 		.ascii	"\207P\377\240\344#x\000\271\004\264\327u\317+\2657\015"
 138      E4237800 
 138      B904B4D7 
 138      75CF2BB5 
 138      370D
 139 0104 8F2D8D0C 		.ascii	"\217-\215\014\313\014\274R\253\2647\252\014\014:\360"
 139      CB0CBC52 
 139      ABB437AA 
 139      0C0C3AF0 
 140 0114 2E1FFC69 		.ascii	".\037\374i\324 4\201\\\301\300\207;\253\327\266X\006"
 140      D4203481 
 140      5CC1C087 
 140      3BABD7B6 
 140      5806
 141 0126 0B63398F 		.ascii	"\013c9\217\270O4\271\375\312L\350\325\265z\235x\035"
 141      B84F34B9 
 141      FDCA4CE8 
 141      D5B57A9D 
 141      781D
 142 0138 C79503D9 		.ascii	"\307\225\003\331 \314\224<(\032$u\205r[\3400\036v\010"
 142      20CC943C 
 142      281A2475 
 142      85725BE0 
 142      301E7608 
 143 014c 715109AE 		.ascii	"qQ\011\256\326\200N\010\021V\3221Bd\314\243vv\350M\233"
ARM GAS  /tmp/ccmmeCuO.s 			page 11


 143      D6804E08 
 143      1156D231 
 143      4264CCA3 
 143      7676E84D 
 144 0161 97834794 		.ascii	"\227\203G\224EI\317w\215\325gs\263\014\254\002\2173"
 144      4549CF77 
 144      8DD56773 
 144      B30CAC02 
 144      8F33
 145 0173 BD082B35 		.ascii	"\275\010+5\324\320\361[1\204\005T\367'\217:\010\010"
 145      D4D0F15B 
 145      31840554 
 145      F7278F3A 
 145      0808
 146 0185 69ACF99A 		.ascii	"i\254\371\232r3b\245\353L\314\364Lo\215\2433DYr\242"
 146      723362A5 
 146      EB4CCCF4 
 146      4C6F8DA3 
 146      33445972 
 147 019a CA155126 		.ascii	"\312\025Q&\2068\016\255\205\242\263\367,\377-\355,\271"
 147      86380EAD 
 147      85A2B3F7 
 147      2CFF2DED 
 147      2CB9
 148 01ac 318C389A 		.ascii	"1\2148\232\235\362\236\300\357\310\03166\010MG\214\247"
 148      9DF29EC0 
 148      EFC81936 
 148      36084D47 
 148      8CA7
 149 01be 7FC5180D 		.ascii	"\177\305\030\015m\313?\322b\304\002j\332\353\276\334"
 149      6DCB3FD2 
 149      62C4026A 
 149      DAEBBEDC 
 150 01ce 8DC181A4 		.ascii	"\215\301\201\244\303\205o\314\324(\207[\243g\033\236"
 150      C3856FCC 
 150      D428875B 
 150      A3671B9E 
 151 01de 114BBA53 		.ascii	"\021K\272S\027~\272x\343\1772c\003\334\304M\225\216"
 151      177EBA78 
 151      E37F3263 
 151      03DCC44D 
 151      958E
 152 01f0 AC2B4DC2 		.ascii	"\254+M\302O\2118\\k\262h\243h\3337\215\225\205\321t"
 152      4F89385C 
 152      6BB268A3 
 152      68DB378D 
 152      9585D174 
 153 0204 2C3E4B5A 		.ascii	",>KZ\234\232[l\267\012zx1V\311m\037s\302s\246\347(\240"
 153      9C9A5B6C 
 153      B70A7A78 
 153      3156C96D 
 153      1F73C273 
 154 021c 53E14C2B 		.ascii	"S\341L+\365\015\367K\235\022=\354\342.\230\353\347\270"
 154      F50DF74B 
 154      9D123DEC 
 154      E22E98EB 
 154      E7B8
ARM GAS  /tmp/ccmmeCuO.s 			page 12


 155 022e 0829227C 		.ascii	"\010)\"|\357\304\022\370\017\370\374\"\366-\213\353"
 155      EFC412F8 
 155      0FF8FC22 
 155      F62D8BEB 
 156 023e 97A8C438 		.ascii	"\227\250\3048|\352\327\342{\020j\264~\237\000;$;\350"
 156      7CEAD7E2 
 156      7B106AB4 
 156      7E9F003B 
 156      243BE8
 157 0251 6260FD62 		.ascii	"b`\375b\010\261;?\337\246\367DI\371\251\2222{\177i0"
 157      08B13B3F 
 157      DFA6F744 
 157      49F9A992 
 157      327B7F69 
 158 0266 103C74D8 		.ascii	"\020<t\330>]a\227\026\227\331e\301\200]q\266\274\244"
 158      3E5D6197 
 158      1697D965 
 158      C1805D71 
 158      B6BCA4
 159 0279 F864851D 		.ascii	"\370d\205\0358w<3\315?&d\360\014\002\177\000\351\000"
 159      38773C33 
 159      CD3F2664 
 159      F00C027F 
 159      00E900
 160 028c 2A03     		.ascii	"*\003"
 161              		.text
 162              		.section	.gnu.lto__reads.c16dce6b504ddc7c,"e",%progbits
 163 0000 789C9593 		.ascii	"x\234\225\223\311OSQ\024\306\357\367\356k\373\036\320"
 163      C94F5351 
 163      14C6EFF7 
 163      EE6BFB1E 
 163      D0
 164 0011 2298E082 		.ascii	"\"\230\340\202\230\260\320\0207\224\215\211\3068$nX"
 164      98B0D010 
 164      37948D89 
 164      C638246E 
 164      58
 165 0022 98B8F02F 		.ascii	"\230\270\360/\240Z\"\021\321\200&\306\015\257\005k\004"
 165      A05A2211 
 165      D18026C6 
 165      0DAF056B 
 165      04
 166 0033 5416086A 		.ascii	"T\026\010j|T\323\024\304\304\211\030'P\353\210 \310"
 166      7C54D314 
 166      C4C48918 
 166      2750EB88 
 166      20C8
 167 0045 A0A0B880 		.ascii	"\240\240\270\200h\334h\234\342F\023\307s\356-\342@\214"
 167      68DC689C 
 167      E24613C7 
 167      73EE2DE2 
 167      408C
 168 0057 36EDCD1D 		.ascii	"6\355\315\035\316\367\273\347|\347\326\022\020\245\036"
 168      CEF7BBE7 
 168      7CE7D612 
 168      10A51E
 169 0066 214A8410 		.ascii	"!J\204\020\363\351\007)`8\216\263\312\027\261\014@\315"
ARM GAS  /tmp/ccmmeCuO.s 			page 13


 169      F3E90729 
 169      60388EB3 
 169      CA17B10C 
 169      40CD
 170 0078 1C0BA2C6 		.ascii	"\034\013\242\306@\015\366\313V\211\311\250\3731k\237"
 170      400DF6CB 
 170      5689C9A8 
 170      FB316B9F 
 171 0088 8C53A049 		.ascii	"\214S\240I\313\346\376s}\031\274\004\012hY7\336v\311"
 171      CBE6FE73 
 171      7D19BC04 
 171      0A685937 
 171      DE76C9
 172 009b 5CD4E138 		.ascii	"\\\324\3418Q'\325\372n\371\261\332]%qi\210C\024\335"
 172      5127D5FA 
 172      6EF9B1DA 
 172      5D257169 
 172      884314DD 
 173 00af 8D7C5C46 		.ascii	"\215|\\F\276\340\017z\260\210\242\037\014\2165\371\344"
 173      BEE00F7A 
 173      B088A21F 
 173      0C8E35F9 
 173      E4
 174 00c0 12089AF7 		.ascii	"\022\010\232\367\217\264\\\263\012\223J\371<!\235\005"
 174      8FB45CB3 
 174      0A934AF9 
 174      3C219D05 
 175 00d0 71297105 		.ascii	"q)q\005\362\027)\355\221\370*\012I\360\251a\254\305"
 175      F21729ED 
 175      91F82A0A 
 175      49F0A961 
 175      ACC5
 176 00e2 96CB9438 		.ascii	"\226\313\22489\374\364\231'-\036H*\261\211k\177\210"
 176      39FCF499 
 176      272D1E48 
 176      2AB1896B 
 176      7F88
 177 00f4 4D12A794 		.ascii	"M\022\247\224\370\213\323\334\022\220+\224\370\305T"
 177      F88BD3DC 
 177      12902B94 
 177      F8C554
 178 0103 6F0CD337 		.ascii	"o\014\3237\267+\261\201\353\177\210\015\022\337@\241"
 178      B72BB181 
 178      EB7F880D 
 178      12DF40A1 
 179 0113 6049A2D7 		.ascii	"`I\242\327\251\267\345*%?849b-L(\371\370\005\317a'U"
 179      A9B7E52A 
 179      253F3834 
 179      39622D4C 
 179      28F9F805 
 180 012b 57C0849B 		.ascii	"W\300\204\233\277\021\370C\341\317\316~=\340\367\232"
 180      BF11F843 
 180      E1CFCE7E 
 180      3DE0F79A 
 181 013b B885856C 		.ascii	"\270\205\205l\013\233q\033^j\203\000\357\235\036\365"
 181      0B9B711B 
 181      5E6A8300 
ARM GAS  /tmp/ccmmeCuO.s 			page 14


 181      EF9D1EF5 
 182 014b A49CAFDF 		.ascii	"\244\234\257\337v;\251;\037\320\336\335\210y\240\273"
 182      763BA93B 
 182      1FD0DEDD 
 182      8879A0BB 
 183 015b 3D060F44 		.ascii	"=\006\017D\243\010\223\246^\017\257\2754\370|<\263x"
 183      A30893A6 
 183      5E0FAFBD 
 183      34F87C3C 
 183      B378
 184 016d B069B032 		.ascii	"\260i\2602h\2603i\310\310\342\202\375|\020\340!\033"
 184      68B03369 
 184      C8C8E282 
 184      FD7C10E0 
 184      211B
 185 017f EC5B0EB8 		.ascii	"\354[\016\270\206\\\260\015y\272\250\006)\250\315\216"
 185      865CB00D 
 185      79BAA806 
 185      29A8CD8E 
 186 018f 09272544 		.ascii	"\011'%D\2434\364\"B\213\227\210\366\274\370|\006\234"
 186      A334F422 
 186      428B9788 
 186      F6BCF87C 
 186      069C
 187 01a1 A02B41C9 		.ascii	"\240+A\311\357\253};iq\2673U\351\251'g&\002I$\"$\241"
 187      EFAB7D3B 
 187      6971B733 
 187      55E9A927 
 187      67260249 
 188 01b9 9AB35C99 		.ascii	"\232\263\\\231\215;\\+\235E\342S\027\275\305\247\034"
 188      8D3B5C2B 
 188      9D45E253 
 188      17BDC5A7 
 188      1C
 189 01ca 7D64A017 		.ascii	"}d\240\027I\034\324\365\336E1\261k\333b\235\266F\033"
 189      491CD4F5 
 189      DE4531B1 
 189      6BDB629D 
 189      B6461B
 190 01dd 147F7ECF 		.ascii	"\024\177~\317\353N\233\321\364\354\320\207|\272\220"
 190      EB4E9BD1 
 190      F4ECD087 
 190      7CBA90
 191 01ec 83DE7B85 		.ascii	"\203\336{\205+%\205\2702\207\023j\256?yv\207V\231\277"
 191      2B2585B8 
 191      3287136A 
 191      AE3F7976 
 191      875699BF 
 192 0200 6570F404 		.ascii	"ep\364\004[\365\227$\374\350WI@w\242g\352y\227Q\207"
 192      5BF59724 
 192      FCE85749 
 192      4077A267 
 192      EA799751 
 193 0215 A8D2EE24 		.ascii	"\250\322\356$Sq\217\022\023\030@\035t~}~}\223G'$y\267"
 193      53718F12 
 193      1318401D 
 193      747E7D7E 
ARM GAS  /tmp/ccmmeCuO.s 			page 15


 193      7D934727 
 194 022c 2BB6546F 		.ascii	"+\266Tor\006t$^!V\240ZHH\367\370\3007\233\221V\\\006"
 194      72067424 
 194      5E2156A0 
 194      5A4848F7 
 194      F8C0379B 
 195 0244 0EF14518 		.ascii	"\016\361E\030d\232+s\225\200\312\313\326\2666$|\032"
 195      649A2B73 
 195      9580CACB 
 195      D6B63624 
 195      7C1A
 196 0256 E3FB271F 		.ascii	"\343\373'\037\213\330\227\3733\026\016i\013\217\304"
 196      8BD897FB 
 196      33160E69 
 196      0B8FC4
 197 0265 D2CDB194 		.ascii	"\322\315\261\224I>fO\326\253\275\177\307\016\317`GP"
 197      493E664F 
 197      D6ABBD7F 
 197      C70ECF60 
 197      4750
 198 0277 4C2C9DE1 		.ascii	"L,\235\341\336D@\263\355\377\352\264\205Q\3053\230\367"
 198      DE4440B3 
 198      EDFFEAB4 
 198      8551C533 
 198      98F7
 199 0289 40A519ED 		.ascii	"@\245\031\355\351[\251Q\031?\277!k\26674\207\356\303"
 199      E95BA951 
 199      193FBF21 
 199      6BB63734 
 199      87EEC3
 200 029c C359C936 		.ascii	"\303Y\3116\306\024\231S\305\3704y\215&g\376L\266g#\347"
 200      C6149953 
 200      C5F83479 
 200      8D2667FE 
 200      4CB66723 
 201 02b1 D0F57894 		.ascii	"\320\365x\224&\237\272\3201\344'r\223:\312\305cE6\231"
 201      269FBAD0 
 201      31E42772 
 201      933ACAC5 
 201      63453699 
 202 02c5 3CA1ADED 		.ascii	"<\241\255\355\212Mx4:KuO\352'\221\366\333\3572O\376"
 202      8A4D7834 
 202      3A4B754F 
 202      EA2791F6 
 202      DBEF324F 
 203 02da 68BE2B03 		.ascii	"h\276+\003\224\003\365\331V\361\376\270\234\253\373"
 203      9403F5D9 
 203      56F1FEB8 
 203      9CABFB
 204 02e9 73290DC9 		.ascii	"s)\015\311S\015\012\2107\210\246\005y\354x\203\304\314"
 204      530D0A88 
 204      3788A605 
 204      79EC7883 
 204      C4CC
 205 02fb 9F4F88C5 		.ascii	"\237O\210\305EEA\372n\012WU\206+\202\2537\226\207\312"
 205      454541FA 
 205      6E0A5755 
ARM GAS  /tmp/ccmmeCuO.s 			page 16


 205      862B82AB 
 205      379687CA 
 206 030f D7AE0B6E 		.ascii	"\327\256\013n\251\016n,\255\010V\224\207\202\325\333"
 206      A90E6E2C 
 206      AD085694 
 206      8782D5DB 
 207 031f AAC2A59B 		.ascii	"\252\302\245\233\253\203\241\355e\351i\321za\224o5B"
 207      AB83A1ED 
 207      65E969D1 
 207      7A61946F 
 207      3542
 208 0331 5B5169D1 		.ascii	"[Qi\321nY\270*\274\341;}e\266\210"
 208      6E59B82A 
 208      BCE13B7D 
 208      65B688
 209              		.text
 210              		.section	.gnu.lto__get.part.0.c16dce6b504ddc7c,"e",%progbits
 211 0000 789C6D91 		.ascii	"x\234m\221\317k\023A\024\307\347;o\263\371a\243\010"
 211      CF6B1341 
 211      14C7E73B 
 211      6FB3F961 
 211      A308
 212 0012 DE7AE9C1 		.ascii	"\336z\351\301\022\203\220\255\007A\350A\301Ko\036\374"
 212      128390AD 
 212      0741E841 
 212      C14B6F1E 
 212      FC
 213 0023 0B128934 		.ascii	"\013\022\2114\030\265$z\356$\021<\244\324\036\324\332"
 213      18B5247A 
 213      EE24113C 
 213      A4D41ED4 
 213      DA
 214 0034 43DC4208 		.ascii	"C\334B\010\305KU((I\265\251?\223\330jT<\324C\005o\212"
 214      C54B5528 
 214      2849B5A9 
 214      3F93D86A 
 214      543CD443 
 215 004b E8C9D683 		.ascii	"\350\311\326\203T\337\314&%\006\227\335\3317o\277\357"
 215      54DFCC26 
 215      250697DD 
 215      D9376FBF 
 215      EF
 216 005c F3BEF336 		.ascii	"\363\276\3636  \016\221\020\307\205\020G\370\201O\300"
 216      20200E91 
 216      10C78510 
 216      47F8814F 
 216      C0
 217 006d 524A9DF0 		.ascii	"RJ\235\360\303\202\364\002\0112A.@\200\211T\000b\322"
 217      C382F402 
 217      0932412E 
 217      40808954 
 217      0062D2
 218 0080 9284495C 		.ascii	"\222\204I\\\243Y\302f\276\364k`\232\\\342b\336^o-5C"
 218      A359C266 
 218      BEF46B60 
 218      9A5CE262 
 218      DE5E6F2D 
ARM GAS  /tmp/ccmmeCuO.s 			page 17


 219 0096 7A0B0CF1 		.ascii	"z\013\014\361v*\267Q\243\350\002W\252\372l\325\276\275"
 219      762AB751 
 219      A3E80257 
 219      AAFA6CD5 
 219      BEBD
 220 00a8 D4564197 		.ascii	"\324VA\227\244\230cy\015\203\250bP\350\253O\332^\225"
 220      A4986379 
 220      0D83A862 
 220      50E8AB4F 
 220      DA5E95
 221 00bb 639E0CBB 		.ascii	"c\236\014\2732,#\252]>B\224\325\357\327?\314\370\351"
 221      322C23AA 
 221      5D3E4294 
 221      D5EFD73F 
 221      CCF8E9
 222 00ce 187465EB 		.ascii	"\030te\353\355\315\225@\244\242T^\325\327\312\244\016"
 222      EDCD9540 
 222      A4A2545E 
 222      D5D7CAA4 
 222      0E
 223 00df BA44780C 		.ascii	"\272Dx\014\372\247\011\347D\277\270\215\261]iO\243\025"
 223      FAA709E7 
 223      44BFB88D 
 223      B15D694F 
 223      A315
 224 00f1 448C1A75 		.ascii	"D\214\032uDL\315\347\373;7\302\266\245]{^\177\327~\316"
 224      444CCDE7 
 224      FB3B37C2 
 224      B6A55D7B 
 224      5E7FD77E 
 225 0106 EFA351D3 		.ascii	"\357\243Q\323\275Z\331.\372\207\313\006\2705w\240\\"
 225      BD5AD92E 
 225      FA87CB06 
 225      B83577A0 
 225      5C
 226 0117 500D65B9 		.ascii	"P\015e\271d\341I\237\203Nm\257\276\215^m\217\205\247"
 226      64E1499F 
 226      834E6DAF 
 226      BE8D5E6D 
 226      8F85A7
 227 012a 18EEC83B 		.ascii	"\030\356\310;\275\361\2143Z\262\012\233\235=\347\025"
 227      BDF18C33 
 227      5AB20A9B 
 227      9D3DE715 
 228 013a FCD6E9BB 		.ascii	"\374\326\351\273\357|J\355\374\271\252T\365\360\376"
 228      EF7C4AED 
 228      FCB9AA54 
 228      F5F0FE
 229 0149 20A06D4B 		.ascii	" \240mK>\257\217xa\327.\371}\274\004l\275\010Q$\241"
 229      3EAF8F78 
 229      61D72EF9 
 229      7DBC046C 
 229      BD085124 
 230 015e 676C4187 		.ascii	"glA\207\226\027\222\230\"\331\015\277\"\277\374\345"
 230      96179298 
 230      22D90DBF 
 230      22BFFCE5 
ARM GAS  /tmp/ccmmeCuO.s 			page 18


 231 016e 4E21A49B 		.ascii	"N!\244\233\224H\262\207\351\302\217\315\200\376\251"
 231      9448B287 
 231      E9C28FCD 
 231      80FEA9
 232 017d 963971FD 		.ascii	"\2269q\375\343\275\215\275\025\224\341R\260\304\226"
 232      E3BD8DBD 
 232      1594E152 
 232      B0C496
 233 018c 5EE8D371 		.ascii	"^\350\323q>\347~zh\217,j\316\020\267\307KTp\313\214"
 233      3EE77E7A 
 233      688F2C6A 
 233      CE10B7C7 
 233      4B5470CB 
 234 01a1 0C0D8C18 		.ascii	"\014\015\214\030n3\346Q\251\227\352\353\247\206\270"
 234      6E33E651 
 234      A997EAEB 
 234      A786B8
 235 01b0 2D9AFFA5 		.ascii	"-\232\377\245\332h\031*4\365U\227:\352Q\255^\252\335"
 235      DA68192A 
 235      34F55597 
 235      3AEA51AD 
 235      5EAADD
 236 01c3 4FDDC36D 		.ascii	"O\335\303m\261\326\241.>Xx\023f\352\214\241\016`\335"
 236      B1D6A12E 
 236      3E587813 
 236      66EA8CA1 
 236      0E60DD
 237 01d6 50A5A6BE 		.ascii	"P\245\246\276f\3527\\\231\317xP\037s\005\033r),\212"
 237      66EA375C 
 237      99CF7850 
 237      1F73051B 
 237      72292C8A 
 238 01ea 52352C33 		.ascii	"R5,3|\301\023\243\356\304\276C\262B'\267L\205\224<Z"
 238      7CC113A3 
 238      EEC4BE43 
 238      B24227B7 
 238      4C85943C 
 239 01ff 785F35F2 		.ascii	"x_5\362h,\346\360}.\231\271\220L;'\307S\211\324\251"
 239      682CE6F0 
 239      7D2E99B9 
 239      904C3B27 
 239      C75389D4 
 240 0214 D3CEC5AC 		.ascii	"\323\316\305\2543\036O;\351T\302\311^\312$\343\347\263"
 240      331E4F3B 
 240      E954C2C9 
 240      5ECA24E3 
 240      E7B3
 241 0226 4EE2F2D9 		.ascii	"N\342\362\331N\030;#dj\302Jd\343\023\177\001\020\311"
 241      4E183B23 
 241      646AC24A 
 241      64E3137F 
 241      0110C9
 242 0239 0760     		.ascii	"\007`"
 243              		.text
 244              		.section	.gnu.lto__get.c16dce6b504ddc7c,"e",%progbits
 245 0000 789C7D51 		.ascii	"x\234}Q\317KTQ\024>\337;\367\275y\343\214\375\003n\\"
 245      CF4B5451 
ARM GAS  /tmp/ccmmeCuO.s 			page 19


 245      143EDF3B 
 245      F7BD79E3 
 245      8CFD036E 
 246 0015 04E2669E 		.ascii	"\004\342f\236HA\264\012\242\266-\372\0134\014\207\354"
 246      4841B40A 
 246      A2B62DFA 
 246      0B340C87 
 246      EC
 247 0026 075A9B36 		.ascii	"\007Z\2336\3367JR\015f`\231\340\364\006d\3106f\241\021"
 247      DE374A52 
 247      0D666099 
 247      E0F40664 
 247      C83666A1 
 248 003b 6AF9CA7E 		.ascii	"j\371\312~)\032Z\270\260@\251h\221\331\264(\242Eh\347"
 248      291A5AB8 
 248      B040A968 
 248      91D9B428 
 248      A24568E7 
 249 004f BE191872 		.ascii	"\276\031\030r\341\345\275\313\371q\317\367\235\357\034"
 249      E1E5BDCB 
 249      F971CFF7 
 249      9DEF1C
 250 005e 9740AB16 		.ascii	"\227@\253\026\321A\":\"?\034\202\245\265>\024\363]\313"
 250      D141223A 
 250      223F1C82 
 250      A5B53E14 
 250      F35DCB
 251 0071 E207C589 		.ascii	"\342\007\305\211j\245\253\324\233\353\363\215J'\031"
 251      6AA5ABD4 
 251      9BEBF38D 
 251      4A2719
 252 0080 7694832A 		.ascii	"v\224\203*\033\276k\003\221\245]P\247\305\312F'\256"
 252      1BBE6B03 
 252      91A55D50 
 252      A7C5CA46 
 252      27AE
 253 0092 F100632D 		.ascii	"\361\000c-\223\373\223\354\345\200\011J\334\376\371"
 253      93FB93EC 
 253      E580094A 
 253      DCFEF9
 254 00a1 F1B92AE3 		.ascii	"\361\271*\343\002\265\342f\375\325)\256\277#\245:\034"
 254      02B5E266 
 254      FDD529AE 
 254      BF23A53A 
 254      1C
 255 00b2 98746E8F 		.ascii	"\230tn\217/\351x\300\026\015\312\363)\324`\0225d\016"
 255      2FE978C0 
 255      160DCAF3 
 255      29D46012 
 255      35640E
 256 00c5 A6512FCF 		.ascii	"\246Q/\317\337-\256\364\305\370\000H\354\371\345\233"
 256      DF2DAEF4 
 256      C5F80048 
 256      ECF9E59B 
 257 00d5 336E5D41 		.ascii	"3n]A\353\214\016\027\206Y\357\015\230\361\030\374_\251"
 257      EB8C0E17 
 257      8659EF0D 
ARM GAS  /tmp/ccmmeCuO.s 			page 20


 257      98F118FC 
 257      5FA9
 258 00e7 C4A4F809 		.ascii	"\304\244\370\011\352\310\224|\272\277u\243\332Q\006"
 258      EAC8947C 
 258      BABF75A3 
 258      DA5106
 259 00f6 DD60CE18 		.ascii	"\335`\316\030\225b\334{k\207zk\273G\207\233\303\370"
 259      9562DC7B 
 259      6B877A6B 
 259      BB47879B 
 259      C3F8
 260 0108 70340929 		.ascii	"p4\011)S,\227\255\214e\313\3458rY1\030\250\2041\211"
 260      532C97AD 
 260      8C65CBE5 
 260      38725931 
 260      18A88431 
 261 011d AE3299B6 		.ascii	"\2562\231\266\025tH\224e\253\344\370\342l 3\375u\344"
 261      15744894 
 261      65ABE4F8 
 261      E26C2033 
 261      FD75E4
 262 0130 B3630872 		.ascii	"\263c\010r\014!\356\355\372\261\346\032\325\261\250"
 262      0C21EEED 
 262      FAB1E61A 
 262      D5B1A8
 263 013f F5F0FDD8 		.ascii	"\365\360\375\330\352\236\002\206})\251\015\330\315I"
 263      EA9E0286 
 263      7D29A90D 
 263      D8CD49
 264 014e 3C34ED4A 		.ascii	"<4\355J\316\017\326\0379\015\243\272\224\212\343)\012"
 264      CE0FD61F 
 264      390DA3BA 
 264      948AE329 
 264      0A
 265 015f B855EAF7 		.ascii	"\270U\352\367\031\032\350\013\272\327g\367U\220\037"
 265      191AE80B 
 265      BAD767F7 
 265      55901F
 266 016e 5EFE7E37 		.ascii	"^\376~7n\220\343\000f\313\323\3122\367\375\034\375F"
 266      6E90E300 
 266      66CBD3CA 
 266      32F7FD1C 
 266      FD46
 267 0180 51379BB2 		.ascii	"Q7\233\262\245\350\271\331Fnda;\336\215\214\357\006"
 267      A5E8B9D9 
 267      466E6461 
 267      3BDE8D8C 
 267      EF06
 268 0192 5C35C8A2 		.ascii	"\\5\310\242\036\317\321\015\222\016\002ND\245\352Wv"
 268      1ECFD10D 
 268      920E024E 
 268      44A5EA57 
 268      76
 269 01a3 B99FCB42 		.ascii	"\271\237\313B\272\206.-N\344\255\022\200\022\312\210"
 269      BA862E2D 
 269      4EE4AD12 
 269      8012CA88 
ARM GAS  /tmp/ccmmeCuO.s 			page 21


 270 01b3 4304AE5D 		.ascii	"C\004\256]\201\011\356\020\223/\232\331\355\252\347"
 270      8109EE10 
 270      932F9AD9 
 270      EDAAE7
 271 01c2 4545CF4B 		.ascii	"EE\317K4\010\250A[\232K\225(\354\235\200\027w\307K\342"
 271      3408A841 
 271      5B9A4B95 
 271      28EC9D80 
 271      1777C74B 
 272 01d7 558467D6 		.ascii	"U\204g\326(\311\225\217\305!\247q\314$\363\223\010\270"
 272      28C9958F 
 272      C521A771 
 272      CC24F393 
 272      08B8
 273 01e9 1AAF0D07 		.ascii	"\032\257\015\007\"\27294\032\256\277=(q%\204.RlWVW\204"
 273      22BA3934 
 273      1AAEBF3D 
 273      28712584 
 273      2E526C57 
 274 0200 25B37024 		.ascii	"%\263p$\374;\032\031\213\227P\226,\033\333r8Z6\321\376"
 274      FC3B1A19 
 274      8B975096 
 274      2C1BDB72 
 274      385A36D1 
 275 0215 54CA93EF 		.ascii	"T\312\223\357TK\373\231\2266\357pk\2729}\354\270w\266"
 275      544BFB99 
 275      9636EF70 
 275      6BBA397D 
 275      ECB877B6 
 276 0229 C36B6D6A 		.ascii	"\303kmj\363\332\322\315^\307\371\366\226\246\323\035"
 276      F3DAD2CD 
 276      5EC7F9F6 
 276      96A6D31D 
 277 0239 5EF38593 		.ascii	"^\363\205\223e3u\202\254\364\271\177y\372\377A"
 277      65337582 
 277      ACF4B97F 
 277      79FAFF41 
 278              		.text
 279              		.section	.gnu.lto_bsaObjectInit.c16dce6b504ddc7c,"e",%progbits
 280 0000 789C9D53 		.ascii	"x\234\235SKk\023Q\024\276\337\234I2I\037\272\254\004"
 280      4B6B1351 
 280      14BEDF9C 
 280      4932491F 
 280      BAAC04
 281 0013 250BA174 		.ascii	"%\013\241t\223\311Fp#(\356\334\270\360\027$Ri\261ji"
 281      93C94670 
 281      2328EEDC 
 281      B8F01724 
 281      5269B16A 
 282 0028 145CD99B 		.ascii	"\024\\\331\233\264\266h\244E\250\364\001a\002%\370\300"
 282      B4B668A4 
 282      45A8F401 
 282      610225F8 
 282      C0
 283 0039 3722DA36 		.ascii	"7\"\3326ul\255\332\332\372(\250X\264\001\021\253\241"
 283      756CADDA 
 283      DAFA28A8 
ARM GAS  /tmp/ccmmeCuO.s 			page 22


 283      58B40111 
 283      ABA1
 284 004b 5688150A 		.ascii	"V\210\025\012\326\324sg\002\212\202\240\303\334\341"
 284      D6D47367 
 284      028A82A0 
 284      C3DCE1
 285 005a 9EC7F79D 		.ascii	"\236\307\367\235\357\234{\307\020\020\273H\210\035B"
 285      EF9C7BC7 
 285      1010BB48 
 285      881D42
 286 0069 888DBC40 		.ascii	"\210\215\274@\002\232\224r\273/ah\200\263\223\006D\253"
 286      029A9472 
 286      BB2F6168 
 286      80B39306 
 286      44AB
 287 007b 86567453 		.ascii	"\206VtS/a\254\363\375m\255\356,G\244\335\373\302\327"
 287      2F61ACF3 
 287      FD6DADEE 
 287      2C47A4DD 
 287      FBC2D7
 288 008e 218FD758 		.ascii	"!\217\327XL\320\317\313}0\204:\316\233O\246W*\273\310"
 288      4CD0CFCB 
 288      7D30843A 
 288      CE9B4FA6 
 288      572ABBC8 
 289 00a2 224067B3 		.ascii	"\"@g\263g\352\306d@\231\032Bl\256\016\177\315\254\243"
 289      67EAC664 
 289      40991A42 
 289      6CAE0E7F 
 289      CDACA3
 290 00b5 AD10BCB7 		.ascii	"\255\020\274\267\013\317\263\025\265Y)\223\322~\235"
 290      0BCFB315 
 290      B5592993 
 290      D27E9D
 291 00c4 25B9D922 		.ascii	"%\271\331\"B\016\304\224\030A\020\303\010\012\301>\246"
 291      420EC494 
 291      184110C3 
 291      080AC13E 
 291      A6
 292 00d5 1E452D03 		.ascii	"\036E-\003\226\007_\026u\332\346\200/\215\247\276y\313"
 292      96075F16 
 292      75DAE680 
 292      2F8DA7BE 
 292      79CB
 293 00e7 E0D59A01 		.ascii	"\340\325\232\001i\353\026\351\270\363\007Zg\264\215"
 293      69EB16E9 
 293      B8F3075A 
 293      67B48D
 294 00f6 5AA1306F 		.ascii	"Z\2410o\257\225\316Ty\365\262f\334\205\227\247 \304"
 294      AF95CE54 
 294      79F5B266 
 294      DC8597A7 
 294      20C4
 295 0108 95598F2D 		.ascii	"\225Y\217-Kk\235\322^\3340T2\374`\230\207\345sQ\017"
 295      4B6B9DD2 
 295      5EDC3054 
 295      32FC6098 
ARM GAS  /tmp/ccmmeCuO.s 			page 23


 295      87E57351 
 296 011d 5C708A84 		.ascii	"\\p\212\204j\\\207\264\2058E\232k$\330( \331s\362M."
 296      6A5C87B4 
 296      8538459A 
 296      6B24D828 
 296      20D973F2 
 297 0133 0345C735 		.ascii	"\003E\3075\272\332>\317\033\252_r{\234\273\372\252:"
 297      BADA3ECF 
 297      1BAA5F72 
 297      7B9CBBFA 
 297      AA3A
 298 0145 8BC10403 		.ascii	"\213\301\004\0032\233,\362\24690\246\244q0a\345oy#\227"
 298      329B2CF2 
 298      A63930A6 
 298      A4713061 
 298      E56F7923 
 299 015a 1559C822 		.ascii	"\025Y\310\"\037\306\221E\237\253\355\036\"\277\222\371"
 299      1FC69145 
 299      9FABED1E 
 299      22BF92F9 
 300 016a 1CB2E1E5 		.ascii	"\034\262\341\345\\\301\337\216d\202'\357\033T\211\354"
 300      5CC1DF8E 
 300      648227EF 
 300      1B5489EC 
 301 017a CCCBE24C 		.ascii	"\314\313\342L@UXo\221\201\373h\007&\312\374_\026&F\015"
 301      4055586F 
 301      9181FB68 
 301      0726CAFC 
 301      5F162646 
 302 018f 95DFC7C5 		.ascii	"\225\337\307\305/@\321<\340\022L\377\220\323\224\364"
 302      2F40D13C 
 302      E0124CFF 
 302      90D394F4 
 303 019f 818F4B6D 		.ascii	"\201\217Km\201\262\362\177\220\252c\322\221\252\246"
 303      81B2F27F 
 303      90AA63D2 
 303      91AAA6
 304 01ae 872944D2 		.ascii	"\207)D\322\344q\007\361=wT\261\245\011\277\021\206\376"
 304      E47107F1 
 304      3D7754B1 
 304      A509BF11 
 304      86FE
 305 01c0 CAE7C723 		.ascii	"\312\347\307#\207Os[\032\311\277\273\256)\335n\324\203"
 305      874F735B 
 305      1AC9BFBB 
 305      AE29DD6E 
 305      D483
 306 01d2 6944B8D0 		.ascii	"iD\270\320\214\022\275\210\216L\265st\234\230>7\275"
 306      8C12BD88 
 306      8E4CB573 
 306      749C983E 
 306      37BD
 307 01e4 E60CC4B0 		.ascii	"\346\014\304\260(\320\257\344\340\261Jr\353\237\276"
 307      28D0AFE4 
 307      E0B14A72 
 307      EB9FBE
 308 01f3 381756C3 		.ascii	"8\027V\303\253\3001<A\220=7O|:\357W\256J\000O\021\264"
ARM GAS  /tmp/ccmmeCuO.s 			page 24


 308      ABC0313C 
 308      41903D37 
 308      4F7C3AEF 
 308      57AE4A00 
 309 020a A84AE92E 		.ascii	"\250J\351.~X\371\237)T\342\231\243Z\035\004f\021Q\214"
 309      7E58F99F 
 309      2954E299 
 309      A35A1D04 
 309      6611518C 
 310 021e 6209C9CC 		.ascii	"b\011\311\314B\267s\033\234\277\"E\370ys\204\330\022"
 310      42B7731B 
 310      9CBF2245 
 310      F8797384 
 310      D812
 311 0230 0E9BFCEE 		.ascii	"\016\233\374\356\257o9X\337d\356lh\2145\356\336c\036"
 311      AF6F3958 
 311      DF64EE6C 
 311      688C35EE 
 311      DE631E
 312 0243 8A9B0DD1 		.ascii	"\212\233\015\321&\263\2511f\306\017\267\324G\017\304"
 312      26B3A931 
 312      66C60FB7 
 312      D4470FC4 
 313 0253 CDD8917D 		.ascii	"\315\330\221}\345mx\257\320c\361h3\177\342\315?\000"
 313      E56D78AF 
 313      D063F168 
 313      337FE2CD 
 313      3F00
 314 0265 A91026D5 		.ascii	"\251\020&\325"
 315              		.text
 316              		.section	.gnu.lto_vmt.c16dce6b504ddc7c,"e",%progbits
 317 0000 789CE360 		.ascii	"x\234\343``d\270\301\300\300`\316\000\001\323\231\031"
 317      6064B8C1 
 317      C0C060CE 
 317      0001D399 
 317      19
 318 0011 E7AE38F3 		.ascii	"\347\2568\363\237\263\205\261\251\261\243\241\341A\367"
 318      9FB385B1 
 318      A9B1A3A1 
 318      E141F7
 319 0020 19E6E8F9 		.ascii	"\031\346\350\371\314\0143\2311\345\026lc\232\317\314"
 319      CC0C3399 
 319      31E5166C 
 319      639ACFCC 
 320 0030 38939911 		.ascii	"8\223\231\021S\346\037#X\017\023\246\314>\240\014\323"
 320      53E61F23 
 320      580F13A6 
 320      CC3EA00C 
 320      D3
 321 0041 4C66664C 		.ascii	"LffL\231\252\371\314\3143\231Y\300\022\307\337\277\275"
 321      99AAF9CC 
 321      CC339959 
 321      C012C7DF 
 321      BFBD
 322 0053 C2D8C73C 		.ascii	"\302\330\307<\237\231\205\021\304]\266\270\347\015\213"
 322      9F998511 
 322      C45DB6B8 
ARM GAS  /tmp/ccmmeCuO.s 			page 25


 322      E70D8B
 323 0062 E5F6868E 		.ascii	"\345\366\206\216\005\015\011\363\231Yg030\356g\224\236"
 323      050D09F3 
 323      99596730 
 323      3330EE67 
 323      949E
 324 0074 C1CCC8B8 		.ascii	"\301\314\310\270\217\261\205q\0063\023\343^0\315\314"
 324      8FB18571 
 324      063313E3 
 324      5E30CDCC 
 325 0084 B8074CB3 		.ascii	"\270\007L\2630\356\006\323\254\214\273\2004\003\343"
 325      30EE06D3 
 325      AC8CBB80 
 325      3403E3
 326 0093 01464B06 		.ascii	"\001FK\006S==} \312N-\312K\315\321w\316\310L\312\364"
 326      533D3D7D 
 326      20CA4E2D 
 326      CA4BCDD1 
 326      77CEC84C 
 327 00a9 0FD6CF2F 		.ascii	"\017\326\317/\326\317H\314\321\317\311L\322/.)JM\314"
 327      D6CF48CC 
 327      D1CFC94C 
 327      D22F2E29 
 327      4A4DCC
 328 00bc 2DD64F2A 		.ascii	"-\326O*M\2032\365\222\031\000R\225\\Z"
 328      4D8332F5 
 328      92190052 
 328      955C5A
 329              		.text
 330              		.section	.gnu.lto_.symbol_nodes.c16dce6b504ddc7c,"e",%progbits
 331 0000 789C75D0 		.ascii	"x\234u\320\273\015\302@\014\006\340\337\3779!\260\004"
 331      BB0DC240 
 331      0C06E0DF 
 331      FF3921B0 
 331      04
 332 0011 88496007 		.ascii	"\210I`\007&`\021_\301\000i\3223\001\005\317\020\252"
 332      2660115F 
 332      C10069D2 
 332      330105CF 
 332      10AA
 333 0023 2CC01474 		.ascii	",\300\024t\224\014\000\0079\361\2208W\226?[\226]@0\023"
 333      940C0007 
 333      39F19038 
 333      57963F5B 
 333      965D4030 
 334 0038 005CD3E0 		.ascii	"\000\\\323\340C\250\224g\300\200z\331\372\034O\003\267"
 334      43A89467 
 334      C0807AD9 
 334      FA1C4F03 
 334      B7
 335 0049 3449E29E 		.ascii	"4I\342\236\306$nh.\211'\232~\243\034}\353G\021w\264"
 335      C6246E68 
 335      2E89279A 
 335      7EA31C7D 
 335      EB471177 
 336 005e 2C3959D3 		.ascii	",9Y\323\362\037l\374\264\243\354@\3701\340\244\241\365"
 336      F21F6CFC 
ARM GAS  /tmp/ccmmeCuO.s 			page 26


 336      B4A3EC40 
 336      F831E0A4 
 336      A1F5
 337 0070 EE3186AF 		.ascii	"\3561\206\257>\204\013'\010kh\305_\321\370\202J\240"
 337      3E840B27 
 337      086B68C5 
 337      5FD1F882 
 337      4AA0
 338 0082 F24E9D2B 		.ascii	"\362N\235+\272\374\"\032\217\251\006P\3754dZ\336VW\310"
 338      BAFC221A 
 338      8FA90650 
 338      FD34645A 
 338      DE5657C8 
 339 0096 DCE5FDAE 		.ascii	"\334\345\375\256\272\020<\000O\237bg"
 339      BA103C00 
 339      4F9F6267 
 340              		.text
 341              		.section	.gnu.lto_.refs.c16dce6b504ddc7c,"e",%progbits
 342 0000 789C05C1 		.ascii	"x\234\005\301\307\015\0000\014\3040\235\002\227w\366"
 342      C70D0030 
 342      0CC4309D 
 342      029777F6 
 343 0010 1FD6E412 		.ascii	"\037\326\344\022>\220vR#>c)\007\004\256\000N"
 343      3E907652 
 343      233E6329 
 343      0704AE00 
 343      4E
 344              		.text
 345              		.section	.gnu.lto_.decls.c16dce6b504ddc7c,"e",%progbits
 346 0000 789C9D58 		.ascii	"x\234\235X{PT\327\031\277\337\275\313kye|$NIgL\206L"
 346      7B5054D7 
 346      19BFDFBD 
 346      CB6B7965 
 346      7C244E49 
 347 0018 3A93C21A 		.ascii	":\223\302\032c\306:\223\266&v&\351\264\211\355\244M"
 347      63C63A93 
 347      B6267626 
 347      E9B489ED 
 347      A44D
 348 002a 6BD296F0 		.ascii	"k\322\226\360XdS^\201%\217N\377\270\310K\015\010\212"
 348      5864535E 
 348      81258F4E 
 348      FFB8C84B 
 348      0D088A
 349 003d A2805151 		.ascii	"\242\200QQ\0044\012\030\242\024y\255\200\274\225Ey\310"
 349      04340A18 
 349      A21479AD 
 349      80BC9545 
 349      79C8
 350 004f 4B91A8A0 		.ascii	"K\221\250\240F!QD\003\270\375\3169\367.\367\356.&\361"
 350      46215144 
 350      03B8FDCE 
 350      39F72EF7 
 350      EE2E26F1 
 351 0063 CAB7F79E 		.ascii	"\312\267\367\236s\277\307\357\373\235\357\234s\217\256"
 351      73BFC7EF 
 351      FB9DEF9C 
ARM GAS  /tmp/ccmmeCuO.s 			page 27


 351      738FAE
 352 0072 1C701F2C 		.ascii	"\034p\037,\346\270(\236\343\332\005\216\263\340\345"
 352      E6B8289E 
 352      E3DA058E 
 352      B3E0E5
 353 0081 C6715C27 		.ascii	"\306q\\'\012\271\257G\251CiDiBiFiC\031A\271\201\362"
 353      0AB9AF47 
 353      A9436944 
 353      69426946 
 353      69431941 
 354 0098 2EC72EA2 		.ascii	".\307.\242{\027e\026\305\202\342\004\034\347\211\242"
 354      7B176516 
 354      C582E204 
 354      1CE789A2 
 355 00a8 45598CF2 		.ascii	"EY\214\362\034\212\016\005\377\270\337\001\247\272\256"
 355      1C8A0E05 
 355      FFB8DF01 
 355      A7BAAE
 356 00b7 63DB0BEF 		.ascii	"c\333\013\357\013P\026I\261\344\270$\306[\370~\025\260"
 356      0B501649 
 356      B1E4B824 
 356      C65BF87E 
 356      15B0
 357 00c9 9897893E 		.ascii	"\230\227\211>\312\233\330^\213r\007\237\02167\2002\212"
 357      CA9BD85E 
 357      8B72079F 
 357      11363780 
 357      328A
 358 00db F24729C6 		.ascii	"\362G)\306]\316\376\232\266\2113-\305iR\304y\331A\234"
 358      5DCEFE9A 
 358      B689332D 
 358      C56952C4 
 358      79D9419C 
 359 00ef 3FA1CCD8 		.ascii	"?\241\314\330\304y]\2123\353 \216\205\344=O\234u\334"
 359      C4795D8A 
 359      33EB208E 
 359      85E43D4F 
 359      9C75DC
 360 0102 9C7F9267 		.ascii	"\234\177\222g+\012R\317]D\271\3041\237\026\007>\335"
 360      2B0A52CF 
 360      5D44B9C4 
 360      319F1607 
 360      3EDD
 361 0114 79E6CB96 		.ascii	"y\346\313\226\243f\311'\031\023\203\"\217\225\212<H"
 361      A366C927 
 361      19138322 
 361      8F958A3C 
 361      48
 362 0125 8C3F63FB 		.ascii	"\214?c\373o0\227\323\337Q4(N\212\330rno\000\303\344"
 362      6F3097D3 
 362      DF513428 
 362      4E8AD872 
 362      6E6F00C3 
 363 013a 248D9BED 		.ascii	"$\215\233\355\345\303;\346Q\256\011\022\377%\024g\033"
 363      E5C33BE6 
 363      51AE0912 
 363      FF251467 
ARM GAS  /tmp/ccmmeCuO.s 			page 28


 363      1B
 364 014b 1ED7A1B8 		.ascii	"\036\327\241\270\201\232\307?H\261\264R\275\330^\213"
 364      819AC73F 
 364      48B1B452 
 364      BDD85E8B 
 365 015b E7894572 		.ascii	"\347\211Er&\376\237\266\341\363]\364\341\001,\347&\033"
 365      26FE9FB6 
 365      E1F35DF4 
 365      E1012CE7 
 365      261B
 366 016d 6E1F15E7 		.ascii	"n\037\025\347\005)N\230\"\226\234O\233\344\377=\264"
 366      05294E98 
 366      22969C4F 
 366      9BE4FF3D 
 366      B4
 367 017e 5B23F9FE 		.ascii	"[#\371\376\007\260\332'1\375\011\227x\037\224\362\272"
 367      07B0DA27 
 367      31FD0997 
 367      781F94F2 
 367      BA
 368 018f 24C524F1 		.ascii	"$\305$\361\026?\242\3567\361,\207\227%\276VJuNr[#\361"
 368      163FA2EE 
 368      37F12C87 
 368      9725BE56 
 368      4A754E72 
 369 01a6 F75BBCBF 		.ascii	"\367[\274\277\206\362k\224WPV\243\274*\215\233E\312"
 369      86F26B94 
 369      575056A3 
 369      BC2A8D9B 
 369      45CA
 370 01b8 67561A2B 		.ascii	"gV\032+G5\277S\200\213\033>\277\357\261E\200\005Z\320"
 370      4735BF53 
 370      808B1B3E 
 370      BFEFB145 
 370      80055AD0 
 371 01cc 60737BEB 		.ascii	"`s{\353W-Zl.\322\302Rl\232\206\323\036\010\330|Z\013"
 371      572D5A6C 
 371      2ED2C252 
 371      6C9A86D3 
 371      1E08D87C 
 372 01e2 16C076D3 		.ascii	"\026\300v\323\370\255.`mb|\260\371\310y\027\201\247"
 372      F8AD2E60 
 372      6D627CB0 
 372      F9C87917 
 372      81A7
 373 01f4 CFE5A7BF 		.ascii	"\317\345\247\277\376TwTd\227k\024\0075 \314\2059\264"
 373      FE547754 
 373      64976B14 
 373      073520CC 
 373      8539B4
 374 0207 B7A8C153 		.ascii	"\267\250\301SXM5\017\345\327\267\273k7\212\342\006Q"
 374      584D350F 
 374      E5D7B7BB 
 374      6B378AE2 
 374      0651
 375 0219 3C90282C 		.ascii	"<\220(,\341\340%\037X\346\303\201\011\250\347Z\320A"
 375      E1E0251F 
ARM GAS  /tmp/ccmmeCuO.s 			page 29


 375      58E6C381 
 375      09A8E75A 
 375      D041
 376 022b 35F84015 		.ascii	"5\370@\025\370\020\365kS\025\323\274\307f\242\276/A"
 376      F810F56B 
 376      5315D3BC 
 376      C766A2BE 
 376      2F41
 377 023d 747B034E 		.ascii	"t{\003N\201\026*\361\375I|\317A\035xp\354\206\272U\311"
 377      81162AF1 
 377      FD497CCF 
 377      411D7870 
 377      EC86BA55 
 378 0252 B3352E88 		.ascii	"\2635.\210o\035\342\305\313[\001y\035\203\234\377`\274"
 378      6F1DE2C5 
 378      CB5B0179 
 378      1D839CFF 
 378      60BC
 379 0264 DC437883 		.ascii	"\334Cx\203>w\217\357L\341\031\020\352\231\263\272\205"
 379      3E778FEF 
 379      4CE11910 
 379      EA99B3BA 
 379      85
 380 0275 D3402D08 		.ascii	"\323@-\010\224\006\354\253'}\215\240E\243\233\035\246"
 380      9406ECAB 
 380      277D8DA0 
 380      45A39B1D 
 380      A6
 381 0286 322B7AF1 		.ascii	"2+z\361\321\350\241\211\232<<\236S\244Qf\320\244\312"
 381      D1E8A189 
 381      9A3C3C9E 
 381      53A45166 
 381      D0A4CA
 382 0299 A09965D0 		.ascii	"\240\231e\320L3(\257\356O\367\"\356EIw\201R\265\005"
 382      4C3328AF 
 382      EE4FF722 
 382      EE454977 
 382      8152B505 
 383 02ad B41CE87C 		.ascii	"\264\034\350|\360\217\340\337\322}\366\250\260 \203"
 383      F08FE0DF 
 383      D27DF6A8 
 383      B02083
 384 02bc 329E20AE 		.ascii	"2\236 \256\006\352\227\241\341\240\025\0260}\312\377"
 384      06EA97A1 
 384      E1A01516 
 384      307DCAFF 
 385 02cc DE94A406 		.ascii	"\336\224\244\006\025\004|\255\360\333\306 \264Q\010"
 385      15047CAD 
 385      F0DBC620 
 385      B45108
 386 02db B596AC5A 		.ascii	"\265\226\254Z\015+\011Wl\026&V\366\271\011k)cw\017\364"
 386      0D2B0957 
 386      6C162656 
 386      F6B9096B 
 386      2963770F 
 387 02f0 7EA711DE 		.ascii	"~\247\021\336\241\317\003I\307\266\300\302\255\322\210"
 387      A1CF0349 
ARM GAS  /tmp/ccmmeCuO.s 			page 30


 387      C7B6C0C2 
 387      ADD288
 388 02ff 8BC0EA17 		.ascii	"\213\300\352\027:`!\341@\032\367\354\222\2122O\341="
 388      3A6021E1 
 388      401AF7EC 
 388      928A324F 
 388      E13D
 389 0311 6A70BDE7 		.ascii	"jp\275\347h\237\306\326\000\314H\233\332\246\2610S\247"
 389      689FC6D6 
 389      00CC489B 
 389      DAA6B130 
 389      53A7
 390 0323 84DA896F 		.ascii	"\204\332\211o\347\240\236\243PQm\253%\277\313M\210\246"
 390      E7A09EA3 
 390      50516DAB 
 390      25BFCB4D 
 390      88A6
 391 0335 AEC752FA 		.ascii	"\256\307R\372\276q\022\214\364y$k\354\262\273]\230."
 391      BE71128C 
 391      F479246B 
 391      ECB2BB5D 
 391      982E
 392 0347 0CD3AD0A 		.ascii	"\014\323\255\012\223\321\326\235\305\313z\211\363\353"
 392      93D1D69D 
 392      C5CB7A89 
 392      F3EB
 393 0355 15A7B664 		.ascii	"\025\247\266d;+\361\364\250\360\364\312x\362\272\315"
 393      3B2BF1F4 
 393      A8F0F4CA 
 393      78F2BACD 
 394 0365 1B80D1F6 		.ascii	"\033\200\321\366\0046\217ZFs\275\331L\022\311\324\331"
 394      04368F5A 
 394      4673BDD9 
 394      4C12C9D4 
 394      D9
 395 0376 3B716442 		.ascii	";qdB+\244\001\301\350\264\277aO\211\007\370\372.\364"
 395      2BA401C1 
 395      E8B4BF61 
 395      4F8907F8 
 395      FA2EF4
 396 0389 F5DD4F1C 		.ascii	"\365\335O\034\233:\016\377\"\2471Y\3148\005$A8\213("
 396      9B3A0EFF 
 396      22A73159 
 396      CC380524 
 396      41388B28 
 397 039d 86546174 		.ascii	"\206Tat\344\247\222<2\203\2639\213\016&\210\315\357"
 397      E4A7923C 
 397      3283B339 
 397      8B0E2688 
 397      CDEF
 398 03af 93F870DE 		.ascii	"\223\370p\336\261\372\213\370C\363#%\002\032\016\372"
 398      B1FA8BF8 
 398      43F32325 
 398      021A0EFA 
 399 03bf F0FD05FA 		.ascii	"\360\375\005\372~\210\245\010\203\340\013\003(\227P"
 399      7E88A508 
 399      83E00B03 
ARM GAS  /tmp/ccmmeCuO.s 			page 31


 399      289750
 400 03ce 2E822F49 		.ascii	".\202/I\231\371\357\311q\316\021M\211\316\244\352\241"
 400      99F9EFC9 
 400      71CE114D 
 400      89CEA4EA 
 400      A1
 401 03df DFCE7F3B 		.ascii	"\337\316\177;(\361\210\242\311\004\273\336\247EuF\322"
 401      28F188A2 
 401      C904BBDE 
 401      A7457546 
 401      D2
 402 03f0 95EB9069 		.ascii	"\225\353\220i\022(d\301(\270\260K+4Q\022\340\253\206"
 402      122864C1 
 402      28B8B04B 
 402      2B345112 
 402      E0AB86
 403 0403 3D723DD8 		.ascii	"=r=\330\002\204a\311\313<\030\321\272\277 qBU\321\227"
 403      028461C9 
 403      CB3C18D1 
 403      BABF2071 
 403      4255D197 
 404 0417 55004758 		.ascii	"U\000GXE\217\320\212\236N\037l\023\204!\026v\250x\242"
 404      458FD08A 
 404      9E4E1F6C 
 404      13842116 
 404      76A878A2 
 405 042b 9EB7AB8F 		.ascii	"\236\267\253\217\2571\340\025\325\270O\\J\253\363\260"
 405      AF31E015 
 405      D5B84F5C 
 405      4AABF3B0 
 406 043b AB0F7BBD 		.ascii	"\253\017{\275\376\035'D'%\220\253* \327\244\372\340"
 406      FE1D2744 
 406      272590AB 
 406      2A20D7A4 
 406      FAE0
 407 044d 73AA674A 		.ascii	"s\252gJ\264\340\273\220\361;^\263\"\347\313\353\242"
 407      B4E0BB90 
 407      F13B5EB3 
 407      22E7CBEB 
 407      A2
 408 045e B86D09D1 		.ascii	"\270m\011\321\240#8\366\210\021D\317\224\240\271\367"
 408      A02338F6 
 408      881144CF 
 408      94A0B9F7 
 409 046e 63123BA3 		.ascii	"c\022;\243VF\266v&]\225\000\333\252\323Yfo\221\362\360"
 409      5646B676 
 409      265D9500 
 409      DBAAD359 
 409      666F91F2 
 410 0483 649E6A69 		.ascii	"d\236ji\275\256\202p\203qx\203r\23074\\\353v\031\007"
 410      BDAE8270 
 410      83717883 
 410      72983734 
 410      5CEB7619 
 411 0498 816C5C00 		.ascii	"\201l\\\000\027p\257&\377\310\017c\206\334\201<\023"
 411      1770AF26 
 411      FFC80F63 
ARM GAS  /tmp/ccmmeCuO.s 			page 32


 411      86DC813C 
 411      13
 412 04a9 B1C81790 		.ascii	"\261\310\027\220K\322\343\244\255N\356c7\371\207\365"
 412      4BD2E3A4 
 412      AD4EEE63 
 412      37F987F5 
 413 04b9 F192175E 		.ascii	"\361\222\027^\332;\200\3310\357\264\251p\315\336\203"
 413      DA3B80D9 
 413      30EFB4A9 
 413      70CDDE83 
 414 04c9 F45E76C2 		.ascii	"\364^v\302\014\344\365H6\224\272x)\234\322\002\354\020"
 414      0CE4F548 
 414      3694BA78 
 414      299CD202 
 414      EC10
 415 04db CF39E4AC 		.ascii	"\3179\344\254N\345\013\254\233Zr_\313\177G`8\036\011"
 415      4EE50BAC 
 415      9B5A725F 
 415      CB7F4760 
 415      381E09
 416 04ee 2FCDBDF5 		.ascii	"/\315\275\365<\007Od,\345h\215\235?\\\025&4\262\215"
 416      3C074F64 
 416      2CE5688D 
 416      9D3F5C15 
 416      2634B28D 
 417 0502 B1A27847 		.ascii	"\261\242xG\217\240\301|\350T\212\323\3205\305|\177\007"
 417      8FA0C17C 
 417      E8548AD3 
 417      D035C57C 
 417      7F07
 418 0514 D03EDCB7 		.ascii	"\320>\334\267\3406\320N\363P\341)g\332\271\336\003\306"
 418      E036D04E 
 418      F350E129 
 418      67DAB9DE 
 418      03C6
 419 0526 595FF2E9 		.ascii	"Y_\362\351\214JO\266\250\360\2125f\021[c\322\305\355"
 419      8C4A4FB6 
 419      A8F08A35 
 419      66115B63 
 419      D2C5ED
 420 0539 89DAA776 		.ascii	"\211\332\247v\320\031\224 >\301\323\010\337\341\370"
 420      D0199420 
 420      3EC1D308 
 420      DFE1F8
 421 0548 7D4BC7EF 		.ascii	"}K\307\357\016<\305\301\004h\030\332\332\244\223Y\302"
 421      0E3CC5C1 
 421      046818DA 
 421      DAA49359 
 421      C2
 422 0559 B3FB44D3 		.ascii	"\263\373D\323\260h\232\352\373\345\275\372d\321\214"
 422      B0689AEA 
 422      FBE5BDFA 
 422      64D18C
 423 0568 86ABA91E 		.ascii	"\206\253\251\036\334\302\002\221j\232<s\360\015\316"
 423      DCC20291 
 423      6A9A3C73 
 423      F00DCE
ARM GAS  /tmp/ccmmeCuO.s 			page 33


 424 0577 1DB889B3 		.ascii	"\035\270\211\263\012;\356\302\263d'\255\336\335\340"
 424      0A3BEEC2 
 424      B36427AD 
 424      DEDDE0
 425 0586 2D240A34 		.ascii	"-$\0124\253\226\216\315\011^\024l\2235\253\303\233\313"
 425      AB968ECD 
 425      095E146C 
 425      9335ABC3 
 425      9BCB
 426 0598 F23DE404 		.ascii	"\362=\344\004\356\261\004&O\3556\223\315\304\231\355"
 426      EEB10426 
 426      4FED3693 
 426      CDC499ED 
 427 05a8 C82ED8D5 		.ascii	"\310.\330\325\263\263i%\353!\300?\301\236\336\324\363"
 427      B3B36925 
 427      EB21C03F 
 427      C19EDED4 
 427      F3
 428 05b9 03CEC226 		.ascii	"\003\316\302&\346\371\373\354\231c\356\212\035PQ\305"
 428      E6F9FBEC 
 428      9963EE8A 
 428      1D5051C5 
 429 05c9 DF033523 		.ascii	"\337\0035#E\374\000\373\356\263\017\204\206\334\232"
 429      45FC00FB 
 429      EEB30F84 
 429      86DC9A
 430 05d8 7677250B 		.ascii	"vw%\013\323*\026f\010\013S2\013\231;:\326I$4f?\235\227"
 430      D32A1666 
 430      080B5332 
 430      0B993B3A 
 430      D6492434 
 431 05f0 2016A1D9 		.ascii	" \026\241\331R\242\004\223\012\012&m)\230\245\024\344"
 431      52A20493 
 431      0A0A266D 
 431      2998A514 
 431      E4
 432 0601 D5DDACF6 		.ascii	"\325\335\254\366\026\322\031\320\302+E\275\036\222\257"
 432      16D219D0 
 432      C22B45BD 
 432      1E92AF
 433 0610 EF7F86AB 		.ascii	"\357\177\206\253%~\021\210<u\365P\341\352\241\255+\013"
 433      257E1188 
 433      3C75F550 
 433      E1EAA1AD 
 433      2B0B
 434 0622 75D53830 		.ascii	"u\32580\372\300Y\310\022\346\255\221\375\025E\267Y\215"
 434      FAC059C8 
 434      12E6AD91 
 434      FD1545B7 
 434      598D
 435 0634 E09701C4 		.ascii	"\340\227\001\304\363\254\036\036\336\277f\245x\003\353"
 435      F3AC1E1E 
 435      DEBF66A5 
 435      7803EB
 436 0643 9B2C6D9B 		.ascii	"\233,m\233\364\232\277\012\022y\314?\201\227\362\257"
 436      F49ABF0A 
 436      1279CC3F 
ARM GAS  /tmp/ccmmeCuO.s 			page 34


 436      8197F2AF 
 437 0653 F82CF9B0 		.ascii	"\370,\371\260\014\272qJ\260\242F-\020\3719\324\370\254"
 437      0CBA714A 
 437      B0A2462D 
 437      10F939D4 
 437      F8AC
 438 0665 469DC413 		.ascii	"F\235\304\023\324#\225\355c\316\302\347\014u\342\310"
 438      D42395ED 
 438      63CEC2E7 
 438      0C75E2C8 
 439 0675 1749AEC2 		.ascii	"\027I\256\302!\326(>2]\252\225\221\261\014R2\217\314"
 439      21D6283E 
 439      325DAA95 
 439      91B10C52 
 439      328FCC
 440 0688 6AE61F98 		.ascii	"j\346\037\230M\004\330F\031\330\360\231\3161\027\011"
 440      4D04D846 
 440      19D8F099 
 440      CE311709 
 441 0698 D86D7964 		.ascii	"\330myd2\226\022-HQ\000K\261\001\366X\241SI\350\317"
 441      3296122D 
 441      4851004B 
 441      B101F658 
 441      A15349E8 
 442 06ad E4D0430D 		.ascii	"\344\320C\015\003\351Z)\2649\236'\025\261\214\250@\262"
 442      03E95A29 
 442      B4399E27 
 442      15B18CA8 
 442      40B2
 443 06bf 352E6CE6 		.ascii	"5.l\346\237%M5'i\224\223\376\272\231\233\236B1\243a"
 443      9F254D35 
 443      27699493 
 443      FEBA999B 
 443      9E4231A3 
 444 06d4 EC8A58ED 		.ascii	"\354\212X\355I\261\220}\234\201\231\347K)\203Wn#\346"
 444      49B1907D 
 444      9C8199E7 
 444      4B298357 
 444      6E23E6
 445 06e7 A683CFDB 		.ascii	"\246\203\317\333\355Jd\033T\253\315\214\016\340\222"
 445      ED4A641B 
 445      54ABCD8C 
 445      0EE092
 446 06f6 A158B2B7 		.ascii	"\241X\262\267\362\312%{\033/}\215\304\347Noa8\260\013"
 446      F2CA257B 
 446      1B2F7D8D 
 446      C4E74E6F 
 446      6138B00B 
 447 070a D259A55C 		.ascii	"\322Y\245\\\033L\034sR\262\022\366\244\202\224\355\204"
 447      1B4C1C73 
 447      52B212F6 
 447      A48294ED 
 447      84
 448 071b 944C9994 		.ascii	"\224L\231\224\264\343\207\274\221\223a\344\344\342\036"
 448      B4E387BC 
 448      919361E4 
 448      E4E21E
ARM GAS  /tmp/ccmmeCuO.s 			page 35


 449 072a 0F6B9DA0 		.ascii	"\017k\235\240\022lQ\014\307\026[NvPNr\017W\2269\013"
 449      126C510C 
 449      C7165B4E 
 449      76504E72 
 449      0F579639 
 450 073f 558C9333 		.ascii	"U\214\2233%\327?s\026\352Y\2434\367Z\253\013\002\203"
 450      25D73F73 
 450      16EA59A3 
 450      34F75AAB 
 450      0B0283
 451 0752 9DBCC022 		.ascii	"\235\274\300\"\225\306\233\012=\205f\366z\377\301=\347"
 451      95C69B0A 
 451      3D8566F6 
 451      7AFFC13D 
 451      E7
 452 0763 DCC8EB6C 		.ascii	"\334\310\353l\342x\027\303\355hzt\026n;\300\323>\203"
 452      E27817C3 
 452      ED687A74 
 452      166E3BC0 
 452      D33E83
 453 0776 07E432BD 		.ascii	"\007\3442\275m\267\253Z\254\205\260\233\365\365$\244"
 453      6DB7AB5A 
 453      AC85B09B 
 453      F5F524A4 
 454 0786 DEF37AC6 		.ascii	"\336\363z\306,\354\025]i\264\352\354\353e\032\252\263"
 454      2CEC155D 
 454      69B4EAEC 
 454      EB651AAA 
 454      B3
 455 0797 877F86F6 		.ascii	"\207\177\206\366\334\033I\313t\021\316\261\370\337\356"
 455      DC1B49CB 
 455      7411CEB1 
 455      F8DFEE
 456 07a6 BD534016 		.ascii	"\275S@\026a\330\207I\356%d\220\317\336\301\354*'\241"
 456      61D88749 
 456      EE256490 
 456      CFDEC1EC 
 456      2A27A1
 457 07b9 9F697CB1 		.ascii	"\237i|\2613\337L\023\330O\020\346\261(\227F6w\271(\231"
 457      33DF4C13 
 457      D84F10E6 
 457      B1289746 
 457      3677B928 
 458 07ce 4500     		.ascii	"E\000"
 459 07d0 12B38030 		.ascii	"\022\263\20009\310'\344~.\223[\267\3172\345I\330\305"
 459      39C827E4 
 459      7E2E935B 
 459      B7CF32E5 
 459      49D8C5
 460 07e3 A2EB9DF9 		.ascii	"\242\353\235\371Mf}\262\011\327b\241\364\347D\017\262"
 460      4D667DB2 
 460      09D762A1 
 460      F4E7440F 
 460      B2
 461 07f4 647E2187 		.ascii	"d~!\207\230f\361\354 \005\007)\265%\345UiN\202I3\017"
 461      9866F1EC 
 461      20050729 
ARM GAS  /tmp/ccmmeCuO.s 			page 36


 461      B525E555 
 461      694E8249 
 462 080a 9B6A020B 		.ascii	"\233j\002\013\177\014\201\357j\341\220\003\002\017\263"
 462      7F0C81EF 
 462      6AE19003 
 462      020FB3
 463 0819 3E878CA8 		.ascii	">\207\214\250I8\362\303$\034%\231\024\023\022\276\220"
 463      4938F2C3 
 463      241C2599 
 463      141312BE 
 463      90
 464 082a 49C86A99 		.ascii	"I\310j\231\275\250\225Hh\315\0272\266\213\303\242x\305"
 464      BDA89548 
 464      68CD1732 
 464      B68BC3A2 
 464      78C5
 465 083c 8B684181 		.ascii	"\213hA\201\225\202\"bX SPB)8z\"5\327\205\355\212K\260"
 465      95822262 
 465      58205350 
 465      4229387A 
 465      2235D785 
 466 0854 D96AFE6E 		.ascii	"\331j\376n\302\203\355\212&\362\251]2\264\177\243\247"
 466      C283ED8A 
 466      26F2A95D 
 466      32B47FA3 
 466      A7
 467 0865 D0C4182A 		.ascii	"\320\304\030*3W\335\321*'\014YP\346&L\231<a,\343w.z"
 467      3357DDD1 
 467      2A270C59 
 467      50E6264C 
 467      993C612C 
 468 087d 086DCCE8 		.ascii	"\010m\314\350D\313\311)7\245\021Y\324\347\214\216\313"
 468      44CBC929 
 468      37A51159 
 468      D4E78C8E 
 468      CB
 469 088e 46B7934F 		.ascii	"F\267\223O\016y\011\035\314\250\241\256wT\365!\230\250"
 469      0E79091D 
 469      CCA8A1AE 
 469      7754F521 
 469      98A8
 470 08a0 8A542E1B 		.ascii	"\212T.\033u\217V\334s\027\272\230\321\335\214\033\345"
 470      758F56DC 
 470      7317BA98 
 470      D1DD8C1B 
 470      E5
 471 08b1 AAF97C47 		.ascii	"\252\371|G\025\251B6*>76\311\013\375\314(\341\330\261"
 471      15A94236 
 471      2A3E3736 
 471      C90BFDCC 
 471      28E1D8B1 
 472 08c5 731AE106 		.ascii	"s\032\341\006m\270l\214\317\311\342\331Yb\3564\361\312"
 472      6DB86C8C 
 472      CFC9E2D9 
 472      5962EE34 
 472      F1CA
 473 08d7 2EE93481 		.ascii	".\3514\201P\341+$\263\206\237\377\363\035-\314\200G"
ARM GAS  /tmp/ccmmeCuO.s 			page 37


 473      50E12B24 
 473      B3869FFF 
 473      F31D2DCC 
 473      8047
 474 08e9 09440827 		.ascii	"\011D\010'\346\321\265;K\034\343}\240\224\367a'\246"
 474      E6D1B53B 
 474      4B1CE37D 
 474      A094F761 
 474      27A6
 475 08fb 1AB64641 		.ascii	"\032\266FA-\357\013u(\325(U(&\224S\274\342XA\343\220"
 475      2DEF0B75 
 475      28D52855 
 475      28269453 
 475      BCE25841 
 476 0911 1A3C6917 		.ascii	"\032<i\027\307\372\301\253\320\304\321\201/\3554/\200"
 476      C7FAC1AB 
 476      D0C4D181 
 476      2FED342F 
 476      80
 477 0922 03559268 		.ascii	"\003U\222h\345<\252\266\211\"\253\360?\307\000\250*"
 477      E53CAAB6 
 477      8922ABF0 
 477      3FC700A8 
 477      2A
 478 0933 523C6599 		.ascii	"R<e\231ls\227\017'\211\217\2251\371\357\224\331\242"
 478      6C73970F 
 478      27898F95 
 478      31F9EF94 
 478      D9A2
 479 0945 54B7E70E 		.ascii	"T\267\347\016\210f\023\375\346\332]\225$\212\013\000"
 479      886613FD 
 479      E6DA5D95 
 479      248A0B00 
 480 0955 8F1FF483 		.ascii	"\217\037\364\203\237\330\313N9\332\363/2\365\032\370"
 480      9FD8CB4E 
 480      39DAF32F 
 480      32F51AF8 
 481 0965 E7D074D0 		.ascii	"\347\320t\320r\353\212\027\253\361E\344\360\334\230"
 481      72EB8A17 
 481      ABF145E4 
 481      F0DC98
 482 0974 7BCD93D5 		.ascii	"{\315\223\325\370>\254q\347\274\372\276\003\032i\324"
 482      F83EAC71 
 482      E7BCFABE 
 482      031A69D4 
 483 0984 E513856F 		.ascii	"\345\023\205o\266\315\240\267\374\204Aw\244k7\350\215"
 483      B6CDA0B7 
 483      FC844177 
 483      A46B37E8 
 483      8D
 484 0995 88F634A1 		.ascii	"\210\3664\241\200\034\203Z$\012Z1\345v\224f\224&\224"
 484      801C835A 
 484      240A5A31 
 484      E5769466 
 484      942694
 485 09a8 B67907BC 		.ascii	"\266y\007\274\345G\017x\313\017\017\270<\210\016\234"
 485      E5470F78 
ARM GAS  /tmp/ccmmeCuO.s 			page 38


 485      CB0F0FB8 
 485      3C880E9C 
 486 09b8 CA8378AB 		.ascii	"\312\203x\253\345\352M\215z\020\177J\006\350\241&5\243"
 486      E5EA4D8D 
 486      7A107F4A 
 486      06E8A126 
 486      35A3
 487 09ca 5775423A 		.ascii	"WuB:\243\212v\226NOrC\335\266\234r\243\254\2328\317"
 487      A38A7696 
 487      4E4F7243 
 487      DDB69C72 
 487      A3AC9A38 
 488 09df 4C860EAA 		.ascii	"L\206\016\252z6\363|\001\257\324u\264\276\200\231\352"
 488      7A36F37C 
 488      01AFD475 
 488      B4BE8099 
 488      EA
 489 09f0 CEB6D757 		.ascii	"\316\266\327W\270+!\344\253\226\225N\246\333Iu\035\255"
 489      B82B21E4 
 489      AB96954E 
 489      A6DB4975 
 489      1DAD
 490 0a02 F3F70E4E 		.ascii	"\363\367\016N\037w\221\355\343\321\376\203'\025\346"
 490      1F7791ED 
 490      E3D1FE83 
 490      2715E6
 491 0a11 06697D19 		.ascii	"\006i}\031O\255}\310\016\037\347\221\327s\274c\3230"
 491      4FAD7DC8 
 491      0E1FE791 
 491      D773BC63 
 491      D330
 492 0a23 A529AEEE 		.ascii	"\245)\256\356t\211F\305/\373+\352\331i\240\033\255\273"
 492      748946C5 
 492      2FFB2BEA 
 492      D969A01B 
 492      ADBB
 493 0a35 98F5E6B4 		.ascii	"\230\365\346\264\222t\327G\355\211\275d;\350\241\333"
 493      9274D747 
 493      ED89BD64 
 493      3BE8A1DB 
 494 0a45 017926AB 		.ascii	"\001y&\253\341\215\262\253\356J^\034-\241p\201\346z"
 494      E18DB2AB 
 494      EE4A5E1C 
 494      2DA17081 
 494      E67A
 495 0a57 A6A07193 		.ascii	"\246\240q\223\233R\327\321\302\016}T\327n\023HU\351"
 495      9B52D7D1 
 495      C20E7D54 
 495      D76E1348 
 495      55E9
 496 0a69 F633DD7E 		.ascii	"\3663\335~\252{9=\277\313S\251[\257\032\362\001\246"
 496      AA7B393D 
 496      BFCB53A9 
 496      5BAF1AF2 
 496      01A6
 497 0a7b 3BE0786C 		.ascii	";\340xl\212U~\007\231.\271\255\360\367\327\341\337\277"
 497      8A557E07 
ARM GAS  /tmp/ccmmeCuO.s 			page 39


 497      992EB9AD 
 497      F0F7D7E1 
 497      DFBF
 498 0a8d F53191FA 		.ascii	"\3651\221\372p\335\2320C\220a\355\333\272\250X]X`\270"
 498      70DD9A30 
 498      439061ED 
 498      DBBAA858 
 498      5D5860B8 
 499 0aa1 2EDC10A4 		.ascii	".\334\020\244\2135\306\350\003#buAq\241\322\243\177"
 499      8B35C6E8 
 499      03236275 
 499      4171A1D2 
 499      A37F
 500 0ab3 B0EBEB6F 		.ascii	"\260\353\353o\375u\351\232U\2538\2278C\244\361W\001"
 500      FD75E99A 
 500      55AB3897 
 500      3843A4F1 
 500      5701
 501 0ac5 46E758C3 		.ascii	"F\347X\303\177\364xC\245P}\214&(66z\321k\201\261\372"
 501      7FF47843 
 501      A5507D8C 
 501      26283636 
 501      7AD16B81 
 502 0adb B7F51FC6 		.ascii	"\267\365\037\306\351#\215\206\300\360\267\251\255\360"
 502      E9238D86 
 502      C0F0B7A9 
 502      ADF0
 503 0ae9 518471C9 		.ascii	"Q\204q\311kTI\037\302\272^\015\011\2146\352c\336y\363"
 503      6B54491F 
 503      C2BA5E0D 
 503      098C36EA 
 503      63DE79F3 
 504 0afd 2F4264C8 		.ascii	"/Bd\310'/?\006\2340n\261C\227O9B\200q\226?*\206!28<"
 504      272F3F06 
 504      9C306EB1 
 504      43974F39 
 504      42807196 
 505 0b18 2E444F9E 		.ascii	".DO\236\003\346\002\360+8\357\300\230\210\217V\352\375"
 505      03E602F0 
 505      2B38EFC0 
 505      98888F56 
 505      EAFD
 506 0b2a 225E088D 		.ascii	"\"^\010\215\366\017\211\346\264\301Q1F\375'~\021+8\227"
 506      F60F89E6 
 506      B4C15131 
 506      46FD277E 
 506      112B3897 
 507 0b3e 808F630C 		.ascii	"\200\217c\014F}\354\343\200\017\3464\001\321qF\247\210"
 507      467DECE3 
 507      800FE634 
 507      01D17146 
 507      A788
 508 0b50 D8F5C85F 		.ascii	"\330\365\310_@\\\344z=\336\360]H\254{\000>\373G\007"
 508      405CE47A 
 508      3DDEF05D 
 508      48AC7B00 
 508      3EFB4707 
ARM GAS  /tmp/ccmmeCuO.s 			page 40


 509 0b64 C618FD97 		.ascii	"\306\030\375\227i\310\263gPl\340\332\240\017\364\301"
 509      69C8B367 
 509      506CE0DA 
 509      A00FF4C1 
 510 0b74 C6DF471A 		.ascii	"\306\337G\032\214\316\021\372\210\340\350O5\341\372"
 510      8CCE11FA 
 510      88E0E84F 
 510      35E1FA
 511 0b83 C05097C8 		.ascii	"\300P\227\310(cXL\324\307\360\242Kh\344\322\330h}0\366"
 511      2863584C 
 511      D4C7F0A2 
 511      4B68E4D2 
 511      D8687D30 
 512 0b98 4446C685 		.ascii	"DF\306\205\207\377S\027\026\025\241\327E\033\214\272"
 512      87FF5317 
 512      1615A1D7 
 512      451B8CBA 
 513 0ba8 F5C1C17E 		.ascii	"\365\301\301~\230\204\237>\"H\037\022\242\017\261v\240"
 513      98849F3E 
 513      22481F12 
 513      A20FB176 
 513      A0
 514 0bb9 AADE4F1F 		.ascii	"\252\336O\037\030d\360[\345\267|\331\362e~\037.\367"
 514      1864F05B 
 514      E5B77CD9 
 514      F2657E1F 
 514      2EF7
 515 0bcb 8B8B0E09 		.ascii	"\213\213\016\0114\352u\252\327Vr\020\274!r=\362B0\304"
 515      34EA75AA 
 515      D7567210 
 515      BC21723D 
 515      F24230C4 
 516 0bdf EA8D0282 		.ascii	"\352\215\002\202\0230\013\015\301\355D\311\3606D\306"
 516      13300B0D 
 516      C1ED44C9 
 516      F03644C6 
 517 0bef 1A032383 		.ascii	"\032\003#\203\365\001Q\241\241\250\342D3\373?\331\236"
 517      F50151A1 
 517      A1A8E244 
 517      33FB3FD9 
 517      9E
 518 0c00 21E6     		.ascii	"!\346"
 519              		.text
 520              		.section	.gnu.lto_.symtab.c16dce6b504ddc7c,"e",%progbits
 521 0000 6273614F 		.ascii	"bsaObjectInit\000"
 521      626A6563 
 521      74496E69 
 521      7400
 522 000e 00       		.ascii	"\000"
 523 000f 00       		.ascii	"\000"
 524 0010 00       		.ascii	"\000"
 525 0011 00000000 		.ascii	"\000\000\000\000\000\000\000\000"
 525      00000000 
 526 0019 15010000 		.ascii	"\025\001\000\000"
 527              		.text
 528              		.section	.gnu.lto_.opts,"e",%progbits
 529 0000 272D666E 		.ascii	"'-fno-openmp' '-fno-openacc' '-fno-pie' '-mcpu=cort"
ARM GAS  /tmp/ccmmeCuO.s 			page 41


 529      6F2D6F70 
 529      656E6D70 
 529      2720272D 
 529      666E6F2D 
 530 0033 65782D6D 		.ascii	"ex-m4' '-mthumb' '-mfloat-abi=softfp' '-mfpu=fpv5-d"
 530      34272027 
 530      2D6D7468 
 530      756D6227 
 530      20272D6D 
 531 0066 31362720 		.ascii	"16' '-march=armv7e-m+fp.dp' '-O2' '-fstack-usage' '"
 531      272D6D61 
 531      7263683D 
 531      61726D76 
 531      37652D6D 
 532 0099 2D666675 		.ascii	"-ffunction-sections' '-fdata-sections' '-fno-common"
 532      6E637469 
 532      6F6E2D73 
 532      65637469 
 532      6F6E7327 
 533 00cc 2720272D 		.ascii	"' '-flto' '-fshort-enums'\000"
 533      666C746F 
 533      2720272D 
 533      6673686F 
 533      72742D65 
 534              		.text
 535              		.comm	__gnu_lto_v1,1,1
 536              		.comm	__gnu_lto_slim,1,1
 537              		.ident	"GCC: (GNU Arm Embedded Toolchain 9-2020-q2-update) 9.3.1 20200408 (release)"
ARM GAS  /tmp/ccmmeCuO.s 			page 42


DEFINED SYMBOLS
                            *ABS*:0000000000000000 bufstreams.c
                            *COM*:0000000000000001 __gnu_lto_v1
                            *COM*:0000000000000001 __gnu_lto_slim

NO UNDEFINED SYMBOLS
