ARM GAS  /tmp/ccunYcid.s 			page 1


   1              		.cpu cortex-m3
   2              		.eabi_attribute 20, 1
   3              		.eabi_attribute 21, 1
   4              		.eabi_attribute 23, 3
   5              		.eabi_attribute 24, 1
   6              		.eabi_attribute 25, 1
   7              		.eabi_attribute 26, 1
   8              		.eabi_attribute 30, 2
   9              		.eabi_attribute 34, 1
  10              		.eabi_attribute 18, 4
  11              		.file	"urt_topic.c"
  12              		.section	.gnu.lto_.profile.b621eaa3595f1197,"e",%progbits
  13 0000 789CE360 		.ascii	"x\234\343``\004B \000\000\000]\000\013"
  13      60044220 
  13      0000005D 
  13      000B
  14              		.text
  15              		.section	.gnu.lto_.icf.b621eaa3595f1197,"e",%progbits
  16 0000 789CE360 		.ascii	"x\234\343``d\020a@\000f\206\267\323\016\377gb\234\277"
  16      60641061 
  16      40006686 
  16      B7D30EFF 
  16      67629CBF 
  17 0014 EDD54446 		.ascii	"\355\325DF\246\243\213O6\2620\000\000d!\010\362"
  17      A6A38B4F 
  17      36B23000 
  17      00642108 
  17      F2
  18              		.text
  19              		.section	.gnu.lto_.jmpfuncs.b621eaa3595f1197,"e",%progbits
  20 0000 789C9D90 		.ascii	"x\234\235\2201\016\302@\014\004=\336\313\221\216\007"
  20      310EC240 
  20      0C043DDE 
  20      CB918E07 
  21 0010 F019EA3C 		.ascii	"\360\031\352<* \321\247\245\274\177P\335K\370B\236\020"
  21      2A20D1A7 
  21      A5BC7F50 
  21      DD4BF842 
  21      9E10
  22 0022 7C124A41 		.ascii	"|\022JA\224\024\254\264\215g\275\262\334\0336`\253d"
  22      9414ACB4 
  22      8D67BDB2 
  22      DC1B3660 
  22      AB64
  23 0034 024EB722 		.ascii	"\002N\267\"\013C\221{\032\003P\023\026^Bg\363\\\273"
  23      0B43917B 
  23      1A035013 
  23      165E4267 
  23      F35CBB
  24 0047 DF217A8A 		.ascii	"\337!z\212\3511\277\373IE\302xqiN\271\3726\274\322\321"
  24      E931BFFB 
  24      4945C278 
  24      71694EB9 
  24      FA36BCD2 
  25 005c B7EDF783 		.ascii	"\267\355\367\203\005\317\327}\210\203\276\327\247\303"
  25      05CFD77D 
  25      8883BED7 
ARM GAS  /tmp/ccunYcid.s 			page 2


  25      A7C3
  26 006a 6483ECC2 		.ascii	"d\203\354\302xBk\371\277\301>\236\323Uz"
  26      78426BF9 
  26      BFC13E9E 
  26      D3557A
  27              		.text
  28              		.section	.gnu.lto_.inline.b621eaa3595f1197,"e",%progbits
  29 0000 789CE360 		.ascii	"x\234\343``d8\302\200\000\314\014\014\022\015\015\015"
  29      606438C2 
  29      8000CC0C 
  29      0C120D0D 
  29      0D
  30 0011 13983219 		.ascii	"\023\2302\031\031\031\024\030\031\030\230\270\200\334"
  30      19191418 
  30      191898B8 
  30      80DC
  31 001f 034CA90C 		.ascii	"\003L\251\014\014|@F\003s*\023\003\023X!\017\220`\234"
  31      0C7C4046 
  31      03732A13 
  31      03135821 
  31      0F90609C 
  32 0033 E0C7C40D 		.ascii	"\340\307\304\015\241\301|\246\011~\010\021\030\315\310"
  32      A1C17CA6 
  32      097E0811 
  32      18CDC8
  33 0042 C0F767D1 		.ascii	"\300\367g\321\364]\314\0310\023y\337\035]\367\2069\235"
  33      F45DCC19 
  33      301379DF 
  33      1D5DF786 
  33      399D
  34 0054 8181BD0D 		.ascii	"\201\201\275\015dt\012\324D\210\372~?8\315\300{f\335"
  34      64740AD4 
  34      4488FA7E 
  34      3F38CDC0 
  34      7B66DD
  35 0067 9747087D 		.ascii	"\227G\010}\334\247\326}\231\307\224\001\324\327\212"
  35      DCA7D67D 
  35      99C79401 
  35      D4D78A
  36 0076 5BDF043F 		.ascii	"[\337\004?\006\000\320\345&\015"
  36      0600D0E5 
  36      260D
  37              		.text
  38              		.section	.gnu.lto_.pureconst.b621eaa3595f1197,"e",%progbits
  39 0000 789CE360 		.ascii	"x\234\343``d\340b```f\230\305\3028\213\205i'\013\000"
  39      6064E062 
  39      60606066 
  39      98C5C238 
  39      8B856927 
  40 0016 0ADC0213 		.ascii	"\012\334\002\023"
  41              		.text
  42              		.section	.gnu.lto_urtTopicInit.b621eaa3595f1197,"e",%progbits
  43 0000 789C9D95 		.ascii	"x\234\235\225\177L[U\024\307\357y\367\365\365\265+t"
  43      7F4C5B55 
  43      14C7EF79 
  43      F7F5F5B5 
  43      2B74
ARM GAS  /tmp/ccunYcid.s 			page 3


  44 0012 4E145837 		.ascii	"N\024X7W\215\011\331\037\366\221\030\343_&#\313L\374"
  44      578D09D9 
  44      1FF69118 
  44      E35F2623 
  44      CB4CFC
  45 0025 C36898FF 		.ascii	"\303h\230\377/\014\232\320\310hS@\343_<\012\233\021"
  45      2F0C9AD0 
  45      C8685340 
  45      E35F3C0A 
  45      9B11
  46 0037 649B0904 		.ascii	"d\233\011\004\272\244>\026B\330\242\3424\233\350\350"
  46      BAA43E16 
  46      42D8A2E2 
  46      349BE8E8 
  47 0047 461D43B7 		.ascii	"F\035C\267\271)\24287G\251\035(\277\266)N3\023\263y"
  47      B929A238 
  47      3747A91D 
  47      28BFB629 
  47      4E3313B3 
  48 005c CEBD5D1C 		.ascii	"\316\275]\034\320`\200\224\227w\336\273\367s\276\347"
  48      D0608094 
  48      9777DEBB 
  48      F773BEE7 
  49 006c 7C4F6F75 		.ascii	"|Oou\006l\213\316X=cl3\376\003g\240\230\246\271\315"
  49      066C8BCE 
  49      583D636C 
  49      33FE0367 
  49      A098A6B9 
  50 0081 DEA02B00 		.ascii	"\336\240+\000\342\316\324\201\325+P\017\007x\007\207"
  50      E2CED481 
  50      D52B500F 
  50      07780787 
  51 0091 F6B7062E 		.ascii	"\366\267\006.\347l\3555\315\210\231\3508\256\275{l\304"
  51      E76CED35 
  51      CD8899E8 
  51      38AEBD7B 
  51      6CC4
  52 00a3 E416672C 		.ascii	"\344\026g,\212;\237\366@\261\207\321\037\234\204\255"
  52      8A3B9FF6 
  52      40B187D1 
  52      1F9C84AD 
  53 00b3 B8381989 		.ascii	"\2708\031\211\335q\355\307\367\000*\206m\027\216\237"
  53      DD71EDC7 
  53      F7002A86 
  53      6D178E9F 
  54 00c3 7752A880 		.ascii	"wR\250\200\027\303\251wn\314\332\3716`x\277wrp\314Y"
  54      17C3A977 
  54      6ECCDAF9 
  54      366078BF 
  54      777270CC 
  55 00d8 D423B067 		.ascii	"\324#\260g{\270\371\244\3059\234\002N\3308x`\000\020"
  55      7BB8F9A4 
  55      C5399C02 
  55      4ED83878 
  55      600010
  56 00eb 8CCF107D 		.ascii	"\214\317\020}\032\212p\303\276\341\203\0039\022\255"
  56      1A8A70C3 
ARM GAS  /tmp/ccunYcid.s 			page 4


  56      BEE18303 
  56      3912AD
  57 00fa 6078786C 		.ascii	"`xxl$\002\022\275\036\303Oz[g9\177^\240\367\265t\276"
  57      240212BD 
  57      1EC34F7A 
  57      5B67397F 
  57      5EA0F7B5 
  58 0110 9C21CF77 		.ascii	"\234!\317wp3\317\342*|.\311\011$\017J\262\212\3443\202"
  58      7033CFE2 
  58      2A7C2EC9 
  58      09240F4A 
  58      B28AE433 
  59 0125 1CFFABF3 		.ascii	"\034\377\253\363\210\233\277 \3666\214\237\031Q3\233"
  59      889BBF20 
  59      F6368C9F 
  59      1951339B 
  60 0135 FF293864 		.ascii	"\377)8d&T\213\333`h\231.\033\356>\013E\214\366\244?"
  60      26548BDB 
  60      6068992E 
  60      1BEE3E0B 
  60      458CF6A4 
  61 014a BADB9EA3 		.ascii	"\272\333\236\243\251\324\021\352\3040h\330d\306>\034"
  61      A9D411EA 
  61      C43068D8 
  61      64C63E1C 
  62 015a B525CCBB 		.ascii	"\265%\314\273\367\3364\023\311\302\303G\335\205\200"
  62      F7DE3413 
  62      C9C2C347 
  62      DD8580
  63 0169 DB34052F 		.ascii	"\3334\005/v\216\027]\305\213\303\206\027\247Fw:P\235"
  63      768E175D 
  63      C58BC386 
  63      17A74677 
  63      3A509D
  64 017c 4E204D6E 		.ascii	"N Mn v>\2436\263\026\316\320\025S\0053\301\330\333\\"
  64      20763EA3 
  64      36B316CE 
  64      D0155305 
  64      33C1D8DB 
  65 0191 91412306 		.ascii	"\221A#\006\263\020Y\230~\357\272\2352\242\214\375\215"
  65      B3105998 
  65      7EEFBA9D 
  65      32A28CFD 
  65      8D
  66 01a2 B7923A75 		.ascii	"\267\222:u\204\213J\022W\217]\311\355\201\356\006\\"
  66      848B4A12 
  66      578F5DC9 
  66      ED81EE06 
  66      5C
  67 01b3 DFB51B59 		.ascii	"\337\265\033Y\353b\\\207/H>\325iM|\252\025\367\021\314"
  67      EB625C87 
  67      2F483ED5 
  67      694D7CAA 
  67      15F711CC 
  68 01c7 6B71177C 		.ascii	"kq\027|\011=\320)\365\237\203\342\007i.`p\036wa\266"
  68      093DD029 
  68      F59F83E2 
ARM GAS  /tmp/ccunYcid.s 			page 5


  68      07692E60 
  68      701E7761 
  69 01dc 4333EF77 		.ascii	"C3\357w\337\317\266\032\274\012\027\004\236\272\002"
  69      DFCFB61A 
  69      BC0A1704 
  69      9EBA02
  70 01eb 5F41718C 		.ascii	"_Aq\214;\011\327\326<~\302E\270\030\207%D\357\212\274"
  70      3B09D7D6 
  70      3C7EC245 
  70      B8188725 
  70      44EF8ABC 
  71 01ff 1CB82878 		.ascii	"\034\270(x\012\023/\343\023\223\037+M\020\311l\324\340"
  71      0A132FE3 
  71      13931F2B 
  71      4D10C96C 
  71      D4E0
  72 0211 121463A2 		.ascii	"\022\024c\242\257\241\011\330<4y\205#\270.v\344\342"
  72      AFA109D8 
  72      3C347985 
  72      23B82E76 
  72      E4E2
  73 0223 3D07ADD3 		.ascii	"=\007\255\323-\236\033%5\360\015\255\301\364\026wKE"
  73      2D9E1B25 
  73      35F00DAD 
  73      C1F41677 
  73      4B45
  74 0235 53CF4841 		.ascii	"S\317HA\312\252\004\255\207\021!\210g\025d\207o\205"
  74      CAAA04AD 
  74      87112188 
  74      67156487 
  74      6F85
  75 0247 A0514A46 		.ascii	"\240QJFm\374\373\350\320\355Q\276hr2\245\310\007M\204"
  75      6DFCFBE8 
  75      D0ED51BE 
  75      687232A5 
  75      C8074D84 
  76 025b 4DB5F421 		.ascii	"M\265\364!\217\324\210\267\017\254\206\357A\203\357"
  76      8FD488B7 
  76      0FAC86EF 
  76      4183EF
  77 026a B0260663 		.ascii	"\260&\006c\302\213k\351\231s*y\365\020\024`xb\250\177"
  77      C28B6BE9 
  77      99732A79 
  77      F5101460 
  77      7862A87F 
  78 027e CE85BAB1 		.ascii	"\316\205\272\261\252\015\244\371\207\214\346\261\341"
  78      AA0DA4F9 
  78      878CE6B1 
  78      E1
  79 028b E183BAD4 		.ascii	"\341\203\272\324\234\352m\335\320\347\262\370\303pY"
  79      9CEA6DDD 
  79      D0E7B2F8 
  79      C37059
  80 029a 08975006 		.ascii	"\010\227P\006?\2229\212\230\254;\351\271\024_\203\331"
  80      3F92398A 
  80      98AC3BE9 
  80      B9145F83 
ARM GAS  /tmp/ccunYcid.s 			page 6


  80      D9
  81 02ab 79704520 		.ascii	"ypE md\366\325\305\263\224\207\263\364\223\234\245\266"
  81      6D64F6D5 
  81      C5B39487 
  81      B3F4939C 
  81      A5B6
  82 02bd E6D6FE8C 		.ascii	"\346\326\376\214\371|U\275~\004\256\011\276\226\265"
  82      F97C55BD 
  82      7E04AE09 
  82      BE96B5
  83 02cc D73A8C8B 		.ascii	"\327:\214\213^'W2\377\321\2508W&\244\371\250+_*j\177"
  83      5E275732 
  83      FFD1A838 
  83      5726A4F9 
  83      A82B5F2A 
  84 02e2 560A5297 		.ascii	"V\012R\227\226\234\206\225k.\200\224\320d_\256\251+"
  84      969C8695 
  84      6B2E8094 
  84      D0645FAE 
  84      A92B
  85 02f4 17BFDCF0 		.ascii	"\027\277\334\360\263\020\225\226\242\366f\025U\030\025"
  85      B3109596 
  85      A2F66615 
  85      551815
  86 0303 47D27529 		.ascii	"G\322u)J\215q\267\3057\222\256d\363\007\375)X\203\023"
  86      4A8D71B7 
  86      C53792AE 
  86      64F307FD 
  86      29588313 
  87 0317 0E9814AA 		.ascii	"\016\230\024\252trb\212\234U\345\231\021\357\316]\003"
  87      7472628A 
  87      9C55E599 
  87      11EFCE5D 
  87      03
  88 0328 CE03BF08 		.ascii	"\316\003\277\010\234\203p\277.6\326\203\306NKc\027\246"
  88      9C8370BF 
  88      2E36D683 
  88      C64E4B63 
  88      17A6
  89 033a 07D784DF 		.ascii	"\007\327\204\337\0043\002\357$\374\354b\374&\304\317"
  89      043302EF 
  89      24FCEC62 
  89      FC26C4CF 
  90 034a DD9F9B4B 		.ascii	"\335\237\233K\237e\346\306\2664\303\311\377\261i3\314"
  90      9F65E6C6 
  90      B634C3C9 
  90      FFB16933 
  90      CC
  91 035b 8B14EBB2 		.ascii	"\213\024\353\262\333\344\204\033\302\246\233+\315\316"
  91      DBE4841B 
  91      C2A69B2B 
  91      CDCE
  92 0369 635171F6 		.ascii	"cQq\366\337\2226\331,\276\205T\305g\222\215\232T\265"
  92      DF9236D9 
  92      2CBE8554 
  92      C567928D 
  92      9A54B5
ARM GAS  /tmp/ccunYcid.s 			page 7


  93 037c B4EE95A7 		.ascii	"\264\356\225\247\331\001\277\375\347\321\357\230^\030"
  93      D901BFFD 
  93      E7D1EF98 
  93      5E18
  94 038a 3EB3EC4C 		.ascii	">\263\354Lw,?\323OS\265\005\230\020\026\262\242\275"
  94      772C3FD3 
  94      4F53B505 
  94      981016B2 
  94      A2BD
  95 039c F08740BB 		.ascii	"\360\207@\273\010}\233\354\327\250\252\256\336\003\033"
  95      087D9BEC 
  95      D7A8AAAE 
  95      DE031B
  96 03ab A5D2FC25 		.ascii	"\245\322\374%\245=\036\245/\025\374)K\303\007O\260\233"
  96      A53D1EA5 
  96      2F15FC29 
  96      4BC3074F 
  96      B09B
  97 03bd 10F16616 		.ascii	"\020\361f\0263\361[\004\362\347'\222\240\3609\2432\270"
  97      33F15B04 
  97      F2E72792 
  97      A0F039A3 
  97      32B8
  98 03cf C76F8402 		.ascii	"\307o\204\002\265F\311\316\035\273JK\266\3570J^\014"
  98      B546C9CE 
  98      1DBB4A4B 
  98      B6EF304A 
  98      5E0C
  99 03e1 94069F2A 		.ascii	"\224\006\237*\011\205j\214=\201\212\212*\377\353ea\277"
  99      09856A8C 
  99      3D818A8A 
  99      2AFFEB65 
  99      61BF
 100 03f3 5157FA8A 		.ascii	"QW\372\212Q\023.7\352\302\265\273j\203\241@\271\257"
 100      51132E37 
 100      EAC2B5BB 
 100      6A83A140 
 100      B9AF
 101 0405 9CD9C48D 		.ascii	"\234\331\304\215\022\250\260\207\312\336\250\012\226"
 101      12A8B087 
 101      CADEA80A 
 101      96
 102 0412 55F87C3E 		.ascii	"U\370|>\003?\257\372\303\325\376*c{e`w\340\245\235F"
 102      033FAFFA 
 102      C3D5FE2A 
 102      637B6560 
 102      77E0A59D 
 103 0427 B0C608D7 		.ascii	"\260\306\010\327\032\201\352\362\252\272\012\277Q^\351"
 103      1A81EAF2 
 103      AABA0ABF 
 103      515EE9
 104 0436 7FCD5F5D 		.ascii	"\177\315_][\343\253d\377\002~\211\304;"
 104      5BE3AB64 
 104      FF027E89 
 104      C43B
 105              		.text
 106              		.section	.gnu.lto_urtTopicAddMessages.b621eaa3595f1197,"e",%progbits
ARM GAS  /tmp/ccunYcid.s 			page 8


 107 0000 789C9593 		.ascii	"x\234\225\223]HTA\024\307\347\334\231\273_~\364R\020"
 107      5D485441 
 107      14C7E7DC 
 107      99BB5F7E 
 107      F45210
 108 0013 09E14362 		.ascii	"\011\341Cb>\324]\350\305\227\300%\354!\212B{\027\321"
 108      3ED45DE8 
 108      C597C025 
 108      EC218A42 
 108      7B17D1
 109 0026 A51614CD 		.ascii	"\245\026\024\315]\351\261\331u%\322\320\"\027?h[K\326"
 109      5DE9B1D9 
 109      7525D2D0 
 109      22173F68 
 109      5B4BD6
 110 0039 3602B32F 		.ascii	"6\002\263/\0125\3352\363#3u5\311\007\005SH\261\322\027"
 110      0A35DD32 
 110      F3233375 
 110      35C90705 
 110      5348B1D2 
 111 004e 0929EDCC 		.ascii	"\011)\355\314\334\365\003[\203.\354\3549w\316\371\315"
 111      DCF5035B 
 111      832EECEC 
 111      3977CEF9 
 111      CD
 112 005f FF9C33D7 		.ascii	"\377\2343\327D\200\\b\204d\023B\316\341\017\014\004"
 112      44805C62 
 112      84641342 
 112      CEE10F0C 
 112      04
 113 0070 14CE7986 		.ascii	"\024\316y\206\321mR\200F-\252\250\243K\253\351\214["
 113      D16D5280 
 113      462DAAA8 
 113      A34BABE9 
 113      8C5B
 114 0082 584B75B9 		.ascii	"XKu\271\221\361x5\272gc\000\322\340& W\024\2522\300"
 114      91F17835 
 114      BA676300 
 114      D2E02620 
 114      5714AA32 
 115 0097 956C3ED5 		.ascii	"\225l>\325\264\226\202\357Z\373DB\332}\316=<\\{\303"
 115      B49682EF 
 115      5AFB4442 
 115      DA7DCE3D 
 115      3C5C7BC3 
 116 00ab 72A77598 		.ascii	"r\247u\230\323\000\006\325S\002\307\222\300\232$C\241"
 116      D30006D5 
 116      5302C792 
 116      C09A2443 
 116      A1
 117 00bc 0DD23078 		.ascii	"\015\3220x\312\343\377\031_\205\373\000\014\335\232"
 117      CAE3FF19 
 117      5F85FB00 
 117      0CDD9A
 118 00cb 8167FD16 		.ascii	"\201g\375\026\341*\220\214\356\334\315o\013F\232\001"
 118      E12A908C 
 118      EEDCCD6F 
ARM GAS  /tmp/ccunYcid.s 			page 9


 118      0B469A01 
 119 00db 04EDF2D9 		.ascii	"\004\355\362\331\256qKjPb\177\005)?\024\240\024^\001"
 119      AE714B6A 
 119      50627F05 
 119      293F14A0 
 119      145E01
 120 00ee 15D80E48 		.ascii	"\025\330\016H\202v@0\276Ct'\244b\302\213\212\271f3="
 120      82764030 
 120      BE437427 
 120      A462C28B 
 120      8AB96633 
 121 0103 2993DDC1 		.ascii	")\223\335\301[\225\011\321\344\305\375\015<\314\002"
 121      5B9509D1 
 121      E4C5FD0D 
 121      3CCC02
 122 0112 9441D75F 		.ascii	"\224A\327_\331\330\033\010C*\2219\267#_\024zV\346\217"
 122      D9D81B08 
 122      432A9139 
 122      B7235F14 
 122      7A56E68F 
 123 0126 45664EA5 		.ascii	"EfN\2454\311\364\225\320\336{e\274\217K\302\353\035"
 123      34C9F495 
 123      D0DE7B65 
 123      BC8F4BC2 
 123      EB1D
 124 0138 04F160F8 		.ascii	"\004\361`\370\314\3435_\202\201\301\033H\021e\213r\273"
 124      CCE3355F 
 124      8281C11B 
 124      4811658B 
 124      72BB
 125 014a 45AFF15F 		.ascii	"E\257\361_\274{4\252\206\371\332\372U\036\036:|\367"
 125      BC7B34AA 
 125      86F9DAFA 
 125      551E1E3A 
 125      7CF7
 126 015c F9BE44C0 		.ascii	"\371\276D\300\223U\005\027\003\025\032\230pU\"\"\015"
 126      93550517 
 126      03151A98 
 126      70552222 
 126      0D
 127 016d 72358210 		.ascii	"r5\202\020e\006Q\030!\225\224,\255\206\322\201\207\205"
 127      65065118 
 127      2195942C 
 127      AD86D281 
 127      8785
 128 017f AD48DB8D 		.ascii	"\255H\333\215\366u*\206\304\231t\026\300\3231_\327c"
 128      F6752A86 
 128      C4997416 
 128      C0D3315F 
 128      D763
 129 0191 14E7FA29 		.ascii	"\024\347\372)\240\246\252\262\037S&\321Z&+\012O\266"
 129      A0A6AAB2 
 129      1F5326D1 
 129      5A262B0A 
 129      4FB6
 130 01a3 7E4E0C42 		.ascii	"~N\014B\223\033S\222\003\324\350\247\006x+J\020\225"
 130      931B5392 
ARM GAS  /tmp/ccunYcid.s 			page 10


 130      03D4E8A7 
 130      06782B4A 
 130      1095
 131 01b5 07A65F1A 		.ascii	"\007\246_\032\254-\\\337R\241\007\202P\247\227\361\016"
 131      AC2D5CDF 
 131      52A10782 
 131      50A797F1 
 131      0E
 132 01c6 AC640EBC 		.ascii	"\254d\016\274_\273\007!\006Z\005\002\275z\037V\304\246"
 132      5FBB0721 
 132      065A0502 
 132      BD7A1F56 
 132      C4A6
 133 01d8 51996C1A 		.ascii	"Q\231l\032Q0Hmk\036\001T\253V\227O\364\342\254Q,[\336"
 133      5130486D 
 133      6B1E0154 
 133      AB56974F 
 133      F4E2AC51 
 134 01ef 108E5A6B 		.ascii	"\020\216Zk*~G\342u\240\262\035Hci5\371\251\031\372b"
 134      2A7E47E2 
 134      75A0B21D 
 134      48636935 
 134      F9A919FA 
 135 0204 6A3543BF 		.ascii	"j5C\277\324\012\372\034:\246g\237(^\360D\023\0150\200"
 135      D40AFA1C 
 135      3AA6679F 
 135      285EF044 
 135      130D3080 
 136 0218 F209BC07 		.ascii	"\362\011\274\007/\220E\360&\313\251`\234?4\270n\026"
 136      2F9045F0 
 136      26CBA960 
 136      9C3F34B8 
 136      6E16
 137 022a 71A600B5 		.ascii	"q\246\000\265\324\213l\030\0241\250&@\343\364f\206\202"
 137      D48B6C18 
 137      1431A826 
 137      40E3F466 
 137      8682
 138 023c 71BA40FA 		.ascii	"q\272@\372_\212\030|\220\212\024\321\275!<^\300\372"
 138      5F8A187C 
 138      908A14D1 
 138      BD213C5E 
 138      C0FA
 139 024e 4FEB2816 		.ascii	"O\353(\026s\020t\327A|\334\032\304\260\216\232\252\230"
 139      731074D7 
 139      417CDC1A 
 139      C4B08E9A 
 139      AA98
 140 0260 A782B503 		.ascii	"\247\202\265\003\324xP\222\324]I#[\244Q\260\242\022"
 140      D4785092 
 140      D45D4923 
 140      5BA451B0 
 140      A212
 141 0272 016B987F 		.ascii	"\001k\230\177\320\263'\026\255S\334\320\177*\213l\361"
 141      D0B32716 
 141      AD53DCD0 
 141      7F2A8B6C 
ARM GAS  /tmp/ccunYcid.s 			page 11


 141      F1
 142 0283 C604CF28 		.ascii	"\306\004\317(\372\333\370\320Gwi1\266\003\306\267\265"
 142      FADBF8D0 
 142      47776931 
 142      B603C6B7 
 142      B5
 143 0294 F83B781A 		.ascii	"\370;x\032\237\372\016D\017\337\234?~2\360I^\250\025"
 143      9FFA0E44 
 143      0FDF9C3F 
 143      7E32F049 
 143      5EA815
 144 02a7 50FDE2FB 		.ascii	"P\375\342\373\300K\004\313\033\327\237\220\343\332\305"
 144      C04B04CB 
 144      1BD79F90 
 144      E3DAC5
 145 02b6 A242BB56 		.ascii	"\242B\273V\354pi\266\354\314\234,\333\211L\315v\306"
 145      EC7069B6 
 145      ECCC9C2C 
 145      DB894CCD 
 145      76C6
 146 02c8 915574C4 		.ascii	"\221Ut\304V\\\354\324\012\035\371\371\005\366\313\271"
 146      565CECD4 
 146      0A1DF9F9 
 146      05F6CBB9 
 147 02d8 2576AD34 		.ascii	"%v\2554\353\274\346,\311\323JK\\9\256\242bG\336\321"
 147      EBBCE62C 
 147      C9D34A4B 
 147      5C39AEA2 
 147      6247DED1 
 148 02ec 3CA24AC3 		.ascii	"<\242J\303Thw:s/\330\235\254 \327\351\372\003\215\217"
 148      5468773A 
 148      732FD89D 
 148      AC20D7E9 
 148      FA038D8F 
 149 0300 8E6A     		.ascii	"\216j"
 150              		.text
 151              		.section	.gnu.lto_urtTopicBufferSize.b621eaa3595f1197,"e",%progbits
 152 0000 789C9553 		.ascii	"x\234\225S]HTA\024\236s\317\334uw\335\355!\204 +|HD"
 152      5D485441 
 152      149E73CF 
 152      DC7577DD 
 152      ED218420 
 153 0018 A8AE8FBE 		.ascii	"\250\256\217\276\004J\330K\024d\275K\250\324B\376\340"
 153      044AD84B 
 153      1464BD4B 
 153      A8D442FE 
 153      E0
 154 0029 0F412FCE 		.ascii	"\017A/\316\256k\321\017Jd\251\321\266\376`*\224i\211"
 154      AE6BD10F 
 154      4A64A9D1 
 154      B6FE602A 
 154      946989
 155 003c A4F9B3A6 		.ascii	"\244\371\263\246\371_\351\202\212\006\012\241Q\222\245"
 155      F95FE982 
 155      8A060AA1 
 155      5192A5
 156 004b 2F5242DA 		.ascii	"/RB\332\231\331+\231e\320\205{93s\316\367s\316\\+\003"
ARM GAS  /tmp/ccunYcid.s 			page 12


 156      99D92B99 
 156      65D0857B 
 156      393373CE 
 156      F773CE5C 
 157 0061 B69F3376 		.ascii	"\266\2373v\2121v\232^\2600\320\204\020\011an\253\006"
 157      8A31769A 
 157      5EB030D0 
 157      84100961 
 157      6EAB06
 158 0074 DC8CD08C 		.ascii	"\334\214\320\214z\254\\\303\340\362Z<\027v\275\261\244"
 158      7AAC5CC3 
 158      E0F25A3C 
 158      1776BDB1 
 158      A4
 159 0085 288C0B87 		.ascii	"(\214\013\207\016\240\316\204\025X\201\206\\\207\002"
 159      0EA0CE84 
 159      15588186 
 159      5C8702
 160 0094 8D00379F 		.ascii	"\215\0007\237\022,C\230\365\370\2769\212\321\217\014"
 160      122C4398 
 160      F5F8BE39 
 160      8AD18F0C 
 161 00a4 382D4B87 		.ascii	"8-K\207[\206\354r\011\020EK\357\344\2036\036['\204G"
 161      5B86EC72 
 161      0910454B 
 161      EFE48336 
 161      1E5B2784 
 162 00b9 04CAD6ED 		.ascii	"\004\312\326\355\345-c\302\346G\215UP\372\013\210\204"
 162      E52D63C2 
 162      E6478D55 
 162      50FA0B88 
 162      84
 163 00ca 76885450 		.ascii	"v\210TP\320\001\261\224\276pki1\014\023\200Q\\4\337"
 163      D001B194 
 163      BE706B69 
 163      310C1380 
 163      515C34DF 
 164 00de 3D618FA9 		.ascii	"=a\217\251U\245}\265(\016\372\021\241\023\360\267R\332"
 164      55A57DB5 
 164      280EFA11 
 164      A113F0B7 
 164      52DA
 165 00f0 A3E22E88 		.ascii	"\243\342.\210a\262\244\332=1\342\304\343\252|\245\250"
 165      61B2A4DA 
 165      3D31E2C4 
 165      E3AA7CA5 
 165      A8
 166 0101 2BE88CAE 		.ascii	"+\350\214\256Q\345\037\036ET\025\212A\301\211\032\272"
 166      51E51F1E 
 166      4554158A 
 166      41C1891A 
 166      BA
 167 0112 B741C887 		.ascii	"\267A\310\207\362\3377\257\337qZ8\004 Z\252\223\232"
 167      F2DF37AF 
 167      DF715A38 
 167      04205AAA 
 167      939A
ARM GAS  /tmp/ccunYcid.s 			page 13


 168 0124 7AC00274 		.ascii	"z\300\002t2\332\3246\305\361\204B\275\275\324\336l1"
 168      32DAD436 
 168      C5F18442 
 168      BDBDD4DE 
 168      6C31
 169 0136 51271F1F 		.ascii	"Q'\037\037\2506Q9\274\3747j/\241J<\011\333G\260\214"
 169      A8365139 
 169      BCFC376A 
 169      2FA14A3C 
 169      09DB47B0 
 170 014b 699249EE 		.ascii	"i\222I\356?\011\352\001\261\276qU\004\372\017U5\354"
 170      3F09EA01 
 170      B1BE7155 
 170      04FA0F55 
 170      35EC
 171 015d 710299D2 		.ascii	"q\002\231\3225\372p\302\243\034\256\276:\223\271\026"
 171      35FA70C2 
 171      A31CAEBE 
 171      3A93B916 
 172 016d 905E6D2A 		.ascii	"\220^m*\016W\373\016\0253v\003\331\362Z}<\210\000c7"
 172      0E57FB0E 
 172      15337603 
 172      D9F25A7D 
 172      3C880063 
 173 0182 5153B19B 		.ascii	"QS\261\233\342E\360\224^\3771\355\220\344>\224v\212"
 173      E245F094 
 173      5EFF31ED 
 173      90E43E94 
 173      768A
 174 0194 0BBFCE5A 		.ascii	"\013\277\316Z\345\204P9\012\3144M\357\252\205\0327M"
 174      E5845039 
 174      0ACC344D 
 174      EFAA851A 
 174      374D
 175 01a6 3ACA8F94 		.ascii	":\312\217\224d\201W\322\001\235\271\375s\317-q\215\""
 175      648157D2 
 175      019DB9FD 
 175      73CF2D71 
 175      8D22
 176 01b8 741406FD 		.ascii	"t\024\006\375P\013\345hZ\353\230\233\177\252y\301c\026"
 176      500BE568 
 176      5AEB989B 
 176      7FAA79C1 
 176      6316
 177 01ca EA300071 		.ascii	"\3520\000q\344n\020\274\300>\2037J\331\245<_\375\350"
 177      E46E10BC 
 177      C03E8337 
 177      4AD9A53C 
 177      5FFDE8
 178 01dd 864DE659 		.ascii	"\206M\346Y\375h\255 R\006C2\207\324\370\321&\005v|\232"
 178      FD68AD20 
 178      52064332 
 178      87D4F8D1 
 178      2605767C 
 179 01f2 79B55BB6 		.ascii	"y\265[\266\305\207\332\177)\3420\254\024\201l\353\010"
 179      C587DA7F 
 179      29E230AC 
ARM GAS  /tmp/ccunYcid.s 			page 14


 179      14816CEB 
 179      08
 180 0203 D14BB021 		.ascii	"\321K\260!#\004e\333\352\225\377\341\265\362!R\217\355"
 180      230465DB 
 180      EA95FFE1 
 180      B5F22152 
 180      8FED
 181 0215 4409A37F 		.ascii	"D\011\243\177\005\017\207\327\012\\\223\340o\2447j,"
 181      050F87D7 
 181      0A5C93E0 
 181      6FA4376A 
 181      2C
 182 0226 96144D0D 		.ascii	"\226\024M\015\240\354,.B\341\375+\235\357\"Bl\341>\224"
 182      A0EC2C2E 
 182      42E1FD2B 
 182      9DEF2242 
 182      6CE13E94 
 183 023a D7BFF5DA 		.ascii	"\327\277\365\332R\203M\022j\000\360\226pM{\231\241,"
 183      52834D12 
 183      6A00F096 
 183      704D7B99 
 183      A12C
 184 024c C77611EB 		.ascii	"\307v\021\353\316\220\010}G\021c\277D\214\233\"\344"
 184      CE90087D 
 184      471163BF 
 184      448C9B22 
 184      E4
 185 025d 0F2BB814 		.ascii	"\017+\270\024\001\013\340\375\330\273\317\354\035\301"
 185      010BE0FD 
 185      D8BBCFEC 
 185      1DC1
 186 026b C8D9AC02 		.ascii	"\310\331\254\002\227\324\332\275g\343@\302p\2555v\025"
 186      97D4DABD 
 186      67E340C2 
 186      70AD3576 
 186      15
 187 027c 746A8836 		.ascii	"tj\2106\323\372\235\222\034\030\314$\024}e\363\216\320"
 187      D3FA9D92 
 187      1C18CC24 
 187      147D65F3 
 187      8ED0
 188 028e B42A37EE 		.ascii	"\264*7\356\342\016\003#j\010n\031\330\027\360T\326\225"
 188      E20E0323 
 188      6A086E19 
 188      D817F054 
 188      D695
 189 02a0 ED0D5D28 		.ascii	"\355\015](T|H\346\271\274\203\260\262y\007\031;j\\\310"
 189      547C48E6 
 189      B9BC83B0 
 189      B2790719 
 189      3B6A5CC8 
 190 02b4 CA4837B2 		.ascii	"\312H7\262]yF\342\231\244\224\344\304cIF\342IWr\326"
 190      5D7946E2 
 190      99A494E4 
 190      C4634946 
 190      E2495772 
 191 02c9 E1C4ECEC 		.ascii	"\341\304\354\354\\#\303\225\226v1\375\322\271\234t#"
ARM GAS  /tmp/ccunYcid.s 			page 15


 191      5C23C395 
 191      967631FD 
 191      D2B99C74 
 191      23
 192 02da 3FF9AC91 		.ascii	"?\371\254\221\233\223j\344\347\344\245\344ee\273R\217"
 192      9B936AE4 
 192      E7E4A5E4 
 192      6565BB52 
 192      8F
 193 02eb A4325D05 		.ascii	"\2442]\005<\327u9\0353r\317\377\004\270\276p\024"
 193      3CD77539 
 193      1D3372CF 
 193      FF04B8BE 
 193      7014
 194              		.text
 195              		.section	.gnu.lto_.symbol_nodes.b621eaa3595f1197,"e",%progbits
 196 0000 789C6DD0 		.ascii	"x\234m\320\271\021\302P\014\004\320\325\312\307\377"
 196      B911C250 
 196      0C04D0D5 
 196      CAC7FF
 197 000f 6E823608 		.ascii	"n\2026\010a\206V\250C\016(\200\"\010\250\201\230\230"
 197      618656A8 
 197      430E2880 
 197      2208A881 
 197      9898
 198 0021 88CB1C19 		.ascii	"\210\313\034\031\005@J\002\337\007\021R\264\243\247"
 198      05404A02 
 198      DF071152 
 198      B4A3A7
 199 0030 51B00182 		.ascii	"Q\260\001\202\271\000\340\236\206:M&\313\035`\300\246"
 199      B900E09E 
 199      863A4D26 
 199      CB1D60C0 
 199      A6
 200 0041 9EA215F0 		.ascii	"\236\242\025\360@\223\347{=\376\227#\215\256\310\225"
 200      4093E77B 
 200      3DFE9723 
 200      8DAEC895 
 201 0051 A69F6146 		.ascii	"\246\237aF\035#\275\237$\271\3202_\032Z\356\313\231"
 201      1D23BD9F 
 201      24B9D032 
 201      5F1A5AEE 
 201      CB99
 202 0063 56F872A2 		.ascii	"V\370r\242\225\276\334i\301\227\033-\272\242(\373\012"
 202      95BEDC69 
 202      C1971B2D 
 202      BAA228FB 
 202      0A
 203 0074 16A228FA 		.ascii	"\026\242(\372\270*\024y\037\037)f\303A\245\320a[\251"
 203      B82A1479 
 203      1F1F2966 
 203      C341A5D0 
 203      615BA9
 204 0087 C4575BC2 		.ascii	"\304W[\302VTB\227\322%cW\314L\371[\341\013\356\375\206"
 204      56544297 
 204      D2256357 
 204      CC4CF95B 
ARM GAS  /tmp/ccunYcid.s 			page 16


 204      E10BEEFD 
 205 009c DF       		.ascii	"\337"
 206              		.text
 207              		.section	.gnu.lto_.refs.b621eaa3595f1197,"e",%progbits
 208 0000 789CE360 		.ascii	"x\234\343``\004B \000\000\000]\000\013"
 208      60044220 
 208      0000005D 
 208      000B
 209              		.text
 210              		.section	.gnu.lto_.decls.b621eaa3595f1197,"e",%progbits
 211 0000 789C9D5A 		.ascii	"x\234\235Z\013PT\331\231\356\323\247\033\232\246\033"
 211      0B5054D9 
 211      99EED3A7 
 211      1B9AA61B 
 212 0010 1C7126B3 		.ascii	"\034q&\263q65\225X\211[;\0163\225Tv\246\222\335d\342"
 212      71363595 
 212      58895B3B 
 212      0E339554 
 212      76A692DD 
 213 0026 4E6DB235 		.ascii	"Nm\2625\263\26353\311Vvk\213i\241\325\336\3600\335\015"
 213      B3B33533 
 213      C956766B 
 213      8B69A1D5 
 213      DEF030DD 
 214 003b A3D9471A 		.ascii	"\243\331G\032\033y\250<| \362\024\004\004\004\024\020"
 214      1B79A83C 
 214      7C20F214 
 214      04040414 
 214      10
 215 004c 1195F74B 		.ascii	"\021\225\367K\336\240((\310SDP\361\001\012\202\210\373"
 215      DEA02828 
 215      C8534450 
 215      F1010A82 
 215      88FB
 216 005e 9F73EEED 		.ascii	"\237s\356\355\276\267o\367\304\244\365\347\336s\357"
 216      BEB76FF7 
 216      C4A4F5E7 
 216      DE73EF
 217 006d F7FFFF77 		.ascii	"\367\377\377w\376\363\237g\267J\206d!\233d\262\217U"
 217      FEF39F67 
 217      B74A8664 
 217      219B64B2 
 217      8F55
 218 007f 32D93B72 		.ascii	"2\331;r\231\354%|\0242\231\3542\210\022$\022\311d\177"
 218      99EC257C 
 218      143299EC 
 218      32881224 
 218      12C9647F 
 219 0093 03B20DEE 		.ascii	"\003\262\015\356\243\340\032\015B>j\220\243p\237\016"
 219      A3E01A0D 
 219      423E6A90 
 219      A3709F0E 
 220 00a3 9205920B 		.ascii	"\222\005\222\013R\004R\012r\036\244\032\244\026\244"
 220      5204520A 
 220      721EA41A 
 220      A416A4
 221 00b2 9EC30B3F 		.ascii	"\236\303\013?\357c\231\354{p=\002\357\326\302u\235\023"
ARM GAS  /tmp/ccunYcid.s 			page 17


 221      EF6399EC 
 221      7B703D02 
 221      EFD6C275 
 221      9D13
 222 00c4 3F0D208D 		.ascii	"?\015 \215\234\277&\220= \315 \337\003i\001\251\002"
 222      9CBF2690 
 222      3D20CD20 
 222      DF036901 
 222      A902
 223 00d6 5903D206 		.ascii	"Y\003\322\006\322\0122\0042\010\272\012\270\336\004"
 223      D20A3204 
 223      3208BA0A 
 223      B8DE04
 224 00e5 A9049987 		.ascii	"\251\004\231\207\3620\\K@:\340\336\033\352\3675\321"
 224      F2305C4B 
 224      403AE0DE 
 224      1BEAF735 
 224      D1
 225 00f6 836B215C 		.ascii	"\203k!\\_\203\353Z\220\034\270\327\302\373?\302\365"
 225      5F83EB5A 
 225      901CB8D7 
 225      C2FB3FC2 
 225      F5
 226 0107 0F205690 		.ascii	"\017 V\220]\344\031\310\377\200\354\006\331\011\362"
 226      5DE419C8 
 226      FF80EC06 
 226      D909F2
 227 0116 7F201690 		.ascii	"\177 \026\220p\220\377\006\271\017:\356\\\034H}\377"
 227      7090FF06 
 227      B90F3AEE 
 227      5C1C487D 
 227      FF
 228 0127 4ACEEA5E 		.ascii	"J\316\352^\312\305\"\327I\335\177\002u\3278\251{4\307"
 228      CAC522D7 
 228      49DD7F02 
 228      75D738A9 
 228      7B34C7
 229 013a 278AE3BD 		.ascii	"'\212\343\275\307\241\256\240F\375Y9\036\244\234\316"
 229      C7A1AEA0 
 229      46FD5939 
 229      1EA49CCE 
 230 014a C5B7D689 		.ascii	"\305\267\326\211\237\315\234\037\336\307\240\300O\024"
 230      9FCD9C1F 
 230      DEC7A0C0 
 230      4F14
 231 0158 92DA273E 		.ascii	"\222\332'>\211\177,\360A\374\221r\3267\370I\302hdw\372"
 231      897F2CF0 
 231      41FC9172 
 231      D637F849 
 231      C2686477 
 232 016d 334D1C46 		.ascii	"3M\034Fk\325H\001\305\303\355\345mj(\256S\243\267\241"
 232      6BD54801 
 232      C5C3EDE5 
 232      6D6A28AE 
 232      53A3B7A1 
 233 0181 F8E24EC3 		.ascii	"\370\342N\303)%{{\235\240/\037\032\034\365`\345\017"
 233      29257B7B 
ARM GAS  /tmp/ccunYcid.s 			page 18


 233      9DA02F1F 
 233      1A1CF560 
 233      E50F
 234 0193 A0D89B7D 		.ascii	"\240\330\233}8\312\235\241\3530\224+\022\316E*\330\353"
 234      38CA9DA1 
 234      EB30942B 
 234      12CE452A 
 234      D8EB
 235 01a5 5E026FAA 		.ascii	"^\002o\252\\NVc9\"\367\253\307\222G\265\3705z\177e:"
 235      5C4E5663 
 235      3922F7AB 
 235      C79247B5 
 235      F8357A7F 
 236 01bb BED7D3B7 		.ascii	"\276\327\323\267\330\302>\252\014,C\365\010\333I\035"
 236      D8C23EAA 
 236      0C2C43F5 
 236      08DB491D 
 237 01cb B43E1896 		.ascii	"\264>\030\226\343\177\243\330\222}\217s\274|\016pX\013"
 237      E37FA3D8 
 237      927D8F73 
 237      BC7C0E70 
 237      580B
 238 01dd A2D5408D 		.ascii	"\242\325@\215\010\254#\037\324\200|9\235\306\274\244"
 238      08AC231F 
 238      D4807C39 
 238      9DC6BCA4 
 239 01ed 6C9566AF 		.ascii	"l\225f\257\305\262\333\222i\265x\374\222\276\276\210"
 239      C5B2DB92 
 239      69B578FC 
 239      92BEBE88 
 240 01fd D6A30B68 		.ascii	"\326\243\013h=(4#\015\303u\244\366\206\253\031\307V"
 240      3D283423 
 240      0DC375A4 
 240      F686AB19 
 240      C756
 241 020f 522EBB53 		.ascii	"R.\273S\326\242\304\006\352\253*\362E\015\251\317o\325"
 241      D6A2C406 
 241      EAAB2AF2 
 241      450DA9CF 
 241      6FD5
 242 0221 8874256F 		.ascii	"\210t%oxt\351\341\354U\304\036\021\304\343\227y\343"
 242      7874E9E1 
 242      EC55C41E 
 242      11C4E397 
 242      79E3
 243 0233 6E7827BD 		.ascii	"nx'\275/\0378[\343\245\216\266y\224\331\334\241vD5\200"
 243      2F1F385B 
 243      E3A58EB6 
 243      7994D9DC 
 243      A1764435 
 244 0248 1D6A8367 		.ascii	"\035j\203g\255\360\014\024\332N\235\334\257\305\321"
 244      ADF00C14 
 244      DA4E9DDC 
 244      AFC5D1
 245 0257 886A0FD7 		.ascii	"\210j\017\3277\026\312\361\021V8=5\361T!\251d\027X\351"
 245      3716CAF1 
 245      1156383D 
ARM GAS  /tmp/ccunYcid.s 			page 19


 245      35F15421 
 245      A9641758 
 246 026c 16553272 		.ascii	"\026U2r2\347\274;>\316\224\232\026\252s\245\221\351"
 246      32E7BC3B 
 246      3ECE949A 
 246      16AA73A5 
 246      91E9
 247 027e 912875A7 		.ascii	"\221(u\2477W\311\205\221\351\025E\3462\037\231\333\307"
 247      3757C985 
 247      91E91545 
 247      E6321F99 
 247      DBC7
 248 0290 EFBFCE02 		.ascii	"\357\277\316\002\263Q\220\011kY&\234\2748sT\316\232"
 248      B3519009 
 248      6B59269C 
 248      BC387354 
 248      CE9A
 249 02a2 DA222795 		.ascii	"\332\"'\225\237\216\334\213p\011cR\\\261?\325\235a\337"
 249      9F8EDC8B 
 249      70096352 
 249      5CB13FD5 
 249      9D61DF
 250 02b5 8462D6B5 		.ascii	"\204b\326\265\336\335\210\025\327@\361x\370\265\016"
 250      DEDD8815 
 250      D740F178 
 250      F8B50E
 251 02c4 2DAE67D0 		.ascii	"-\256g\320\234\245\207\3474\270\205\025\256=L\212\222"
 251      9CA587E7 
 251      34B88515 
 251      AE3D4C8A 
 251      92
 252 02d5 3B8FE00D 		.ascii	";\217\340\015\247\021\254Z8\232\357\215\273\230v\355"
 252      A711AC5A 
 252      389AEF8D 
 252      BB9876ED 
 253 02e5 CB23B55C 		.ascii	"\313#\265\\\266\251\240\230x\262~E\303%#y\035S\267\267"
 253      B6A9A098 
 253      78B27E45 
 253      C3252379 
 253      1D53B7B7 
 254 02f9 498DAF31 		.ascii	"I\215\2571lRR\322\031\025\036d\205\242\207O/\022\272"
 254      6C5252D2 
 254      19151E64 
 254      85A2874F 
 254      2F12BA
 255 030c 1BD5E88F 		.ascii	"\033\325\350\217\202&\336\310\2328*\"?\336\023O3\350"
 255      8226DEC8 
 255      9A382A22 
 255      3FDE134F 
 255      33E8
 256 031e D8E19846 		.ascii	"\330\341\230F7\306\260\304jy-\374}\031\032\006:7\011"
 256      37C6B0C4 
 256      6A792DFC 
 256      7D191A06 
 256      3A3709
 257 0331 C5094475 		.ascii	"\305\011Du\010\305qx6F)\312kK\243S\335\320\006\237\343"
 257      08C57178 
ARM GAS  /tmp/ccunYcid.s 			page 20


 257      364629CA 
 257      6B4BA353 
 257      DDD0069F 
 258 0346 44A7AEA7 		.ascii	"D\247\256\247\346G\027+\357[,\023\026\214n!5\032\001"
 258      E647172B 
 258      EF5B2C13 
 258      168C6E21 
 258      351A01
 259 0359 9DDB107E 		.ascii	"\235\333\020~\336\210\014\371\222?\357\303\037\332\220"
 259      DE880CF9 
 259      923FEFC3 
 259      1FDA90
 260 0368 E0C482DE 		.ascii	"\340\304\202\336\0248\031\345\024\210\227I\264\201k"
 260      143819E5 
 260      14889749 
 260      B4816B
 261 0377 D2F08737 		.ascii	"\322\360\2077\337\301\245\254ce\\I\270\245\364q\256"
 261      DFC1A5AC 
 261      63655C49 
 261      B8A5F471 
 261      AE
 262 0388 3DE554BB 		.ascii	"=\345T\273\"/\366.\3065L=\341\346R\225'\256g\005\353"
 262      222FF62E 
 262      C6354C3D 
 262      E1E65295 
 262      27AE6705 
 263 039d D9D56224 		.ascii	"\331\325b$L\225nQ\252\334\345S\245\354z\356\2607n\241"
 263      4C956E51 
 263      AADCE553 
 263      A5EC7AEE 
 263      B0376EA1 
 264 03b1 4AEE1D79 		.ascii	"J\356\035yOOx\241\015\344\343\263\201U{`\350\203\264"
 264      4F4F78A1 
 264      0DE4E3B3 
 264      81557B60 
 264      E883B4
 265 03c4 91698BE5 		.ascii	"\221i\213\345\340\233D\007\315\000\215\307\"K\266Z3"
 265      E09B4407 
 265      CD008DC7 
 265      224BB65A 
 265      33
 266 03d5 7CFFB1B5 		.ascii	"|\377\261\265YVK\353Wh\233\006\015I\300\003H\200\266"
 266      59564BEB 
 266      57689B06 
 266      0D49C003 
 266      4880B6
 267 03e8 58EA1E64 		.ascii	"X\352\036d\254)\263Z\242\255\032t\007p#\034\336\036"
 267      AC29B35A 
 267      A2AD1A74 
 267      0770231C 
 267      DE1E
 268 03fa D29B486C 		.ascii	"\322\233Hl}*\177\035\263>\010-pOb\276\337\001\276\220"
 268      7D2A7F1D 
 268      B33E082D 
 268      704F62BE 
 268      DF01BE90 
 269 040e FEC6710A 		.ascii	"\376\306q\012\357\000\370\264s\352\027\021\337b\011"
ARM GAS  /tmp/ccunYcid.s 			page 21


 269      EF00F8B4 
 269      73EA1711 
 269      DF6209
 270 041d 1616F3AB 		.ascii	"\026\026\363\253\000\350#1\357\3424H\314\357\243\015"
 270      00E82331 
 270      EFE23448 
 270      CCEFA30D 
 271 042d E811C803 		.ascii	"\350\021\310\003\220Y\2209\220\207\254\035\230\257\325"
 271      90599039 
 271      9087AC1D 
 271      98AFD5
 272 043c 63026AD7 		.ascii	"c\002j\327]\324\234:\203\250\307'\357i\320\3728\367"
 272      5DD49C3A 
 272      83A8C727 
 272      EF69D0FA 
 272      38F7
 273 044e DAF36A5E 		.ascii	"\332\363j^\301\312\371\354\230\022-N\301\264\301;#b"
 273      C1CAF9EC 
 273      98122D4E 
 273      C1B4C13B 
 273      2362
 274 0460 AFA8F109 		.ascii	"\257\250\361\011VX>t\376\254'>\317\012=\035\023z\\\313"
 274      56583E74 
 274      FEAC273E 
 274      CF0A3D1D 
 274      137A5CCB 
 275 0474 EE279E14 		.ascii	"\356'\236\024\347\311%#\315\"\270|&\032i\346z\222\266"
 275      E7C92523 
 275      CD22B87C 
 275      261A69E6 
 275      7A92B6
 276 0487 E256A673 		.ascii	"\342V\246s\250=\346\236Z\242\263$\321\271r\264\365["
 276      A83DE69E 
 276      5AA2B324 
 276      D1B972B4 
 276      F55B
 277 0499 C28C5B16 		.ascii	"\302\214[\026\005\3409\237q\231\015\343\233p\0375\215"
 277      05E0399F 
 277      71990DE3 
 277      9B701F35 
 277      8D
 278 04aa ADCFA77E 		.ascii	"\255\317\247~\203|6l\260GB!\310yB\353\005\027\211\227"
 278      837C366C 
 278      B0474221 
 278      C87942EB 
 278      05178997 
 279 04be 50F35561 		.ascii	"P\363Ua\274/=\377\351\321',1\3014Z\341\260\316Z\227"
 279      BC2F3DFF 
 279      E9D1272C 
 279      31C1345A 
 279      E1B0CE5A 
 280 04d3 29CCBD99 		.ascii	")\314\275\231b\251\213p\243\350\031\347\350\367Y\353"
 280      62A98B70 
 280      A3E819E7 
 280      E8F759EB 
 281 04e3 241E3A7A 		.ascii	"$\036:z\033\3738\347\264\344\234\023\014\027\311\345"
 281      1BFB38E7 
ARM GAS  /tmp/ccunYcid.s 			page 22


 281      B4E49C13 
 281      0C17C9E5 
 282 04f3 57EE29A0 		.ascii	"W\356)\2402\316\365\236\202^\270\234\351\355\226\363"
 282      32CEF59E 
 282      825EB89C 
 282      E9ED96F3 
 283 0503 F5802EB0 		.ascii	"\365\200.\260\030\215W\346\"h=,\360~\201\3039\031V\200"
 283      188D57E6 
 283      22683D2C 
 283      F07E81C3 
 283      39195680 
 284 0517 D9407EFD 		.ascii	"\331@~\375\0235>\243\240\355\362\340Z\301F\027,\255"
 284      13353EA3 
 284      A0EDF2E0 
 284      5AC14617 
 284      2CAD
 285 0529 72893750 		.ascii	"r\2117PX\271\335z\306\02372\355\316\362\264\011/|\215"
 285      58B9DD7A 
 285      C6133732 
 285      EDCEF2B4 
 285      092F7C8D 
 286 053d 151A6726 		.ascii	"\025\032g&\243\325x\224\025J\017_~\351\206\357\263\302"
 286      A3D57894 
 286      154A0F5F 
 286      7EE986EF 
 286      B3C2
 287 054f B3E19C2E 		.ascii	"\263\341\234.\017I\343G\203\375\030\271\260\361{J\373"
 287      0F49E347 
 287      83FD18B9 
 287      B0F17B4A 
 287      FB
 288 0560 C2BDF073 		.ascii	"\302\275\360s\246T\334vm\014K\224\366J\224J_T\366{\013"
 288      A654DC76 
 288      6D0C4B94 
 288      F64A944A 
 288      5F54F67B 
 289 0575 53669F5C 		.ascii	"Sf\237\\\330&\373\345,e\344s\371\013\325r\333H|\247"
 289      D826FBE5 
 289      2C65E473 
 289      F90BD572 
 289      DB487CA7 
 290 0589 00A736C6 		.ascii	"\000\2476\306\305Z2wc\002\241\215\031'w\332\230\224"
 290      C55A3277 
 290      6302A18D 
 290      192777DA 
 290      9894
 291 059b 42A69545 		.ascii	"B\246\225E\3076#E\311\231\002\211N\254-:Ew\"o\252\361"
 291      C7362345 
 291      C9990289 
 291      4EAC2D3A 
 291      4577226F 
 292 05b1 4525ADC1 		.ascii	"E%\255\301\011kL\022\327O$\352\361N\325\213_\336I\365"
 292      096B4C12 
 292      D74F24EA 
 292      F14ED58B 
 292      5FDE49F5 
 293 05c5 E6A65504 		.ascii	"\346\246U\004\345\245s\243S\030\3670s\205\213\021g\275"
ARM GAS  /tmp/ccunYcid.s 			page 23


 293      E5A573A3 
 293      5318F730 
 293      73858B11 
 293      67BD
 294 05d7 F15556B8 		.ascii	"\361UV\2707U\330/\307\203\254\020\021\225\334&\355\220"
 294      3755D82F 
 294      C783AC10 
 294      1195DC26 
 294      ED90
 295 05e9 87C145A2 		.ascii	"\207\301E\242(Tg^\026Db<\311)==\266\240\224(\035\221"
 295      2854675E 
 295      1644623C 
 295      C9293D3D 
 295      B6A09428 
 296 05ff 281D29EC 		.ascii	"(\035)\354J\027\255\244\222Da:\312\305\027\255\344\366"
 296      4A17ADA4 
 296      9244613A 
 296      CAC517AD 
 296      E4F6
 297 0611 5C57E159 		.ascii	"\\W\341Yf|r\276\350\211\267\304x2\030O\021\031\257\177"
 297      667C72BE 
 297      E889B7C4 
 297      7832184F 
 297      1119AF7F 
 298 0625 71234D8D 		.ascii	"q#M\215\027\230R}\371\355S\322\025L\252D\251,\274h\310"
 298      1798527D 
 298      F9ED53D2 
 298      154CAA44 
 298      A92CBC68 
 299 063a 5DC8284D 		.ascii	"]\310(M\304(\235c\244\210\256\2309\010-n\233\206\346"
 299      C4289D63 
 299      A488AE98 
 299      39082D6E 
 299      9B86E6
 300 064d 6BF14AB9 		.ascii	"k\361J\271\305\022\243!\244\321!\260\233)R\274\3510"
 300      C512A321 
 300      A4D121B0 
 300      9B2952BC 
 300      E930
 301 065f B1F427B9 		.ascii	"\261\364'\271\207\323\336\316\367\251L\347}J\324}\016"
 301      87D3DECE 
 301      F7A94CE7 
 301      7D4AD47D 
 301      0E
 302 0670 C8D7D371 		.ascii	"\310\327\323q\232V6\223k\341c\362\015(\003$K.\030|\026"
 302      9A563693 
 302      6BE163F2 
 302      0D280324 
 302      4B2E187C 
 303 0685 F2DCD960 		.ascii	"\362\334\331`\222\316\345\23736\374`?:|\177H\203O\272"
 303      92CEE59F 
 303      3336FC60 
 303      3F3A7C7F 
 303      48834FBA 
 304 0699 D1408DCE 		.ascii	"\321@\215\316^,\325\3708w{\334\265[\262blN\270\250e"
 304      5E2CD5F8 
 304      38777BDC 
ARM GAS  /tmp/ccunYcid.s 			page 24


 304      B55BB262 
 304      6C4EB8A8 
 305 06ae 8B24B960 		.ascii	"\213$\271`i\266\216-\315\262\317\026\347\223\364\373"
 305      69B68E2D 
 305      CDB2CF16 
 305      E793F4FB 
 306 06be 3E59F062 		.ascii	">Y\360b\301Z\350\373l-\2246;^\241\302\225\214\304\311"
 306      C15AE8FB 
 306      6C2D9436 
 306      3B5EA1C2 
 306      958CC4C9 
 307 06d2 8C96610F 		.ascii	"\214\226a\017\266\026J\260Z\224\033e(\0278\344\310\201"
 307      B6164AB0 
 307      5A941B65 
 307      281738E4 
 307      C881
 308 06e4 43BE9CAA 		.ascii	"C\276\234\252\020\012y\360\354\204\234\256\326V\243"
 308      100A79F0 
 308      EC849CAE 
 308      D656A3
 309 06f3 27A6DD70 		.ascii	"'\246\335p\013\323\256\276\224\030(i\352\223\240W(j"
 309      0BD3AEBE 
 309      94182869 
 309      EA93A057 
 309      286A
 310 0705 EA47E30B 		.ascii	"\352G\343\013%^\302\246.\024\305\250\210O\276\263\031"
 310      255EC2A6 
 310      2E14C5A8 
 310      884FBEB3 
 310      19
 311 0716 592D5CBD 		.ascii	"Y-\\\275\022H\307\271\225\327\230\301w$\017\262\350"
 311      1248C7B9 
 311      95D798C1 
 311      77240FB2 
 311      E8
 312 0727 9D8D9FD1 		.ascii	"\235\215\237\321\342^\346\273\361\334\320\214\234\201"
 312      E25EE6BB 
 312      F1DCD08C 
 312      9C81
 313 0735 DF235DE9 		.ascii	"\337#]\351\344\340U/|\203\275;U\364\274D\255\200\315"
 313      E4E0552F 
 313      7C83BD3B 
 313      55F4BC44 
 313      AD80CD
 314 0748 13597B84 		.ascii	"\023Y{\204*\350\224\324\330Z\354\375\255D\032m\253e"
 314      2AE894D4 
 314      D85AECFD 
 314      AD441A6D 
 314      AB65
 315 075a 8D1C6D7F 		.ascii	"\215\034m\177\303VU\031:#\377\226\014\225\311\025\214"
 315      C3565519 
 315      3A23FF96 
 315      0C95C915 
 315      8C
 316 076b 47C3D553 		.ascii	"G\303\325S\013\236B\276\360Z\300\267\034Z\232V\016\240"
 316      0B9E42BE 
 316      F05AC0B7 
ARM GAS  /tmp/ccunYcid.s 			page 25


 316      1C5A9A56 
 316      0EA0
 317 077d 57DBFA27 		.ascii	"W\333\372'0\236`n\313G\332\366y\270\322Cg!.B\325\303"
 317      309E606E 
 317      CB47DAF6 
 317      79B8D243 
 317      67212E42 
 318 0793 676FF473 		.ascii	"go\364s\3332\013i\246\261\354\205J\204\237\271\254A"
 318      DB320B69 
 318      A6B1EC85 
 318      4A849FB9 
 318      AC41
 319 07a5 5DF98533 		.ascii	"]\371\2053\032\274\312\336\307\216\345\024I\007\343"
 319      1ABCCADE 
 319      C78EE514 
 319      4907E3
 320 07b4 0BE0E2A2 		.ascii	"\013\340\342\242(\364u\317+!\343\342\335\251\322\231"
 320      28F475CF 
 320      2B21E3E2 
 320      DDA9D299 
 321 07c4 E8AA318D 		.ascii	"\350\2521\215D\251J\242\3243Pu"
 321      44A94AA2 
 321      D4335075 
 322 07d0 55548F6A 		.ascii	"UT\217jQ{\325\360\3555\\\321\221\247\245$\341\021:/"
 322      517BD5F0 
 322      ED355CD1 
 322      91A7A524 
 322      E1113A2F 
 323 07e4 A734D3FA 		.ascii	"\2474\323\372O\267\253\\\006\272\216\004\272\226\017"
 323      4FB7AB5C 
 323      06BA8E04 
 323      BA960F
 324 07f3 74FBCA4A 		.ascii	"t\373\312J\206B\350\250N\024\350zA\264\362\317\035."
 324      8642E8A8 
 324      4E14E87A 
 324      41B4F2CF 
 324      1D2E
 325 0805 F4C4C758 		.ascii	"\364\304\307XE\026\273;\246]\352\241\006\250\220Pux"
 325      4516BB3B 
 325      A65DEAA1 
 325      06A89050 
 325      7578
 326 0817 CF852615 		.ascii	"\317\205&\025\316g\252\355\023\025[p)\273\237*\263\026"
 326      CE67AAED 
 326      13155B70 
 326      29BB9F2A 
 326      B316
 327 0829 A85C6C04 		.ascii	"\250\\l\004\232\345N6\002\250|(\377\242'nb\352mY\247"
 327      9AE54E36 
 327      02A87C28 
 327      FFA2276E 
 327      62EA6D59 
 328 083e 1F403AB2 		.ascii	"\037@:\262\302@\357b\207\306\305\212\275U\356l\305\336"
 328      C240EF62 
 328      87C6C58A 
 328      BD55EE6C 
 328      C5DE
ARM GAS  /tmp/ccunYcid.s 			page 26


 329 0850 DE3BF788 		.ascii	"\336;\367\210\337\333\220l\177\322\364\370\271\007\036"
 329      DFDB906C 
 329      7FD2F4F8 
 329      B9071E
 330 085f 63E68A33 		.ascii	"c\346\2123\347\3231\276\305\012\343E\0151n\370\016+"
 330      E7D331BE 
 330      C50AE345 
 330      0D316EF8 
 330      0E2B
 331 0871 143C8D4B 		.ascii	"\024<\215K\345\366p\032(^\270\326q\334\213Y\031#\257"
 331      E5F6701A 
 331      285EB8D6 
 331      71DC8B59 
 331      1923AF
 332 0884 EF0FEE3B 		.ascii	"\357\017\356;\207\360}\206\215\234,~\201\361\034+\264"
 332      87F07D86 
 332      8D9C2C7E 
 332      81F11C2B 
 332      B4
 333 0895 5C699B43 		.ascii	"\\i\233C\222\326\277\014\334\256\210Z?\246\346T \266"
 333      92D6BF0C 
 333      DCAE885A 
 333      3FA6E654 
 333      20B6
 334 08a7 A858C6DC 		.ascii	"\250X\306\334=w\311M\242\323'\321\031;\273\222\"\332"
 334      3D77C94D 
 334      A2D327D1 
 334      193BBB92 
 334      22DA
 335 08b9 635C1565 		.ascii	"c\\\025e\3145>c\246[\027n\253p\202J\2643\377\201tg\376"
 335      CC353E63 
 335      A65B176E 
 335      AB70824A 
 335      B433FF81 
 336 08d0 0336542D 		.ascii	"\0036T-\264%\025j\361\021\006\337\277o<\307\335\305"
 336      B425156A 
 336      F11106DF 
 336      BF6F3CC7 
 336      DDC5
 337 08e2 C6524E55 		.ascii	"\306RNUH|\257\223!\224\016U\212\326\214\361\177\020"
 337      487CAF93 
 337      21940E55 
 337      8AD68CF1 
 337      7F10
 338 08f4 4C1C8DCF 		.ascii	"L\034\215\317?Hc\023\007\320\241\253\304a\351RA\260"
 338      3F486313 
 338      07D0A1AB 
 338      C461E952 
 338      41B0
 339 0906 4A5C4D5B 		.ascii	"J\\M[\233\315\226\361r5\202i\332\001n\237gDCx\017\370"
 339      9BCD96F1 
 339      72358269 
 339      DA016E9F 
 339      67444378 
 340 091c EF26C3E7 		.ascii	"\357&\303\347eN\203\220\032\201\341{\010\344\246p\346"
 340      654E8390 
 340      1A81E17B 
ARM GAS  /tmp/ccunYcid.s 			page 27


 340      08E4A670 
 340      E6
 341 092d 7890B68E 		.ascii	"x\220\266\216\331\277\306\315\034N\350p\213\275\247"
 341      D9BFC6CD 
 341      1C4EE870 
 341      8BBDA7
 342 093c B1D5C30E 		.ascii	"\261\325\303\016S\205\315O\237k?\240y\271*mV\213sh\004"
 342      5385CD4F 
 342      9F6B3FA0 
 342      79B92A6D 
 342      568B7368 
 343 0951 95B9B3CB 		.ascii	"\225\271\263\313K\010\026O\260\251cs\343h\254\362X\366"
 343      4B08164F 
 343      B0A96373 
 343      E368ACF2 
 343      58F6
 344 0963 150B5D3F 		.ascii	"\025\013]?\215\202\215^\2605\001W\336\270\253\351\261"
 344      8D828D5E 
 344      B0350157 
 344      DEB8ABE9 
 344      B1
 345 0974 1DDE931D 		.ascii	"\035\336\223\035\026\035p&8\347\343\340x\022\344\026"
 345      161D7026 
 345      38E7E3E0 
 345      7812E416 
 346 0984 C86D6145 		.ascii	"\310maEWS\326\345\360\033\301NN\301\305F\020\320#)k"
 346      5753D6E5 
 346      F01BC14E 
 346      4EC1C546 
 346      10D02329 
 347 0999 19BA11C2 		.ascii	"\031\272\021\302\322%\201\013&T\206\037\\\317\346_\322"
 347      D225810B 
 347      2654861F 
 347      5CCFE65F 
 347      D2
 348 09aa 4A632EAC 		.ascii	"Jc.\254\363\363oI\\\362e\255\217\363\252T}sU@;\367E"
 348      F3F36F49 
 348      5CF265AD 
 348      8FF3AA54 
 348      7D735540 
 349 09c1 EABC160F 		.ascii	"\352\274\026\017\261l\314\352\251\356\305\3706-\270"
 349      B16CCCEA 
 349      A9EEC5F8 
 349      362DB8
 350 09d0 75950FEC 		.ascii	"u\225\017\354\223\223\335\313\006\341\006\006\206\200"
 350      9393DDCB 
 350      06E10606 
 350      8680
 351 09de 7360BD84 		.ascii	"s`\275\204\264\322\035\260>\303Y\177\000V\357\202\334"
 351      B4D21DB0 
 351      3EC3597F 
 351      0056EF82 
 351      DC
 352 09ef 03B90F32 		.ascii	"\003\271\0172+\334\004<LW\236\272\325\016K\332\375\357"
 352      2BDC043C 
 352      4C579EBA 
 352      D50E4BDA 
ARM GAS  /tmp/ccunYcid.s 			page 28


 352      FDEF
 353 0a01 21580EA2 		.ascii	"!X\016\242K\234\242}\305\342\270\265\235J}\213\3339"
 353      4B9CA27D 
 353      C5E2B8B5 
 353      9D4A7D8B 
 353      DB39
 354 0a13 B740089A 		.ascii	"\267@\010\232$\370>\007|w\332\233Y\266\000\227rp{\304"
 354      24F83E07 
 354      7C77DA9B 
 354      59B60097 
 354      72707BC4 
 355 0a27 AE38EE9C 		.ascii	"\2568\356\234\323\354\333\370i\027h\2769\200\177w\312"
 355      D3ECDBF8 
 355      691768BE 
 355      39807F77 
 355      CA
 356 0a38 1B072D04 		.ascii	"\033\007-\004>\005\270\016\016\317\007Y\234\325\345"
 356      3E05B80E 
 356      0ECF0759 
 356      9CD5E5
 357 0a47 D5ABB014 		.ascii	"\325\253\260\024\216\361\240\361\274\371\262\274B\351"
 357      8EF1A0F1 
 357      BCF9B2BC 
 357      42E9
 358 0a55 E33C780F 		.ascii	"\343<x\017\377t\360\300\302\336\033\371\311\2368\221"
 358      FF74F0C0 
 358      C2DE1BF9 
 358      C99E3891 
 359 0a65 9A53243D 		.ascii	"\232S$=\330_\217h\213\210L\326\000\361jJd\216\263\367"
 359      D85F8F68 
 359      8B884CD6 
 359      00F16A4A 
 359      648EB3F7 
 360 0a79 046CCC83 		.ascii	"\004l\314\203<\025f\354b\241\262\247\200\333WTpQ\232"
 360      3C1566EC 
 360      62A1B2A7 
 360      80DB5754 
 360      70519A
 361 0a8c 13D5BB44 		.ascii	"\023\325\273D.^e.t~\007\034\221Fx\004\270J\016\317\327"
 361      2E5E652E 
 361      747E071C 
 361      91467804 
 361      B84A0ECF 
 362 0aa1 407236D2 		.ascii	"@r6\322\322e\017\352c\027\306\371\244]\332\375\274B"
 362      D2650FEA 
 362      6317C6F9 
 362      A45DDAFD 
 362      BC42
 363 0ab3 89075898 		.ascii	"\211\007X\230\342;R[5>N\353\204\0268CN\252\225\2045"
 363      E23B525B 
 363      353E4EEB 
 363      84163843 
 363      4EAA9584 
 364 0ac8 910965E5 		.ascii	"\221\011e\345\012\376D\207~\270\204\253RV\345\266[h"
 364      0AFE4487 
 364      7EB884AB 
 364      5256E5B6 
ARM GAS  /tmp/ccunYcid.s 			page 29


 364      5B68
 365 0ada C2CDC324 		.ascii	"\302\315\303$u\215lk\301\012\177\012\341\220\021\240"
 365      758D6C6B 
 365      C10A7F0A 
 365      E19011A0 
 366 0aea 3152F01D 		.ascii	"1R\360\035v\226\222\000\260H9\203\273>z\351\316_{\320"
 366      76969200 
 366      B0483983 
 366      BB3E7AE9 
 366      CE5F7BD0 
 367 0afe 6AC9FF0A 		.ascii	"j\311\377\012\025\310\331\321\013\201\333W\004\276\016"
 367      15C8D9D1 
 367      0B81DB57 
 367      04BE0E
 368 0b0d 0974F703 		.ascii	"\011t\367\003X\256\037\375\012-\002\3524g\334\336lU"
 368      58AE1FFD 
 368      0A2D02EA 
 368      3467DCDE 
 368      6C55
 369 0b1f 0EC65B4E 		.ascii	"\016\306[N\012\316Z\366\270\340\"=\3309\005\356\213"
 369      0ACE5AF6 
 369      B8E0223D 
 369      D83905EE 
 369      8B
 370 0b30 496A9DE4 		.ascii	"Ij\235\344T\350&\036\342\265\014b\305\033\320\022\\"
 370      54E8261E 
 370      E2B50C62 
 370      C51BD012 
 370      5C
 371 0b41 574076C3 		.ascii	"W@v\303\3753\270\256\202X\340>\034\344\2710U\372\213"
 371      FD33B8AE 
 371      8258E03E 
 371      1CE4B930 
 371      55FA8B
 372 0b54 D6B1605C 		.ascii	"\326\261`\\F0\272!G\002-\216\235\365\330\267\031\274"
 372      4630BA21 
 372      47022D8E 
 372      9DF5D8B7 
 372      19BC
 373 0b66 881BF4C5 		.ascii	"\210\033\364\305p\2074\351.\026\234Z]ra\\0\026.\234"
 373      708734E9 
 373      2E169C5A 
 373      5D72615C 
 373      30162E9C 
 374 0b7a FA369B52 		.ascii	"\3726\233R\232\201L\235\004_\353\320\220\253'\271\276"
 374      9A814C9D 
 374      045FEBD0 
 374      90AB27B9 
 374      BE
 375 0b8b 1A01B027 		.ascii	"\032\001\260'\034\334\305\300Ar\034\032\222\302\263"
 375      1CDCC5C0 
 375      41721C1A 
 375      92C2B3
 376 0b9a 0176900B 		.ascii	"\001v\220\013\034\277e\021N\210d\023\262\273\255\024"
 376      1CBF6511 
 376      4E886413 
 376      B2BBAD14 
ARM GAS  /tmp/ccunYcid.s 			page 30


 377 0baa E36C368D 		.ascii	"\343l6\215\237\351\271\333\347\220\264\266\006\210\300"
 377      9FE9B9DB 
 377      E790B4B6 
 377      0688C0
 378 0bb9 7F710390 		.ascii	"\177q\003\220Ua{Y\242\350\330`\017\026V8\022\223u\007"
 378      55617B59 
 378      A2E8D860 
 378      0F165638 
 378      12937507 
 379 0bcd B9007677 		.ascii	"\271\000vwy\345\204h\027\222-\012N\024\303FQl\177d\337"
 379      79E58468 
 379      17922D0A 
 379      4E14C346 
 379      516C7F64 
 380 0be2 132CC4CE 		.ascii	"\023,\304\316\213\216\210\242\0316\232b\263\206\307"
 380      8B8E88A2 
 380      19369A62 
 380      B386C7
 381 0bf1 6A3DC6D1 		.ascii	"j=\306\321(\222\223gh\364\267HF\376\221?l\271D\256\210"
 381      28929367 
 381      68F4B748 
 381      46FE913F 
 381      6CB944AE 
 382 0c06 DC1379C9 		.ascii	"\334\023y\311\177\020\371p8v!\000\366\214]\370?\354"
 382      7F10F970 
 382      38762100 
 382      F68C5DF8 
 382      3FEC
 383 0c18 999CB342 		.ascii	"\231\234\263B\274P\263L\207Y\247E\201i\366\036q\357"
 383      BC50B34C 
 383      8759A745 
 383      8169F61E 
 383      71EF
 384 0c2a 79234C81 		.ascii	"y#L\201\261\262+r\217\344\234;\241\006\2220\266\033"
 384      B1B22B72 
 384      8FE49C3B 
 384      A1069230 
 384      B61B
 385 0c3c 94D98CF2 		.ascii	"\224\331\214\362\037\356\236\034_\277\210=\3465\201"
 385      1FEE9E1C 
 385      5FBF883D 
 385      E63581
 386 0c4b C6C2C9A1 		.ascii	"\306\302\311\241Iz\307\377\276\203^Ox[Fs\241f\261\254"
 386      497AC7FF 
 386      BE835E4F 
 386      785B4673 
 386      A166B1AC 
 387 0c5f 4B835BD4 		.ascii	"K\203[\324.w9\245W\222\025\364\021\031.\366c\3720s\340"
 387      2E7739A5 
 387      579215F4 
 387      11192EF6 
 387      63FA3073 
 388 0c74 D94F24AB 		.ascii	"\331O$\253P\2229\342}fy\325\350\013\321!G\234(\033\342"
 388      509239E2 
 388      7D6679D5 
 388      E80BD121 
 388      479C281B 
ARM GAS  /tmp/ccunYcid.s 			page 31


 389 0c89 31B70A2D 		.ascii	"1\267\012-8\221|\301\215\372\200G(\226\371\250\033\213"
 389      38917CC1 
 389      8DFA8047 
 389      2896F9A8 
 389      1B8B
 390 0c9b 5DC2B0F4 		.ascii	"]\302\260\364|\013V\243H\260\024}\213Q\215.\034(R\342"
 390      7C0B56A3 
 390      48B0147D 
 390      8B518D2E 
 390      1C2852E2 
 391 0caf 3E56E8AB 		.ascii	">V\350\253\216x\340\255\212$\216,\215\026\014\371\374"
 391      8E78E0AD 
 391      8A248E2C 
 391      8D160CF9 
 391      FC
 392 0cc0 C3F5E83D 		.ascii	"\303\365\350=\310\346C\300\3510VQN\350 ^\217\016`\272"
 392      C8E643C0 
 392      E9305651 
 392      4EE8205E 
 392      8F0E60BA 
 393 0cd4 6F58BC5D 		.ascii	"oX\274]p\337\033\2170\355\352\264\3639N\265\023]h7\265"
 393      70DF1B8F 
 393      30EDEAB4 
 393      F3394EB5 
 393      135D6837 
 394 0ce9 E4F662E1 		.ascii	"\344\366b\341\226\352\010\200\354#h\022\206=U\002\346"
 394      96EA0880 
 394      EC236812 
 394      863D5502 
 394      E6
 395 0cfa F654D69A 		.ascii	"\366T\326\232\3131\370\273\231\226\2611X\337\015+S\032"
 395      CB31F8BB 
 395      9996B131 
 395      58DF0D2B 
 395      531A
 396 0d0c A3601E43 		.ascii	"\243`\036C?'(\264\017\034p\341\"\3672\264\027O \024"
 396      3F2728B4 
 396      0F1C70E1 
 396      22F732B4 
 396      174F2014 
 397 0d20 83C749BB 		.ascii	"\203\307I\273\036\305\337%\247|\211\321\013J\\\340I"
 397      1EC5DF25 
 397      A77C89D1 
 397      0B4A5CE0 
 397      49
 398 0d31 99C6949C 		.ascii	"\231\306\224\234\315\360\244\201\"\243\033k\240\304"
 398      CDF0A481 
 398      22A31B6B 
 398      A0C4
 399 0d3f A5B9A72A 		.ascii	"\245\271\247*[\360RX\360\216\265\234\213T\271f\230F"
 399      5BF05258 
 399      F08EB59C 
 399      8B54B966 
 399      9846
 400 0d51 18A6F20C 		.ascii	"\030\246\362\014/YKni8\206\015\033a\365\006q\260\310"
 400      2F594B6E 
 400      6938860D 
ARM GAS  /tmp/ccunYcid.s 			page 32


 400      1B61F506 
 400      71B0C8
 401 0d64 0908250B 		.ascii	"\011\010%\013\010&;\022L\247\004+\352\323\256\253q5"
 401      08263B12 
 401      4CA7042B 
 401      EAD3AEAB 
 401      7135
 402 0d76 23B8787D 		.ascii	"#\270x}\364C\033\027\306\357V\355\236\032\255\220\012"
 402      F4431B17 
 402      C6EF56ED 
 402      9E1AAD90 
 402      0A
 403 0d87 9919EC54 		.ascii	"\231\031\354T2\011\225c<\225sm\017\247\224\034\225\325"
 403      32099563 
 403      3C95736D 
 403      0FA7941C 
 403      95D5
 404 0d99 C2353095 		.ascii	"\30250\225\344\203\336\333\004\2052\004\\2\034\271d"
 404      E483DEDB 
 404      04853204 
 404      5C321CB9 
 404      64
 405 0daa 512E55B9 		.ascii	"Q.U\271\3050{\367\272\344rm\261\263\302\313uXr\010\227"
 405      C5307BF7 
 405      BAE4726D 
 405      B1B3C2CB 
 405      75587208 
 406 0dbf 6C9ECBDE 		.ascii	"l\236\313\336\352\326q9\341\002C\355\245\025e\207uo"
 406      EAD67139 
 406      E10243ED 
 406      A5156587 
 406      756F
 407 0dd1 AC250B51 		.ascii	"\254%\013Q\024:.\340\002\367\254\273\345R\016\363\313"
 407      143A2EE0 
 407      02F7ACBB 
 407      E5520EF3 
 407      CB
 408 0de2 5DFBBC70 		.ascii	"]\373\274p\272\206r\030\332S\032'\331\343\311P\036\026"
 408      BA867218 
 408      DA531A27 
 408      D9E3C950 
 408      1E16
 409 0df4 9DCE9F58 		.ascii	"\235\316\237XJ\226\236\031\222\325\203\030w\351^\361"
 409      4A969E19 
 409      92D58318 
 409      77E95EF1 
 410 0e04 09D13140 		.ascii	"\011\3211@\276\250;\025\360\335)\355\362\315Yw\326e"
 410      BEA83B15 
 410      F0DD29ED 
 410      F2CD5977 
 410      D665
 411 0e16 6D355F9A 		.ascii	"m5_\232^^u}\012PH*~\222\257\370\231\246\334:\304U| "
 411      5E5E757D 
 411      0A50482A 
 411      7E92AFF8 
 411      99A6DC3A 
 412 0e2e D6FDFCC5 		.ascii	"\326\375\374\305\261\336\360\204u\024\205N\010*~\202"
ARM GAS  /tmp/ccunYcid.s 			page 33


 412      B1DEF084 
 412      7514854E 
 412      082A7E82 
 413 0e3e AF7811AD 		.ascii	"\257x\021\255\370\321\310\234g\036\370\226\306\325H"
 413      F8D1C89C 
 413      671EF896 
 413      C6D548
 414 0e4d 12658D8C 		.ascii	"\022e\215\214P\330\222\367\024K\324\312\216\003\217"
 414      50D892F7 
 414      144BD4CA 
 414      8E038F
 415 0e5c 352E7995 		.ascii	"5.y\225\020^\247y^+C\253\247=8^}C\033\013\313-\021J"
 415      105EA779 
 415      5E2B43AB 
 415      A73D385E 
 415      7D431B0B 
 416 0e74 0241C502 		.ascii	"\002A\305\002R\305<\251RJ\252r\274s'\236c\234\232\256"
 416      52C53CA9 
 416      524AAA72 
 416      BC73279E 
 416      639C9AAE 
 417 0e88 CF3E947E 		.ascii	"\317>\224~[B\216\377\317\210\342\334\221t\370\211\033"
 417      5B428EFF 
 417      CF88E2DC 
 417      9174F889 
 417      1B
 418 0e99 B66AD929 		.ascii	"\266j\331)\373\205\336z\255D\251\034;*\225\347\247\245"
 418      FB85DE7A 
 418      AD44A91C 
 418      3B2A95E7 
 418      A7A5
 419 0eab 8B66BEB3 		.ascii	"\213f\276\263\242\306\251\340\033g\252\254\263\225\005"
 419      A2C6A9E0 
 419      1B67AAAC 
 419      B39505
 420 0eba A6C2D638 		.ascii	"\246\302\3268\271\223=\307]\237\205U\222 \234\343\203"
 420      B9933DC7 
 420      5D9F8555 
 420      92209CE3 
 420      83
 421 0ecb 90FE30BF 		.ascii	"\220\3760\277Z\301\005a>\032W7F\326\375+\305\2402A\024"
 421      5AC10561 
 421      3E1A5737 
 421      46D6FD2B 
 421      C5A03241 
 422 0ee0 CAF8289C 		.ascii	"\312\370(\234\247QxT\326\226\343\205\217\262\032M[\367"
 422      A7517854 
 422      D696E385 
 422      8FB21A4D 
 422      5BF7
 423 0ef2 AF22CA80 		.ascii	"\257\"\312\200\034\2212\006gb\217<w\335\014U\204\301"
 423      1C913206 
 423      67628F3C 
 423      77DD0C55 
 423      84C1
 424 0f04 459EC1CB 		.ascii	"E\236\301\313\263\2157<y\006\265\270\2331\000\014\272"
 424      B38D373C 
ARM GAS  /tmp/ccunYcid.s 			page 34


 424      7906B5B8 
 424      9B31000C 
 424      BA
 425 0f15 20607081 		.ascii	" `p\201gPM\031\344\237\2709\341\211\363\031\203\270"
 425      67504D19 
 425      E49FB839 
 425      E189F319 
 425      83B8
 426 0f27 A793E7F9 		.ascii	"\247\223\347\371\206\034\374\353\024K\203\234\252\327"
 426      861CFCEB 
 426      144B839C 
 426      AAD7
 427 0f35 08D46B78 		.ascii	"\010\324kx\365Z\252\0365R\236\246\302\345L\275aw\366"
 427      F55AAA1E 
 427      35529EA6 
 427      C2E54CBD 
 427      6177F6
 428 0f48 7935A7BE 		.ascii	"y5\247\276\374\226M\275N\240^\307\253\327\263At\271"
 428      FC964DBD 
 428      4EA05EC7 
 428      ABD7B341 
 428      74B9
 429 0f5a 254E74B6 		.ascii	"%Nt\266\235 Zj4\260\345C\003]>4<]\250\325\012\261\021"
 429      9D205A6A 
 429      34B0E543 
 429      035D3E34 
 429      3C5DA8D5 
 430 0f71 226C23C3 		.ascii	"\"l#\3036Rl\374D\336\240\250G.\212\260M\014\333D\261"
 430      36526CFC 
 430      44DEA0A8 
 430      472E8AB0 
 430      4D0CDB44 
 431 0f86 296717B2 		.ascii	")g\027\262\325B\254x-\330\314\260\315\024\233\321x\304"
 431      D542AC78 
 431      2DD8CCB0 
 431      CD149BD1 
 431      78C4
 432 0f98 223A4F23 		.ascii	"\":O#\365\023\2543"
 432      F513AC33 
 433 0fa0 19B68562 		.ascii	"\031\266\205b\207\226\233w{\343\032\026\232\210\254"
 433      87969B77 
 433      7BE31A16 
 433      9A88AC
 434 0faf 3345EE2E 		.ascii	"3E\356.\276\034\271\204\235}92\374`\271@#t\325*\312"
 434      BE1CB984 
 434      9D7D3932 
 434      FC60B940 
 434      2374D52A 
 435 0fc4 DB36E6AA 		.ascii	"\3336\346\252\215\272JL\231z\023w1O\2051}\273p\037\273"
 435      8DBA4A4C 
 435      997A1377 
 435      314F8531 
 435      7DBB701F 
 436 0fd9 3F7EBABF 		.ascii	"?~\272\277T\351\374$\250\003;9\011B\311y/`\263>\306"
 436      54E9FC24 
 436      A8033B39 
 436      0942C979 
ARM GAS  /tmp/ccunYcid.s 			page 35


 436      2F60B33E 
 437 0fee B45BE223 		.ascii	"\264[\342#\366\253\361\035V\2701\177\242\322\323\271"
 437      F6ABF11D 
 437      56B8317F 
 437      A2D2D3B9 
 438 0ffe A96E     		.ascii	"\251n"
 439 1000 A7A6AA17 		.ascii	"\247\246\252\027\252\232\275\360\274\226\333\264\316"
 439      AA9ABDF0 
 439      BC96DBB4 
 439      CE
 440 100d 4E7AB1B3 		.ascii	"Nz\261\263\270uP\234iI\235\322\262\263\270L\262\204"
 440      B875509C 
 440      69499DD2 
 440      B2B3B84C 
 440      B284
 441 101f C83A949C 		.ascii	"\310:\224\234\253\301+\024\353v\370\321L\267\364\214"
 441      ABC12B14 
 441      EB76F8D1 
 441      4CB7F48C 
 442 102f 00027605 		.ascii	"\000\002v\005&\372\3130\321\323\257\322\256\262N\216"
 442      26FACB30 
 442      D1D3AFD2 
 442      AEB24E8E 
 443 103f 0660997B 		.ascii	"\006`\231{\035\244\037\344\032\310\015,\330s\334)\300"
 443      1DA41FE4 
 443      1AC80D2C 
 443      D873DC29 
 443      C0
 444 1050 31D9DCF6 		.ascii	"1\331\334\366\264\023\253Q;f\212\337pJ\262\234\207-"
 444      B413AB51 
 444      3B668ADF 
 444      704AB29C 
 444      872D
 445 1062 39EFA11E 		.ascii	"9\357\241\036@w\271@\013\276\271\347\277\323\340\277"
 445      4077B940 
 445      0BBEB9E7 
 445      BFD3E0BF 
 446 1072 5313C31D 		.ascii	"S\023\303\0356)w\231i\362mL\257\304\264\343\241\332"
 446      36297799 
 446      69F26D4C 
 446      AFC4B4E3 
 446      A1DA
 447 1084 C851EE50 		.ascii	"\310Q\356P\215\360\356\223\300\007\204{\210\212\342"
 447      8DF0EE93 
 447      C007847B 
 447      888AE2
 448 1093 949D3ECE 		.ascii	"\224\235>\316C\265\367O\207\212,\0052\342N\210\306\310"
 448      43B5F74F 
 448      878A2C05 
 448      32E24E88 
 448      C6C8
 449 10a5 4191B321 		.ascii	"A\221\263!\226kC4\327\026f:\337\022B+E=\340&\203\336"
 449      966B4334 
 449      D716663A 
 449      DF12422B 
 449      453DE026 
 450 10bb A4D084C7 		.ascii	"\244\320\204\307SGD\275\260D\204\035f\330a\212\335\037"
ARM GAS  /tmp/ccunYcid.s 			page 36


 450      534744BD 
 450      B044841D 
 450      66D8618A 
 450      DD1F
 451 10cd 9BB8E8CD 		.ascii	"\233\270\350\3152\344\031\241t}&\362\270\002[\275h\372"
 451      32E419A1 
 451      747D26F2 
 451      B8025BBD 
 451      68FA
 452 10df EC8D2D4F 		.ascii	"\354\215-O\362\306\373Y\341@\313|\266\006\247\260Bj"
 452      F2C6FB59 
 452      E140CB7C 
 452      B606A7B0 
 452      426A
 453 10f1 E1D8156F 		.ascii	"\341\330\025o\234\305\012\203\275\267\037\270\271\374"
 453      9CC50A83 
 453      BDB71FB8 
 453      B9FC
 454 10ff 5A61028B 		.ascii	"Za\002\213\276VPD4-g9\236|\010\316\013eh\222\213\333"
 454      BE565044 
 454      342D6739 
 454      9E7C08CE 
 454      0B656892 
 455 1115 14C4EA36 		.ascii	"\024\304\3526\310\035aj-\366\270\217\334\213d\251\005"
 455      C81D616A 
 455      2DF6B88F 
 455      DC8B64A9 
 455      05
 456 1126 33E93818 		.ascii	"3\3518\030\237\374\306\006\355\036\346\016\367navN\342"
 456      9FFCC606 
 456      ED1EE60E 
 456      F76E6176 
 456      4EE2
 457 1138 042EC8AC 		.ascii	"\004.\310\254\321u\273\255\026\330\335\223\205\320\030"
 457      D175BBAD 
 457      16D8DD93 
 457      85D018
 458 1147 679CAD7E 		.ascii	"g\234\255~\0356\220e\373\247\346\270\337\260=\"\345"
 458      1D369065 
 458      FBA7E6B8 
 458      DFB03D22 
 458      E5
 459 1158 F9C4D819 		.ascii	"\371\304\330\031%\016\367f?\366\311(\014\367\306q\254"
 459      250EF766 
 459      3FF6C928 
 459      0CF7C671 
 459      AC
 460 1169 507BAF3D 		.ascii	"P{\257=\017;\357\302w\235v\341\236\033QuJ\234\302\264"
 460      0F3BEFC2 
 460      779D76E1 
 460      9E1B5175 
 460      4A9CC2B4 
 461 117d 1B13EAEA 		.ascii	"\033\023\352\352\335\230\237i:\031O\277x\246\305\271"
 461      DD989F69 
 461      3A194FBF 
 461      78A6C5B9 
 462 118d EC654671 		.ascii	"\354eFq\316\222\033.a\005\376\244}-w\322\3365x(\336"
ARM GAS  /tmp/ccunYcid.s 			page 37


 462      CE921B2E 
 462      6105FEA4 
 462      7D2D77D2 
 462      DE357828 
 463 11a2 1B5F602F 		.ascii	"\033_`/c'\237\236Q\3426VhYm\311R\340\033\254\020\365"
 463      63279F9E 
 463      51E23656 
 463      68596DC9 
 463      52E01BAC 
 464 11b8 62251E86 		.ascii	"b%\036\206\033V\270{\240\343\202\026\317\263\302\241"
 464      1B56B87B 
 464      A0E38216 
 464      CFB3C2A1 
 465 11c8 D9F8FFC4 		.ascii	"\331\370\377\304/\331}V_L\235\332E\262/\340WI\366\333"
 465      2FD97D56 
 465      5F4C9DDA 
 465      45B22FE0 
 465      5749F6DB 
 466 11dc 0766EFBA 		.ascii	"\007f\357\272\343\3045,\231^\346\\\365\300\251\254P"
 466      E3C4352C 
 466      995EE65C 
 466      F5C0A9AC 
 466      50
 467 11ed 73FA609C 		.ascii	"s\372`\234'>\306\012q\011\326>\351\327\263\313\340\342"
 467      273EC60A 
 467      7109D63E 
 467      E9D7B3CB 
 467      E0E2
 468 11ff B9687D51 		.ascii	"\271h}Qp\250\263\307\366\305}\204k\\Kbg\263h\252[\021"
 468      70A8B3C7 
 468      F6C57D84 
 468      6B5C4B62 
 468      67B368AA 
 469 1215 B5FF0B7E 		.ascii	"\265\377\013~\0352\322^{\213\373aW4\031\033/\037ih\346"
 469      1D32D25E 
 469      7B8BFB61 
 469      5734191B 
 469      2F1F6968 
 470 122a C6CA3A55 		.ascii	"\306\312:U\022\366N;\230{_#:\236b'T\2204\015\237\261"
 470      12F64E3B 
 470      987B5F23 
 470      3A9E6227 
 470      5490340D 
 471 1240 D1882CE3 		.ascii	"\321\210,\343\346\200\300\036\205\320\303#\354p~\334"
 471      E680C01E 
 471      85D0C323 
 471      EC707EDC 
 472 1250 25380321 		.ascii	"%8\003!\203\227\030\336\34782Nu\256\311\245x\240\212"
 472      839718DE 
 472      E738324E 
 472      75AEC9A5 
 472      78A08A
 473 1263 9624E61D 		.ascii	"\226$\346\035\022\370A\247\233\235\314\023\011\272\337"
 473      12F841A7 
 473      9B9DCC13 
 473      09BADF
 474 1272 D17ACB8D 		.ascii	"\321z\313\215\357\260\363\251{0\336=\224\340gm\344E"
ARM GAS  /tmp/ccunYcid.s 			page 38


 474      EFB0F3A9 
 474      7B30DE3D 
 474      94E0676D 
 474      E445
 475 1284 A7232FA1 		.ascii	"\247#/\241\351WI\3237r\374\351\2577\024\033P\024H,\210"
 475      E95749D3 
 475      3772FCE9 
 475      AF37141B 
 475      5014482C 
 476 1299 15240624 		.ascii	"\025$\006$\034$\032\304\002\262\027$\002d?H$\310>\220"
 476      1C241AC4 
 476      02B21724 
 476      02643F48 
 476      24C83E90 
 477 12ad 3885A06F 		.ascii	"8\205\240o_\371wF\235P\271/\2412\215]\324\224\234T="
 477      5FF97746 
 477      9D50B92F 
 477      A1328D5D 
 477      D4949C54 
 478 12c2 731E17C1 		.ascii	"s\036\027\301\261]\17779\034\"\007\240\374\301\035\301"
 478      B15D7F37 
 478      391C2207 
 478      A0FCC11D 
 478      C1
 479 12d3 DB0FEE1C 		.ascii	"\333\017\356\034\217\225m\346\311\321\326\274\304\274"
 479      8F956DE6 
 479      C9D1D6BC 
 479      C4BC
 480 12e1 E3A175CB 		.ascii	"\343\241u\313uA\034\037\273H\002\341\267\002\377a\257"
 480      75411C1F 
 480      BB4802E1 
 480      B702FF61 
 480      AF
 481 12f2 EB8C8BBA 		.ascii	"\353\214\213\272\012\340w\177k\207?p\321J\202\312\002"
 481      0AE0777F 
 481      6B873F70 
 481      D14A82CA 
 481      02
 482 1303 79F69B82 		.ascii	"y\366\233\202EH\366\247\034\236\357\257\322\237 \214"
 482      4548F6A7 
 482      1C9EEFAF 
 482      D29F208C 
 483 1313 8CAA199C 		.ascii	"\214\252\031\234\214v\243\034\334> \217\330\"OV\313"
 483      8C76A31C 
 483      DC3E208F 
 483      D8224F56 
 483      CB
 484 1324 112775A2 		.ascii	"\021'u\242\003-\021\223x\005\235[\340\002\320\347Mq"
 484      032D1193 
 484      78059D5B 
 484      E002D0E7 
 484      4D71
 485 1336 65A2E9AD 		.ascii	"e\242\351\255P4\017%0l\002\305&7\017%\211\276\240\023"
 485      50340F25 
 485      306C02C5 
 485      26370F25 
 485      89BEA013 
ARM GAS  /tmp/ccunYcid.s 			page 39


 486 134a FF26ED00 		.ascii	"\377&\355\000\303\036\240\330\314\311\303\347E]:Gd\367"
 486      C31EA0D8 
 486      CCC9C3E7 
 486      455D3A47 
 486      64F7
 487 135c 20C31EA4 		.ascii	" \303\036\244\330\326\356\231L\214+\330\330\222\220"
 487      D8D6EE99 
 487      4C8C2BD8 
 487      D89290
 488 136b 1BF73DC9 		.ascii	"\033\367=\311\320B~bsX!\0342.\314\027\257\252$8\262"
 488      D0427E62 
 488      7358211C 
 488      322ECC17 
 488      AFAA2438 
 489 1380 5C14E31E 		.ascii	"\\\024\343\036\337)\034\026qN\024\305\342\210\202\033"
 489      DF291C16 
 489      714E14C5 
 489      E288821B 
 490 1390 5A9E942D 		.ascii	"Z\236\224-V\261\215\036<\3426\030\331\003U_\271\334"
 490      56B18D1E 
 490      3CE23618 
 490      D903555F 
 490      B9DC
 491 13a2 5F1C55C0 		.ascii	"_\034U\300\376\"I\301\355/\312J\207\026\334`y_7FWV\243"
 491      FE2249C1 
 491      ED2FCA4A 
 491      8716DC60 
 491      795F3746 
 492 13b9 7BF6C1F4 		.ascii	"{\366\301\364\027n\371\371/\011\016\035R\330W\371p/"
 492      176EF9F9 
 492      2F090E1D 
 492      52D857F9 
 492      702F
 493 13cb 3E054856 		.ascii	">\005HV|W\346\265\335h\376\"t\213\311\337h\330\2427"
 493      7C57E6B5 
 493      DD68FE22 
 493      748BC9DF 
 493      68D8A237 
 494 13df 9A7EEABB 		.ascii	"\232~\352\273=$H\357\273\303`\366\375\350\213\217\375"
 494      3D2448EF 
 494      BBC360F6 
 494      FDE88B8F 
 494      FD
 495 13f0 3EFF68F3 		.ascii	">\377h\363\307\276\037}j\370<d\323G;v\230|\203\014\001"
 495      C7BE1F7D 
 495      6AF83C64 
 495      D3473B76 
 495      987C830C 
 496 1405 0181FAAF 		.ascii	"\001\201\372\257uF\275o\350\347_\372\232\214\376\276"
 496      7546BD6F 
 496      E8E75FFA 
 496      9A8CFEBE 
 497 1415 A146B39F 		.ascii	"\241F\263\2379d\207\301\377]\177\325?\375\313\257\337"
 497      396487C1 
 497      FF5D7FD5 
 497      3FFDCBAF 
 497      DF
ARM GAS  /tmp/ccunYcid.s 			page 40


 498 1426 DEFCE187 		.ascii	"\336\374\341\207\262\327\310C0l\262\031\366\012\322"
 498      B2D7C843 
 498      306CB219 
 498      F60AD2
 499 1435 9B4CBA6D 		.ascii	"\233L\272m\372\315!\241\301f\275\321\233\000\270G\206"
 499      FACD21A1 
 499      C166BDD1 
 499      9B00B847 
 499      86
 500 1446 003FB336 		.ascii	"\000?\2636Pg\326\233\314\237\262'\236\202\267Z\301\275"
 500      5067D69B 
 500      CC9FB227 
 500      9E82B75A 
 500      C1BD
 501 1458 9F794D90 		.ascii	"\237yM\220.8@g\0161\356\342\240\012\223\341\017z7\362"
 501      2E384067 
 501      0E31EEE2 
 501      A00A93E1 
 501      0F7A37F2 
 502 146c C7CFECBE 		.ascii	"\307\317\354\276C\267+0D\027\2400\033\202\364Z]\210"
 502      43B72B30 
 502      4417A030 
 502      1B82F45A 
 502      5D88
 503 147e C98FDC98 		.ascii	"\311\217\334\230\314\272\240\035\252PC\260\371\307?"
 503      CCBAA01D 
 503      AA5043B0 
 503      F9C73F
 504 148d F233FFEC 		.ascii	"\3623\377\354\335w}\341?q\346\273Co4\354\330\2567\356"
 504      DD777DE1 
 504      3F71E6BB 
 504      436F34EC 
 504      D8AE37EE 
 505 14a1 DA141818 		.ascii	"\332\024\030\030\340\373\321\017?|\357\307~a\357\373"
 505      E0FBD10F 
 505      3F7CEFC7 
 505      7E61EFFB 
 506 14b1 3204FCF7 		.ascii	"2\004\374\367\017\201j\032\202\375}yS\357n\227i\010"
 506      0F816A1A 
 506      82FD7D79 
 506      53EF6E97 
 506      6908
 507 14c3 9D10D397 		.ascii	"\235\020\323\227P\3623\313\015\001\212`\375N\263Oph"
 507      50F233CB 
 507      0D018A60 
 507      FD4EB34F 
 507      7068
 508 14d5 D02F8DE6 		.ascii	"\320/\215\346\315!\301\246\320 \010\342'\372\255\346"
 508      CD21C1A6 
 508      D02008E2 
 508      27FAADE6 
 509 14e5 9FFD5981 		.ascii	"\237\375Y\201$^\004\025\005G\236\020\276\317\365\201"
 509      245E0415 
 509      05479E10 
 509      BECFF581 
 510 14f5 7A9D491F 		.ascii	"z\235I\037\260\326?$8\300`6\204\004\373\205\351\214"
 510      B0D63F24 
ARM GAS  /tmp/ccunYcid.s 			page 41


 510      38C06036 
 510      8404FB85 
 510      E98C
 511 1507 06DD9640 		.ascii	"\006\335\226@\275\362\367\241\372P\275\312\177\273\037"
 511      BDF2F7A1 
 511      FA50BDCA 
 511      7FBB1F
 512 1516 BD51F337 		.ascii	"\275Q\3637~f\305\016\243>l\023\253\301\357\364\306`"
 512      7E66C50E 
 512      A33E6C13 
 512      ABC1EFF4 
 512      C660
 513 1528 7DA0EFE6 		.ascii	"}\240\357\346\355\206-\206\317\276\360\0151\371\032"
 513      ED862D86 
 513      CFBEF00D 
 513      31F91A
 514 1537 CDC45760 		.ascii	"\315\304W`h\200\336\327\177{\240\301d6\201\257w^\011"
 514      6880DED7 
 514      7F7BA0C1 
 514      643681AF 
 514      775E09
 515 154a 4D4800D8 		.ascii	"MH\000\330\233E\000*\033\000d\374\314\257\261\312\013"
 515      9B45002A 
 515      1B0064FC 
 515      CCAFB1CA 
 515      0B
 516 155b 72C8431F 		.ascii	"r\310C\037f\376\"$\324\350\257\327\350\303\364\301f"
 516      66FE2224 
 516      D4E8AFD7 
 516      E8C3F4C1 
 516      66
 517 156c 3F132D78 		.ascii	"?\023-x\261\002q\252\017\326\033\327\210\213~\346w_"
 517      B10271AA 
 517      0FD61BD7 
 517      888B7EE6 
 517      775F
 518 157e 8905D522 		.ascii	"\211\005\325\"\244}\030\217\217I\231y\203\272\007\206"
 518      A47D188F 
 518      8F499979 
 518      83BA0786 
 519 158e F8FF4E19 		.ascii	"\370\377N\031\3625\330\363\200\210\230\267\033\365\272"
 519      F235D8F3 
 519      808898B7 
 519      1BF5BA
 520 159d 0015BBF8 		.ascii	"\000\025\273\370\231I\264\202B\315\372\235\356\364\257"
 520      9949B482 
 520      42CDFA9D 
 520      EEF4AF
 521 15ac 9FF96F5F 		.ascii	"\237\371o_\311c\220y'\270\3232w\2372M\255-\353I\366"
 521      C9639079 
 521      27B8D332 
 521      779F324D 
 521      AD2DEB49 
 522 15c1 7AD84AAA 		.ascii	"z\330J\252\337\263\3340\252\374u\201\201[t\376\277{"
 522      DFB3DC30 
 522      AAFC7581 
 522      815B74FE 
ARM GAS  /tmp/ccunYcid.s 			page 42


 522      BF7B
 523 15d3 DD9E30C6 		.ascii	"\335\2360\306\315\3343?\263\222\244\223q\015\020\012"
 523      CDDC333F 
 523      B392A493 
 523      710D100A 
 524 15e3 3318CDA1 		.ascii	"3\030\315\241\272@\232_FoQ\011\030\207\231\267\206\006"
 524      BA409A5F 
 524      466F5109 
 524      188799B7 
 524      8606
 525 15f5 FBC38D81 		.ascii	"\373\303\215\201\364\2320]\340Z\222\213\201!\301\333"
 525      F49A305D 
 525      E05A928B 
 525      8121C1DB 
 526 1605 F8077E66 		.ascii	"\370\007~fO\263\321\260m\233\336Ht\274EY\017\031\032"
 526      4FB3D1B0 
 526      6D9BDE48 
 526      74BC4559 
 526      0F191A
 527 1618 66C63B74 		.ascii	"f\306;tF\005\261\242\014 \261\326\202\317\000}\240Y"
 527      4605B1A2 
 527      0C20B1D6 
 527      82CF007D 
 527      A059
 528 162a 4723EF2D 		.ascii	"G#\357-*\001/Z\320\232v\231\354\366\335\214z\322\253"
 528      2A012F5A 
 528      D09A7699 
 528      ECF6DD8C 
 528      7AD2AB
 529 163d 7C5F2958 		.ascii	"|_)X![\376K\357O\333\307\203\247bt\367\337\002\034t"
 529      215BFE4B 
 529      EF4FDBC7 
 529      83A76274 
 529      F7DF021C 
 530 1652 41EB5D74 		.ascii	"A\353]t+#Iw[\201\264\023\303\233>x\345>\244\203\262"
 530      2B234977 
 530      5B81B413 
 530      C39B3E78 
 530      E53EA483 
 531 1667 1F443AC4 		.ascii	"\037D:\304\244\013\2647\326\227\314\336\337\377E]\221"
 531      A40BB437 
 531      D697CCDE 
 531      DFFF455D 
 531      91
 532 1678 8D69C0CC 		.ascii	"\215i\300\314V\200p\376H\246\322\031\203\302\376nS\220"
 532      568070FE 
 532      48A6D219 
 532      83C2FE6E 
 532      5390
 533 168a 4C0DF580 		.ascii	"L\015\365\200\\\330\024\364C:(|I\020\277\0126\230\325"
 533      5CD814F4 
 533      433A287C 
 533      4910BF0A 
 533      3698D5
 534 169d 040FE137 		.ascii	"\004\017\3417\207\2324\366\333?\227\205\303\310J\263"
 534      879A34F6 
 534      DB3F9785 
ARM GAS  /tmp/ccunYcid.s 			page 43


 534      C3C84AB3 
 535 16ad 9DBAF828 		.ascii	"\235\272\370( \200\033\372Lk\371g\277\010\335\272Uo"
 535      20801BFA 
 535      4C6BF967 
 535      BF08DDBA 
 535      556F
 536 16bf FC020641 		.ascii	"\374\002\006A\32297C|\001E\337\374y\3039_u\322B\334"
 536      D2393743 
 536      7C0145DF 
 536      FC79C339 
 536      5F75D242 
 537 16d4 58474348 		.ascii	"XGCH\252\365\352mA,\261\370\323\266\360\202{\2161\261"
 537      AAF5EA6D 
 537      412CB1F8 
 537      D3B6F082 
 537      7B8E31B1 
 538 16e8 03394F86 		.ascii	"\0039O\206\216\317h\236\220\007\353\244\203\233\037"
 538      8ECF689E 
 538      9007EBA4 
 538      839B1F
 539 16f7 C9CB4FCD 		.ascii	"\311\313O\315;\355 OZ\376u0\351\337\036\364\376\023"
 539      3BED204F 
 539      5AFE7530 
 539      E9DF1EF4 
 539      FE13
 540 1709 B8F3120E 		.ascii	"\270\363\022\016/\220\274[\003u\333Ll\314\241\267\220"
 540      2F90BC5B 
 540      0375DB4C 
 540      6CCCA1B7 
 540      90
 541 171a BB6CB8F0 		.ascii	"\273l\270\360\244\227 \235\011\272\236\212\037q\334"
 541      A497209D 
 541      09BA9E8A 
 541      1F71DC
 542 1729 BEA62095 		.ascii	"\276\246 \225Q\357\037\022\006\263\2006\314\020\002"
 542      51EF1F12 
 542      06B38036 
 542      CC1002
 543 1738 D31010D9 		.ascii	"\323\020\020\331\034\022\240wc)\370\226d&\363\343\361"
 543      1C12A077 
 543      6329F896 
 543      6426F3E3 
 543      F1
 544 1749 7E5B7FF1 		.ascii	"~[\177\361\027E\327n\212\304X\277s\007\324Q\037\360"
 544      1745D76E 
 544      8AC458BF 
 544      7307D451 
 544      1FF0
 545 175b 394C8034 		.ascii	"9L\2004\325\240\007\352v\371\231\325A\272\235\237\300"
 545      D5A007EA 
 545      76F999D5 
 545      41BA9D9F 
 545      C0
 546 176c B360FF5D 		.ascii	"\263`\377]\352 C0w\353\001O\377\331`\206\256\351\025"
 546      EA204330 
 546      77EB014F 
 546      FFD96086 
ARM GAS  /tmp/ccunYcid.s 			page 44


 546      AEE915
 547 177f 00635AA0 		.ascii	"\000cZ\240!X\377\331\326\255&\275\331\233\037x\270P"
 547      2158FFD9 
 547      D6AD26BD 
 547      D99B1F78 
 547      B850
 548 1791 C3846A9B 		.ascii	"\303\204j\233N\177\365\217\236\202\022\304\302\374\011"
 548      4E7FF58F 
 548      9E8212C4 
 548      C2FC09
 549 17a0 1782D705 		.ascii	"\027\202\327\005c\350'\266\201XI\223\016\207\005\231"
 549      63E827B6 
 549      81584993 
 549      0E870599 
 550 17b0 DF20EFB7 		.ascii	"\337 \357\267\300\024$\250\376o>\375\022Z\347\3430\263"
 550      C01424A8 
 550      FE6F3EFD 
 550      125AE7E3 
 550      30B3
 551 17c2 BD75FE1F 		.ascii	"\275u\376\037P\322\032\330"
 551      50D21AD8 
 552              		.text
 553              		.section	.gnu.lto_.symtab.b621eaa3595f1197,"e",%progbits
 554 0000 75727454 		.ascii	"urtTopicInit\000"
 554      6F706963 
 554      496E6974 
 554      00
 555 000d 00       		.ascii	"\000"
 556 000e 00       		.ascii	"\000"
 557 000f 00       		.ascii	"\000"
 558 0010 00000000 		.ascii	"\000\000\000\000\000\000\000\000"
 558      00000000 
 559 0018 98010000 		.ascii	"\230\001\000\000"
 560 001c 75727454 		.ascii	"urtTopicAddMessages\000"
 560      6F706963 
 560      4164644D 
 560      65737361 
 560      67657300 
 561 0030 00       		.ascii	"\000"
 562 0031 00       		.ascii	"\000"
 563 0032 00       		.ascii	"\000"
 564 0033 00000000 		.ascii	"\000\000\000\000\000\000\000\000"
 564      00000000 
 565 003b 9D010000 		.ascii	"\235\001\000\000"
 566 003f 75727454 		.ascii	"urtTopicBufferSize\000"
 566      6F706963 
 566      42756666 
 566      65725369 
 566      7A6500
 567 0052 00       		.ascii	"\000"
 568 0053 00       		.ascii	"\000"
 569 0054 00       		.ascii	"\000"
 570 0055 00000000 		.ascii	"\000\000\000\000\000\000\000\000"
 570      00000000 
 571 005d A1010000 		.ascii	"\241\001\000\000"
 572 0061 75727443 		.ascii	"urtCoreAddTopic\000"
 572      6F726541 
ARM GAS  /tmp/ccunYcid.s 			page 45


 572      6464546F 
 572      70696300 
 573 0071 00       		.ascii	"\000"
 574 0072 02       		.ascii	"\002"
 575 0073 00       		.ascii	"\000"
 576 0074 00000000 		.ascii	"\000\000\000\000\000\000\000\000"
 576      00000000 
 577 007c A5010000 		.ascii	"\245\001\000\000"
 578 0080 75727454 		.ascii	"urtTimerInit\000"
 578      696D6572 
 578      496E6974 
 578      00
 579 008d 00       		.ascii	"\000"
 580 008e 02       		.ascii	"\002"
 581 008f 00       		.ascii	"\000"
 582 0090 00000000 		.ascii	"\000\000\000\000\000\000\000\000"
 582      00000000 
 583 0098 AC010000 		.ascii	"\254\001\000\000"
 584 009c 7572744D 		.ascii	"urtMessageInit\000"
 584      65737361 
 584      6765496E 
 584      697400
 585 00ab 00       		.ascii	"\000"
 586 00ac 02       		.ascii	"\002"
 587 00ad 00       		.ascii	"\000"
 588 00ae 00000000 		.ascii	"\000\000\000\000\000\000\000\000"
 588      00000000 
 589 00b6 B1010000 		.ascii	"\261\001\000\000"
 590 00ba 6368436F 		.ascii	"chCondObjectInit\000"
 590      6E644F62 
 590      6A656374 
 590      496E6974 
 590      00
 591 00cb 00       		.ascii	"\000"
 592 00cc 02       		.ascii	"\002"
 593 00cd 00       		.ascii	"\000"
 594 00ce 00000000 		.ascii	"\000\000\000\000\000\000\000\000"
 594      00000000 
 595 00d6 B9010000 		.ascii	"\271\001\000\000"
 596 00da 63684D74 		.ascii	"chMtxObjectInit\000"
 596      784F626A 
 596      65637449 
 596      6E697400 
 597 00ea 00       		.ascii	"\000"
 598 00eb 02       		.ascii	"\002"
 599 00ec 00       		.ascii	"\000"
 600 00ed 00000000 		.ascii	"\000\000\000\000\000\000\000\000"
 600      00000000 
 601 00f5 BD010000 		.ascii	"\275\001\000\000"
 602 00f9 63684D74 		.ascii	"chMtxUnlock\000"
 602      78556E6C 
 602      6F636B00 
 603 0105 00       		.ascii	"\000"
 604 0106 02       		.ascii	"\002"
 605 0107 00       		.ascii	"\000"
 606 0108 00000000 		.ascii	"\000\000\000\000\000\000\000\000"
 606      00000000 
ARM GAS  /tmp/ccunYcid.s 			page 46


 607 0110 BF010000 		.ascii	"\277\001\000\000"
 608 0114 63684D74 		.ascii	"chMtxLock\000"
 608      784C6F63 
 608      6B00
 609 011e 00       		.ascii	"\000"
 610 011f 02       		.ascii	"\002"
 611 0120 00       		.ascii	"\000"
 612 0121 00000000 		.ascii	"\000\000\000\000\000\000\000\000"
 612      00000000 
 613 0129 C1010000 		.ascii	"\301\001\000\000"
 614              		.text
 615              		.section	.gnu.lto_.opts,"e",%progbits
 616 0000 272D666E 		.ascii	"'-fno-openmp' '-fno-openacc' '-fno-pie' '-mcpu=cort"
 616      6F2D6F70 
 616      656E6D70 
 616      2720272D 
 616      666E6F2D 
 617 0033 65782D6D 		.ascii	"ex-m3' '-mthumb' '-mfloat-abi=soft' '-march=armv7-m"
 617      33272027 
 617      2D6D7468 
 617      756D6227 
 617      20272D6D 
 618 0066 2720272D 		.ascii	"' '-O2' '-fstack-usage' '-ffunction-sections' '-fda"
 618      4F322720 
 618      272D6673 
 618      7461636B 
 618      2D757361 
 619 0099 74612D73 		.ascii	"ta-sections' '-fno-common' '-flto' '-fshort-enums'\000"
 619      65637469 
 619      6F6E7327 
 619      20272D66 
 619      6E6F2D63 
 620              		.text
 621              		.comm	__gnu_lto_v1,1,1
 622              		.comm	__gnu_lto_slim,1,1
 623              		.ident	"GCC: (GNU Arm Embedded Toolchain 9-2020-q2-update) 9.3.1 20200408 (release)"
ARM GAS  /tmp/ccunYcid.s 			page 47


DEFINED SYMBOLS
                            *ABS*:0000000000000000 urt_topic.c
                            *COM*:0000000000000001 __gnu_lto_v1
                            *COM*:0000000000000001 __gnu_lto_slim

NO UNDEFINED SYMBOLS
