ARM GAS  /tmp/cc6QAao8.s 			page 1


   1              		.cpu cortex-m3
   2              		.eabi_attribute 20, 1
   3              		.eabi_attribute 21, 1
   4              		.eabi_attribute 23, 3
   5              		.eabi_attribute 24, 1
   6              		.eabi_attribute 25, 1
   7              		.eabi_attribute 26, 1
   8              		.eabi_attribute 30, 2
   9              		.eabi_attribute 34, 1
  10              		.eabi_attribute 18, 4
  11              		.file	"urt_message.c"
  12              		.section	.gnu.lto_.profile.61135d0e3e9848c0,"e",%progbits
  13 0000 789CE360 		.ascii	"x\234\343``\004B \000\000\000]\000\013"
  13      60044220 
  13      0000005D 
  13      000B
  14              		.text
  15              		.section	.gnu.lto_.icf.61135d0e3e9848c0,"e",%progbits
  16 0000 789CE360 		.ascii	"x\234\343``d\340`@\000F\206\245\333\356\26411\000\000"
  16      6064E060 
  16      40004686 
  16      A5DBEEB4 
  16      31310000 
  17 0014 0E0802D2 		.ascii	"\016\010\002\322"
  18              		.text
  19              		.section	.gnu.lto_.jmpfuncs.61135d0e3e9848c0,"e",%progbits
  20 0000 789CE360 		.ascii	"x\234\343``d\340g@\000F\006&FF\346\372\371\314\014@"
  20      6064E067 
  20      40004606 
  20      264646E6 
  20      FAF9CC0C 
  21 0015 CCC80000 		.ascii	"\314\310\000\000\021\255\002d"
  21      11AD0264 
  22              		.text
  23              		.section	.gnu.lto_.inline.61135d0e3e9848c0,"e",%progbits
  24 0000 789CE360 		.ascii	"x\234\343``dPe@\000F\006\006\256\206\206\206\005Li\214"
  24      60645065 
  24      40004606 
  24      06AE8686 
  24      86054C69 
  25 0015 0C4CEC40 		.ascii	"\014L\354@\326\001\346\024\006\006^ \343\001S*\023\003"
  25      D601E614 
  25      06065E20 
  25      E301532A 
  25      1303
  26 0027 13581100 		.ascii	"\023X\021\000\262\226\010K"
  26      B296084B 
  27              		.text
  28              		.section	.gnu.lto_.pureconst.61135d0e3e9848c0,"e",%progbits
  29 0000 789CE360 		.ascii	"x\234\343``d`a`\000\222\263X\000\001\322\000\255"
  29      60646061 
  29      600092B3 
  29      580001D2 
  29      00AD
  30              		.text
  31              		.section	.gnu.lto_urtMessageInit.61135d0e3e9848c0,"e",%progbits
  32 0000 789C9D92 		.ascii	"x\234\235\222\315kSA\024\305\347\274yyI\223V\301U\241"
ARM GAS  /tmp/cc6QAao8.s 			page 2


  32      CD6B5341 
  32      14C5E7BC 
  32      79794993 
  32      56C155A1 
  33 0014 085908A1 		.ascii	"\010Y\010\241\013}\371\0174J]\010.\214\356KH\202F\032"
  33      0B7DF90F 
  33      344A5D08 
  33      2E8CEE4B 
  33      4882461A 
  34 0028 12925671 		.ascii	"\022\222Vq\325I\202vQ\255\0335i5\244\322F\005\301X\020"
  34      D5498276 
  34      51AD1B35 
  34      6935A4D2 
  34      4605C158 
  35 003d F1A3EA33 		.ascii	"\361\243\3523~\324F\253\265v\243\324\026T\212\012\265"
  35      7ED446AB 
  35      B576A3D4 
  35      16548A0A 
  35      B5
  36 004e 2028AEAA 		.ascii	" (\256\252w&i\264(b\035\030\230;3\347w\317\2753\016"
  36      772669B4 
  36      28621D18 
  36      983B33E7 
  36      77CFBD33 
  37 0063 06768033 		.ascii	"\006v\2003\266\2131\266\236&8\203&\204\330bO94@\255"
  37      B68B31B6 
  37      9E263883 
  37      2684D862 
  37      4F393440 
  38 0078 8403AC5B 		.ascii	"\204\003\254[C7\216\363,G\271g\376\272\326z\236N\204"
  38      43378EF3 
  38      2C47B967 
  38      FEBAD67A 
  38      9E4E84
  39 008b 953D651C 		.ascii	"\225=e\034\021\207\233\013\004\350\247Y\035\270\201"
  39      11879B0B 
  39      04E8A759 
  39      1DB881
  40 009a 56BA379B 		.ascii	"V\2727\233\316\177k\354\343\005\016\350\024\236\250"
  40      CE7F6BEC 
  40      E3050EE8 
  40      149EA8
  41 00a9 5C1977CA 		.ascii	"\\\031w\312P\203\233\302\231\211J\326\305\267\202\321"
  41      50839BC2 
  41      99894AD6 
  41      C5B782D1 
  42 00b9 BAF26561 		.ascii	"\272\362ea\273\247(DZX\357\206\271\330P\340\034\267"
  42      BBA72844 
  42      5A58EF86 
  42      B9D850E0 
  42      1CB7
  43 00cb C0898851 		.ascii	"\300\211\210Q\264\340&Z\030\243=\"\337\206\207\356\217"
  43      B4E0265A 
  43      18A33D22 
  43      DF8687EE 
  43      8F
  44 00dc 7ECD5D58 		.ascii	"~\315]X\313w(m\352uyR\257\211g\316)\261\216;\277\211"
ARM GAS  /tmp/cc6QAao8.s 			page 3


  44      CB77286D 
  44      EA757952 
  44      AF8967CE 
  44      29B18E3B 
  45 00f2 75125BF0 		.ascii	"u\022[\3600)y3\262t\262\311\320k\216q\027\006\365\200"
  45      30297933 
  45      B274B2C9 
  45      D06B8E71 
  45      1706F580 
  46 0106 B1D294CD 		.ascii	"\261\322\224\315\022K\337{\2045\337|v\244\311I\325S"
  46      124BDF7B 
  46      8435DF7C 
  46      76A4C949 
  46      D553
  47 0118 3A03555D 		.ascii	":\003U]/g\262b\035\302b\354(\327\252A\212\202\217H\177"
  47      2F67B262 
  47      1DC262EC 
  47      28D7AA41 
  47      8A828F48 
  48 012d 7E9F1B72 		.ascii	"~\237\033rJ\020\321\3732\213\263\016Y'W\376\254W\227"
  48      4A10D1FB 
  48      328BB30E 
  48      592757FE 
  48      AC5797
  49 0140 5FAE2962 		.ascii	"_\256)b(E\367\007\367\223\023[\236:P\226\256\244\373"
  49      2845F707 
  49      F793135B 
  49      9E3A5096 
  49      AEA4FB
  50 0153 C2DC35C3 		.ascii	"\302\3345\303{I\302\334\005n\340\036\212\310Um\335\207"
  50      7B49C2DC 
  50      056EE01E 
  50      8AC8556D 
  50      DD87
  51 0165 F7579A01 		.ascii	"\367W\232\001\206\007\244R\331\372\337\332k\331V\203"
  51      8607A452 
  51      D9FADFDA 
  51      6BD95683 
  52 0175 B7E3A1C2 		.ascii	"\267\343\241\302\313b1\246\360c\213\013\323\220xza<"
  52      CB6231A6 
  52      F0638B0B 
  52      D390787A 
  52      613C
  53 0187 5AC60F04 		.ascii	"Z\306\017\004\377@w\377\225\335\200q\305\326\230:\274"
  53      FF4077FF 
  53      95DD8071 
  53      C5D6983A 
  53      BC
  54 0198 3A5DAA34 		.ascii	":]\2524\324\017\235\250\300\233\223\017\310\360xeYN"
  54      D40F9DA8 
  54      C09B930F 
  54      C8F07865 
  54      594E
  55 01aa CAFBA49A 		.ascii	"\312\373\244\232w\340\303\351\214\353\237\312*\\\034"
  55      77E0C3E9 
  55      8CEB9FCA 
  55      2A5C1C
ARM GAS  /tmp/cc6QAao8.s 			page 4


  56 01b9 9E6BACD3 		.ascii	"\236k\254\323uL\250\324\272\304?\2057\317\215j\031g"
  56      754CA8D4 
  56      BAC43F85 
  56      37CF8D6A 
  56      1967
  57 01cb EA6FB29A 		.ascii	"\352o\262\232.\271\360L\341l\0227\271\322\255\213\334"
  57      2EB9F04C 
  57      E16C1237 
  57      B9D2AD8B 
  57      DC
  58 01dc 3E5FEE52 		.ascii	">_\356R>\263\356\277\360S\012oH\374\013x\025\357\023"
  58      3EB3EEBF 
  58      F0530A6F 
  58      48FC0B78 
  58      15EF13
  59 01ef D283A563 		.ascii	"\322\203\245c\\}E9z9~~6\3066\233\373b\321\260\031\217"
  59      5C7D4539 
  59      7A397E7E 
  59      36C6369B 
  59      FB62D1B0 
  60 0205 749ABEDD 		.ascii	"t\232\276\335m\355~\337\2666\323\2673\342\217m\364\305"
  60      6DED7EDF 
  60      B636D3B7 
  60      33E28F6D 
  60      F4C5
  61 0217 E349331A 		.ascii	"\343I3\032\011\205:\302\007\003\211\260\331\345\337"
  61      09853AC2 
  61      070389B0 
  61      D9E5DF
  62 0226 63261341 		.ascii	"c&\023A\263+\321\331\036\015'\223\201\275\341MAf\257"
  62      B32BD1D9 
  62      1E0D2793 
  62      81BDE14D 
  62      4166AF
  63 0239 2DEDF1C0 		.ascii	"-\355\361\300\241\216X \364\0031#<\236"
  63      A18E5820 
  63      F4033123 
  63      3C9E
  64              		.text
  65              		.section	.gnu.lto_.symbol_nodes.61135d0e3e9848c0,"e",%progbits
  66 0000 789CE360 		.ascii	"x\234\343``d\220e\000\002\246+L\365\014\015@\300\302"
  66      60649065 
  66      0002A62B 
  66      4CF50C0D 
  66      40C0C2
  67 0013 38E11C03 		.ascii	"8\341\034\003C=\003\303\256\006G\240$\010\000\000~o"
  67      433D03C3 
  67      AE0647A0 
  67      24080000 
  67      7E6F
  68 0025 06DC     		.ascii	"\006\334"
  69              		.text
  70              		.section	.gnu.lto_.refs.61135d0e3e9848c0,"e",%progbits
  71 0000 789CE360 		.ascii	"x\234\343``\004B \000\000\000]\000\013"
  71      60044220 
  71      0000005D 
  71      000B
ARM GAS  /tmp/cc6QAao8.s 			page 5


  72              		.text
  73              		.section	.gnu.lto_.decls.61135d0e3e9848c0,"e",%progbits
  74 0000 789C9555 		.ascii	"x\234\225UkL\024W\024\276gf\013\313\262<\012TI\374C"
  74      6B4C1457 
  74      14BE6766 
  74      0BCBB23C 
  74      0A5449FC 
  75 0015 0C3FFC21 		.ascii	"\014?\374!L\211\304\226?\265\204XmR\333\204\332&\376"
  75      4C89C496 
  75      3FB58458 
  75      6D52DB84 
  75      DA26FE
  76 0028 E9760353 		.ascii	"\351v\003S\330\204e\267\273\203\325\376\351\300\332"
  76      D88465B7 
  76      BB83D5FE 
  76      E9C0DA
  77 0037 054D556C 		.ascii	"\005MUl\264`\221\207\004\013\241`-\025k\005Y\020\020"
  77      B4609187 
  77      040BA160 
  77      2D156B05 
  77      591010
  78 004a 04A5282F 		.ascii	"\004\245(/\253<\226g}#I!\232V\351\271swa\350\322\246"
  78      AB3C9667 
  78      7D234921 
  78      9A56E9B9 
  78      737761E8 
  79 0060 DEDD3377 		.ascii	"\336\3353w\316\271\347|\347\273s\316\334\321\022 \333"
  79      CEB9E77C 
  79      E7BB73CE 
  79      DCD11220 
  79      DB
  80 0071 FC09A903 		.ascii	"\374\011\251\003B\312\010!\21388\234\257\243\320y\032"
  80      42CA0821 
  80      8B38389C 
  80      AFA3D079 
  80      1A
  81 0082 258DB081 		.ascii	"%\215\260\201.\3441\361\035\343\270\240\3079\035%\014"
  81      2EE431F1 
  81      1DE3B8A0 
  81      C7391D25 
  81      0C
  82 0093 25421537 		.ascii	"%B\0257\2052\207\322\217\262\313\203{\015\245\015\005"
  82      853287D2 
  82      8FB2CB83 
  82      7B0DA50D 
  82      05
  83 00a4 D3926114 		.ascii	"\323\222a\0247\312(J\017\312\010\312\004\312\330\177"
  83      37CA284A 
  83      0FCA08CA 
  83      04CAD87F 
  84 00b4 E42BE061 		.ascii	"\344+\340a4\247\370\211\376\020\017a:\320\240z\264\353"
  84      34A7F889 
  84      FE100F61 
  84      3AD0A07A 
  84      B4EB
  85 00c6 EC151DAA 		.ascii	"\354\025\035\252\021:\210B\265\366\334WE\376l5\022\325"
  85      113A8842 
ARM GAS  /tmp/cc6QAao8.s 			page 6


  85      B5F6DC57 
  85      45FE6C35 
  85      12D5
  86 00d8 9303BD39 		.ascii	"\223\003\2759\300\324PT\313\263\007\272\203x\016(N\243"
  86      C0D45054 
  86      CBB307BA 
  86      83780E28 
  86      4EA3
  87 00ea F35913F5 		.ascii	"\363Y\023\365\334\245\003\272\363\0204u\314>\354\007"
  87      DCA503BA 
  87      F3103475 
  87      CC3EEC07 
  88 00fa 66A21EDF 		.ascii	"f\242\036\337v\236\310\017\344\375\225\373\323E}\363"
  88      769EC80F 
  88      E4FD95FB 
  88      D3457DF3 
  89 010a C142ADCC 		.ascii	"\301B\255\314\206\366\020O\240\005\370eV\025Og\177\326"
  89      86F6104F 
  89      A005F865 
  89      56154F67 
  89      7FD6
  90 011c F3EF29BE 		.ascii	"\363\357)\276\003\263\005\271\234.O\226s\3442\207\034"
  90      03B305B9 
  90      9C2E4F96 
  90      73E43287 
  90      1C
  91 012d B09D4003 		.ascii	"\260\235@\003\254\203\013\260\216@+(\350\227@\200f\264"
  91      AC830BB0 
  91      8E402B28 
  91      E8974080 
  91      66B4
  92 013f B9D046A9 		.ascii	"\271\320F\251,\024V\205\360\037*\301\256\305o\\\032"
  92      2C145685 
  92      F01F2AC1 
  92      AEC56F5C 
  92      1A
  93 0150 C6588BEA 		.ascii	"\306X\213\352\261\352\226\277\364l{\315ty\177\363\201"
  93      B1EA96BF 
  93      F46C7BCD 
  93      74797FF3 
  93      81
  94 0161 361DFF91 		.ascii	"6\035\377\221\342ZPP\360\223\226OQ\356kf\347\033\350"
  94      E25A5050 
  94      F093964F 
  94      51EE6B66 
  94      E71BE8
  95 0174 6E36E8E0 		.ascii	"n6\350\340\013\325N6\260\235\344\356\253:\034\310\177"
  95      0BD54E36 
  95      B09DE4EE 
  95      AB3A1CC8 
  95      7F
  96 0185 AADCBB8F 		.ascii	"\252\334\273\217\356o\365c\354\3168\344\227\263\343"
  96      EE6FF563 
  96      ECCE38E4 
  96      97B3E3
  97 0194 08742095 		.ascii	"\010t \225\313\224\336UPB(\275n\264u)\3648\327\217y"
  97      CB94DE55 
ARM GAS  /tmp/cc6QAao8.s 			page 7


  97      504228BD 
  97      6EB47529 
  97      F438D78F 
  98 01a9 457E101D 		.ascii	"E~\020\035^Nc\232\207J\343\033\316?\220\345\011\231"
  98      5E4E639A 
  98      874AE31B 
  98      CE3F90E5 
  98      0999
  99 01bb 876BA083 		.ascii	"\207k\240\203N\214\371\025\302\227@\010\010\364\022"
  99      4E8CF915 
  99      C2974008 
  99      08F412
 100 01ca 879723F4 		.ascii	"\207\227#\364Ya\022\031\"UI\256x\002h\226\036\210\366"
 100      59611219 
 100      225549AE 
 100      78026896 
 100      1E88F6
 101 01dd 3CC0ECD9 		.ascii	"<\300\354\331\341\215\374\005P(\226\334\310\237|)|\365"
 101      E18DFC05 
 101      502896DC 
 101      C89F7C29 
 101      7CF5
 102 01ef E8DE55A3 		.ascii	"\350\336U\243\317U\036\274\307\363\035,|n\261r\334\217"
 102      CF551EBC 
 102      C7F31D2C 
 102      7C6EB172 
 102      DC8F
 103 0201 EF62CAD9 		.ascii	"\357b\312\331\241\372\246\340\325\213\321\267j1\362"
 103      A1FAA6E0 
 103      D58BD1B7 
 103      6A31F2
 104 0210 879F3606 		.ascii	"\207\2376\006\362\267X\364HK\353\367\034?\306\224\037"
 104      F2B758F4 
 104      484BEBF7 
 104      1C3FC694 
 104      1F
 105 0221 6626E635 		.ascii	"f&\3465\214\026\035\000\312\2331\210(C\214\220\207\214"
 105      8C161D00 
 105      CA9B3188 
 105      28438C90 
 105      878C
 106 0233 A3FE792D 		.ascii	"\243\376y-\350\017,\245T\226\275Y\011\334\004=\363\363"
 106      E80F2CA5 
 106      5496BD59 
 106      09DC043D 
 106      F3F3
 107 0245 B66E186B 		.ascii	"\266n\030k\335\352\206\273\205\034+\265\314\241^w\363"
 107      DDEA86BB 
 107      851C2BB5 
 107      CCA15E77 
 107      F3
 108 0256 D448087F 		.ascii	"\324H\010\177_\311\355\337]9\377]0D\323\021\036\315"
 108      5FC9EDDF 
 108      5D39FF5D 
 108      3044D311 
 108      1ECD
 109 0268 0AB1E87A 		.ascii	"\012\261\350z\375\304\350\035Y\376:\222B\302\000\362"
ARM GAS  /tmp/cc6QAao8.s 			page 8


 109      FDC4E81D 
 109      59FE3A92 
 109      42C200F2 
 110 0278 185F9168 		.ascii	"\030_\221h\251\016\314\177\2604\354\244C\356\374\030"
 110      A90ECC7F 
 110      B034ECA4 
 110      43EEFC18 
 111 0288 D2F4D0EE 		.ascii	"\322\364\320\356\343|\021T\336\262\334\374\250$\264"
 111      E37C1154 
 111      DEB2DCFC 
 111      A824B4
 112 0297 CE21E739 		.ascii	"\316!\3479\364p\035\375:=\376\313E\276\014+\321g\252"
 112      F4701DFD 
 112      3A3DFECB 
 112      45BE0C2B 
 112      D167AA
 113 02aa 22187A1B 		.ascii	"\"\030z\033\366\304m\037\370\306\177\270/\024\257)W"
 113      F6C46D1F 
 113      F8C67FB8 
 113      2F14AF29 
 113      57
 114 02bb DCFBD1FD 		.ascii	"\334\373\321\375\306\352\324\033\300\333C\3712\353\202"
 114      C6EAD41B 
 114      C0DB43F9 
 114      32EB82
 115 02ca 5BE8F01B 		.ascii	"[\350\360\033-\335\240'\202\326n\030\242\301\2152\212"
 115      2DDDA027 
 115      82D66E18 
 115      A2C18D32 
 115      8A
 116 02db 32823281 		.ascii	"2\2022\2012\306:\203\345z^\252\242\326\364/;W\222\341"
 116      32C63A83 
 116      E57A5EAA 
 116      A2D6F42F 
 116      3B5792E1 
 117 02ef 53774E55 		.ascii	"SwNU\374\342\317\273\330\031q\370\370\227\227\202\302"
 117      FCE2CFBB 
 117      D81971F8 
 117      F8979782 
 117      C2
 118 0300 57A730F9 		.ascii	"W\2470\371\377( \312\240\263\357\017^\335\017S+\362"
 118      FF2820CA 
 118      A0B3EF0F 
 118      5EDD0F53 
 118      2BF2
 119 0312 4F2BFD40 		.ascii	"O+\375@'z`\215\270]\001\343\030LO`\200\342@ \364G/\254"
 119      277A608D 
 119      B85D01E3 
 119      184C4F60 
 119      80E24020 
 120 032a DDE80CF4 		.ascii	"\335\350\014\364\236\312\242w\000\035\036?6Q\007fc\223"
 120      9ECAA277 
 120      001D1E3F 
 120      36510766 
 120      6393
 121 033c F7C26C9C 		.ascii	"\367\302l\234\007\205\363\236\357,\206\241+\252\012"
 121      0785F39E 
ARM GAS  /tmp/cc6QAao8.s 			page 9


 121      EF2C86A1 
 121      2BAA0A
 122 034b 9AAD8367 		.ascii	"\232\255\203g\335\013\302\002\030\253\345@\217\211\363"
 122      DD0BC202 
 122      18ABE540 
 122      8F89F3
 123 035a A4534780 		.ascii	"\244SG\200\017\343e@\262\004\352\035\260t\264\226<;"
 123      0FE36540 
 123      B204EA1D 
 123      B074B496 
 123      3C3B
 124 036c 581A3C01 		.ascii	"X\032<\001\356lZ\206\372\351\030\002\257\344G\021\245"
 124      EE6C5A86 
 124      FAE91802 
 124      AFE44711 
 124      A5
 125 037d 3E85CE8A 		.ascii	">\205\316\212'\001\374\024+\326\351\232?\317\3504\270"
 125      2701FC14 
 125      2BD6E99A 
 125      3FCFE834 
 125      B8
 126 038e 23DAE059 		.ascii	"#\332\340Y\032jj[\270x*\330\347\215\235\364yc{\212\333"
 126      1A6A6A5B 
 126      B8782AD8 
 126      E78D9DF4 
 126      79637B8A 
 127 03a3 1B397585 		.ascii	"\0339u\205\356\255\250\320}\357\033\233\353p\356\323"
 127      EEADA8D0 
 127      7DEF1B9B 
 127      EB70EED3 
 128 03b3 2829D004 		.ascii	"()\320\004wAI\342l\317o\010b\2571\247\372\344D\260O"
 128      774149E2 
 128      6CCF6F08 
 128      62AF31A7 
 128      FAE444B0 
 129 03c8 CEF9EE23 		.ascii	"\316\371\356#s\372\265\307\224\026r\310\241\034\244"
 129      73FAB5C7 
 129      941672C8 
 129      A11CA4
 130 03d7 AF814788 		.ascii	"\257\201G\210\374PA\236\205\265\004\036 \216\002\337"
 130      FC50419E 
 130      85B5041E 
 130      208E02DF 
 131 03e7 525DF3D6 		.ascii	"R]\363\326\3722\331\355\226\233\307F7\026^u\312\275"
 131      FA32D9ED 
 131      969BC746 
 131      37165E75 
 131      CABD
 132 03f9 18F6A6E2 		.ascii	"\030\366\246\342\006w\220\265\2071\275'\360;\266\031"
 132      067790B5 
 132      8731BD27 
 132      F03BB619 
 133 0409 CC00FD04 		.ascii	"\314\000\375\004\303cX\217\361\307\333o\027\2548xV6"
 133      C363588F 
 133      F1C7DB6F 
 133      17AC3878 
 133      5636
ARM GAS  /tmp/cc6QAao8.s 			page 10


 134 041b FA1C6B34 		.ascii	"\372\034k4:i\354\246\317\3057\204t\213Y\024\254&IH|"
 134      3A69ECA6 
 134      CFC53784 
 134      748B5914 
 134      AC264948 
 135 0430 7FAB2139 		.ascii	"\177\253!91i\253\220\270\303\224l\211I\264Z\355\202"
 135      3169AB90 
 135      B8C3946C 
 135      8949B45A 
 135      ED82
 136 0442 D9949A9A 		.ascii	"\331\224\232\232!~f\264\211BV\362N\301nK\021\262l\222"
 136      217E66B4 
 136      894256F2 
 136      4EC16E4B 
 136      11B26C92 
 137 0456 C12CDAED 		.ascii	"\301,\332\355\306416E\273\355\335\017\242\222\022\022"
 137      C6343136 
 137      45BBEDDD 
 137      0FA29212 
 137      12
 138 0467 881F0533 		.ascii	"\210\037\0053H\376V\343\336\014\2131U#\231\314b\220"
 138      48FE56E3 
 138      DE0C8B31 
 138      552399CC 
 138      6290
 139 0479 D16237D0 		.ascii	"\321b7\320\033\273d4[\265Y\246Lis\274A\332\022\033+"
 139      1BBB6434 
 139      5BB559A6 
 139      4C6973BC 
 139      41DA121B 
 140 048e E05F42B3 		.ascii	"\340_B\263`\025m&k\272h\333\033\223\221\221*$nJxu\263"
 140      60156D26 
 140      6BBA68DB 
 140      1B939191 
 140      2A246E4A 
 141 04a5 61779CC0 		.ascii	"aw\234\300<\360\237b\301\314\246\314\024\301\013\025"
 141      3CF09F62 
 141      C1CCA6CC 
 141      14C10B15 
 142 04b5 9B4EF494 		.ascii	"\233N\364\224\201\305\276\0235\203\304\231RCT\214L\251"
 142      81C5BE13 
 142      3583C499 
 142      5243548C 
 142      4CA9
 143 04c7 06499329 		.ascii	"\006I\223)\356\221\002U\306\360\314,\363v\233\224d\311"
 143      EE910255 
 143      C6F0CC2C 
 143      F3769B94 
 143      64C9
 144 04d9 B4679945 		.ascii	"\264g\231E\233\375\035\361\023i\313\013\355\2332P\357"
 144      9BFD1DF1 
 144      1369CB0B 
 144      ED9B3250 
 144      EF
 145 04ea 3B9D04A9 		.ascii	";\235\004\251Td\021O\264F\233y\367k1f\242C\316\222\270"
 145      5464114F 
 145      B4469B79 
ARM GAS  /tmp/cc6QAao8.s 			page 11


 145      F76B3166 
 145      A243CE92 
 146 04ff 27C6BC89 		.ascii	"'\306\274\211\004\243\323\016\346\363v\246\351\005s"
 146      04A3D30E 
 146      E6F376A6 
 146      E90573
 147 050e FA3C6BF2 		.ascii	"\372<k\3627\245@\241\214"
 147      37A540A1 
 147      8C
 148              		.text
 149              		.section	.gnu.lto_.symtab.61135d0e3e9848c0,"e",%progbits
 150 0000 7572744D 		.ascii	"urtMessageInit\000"
 150      65737361 
 150      6765496E 
 150      697400
 151 000f 00       		.ascii	"\000"
 152 0010 00       		.ascii	"\000"
 153 0011 00       		.ascii	"\000"
 154 0012 00000000 		.ascii	"\000\000\000\000\000\000\000\000"
 154      00000000 
 155 001a F0000000 		.ascii	"\360\000\000\000"
 156              		.text
 157              		.section	.gnu.lto_.opts,"e",%progbits
 158 0000 272D666E 		.ascii	"'-fno-openmp' '-fno-openacc' '-fno-pie' '-mcpu=cort"
 158      6F2D6F70 
 158      656E6D70 
 158      2720272D 
 158      666E6F2D 
 159 0033 65782D6D 		.ascii	"ex-m3' '-mthumb' '-mfloat-abi=soft' '-march=armv7-m"
 159      33272027 
 159      2D6D7468 
 159      756D6227 
 159      20272D6D 
 160 0066 2720272D 		.ascii	"' '-O2' '-fstack-usage' '-ffunction-sections' '-fda"
 160      4F322720 
 160      272D6673 
 160      7461636B 
 160      2D757361 
 161 0099 74612D73 		.ascii	"ta-sections' '-fno-common' '-flto' '-fshort-enums'\000"
 161      65637469 
 161      6F6E7327 
 161      20272D66 
 161      6E6F2D63 
 162              		.text
 163              		.comm	__gnu_lto_v1,1,1
 164              		.comm	__gnu_lto_slim,1,1
 165              		.ident	"GCC: (GNU Arm Embedded Toolchain 9-2020-q2-update) 9.3.1 20200408 (release)"
ARM GAS  /tmp/cc6QAao8.s 			page 12


DEFINED SYMBOLS
                            *ABS*:0000000000000000 urt_message.c
                            *COM*:0000000000000001 __gnu_lto_v1
                            *COM*:0000000000000001 __gnu_lto_slim

NO UNDEFINED SYMBOLS
