ARM GAS  /tmp/ccj3yLPG.s 			page 1


   1              		.cpu cortex-m3
   2              		.eabi_attribute 20, 1
   3              		.eabi_attribute 21, 1
   4              		.eabi_attribute 23, 3
   5              		.eabi_attribute 24, 1
   6              		.eabi_attribute 25, 1
   7              		.eabi_attribute 26, 1
   8              		.eabi_attribute 30, 2
   9              		.eabi_attribute 34, 1
  10              		.eabi_attribute 18, 4
  11              		.file	"urt_message.c"
  12              		.section	.gnu.lto_.profile.a4441a6753fc7363,"e",%progbits
  13 0000 789CE360 		.ascii	"x\234\343``\004B \000\000\000]\000\013"
  13      60044220 
  13      0000005D 
  13      000B
  14              		.text
  15              		.section	.gnu.lto_.icf.a4441a6753fc7363,"e",%progbits
  16 0000 789CE360 		.ascii	"x\234\343``d\340`@\000F\206\015K\367\314db\000\000\015"
  16      6064E060 
  16      40004686 
  16      0D4BF7CC 
  16      64620000 
  17 0015 AE02BF   		.ascii	"\256\002\277"
  18              		.text
  19              		.section	.gnu.lto_.jmpfuncs.a4441a6753fc7363,"e",%progbits
  20 0000 789CE360 		.ascii	"x\234\343``dX\305\310\300\020\313\000\001\214\014L\214"
  20      606458C5 
  20      C8C010CB 
  20      00018C0C 
  20      4C8C
  21 0012 8CCCF5F3 		.ascii	"\214\314\365\363\231\031\200\230\221\211i:3\343\304"
  21      99198098 
  21      9189693A 
  21      33E3C4
  22 0021 35B7F4FA 		.ascii	"5\267\364\372\230\347331\3261\356b\224f`<\300\302X\007"
  22      98E73333 
  22      31D631EE 
  22      62946660 
  22      3CC0C258 
  23 0036 C40C0C1C 		.ascii	"\304\014\014\034\314@\351\246\346\365\213x\015\364\346"
  23      CC40E9A6 
  23      E6F58B78 
  23      0DF4E6
  24 0045 33332F66 		.ascii	"33/ff\230\301\0146d7\243\001X\031\003\020\377\370\377"
  24      6698C10C 
  24      366437A3 
  24      01581903 
  24      10FFF8FF 
  25 0059 FF3F3F23 		.ascii	"\377??#He_\363\373{\034 \223\200\022\214{\030\245A\030"
  25      48655FF3 
  25      FB7B1C20 
  25      9380128C 
  25      7B18A541 
  26 006e 247E76FF 		.ascii	"$~v\377\367o\354\212\214\363\033f(\314gfe`\334\313\250"
  26      F76FEC8A 
  26      8CF31B66 
ARM GAS  /tmp/ccj3yLPG.s 			page 2


  26      28CC6766 
  26      6560DCCB 
  27 0083 08D7FD07 		.ascii	"\010\327\375\007\242\033Y\371\312\307\317\027\261+\312"
  27      A21B59F9 
  27      CAC7CF17 
  27      B12BCA
  28 0092 4194B331 		.ascii	"A\224\26310\356\303\255\034\344\374\256\277SZy@\266"
  28      30EEC3AD 
  28      1CE4FCAE 
  28      BF535A79 
  28      40B6
  29 00a4 B2331E65 		.ascii	"\2623\036e`\334\017\365\300Q\006,>\340\000\373\000("
  29      60DC0FF5 
  29      C051062C 
  29      3EE000FB 
  29      0028
  30 00b6 CC0014DD 		.ascii	"\314\000\024\335|n\366\0356\220('\343\001F\203\031\314"
  30      7C6EF61D 
  30      36902827 
  30      E3014683 
  30      19CC
  31 00c8 4C208F1D 		.ascii	"L \217\035\204z\214\005\3411|>9D\232O\016\343\361\011"
  31      847A8C05 
  31      E1317C3E 
  31      39449A4F 
  31      0EE3F109 
  32 00dc BACB1964 		.ascii	"\272\313\031dT\2135TK5\255\024\022\363\213]\222\322"
  32      548B3554 
  32      4B35AD14 
  32      12F38B5D 
  32      92D2
  33 00ee 1D8B8B53 		.ascii	"\035\213\213S\213J\024\322\0223sRS\030\354\3653\362"
  33      8B4A14D2 
  33      12337352 
  33      5318ECF5 
  33      33F2
  34 0100 7353F50B 		.ascii	"sS\365\0132K\364\035\203]\343\203\034\235]\365\035}"
  34      324BF41D 
  34      835DE383 
  34      1C9D5DF5 
  34      1D7D
  35 0112 3383F275 		.ascii	"3\203\362u\035\013\012\212\365s3SRrR\313\023\213R\365"
  35      1D0B0A8A 
  35      F5733353 
  35      527252CB 
  35      138B52F5 
  36 0126 4B8342F4 		.ascii	"K\203B\364\213\213\222\365K\213J\342sS\213\213\023\323"
  36      8B8B92F5 
  36      4B8B4AE2 
  36      73538B8B 
  36      13D3
  37 0138 53F59219 		.ascii	"S\365\222\031\0000N\226\366"
  37      00304E96 
  37      F6
  38              		.text
  39              		.section	.gnu.lto_.inline.a4441a6753fc7363,"e",%progbits
  40 0000 789CE360 		.ascii	"x\234\343``d\250a@\000F\006\006\271s37?cJgdfP\310\237"
ARM GAS  /tmp/ccj3yLPG.s 			page 3


  40      6064A861 
  40      40004606 
  40      06B97333 
  40      373F634A 
  41 001a CECCD8D7 		.ascii	"\316\314\330\327\374\376\036G\037\363|f\240\034\343"
  41      FCFE1E47 
  41      1FF37C66 
  41      A01CE3
  42 0029 2E466906 		.ascii	".Fi\006\006\205\002(\015T\314\302\325\320\320p\200)"
  42      06850228 
  42      0D54CCC2 
  42      D5D0D070 
  42      8029
  43 003b 95814100 		.ascii	"\225\201A\000\304`Neb`b`\0012\033\230R\030\004\030\330"
  43      C4604E65 
  43      62606260 
  43      01321B98 
  43      52180418 
  44 0050 80469D61 		.ascii	"\200F\235aNba`\001\031\316\304\015\324\0004\206\225"
  44      4E626160 
  44      0119CEC4 
  44      0DD40034 
  44      8695
  45 0062 0F448385 		.ascii	"\017D\203\205\220\230\014\000e\222\027Y"
  45      90980C00 
  45      65921759 
  46              		.text
  47              		.section	.gnu.lto_.pureconst.a4441a6753fc7363,"e",%progbits
  48 0000 789CE360 		.ascii	"x\234\343``d`a`\000\222\263X\000\001\322\000\255"
  48      60646061 
  48      600092B3 
  48      580001D2 
  48      00AD
  49              		.text
  50              		.section	.gnu.lto_urtMessageInit.a4441a6753fc7363,"e",%progbits
  51 0000 789C9D55 		.ascii	"x\234\235UmPTU\030>\317=w\357\335]\026,\310\302PZfr"
  51      6D505455 
  51      183ECF3D 
  51      77EFDD5D 
  51      162CC8C2 
  52 0018 88A6DCFD 		.ascii	"\210\246\334\375\321\257\376\024\231\375h\246?\324\177"
  52      D1AFFE14 
  52      99FD68A6 
  52      3FD47F
  53 0027 6783CD68 		.ascii	"g\203\315h \030\026\246\351O^\026\024\007\312\276(\026"
  53      201816A6 
  53      E94F5E16 
  53      1407CABE 
  53      2816
  54 0039 9296440A 		.ascii	"\222\226D\012\313\011\030\032'\024u\205\324$(2\244\\"
  54      CB09181A 
  54      27147585 
  54      D4242832 
  54      A45C
  55 004b 115204D1 		.ascii	"\021R\004\321\3700K\352O\332y\317\335\017H%\206;sg\316"
  55      F8304BEA 
  55      4FDA79CF 
ARM GAS  /tmp/ccj3yLPG.s 			page 4


  55      DD0F4825 
  55      863B7367 
  56 0060 39EFFB3C 		.ascii	"9\357\373<\357\373<\347\276\273V\0066\2443\366*c,O\274"
  56      EFFB3CE7 
  56      BEBB5606 
  56      36A433F6 
  56      2A632C4F 
  57 0075 B0322886 		.ascii	"\2602(\206a<\251\227[\025\205O\366\327\247\250\206]"
  57      613CA997 
  57      5B15854F 
  57      F6D7A7A8 
  57      865D
  58 0087 6FE89C7C 		.ascii	"o\350\234|D5\034\\Q\247\233\317\257\026'\226\332\221"
  58      44351C5C 
  58      51A79BCF 
  58      AF162796 
  58      DA91
  59 0099 8F1F1627 		.ascii	"\217\037\026'*\264H\266%\266\322\240GV: W\206\025l\253"
  59      2AB448B6 
  59      25B6D2A0 
  59      47563A20 
  59      5786156C 
  60 00ae C2558BA6 		.ascii	"\302U\213\246c+\336\346u\034=U\223]J\326g\"l\204\352"
  60      632BDEE6 
  60      751C3D55 
  60      935D4AD6 
  60      67226C84 
  61 00c3 3ED4B61B 		.ascii	">\324\266\033\333R\203\234\261z\361\232\017\016 K\344"
  61      DB52839C 
  61      B17AF19A 
  61      0F0E204B 
  61      E4
  62 00d4 8DFA1BFF 		.ascii	"\215\372\033\377v\354\344A\016\250b[\333\367\325I;m"
  62      76ECE441 
  62      0EA8625B 
  62      DBF7D549 
  62      3B6D
  63 00e6 1538C576 		.ascii	"\0258\305vd\240\257.\201?\005&\326}\327g\236\311l1\014"
  63      64A0AF2E 
  63      813F0526 
  63      D67DD767 
  63      9EC96C31 
  64 00fb BF11BAB8 		.ascii	"\277\021\272\270\207\033\017\0069\307!p\301\210n\244"
  64      871B0F06 
  64      39C72170 
  64      C1886EA4 
  65 010b E120D218 		.ascii	"\341 \322\030\023g\202\37102E~\367|\240u\025\177Vb\313"
  65      136782F9 
  65      3032457E 
  65      F77CA075 
  65      157F5662 
  66 0120 CFF50CAA 		.ascii	"\317\365\014\252\021\360\310\247\022\254\342\310-`U"
  66      11F0C8A7 
  66      12ACE2C8 
  66      2D6055
  67 012f 8043C864 		.ascii	"\200C\310d\004\271\320q\343\203DM\215t\214\243\320\204"
  67      04B9D071 
ARM GAS  /tmp/ccj3yLPG.s 			page 5


  67      E383444D 
  67      8D748CA3 
  67      D084
  68 0141 958CB59D 		.ascii	"\225\214\265\235\262\204\214\0337\253\214\320d\352'"
  68      B2848C1B 
  68      37AB8CD0 
  68      64EA27
  69 0150 1D89C910 		.ascii	"\035\211\311\0200\213\012\252\351\200\011\256\341\214"
  69      308B0AAA 
  69      E98009AE 
  69      E18C
  70 015e 64AB3042 		.ascii	"d\2530B\214\275\311\025sS.6\023\250\034\353\235\015"
  70      8CBDC915 
  70      73532E36 
  70      13A81CEB 
  70      9D0D
  71 0170 68C4D6C8 		.ascii	"h\304\326\310I\357\316\212\271Q+\351\345`\350\241.\030"
  71      49EFCE8A 
  71      B9512BE9 
  71      E560E8A1 
  71      2E18
  72 0182 6178A7B8 		.ascii	"ax\247\270\031\020\006W\340\357\266\231\000,\004hRX"
  72      19100657 
  72      E0EFB699 
  72      002C0468 
  72      5258
  73 0194 636BFF4D 		.ascii	"ck\377M[%\374\345Vq\322L\255\212\303\341\263\307\007"
  73      5B25FCE5 
  73      5671D24C 
  73      AD8AC3E1 
  73      B3C707
  74 01a7 D1826604 		.ascii	"\321\202f\004\271\216oP\011\364\022\263\210\034xoG\273"
  74      B98E6F50 
  74      09F412B3 
  74      881C786F 
  74      47BB
  75 01b9 E6FE923A 		.ascii	"\346\376\222:r\006\271\025\307DZ@\012\024\301\312\251"
  75      7206B915 
  75      C7445A40 
  75      0A14C1CA 
  75      A9
  76 01ca BD617B2C 		.ascii	"\275a{,h\303q\270\003\2344\343\004\334\262\367\215\361"
  76      68C371B8 
  76      039C34E3 
  76      04DCB2F7 
  76      8DF1
  77 01dc 3E5A6A76 		.ascii	">Zjv\037L\244>lP\360m\254q\325?\274\3531\352[\231F\225"
  77      1F4CA43E 
  77      6C50F06D 
  77      AC71D53F 
  77      BCEB31EA 
  78 01f4 53BAF69F 		.ascii	"S\272\366\237.\355\365\304\211\223\242\255\345\011\350"
  78      2EEDF5C4 
  78      8993A2AD 
  78      E509E8
  79 0203 5B4AC077 		.ascii	"[J\300ww\026\220\200~\022\240\230\261\243\247\303\357"
  79      77169080 
ARM GAS  /tmp/ccj3yLPG.s 			page 6


  79      7E12A098 
  79      B1A3A7C3 
  79      EF
  80 0214 73AAB343 		.ascii	"s\252\263C\006\035\030\200\333\274\324\357\005\277H"
  80      061D1880 
  80      DBBCD4EF 
  80      05BF48
  81 0223 1838F2D7 		.ascii	"\0308\362\327\274\236\221\0234\002\"\234H\220\356\336"
  81      BC9E9113 
  81      3402229C 
  81      4890EEDE 
  82 0233 CFBB9208 		.ascii	"\317\273\222\010\022\220\220$\374\200\014\0232hB\366"
  82      12909024 
  82      FC800C13 
  82      326842F6 
  83 0243 8E5FDAAD 		.ascii	"\216_\332\255g(&d\025A\272\256Vw\332\343\220\273\360"
  83      67282664 
  83      1541BAAE 
  83      5677DAE3 
  83      90BBF0
  84 0256 631472CA 		.ascii	"c\024r\312\204T\377S\273M~\356w\343\030\303OH\013\362"
  84      8454FF53 
  84      BB4D7EEE 
  84      77E318C3 
  84      4F480BF2 
  85 026a 64699CA5 		.ascii	"di\234\245\343\235\366\011F\316\361\377qnh\331\316\235"
  85      E39DF609 
  85      46CEF1FF 
  85      716E68D9 
  85      CE9D
  86 027c BEB37329 		.ascii	"\276\263s)\030\226\316E`=\325\333\207\355qw\356\301"
  86      1896CE45 
  86      603DD5DB 
  86      87ED7177 
  86      EEC1
  87 028e CF51777E 		.ascii	"\317Qw~Y\266;g\242R\303\313v\347l\0242B\235.pC\213}"
  87      59B63B67 
  87      A252C3CB 
  87      76E76C14 
  87      32429D2E 
  88 02a6 FF966954 		.ascii	"\377\226iT\336\326\215\325\365t\2658\027q\343\335}\341"
  88      DED68DD5 
  88      F574B538 
  88      1771E3DD 
  88      7DE1
  89 02b8 0DE4EBBD 		.ascii	"\015\344\353\275x\003\243Dt\237$\322\343\303'\006\351"
  89      7803A344 
  89      749F24D2 
  89      E3C32706 
  89      E9
  90 02c9 DA54A0D9 		.ascii	"\332T\240\331Nd\002\020\012\267\237I\022N\225\213\204"
  90      4E640210 
  90      0AB79F49 
  90      124E958B 
  90      84
  91 02da A657C414 		.ascii	"\246W\304\024\247\212\2114G\220~0\202c_\307\335Z\203"
  91      A78A8934 
ARM GAS  /tmp/ccj3yLPG.s 			page 7


  91      47907E30 
  91      82635FC7 
  91      DD5A83
  92 02ed 31E9964A 		.ascii	"1\351\226J\303\360+\334\013\347p\215\030\334\363\002"
  92      C3F02BDC 
  92      0BE7708D 
  92      18DCF302 
  93 02fd 25E9EBC7 		.ascii	"%\351\353\307\365\025\320\337\217\013\222\336B\364\343"
  93      F515D0DF 
  93      8F0B92DE 
  93      42F4E3
  94 030c 92FEC4DC 		.ascii	"\222\376\304\334\314\020\210>M\320_\214\3227\344\336"
  94      CC10883E 
  94      4DD05F8C 
  94      D237E4DE 
  95 031c 86DDB924 		.ascii	"\206\335\271$\367ZLHn\315\274\350\375Cm}\266Xp\035&"
  95      F75A4C48 
  95      6ECDBCE8 
  95      FD436D7D 
  95      B658701D 
  96 0331 694474AA 		.ascii	"iDt\252{i\261\254u\242\356\224Y\267\341\362G\025\011"
  96      7B69B1AC 
  96      75A2EE94 
  96      59B7E1F2 
  96      471509
  97 0344 CB9215FC 		.ascii	"\313\222\025\374b\317\230#\306\256\342\262,m%\372+p"
  97      62CF9823 
  97      C6AEE2B2 
  97      2C6D25FA 
  97      2B70
  98 0356 37728729 		.ascii	"7r\207)c\327\212.!\035\277I:\033\321M/\3566]t;\023u"
  98      63D78A2E 
  98      211DBF49 
  98      3A1BD14D 
  98      2FEE365D 
  99 036e A9B12279 		.ascii	"\251\261\"yE\364\263\222\336N\364s\342\363\217\361\005"
  99      45F4B392 
  99      DE4EF473 
  99      E2F38FF1 
  99      05
 100 037f C757C2F7 		.ascii	"\307W\302\367\000\256J\276\204[\214o\332/\246\323\211"
 100      00AE4ABE 
 100      845B8C6F 
 100      DA2FA6D3 
 100      89
 101 0390 DFC97A07 		.ascii	"\337\311z\007U\273\266X\214S\210\371#Z\274u<eE\305\377"
 101      55BBB658 
 101      8C5388F9 
 101      235ABC75 
 101      3C6545C5 
 102 03a5 5CAA783A 		.ascii	"\\\252x:\256S\361D*>\037\221:\013\177S\333[\\\216\032"
 102      AE53F144 
 102      2A3E1F91 
 102      3A0B7F53 
 102      DB5B5C8E 
 103 03ba 3D351CF1 		.ascii	"=5\034\361\1771\306\236p\275\\T\350u\025\347\227\272"
 103      7F31C69E 
ARM GAS  /tmp/ccj3yLPG.s 			page 8


 103      70BD5C54 
 103      E87515E7 
 103      97BA
 104 03cc B29FDFB4 		.ascii	"\262\237\337\2649'{\343&W\366s\3719E\217f\027\027\373"
 104      39277BE3 
 104      2657F673 
 104      F939458F 
 104      661717FB 
 105 03e0 5C85F979 		.ascii	"\\\205\371yy\005\336\327<%^WY\316\013._I\256\253\254"
 105      7905DED7 
 105      3C255E57 
 105      59CE0B2E 
 105      5F49AEAB 
 106 03f5 A47473A1 		.ascii	"\244ts\241\327\347\363l\361n\310ezd\251\027{^/(\362"
 106      D7E7F36C 
 106      F16EC865 
 106      7A64A917 
 106      7B5E2F28 
 107 040a E4AD5DEF 		.ascii	"\344\255]\357{h}Y\326\343NO\221\357\351\027\267d\373"
 107      7B687D59 
 107      D6E34E4F 
 107      91EFE917 
 107      B764FB
 108 041d 7CDE9252 		.ascii	"|\336\222R\347K\236\374\002o\036\373\027\201f\276\215"
 108      E74B9EFC 
 108      026F1EFB 
 108      178166BE 
 108      8D
 109              		.text
 110              		.section	.gnu.lto_.symbol_nodes.a4441a6753fc7363,"e",%progbits
 111 0000 789CE360 		.ascii	"x\234\343``d\250d\000\002\246\313L\365\014\015@\300"
 111      6064A864 
 111      0002A6CB 
 111      4CF50C0D 
 111      40C0
 112 0012 C238E11C 		.ascii	"\3028\341\034\003C=\003\303\256\006G\240$\020\260^a"
 112      03433D03 
 112      C3AE0647 
 112      A02410B0 
 112      5E61
 113 0024 625000D2 		.ascii	"bP\000\322\214\327\230\352\031\377C\201<X\031\003P\213"
 113      8CD798EA 
 113      19FF4381 
 113      3C581903 
 113      508B
 114 0036 0350E62A 		.ascii	"\003P\346*S=\023V\031f\006\346\246ksL\030[\030\201\254"
 114      533D1356 
 114      196606E6 
 114      A66B734C 
 114      185B1881 
 115 004b 8D13363C 		.ascii	"\215\0236<e`\\\002d2m~vf&#\343\021F\006\000\366\360"
 115      65605C02 
 115      64326D7E 
 115      76662623 
 115      E3114606 
 116 0062 2A50     		.ascii	"*P"
 117              		.text
ARM GAS  /tmp/ccj3yLPG.s 			page 9


 118              		.section	.gnu.lto_.refs.a4441a6753fc7363,"e",%progbits
 119 0000 789CE360 		.ascii	"x\234\343``d\340a```f``dbbdabde\000\000\002\000\000"
 119      6064E061 
 119      60606066 
 119      60606462 
 119      62646162 
 120 001b 2B       		.ascii	"+"
 121              		.text
 122              		.section	.gnu.lto_.decls.a4441a6753fc7363,"e",%progbits
 123 0000 789C9D3A 		.ascii	"x\234\235:iTT\351\225\365\325WT\025\005U\330b:=c\237"
 123      695454E9 
 123      95F5D557 
 123      54150555 
 123      D8623A3D 
 124 0016 9C4C8E49 		.ascii	"\234L\216I:\347L7\235\351>\223\344dN2===\323=\223N\347"
 124      3AE74C37 
 124      9DE93E93 
 124      E4644E32 
 124      3D3D3DD3 
 125 002e 74F7CC9C 		.ascii	"t\367\314\234\344\307\020\032J\2514[\252\012\333\316"
 125      E4C7101A 
 125      4AA9345B 
 125      AA0ADBCE 
 126 003e 9F14B228 		.ascii	"\237\024\262(*\210\212\262\357\310\216\200\262\357\012"
 126      2A888AB2 
 126      EFC88E80 
 126      B2EF0A
 127 004d B22AE086 		.ascii	"\262*\340\206,\212\200\210\240\002\"\202\200\002s\277"
 127      2C8A8088 
 127      A0022282 
 127      800273BF 
 128 005d A5A8F7A8 		.ascii	"\245\250\367\250W\2463t\177\276w\337\273\367~w\373\356"
 128      57A63374 
 128      7FBE77DF 
 128      BBF77E77 
 128      FBEE
 129 006f 77BF5B4F 		.ascii	"w\277[O-C\262\252\177\220\311FU2\331\347H&\333\200?"
 129      2D43B2AA 
 129      7F90C946 
 129      5532D9E7 
 129      4826DB80 
 130 0084 B94C26BB 		.ascii	"\271L&\273\002C\003c\001\306\036\030J\030\012x\357\004"
 130      02430363 
 130      01C61E18 
 130      4A180A78 
 130      EF04
 131 0096 4307C31D 		.ascii	"C\007\303\035\306\357\340\231\012\220\023\341\036\303"
 131      C6EFE099 
 131      0A9013E1 
 131      1EC3
 132 00a4 FD8FE0FE 		.ascii	"\375\217\340\376\015\030\0129\203\337\205\353?\301\370"
 132      0D180A39 
 132      83DF85EB 
 132      3FC1F8
 133 00b3 0006A0C8 		.ascii	"\000\006\240\310>\"\214\005\177\006\205L\366wp\365\205"
 133      3E228C05 
 133      7F06854C 
ARM GAS  /tmp/ccj3yLPG.s 			page 10


 133      F67770F5 
 133      85
 134 00c4 B11DC60E 		.ascii	"\261\035\306\016\301|y@\360\037\200\377\241\234\315"
 134      C17C7940 
 134      F01F80FF 
 134      A19CCD
 135 00d3 5100F07F 		.ascii	"Q\000\360\177\362\271~%g2|,gr\374Z\316d\371W\271M\306"
 135      F2B97E25 
 135      67327C2C 
 135      6772FC5A 
 135      CE64F957 
 136 00ea 4FE44CE6 		.ascii	"O\344L\346\237\303\365\011\\\177\003\327\233p\375-\214"
 136      9FC3F509 
 136      5C7F03D7 
 136      9B70FD2D 
 136      8C
 137 00fb EB30FA60 		.ascii	"\3530\372`\264\301\230\2021\006C'c\262;q\371\211.\017"
 137      B4C19882 
 137      31064327 
 137      63B23B71 
 137      F9892E0F 
 138 010f E0D91C8C 		.ascii	"\340\331\034\214G\334\036\017a<\2061\013c\032\306=\030"
 138      47DC1E0F 
 138      613C8631 
 138      0B631AC6 
 138      3D18
 139 0121 13329BAE 		.ascii	"\0232\233\256\037p}\245t\215\303hd\177\312\262k4F\333"
 139      1F707DA5 
 139      748DC368 
 139      647FCAB2 
 139      6B3446DB 
 140 0135 35480160 		.ascii	"5H\001`lWy\247\006\300\035\032\364]\001\270\235\201"
 140      6C5779A7 
 140      06C01D1A 
 140      F45D01B8 
 140      9D81
 141 0147 1937FAF6 		.ascii	"\0317\372\366#\006n\003\260x\343~\222\033C\266 \002"
 141      23066E03 
 141      B078E37E 
 141      921B43B6 
 141      2002
 142 0159 571E4952 		.ascii	"W\036IR\261\327\257\001xv\340\364m7,Gd\232\372\210\265"
 142      B1D7AF01 
 142      7876E0F4 
 142      6D372C47 
 142      649AFA88 
 143 016e 46F2EAB7 		.ascii	"F\362\352\267\032D\234\351\006\217\332\347f\256#\366"
 143      1A449CE9 
 143      068FDAE7 
 143      66AE23F6 
 144 017e 88602476 		.ascii	"\210`$v$\307\270\340W\351\375\231\244k\213:\217b\013"
 144      24C7B8E0 
 144      57E9FD99 
 144      A46B8B3A 
 144      8F620B
 145 0191 FB531763 		.ascii	"\373S\027c\031jA\330&t\366\312\\\225+\376_\212{c.\356"
 145      196A41D8 
ARM GAS  /tmp/ccj3yLPG.s 			page 11


 145      2674F6CA 
 145      5C952BFE 
 145      5F8A7B63 
 146 01a7 805C73D0 		.ascii	"\200\\s\320b\331oI\017\2658\177(Cuh'\252E;e\350\"\242"
 146      62D96F49 
 146      0FB5387F 
 146      28437568 
 146      27AA453B 
 147 01bf DC5B9107 		.ascii	"\334[\221\007\272\000\317\316\3033 \310\014\271\321"
 147      BA00CFCE 
 147      C33320C8 
 147      0CB9D1
 148 01ce ADC57A26 		.ascii	"\255\305z&\326R|\236\033\376\003\275o\3328\325\244`"
 148      D6527C9E 
 148      1BFE03BD 
 148      6FDA38D5 
 148      A460
 149 01e0 D2AB013C 		.ascii	"\322\253\001<Yp\376\205+S\256\231\274\216l>\324\252"
 149      5970FE85 
 149      2B53AE99 
 149      BC8E6C3E 
 149      D4AA
 150 01f2 C1468A1A 		.ascii	"\301F\212\032\027\027wN\215\277\242\367Es\213uD\263"
 150      1717774E 
 150      8DBFA2F7 
 150      45738B75 
 150      44B3
 151 0204 3734E8CF 		.ascii	"74\350\317\002\255\336`Z\035\010\313;\352\202\303\021"
 151      02ADDE60 
 151      5A1D08CB 
 151      3BEA82C3 
 151      11
 152 0215 05466323 		.ascii	"\005Fc#[\224L\324\322P\313+!?\226\241.\220\253\223\310"
 152      5B944CD4 
 152      D250CB2B 
 152      213F96A1 
 152      2E90AB93 
 153 022a DA8B280D 		.ascii	"\332\213(\015\221\265\007\236]\246\262\312\233\312\016"
 153      91B5079E 
 153      5DA6B2CA 
 153      9BCA0E
 154 0239 2629D12E 		.ascii	"&)\321.\367LB\323\374,\377\335\272\352G\026\313\270"
 154      F74C42D3 
 154      FC2CFFDD 
 154      BAEA4716 
 154      CBB8
 155 024b 05A33EA4 		.ascii	"\005\243>\244A\335@s\025\271o2\221!\017\362\317\217"
 155      41DD4073 
 155      15B96F32 
 155      91210FF2 
 155      CF8F
 156 025d E19F63C4 		.ascii	"\341\237c\304p0\211\005\275&\230\344\022' \263\\A\273"
 156      70308905 
 156      BD2698E4 
 156      122720B3 
 156      5C41BB
 157 0270 B83543E6 		.ascii	"\2705C\346n\375=\316g\"\246^\215\271\353\344.M}M\222"
ARM GAS  /tmp/ccj3yLPG.s 			page 12


 157      6EFD3DCE 
 157      6722A65E 
 157      8DB9EBE4 
 157      2E4D7D4D 
 158 0285 BA3237EA 		.ascii	"\27227\352\001\306\225\214|~#wL\211k\030P~\263\242Q"
 158      01C6958C 
 158      7C7E2377 
 158      4C896B18 
 158      507EB3A2 
 159 029a 27ED997E 		.ascii	"'\355\231~I\317\304\334Z\251w\301\235\214\372\366\371"
 159      49CFC4DC 
 159      5AA977C1 
 159      9D8CFAF6 
 159      F9
 160 02ab 964239EE 		.ascii	"\226B9\356a@\311\344\370\242\202\211E\376\020\011f\031"
 160      6140C9E4 
 160      F8A28289 
 160      45FE1009 
 160      6619
 161 02bd 1A042E43 		.ascii	"\032\004.CL .Lh\305z1r=\2649%}m\235U\206\206\221+\303"
 161      4C202E4C 
 161      68C57A31 
 161      723DB439 
 161      257D6D9D 
 162 02d7 6BA91A9E 		.ascii	"k\251\032\236\2263_\277M\302\274b\260\237G\275\005\003"
 162      96335FBF 
 162      4DC2BC62 
 162      B09F47BD 
 162      0503
 163 02e9 DC53B6BA 		.ascii	"\334S\266\272\340\212\207\330\334\027\026\022J\235\361"
 163      E08A87D8 
 163      DC171612 
 163      4A9DF1
 164 02f8 04031ECF 		.ascii	"\004\003\036\317_\216t\302\363\014\270\224\025\321\256"
 164      5F8E74C2 
 164      F30CB894 
 164      15D1AE
 165 0307 73E0CF51 		.ascii	"s\340\317Q)\177\242\243\013\027\177\203\017\262%1\321"
 165      297FA2A3 
 165      0B177F83 
 165      0FB22531 
 165      D1
 166 0318 1B5EE38A 		.ascii	"\033^\343\2123)\200\327\226\212k5h\227\325\323wz\336"
 166      332980D7 
 166      968A6B35 
 166      6897D5D3 
 166      777ADE
 167 032b 4E2C9FB2 		.ascii	"N,\237\262X\216\277\206\332\300\321w\201\331\244H\023"
 167      588EBF86 
 167      DAC0D177 
 167      81D9A448 
 167      13
 168 033c E66EE269 		.ascii	"\346n\342iF\260\224\260\343\\\250\345`\250+\032\003"
 168      46B094B0 
 168      E35CA8E5 
 168      60A82B1A 
 168      03
ARM GAS  /tmp/ccj3yLPG.s 			page 13


 169 034d FC3B1CDF 		.ascii	"\374;\034\337Q`\304X\230k\033\341}\003\221v\234\023"
 169      5160C458 
 169      986B1BE1 
 169      7D039176 
 169      9C13
 170 035f 1071EFA1 		.ascii	"\020q\357\241]hb\323\275\2159\255\037\342\005&\361s"
 170      5D6862D3 
 170      BD8D39AD 
 170      1FE20526 
 170      F173
 171 0371 4BCE3E77 		.ascii	"K\316>wi\006\367\0351P\347<Z\317&\232\201n02\011us\177"
 171      6906F71D 
 171      3150E73C 
 171      5ACF269A 
 171      816E3032 
 172 0389 FE774E58 		.ascii	"\376wNX\250\264S@3\002\2643p\2652\223\241\372\255\332"
 172      A8B45340 
 172      3302B433 
 172      70B53293 
 172      A1FAADDA 
 173 039d 257F2733 		.ascii	"%\177'3\324\322\361{\342@4\300\321m\306\360\020c\367"
 173      D4D2F17B 
 173      E24034C0 
 173      D16DC6F0 
 173      1063F7
 174 03b0 A76DCFA0 		.ascii	"\247m\317\240\330{\\Q\207\035r\203\2207\3102\233\272"
 174      D87B5C51 
 174      871D7283 
 174      9037C832 
 174      9BBA
 175 03c2 ED2CB3DC 		.ascii	"\355,\263\334u\300\353\346\3706\313\331,-\322\3746 "
 175      75C0EBE6 
 175      F836CBD9 
 175      2C2DD2FC 
 175      3620
 176 03d4 DC229A0F 		.ascii	"\334\"\232\017r\012\242\371\003\320|\016\306#\030\017"
 176      720AA2F9 
 176      03D07C0E 
 176      C623180F 
 177 03e4 613C8631 		.ascii	"a<\2061\013c\232Y\203\2117\231\267\203\211G<\333l'_"
 177      0B639A59 
 177      83893799 
 177      B7838947 
 177      3CDB6C27 
 178 03f9 D356DD53 		.ascii	"\323V\335S^e\272\337\004\364\033\322\272\327\241M\364"
 178      5E65BADF 
 178      04F41BD2 
 178      BAD7A14D 
 178      F4
 179 040a F53401F7 		.ascii	"\3654\001\367v\007\332S|ph\304Dv\215\012\037\305\324"
 179      7607DA53 
 179      7C7068C4 
 179      44768D0A 
 179      1FC5D4
 180 041d BBF1970E 		.ascii	"\273\361\227\016\337tr\227Vr\376\233+\011\234\3667\336"
 180      DF747297 
 180      5672FE9B 
ARM GAS  /tmp/ccj3yLPG.s 			page 14


 180      2B099CF6 
 180      37DE
 181 042f 5D7615AE 		.ascii	"]v\025\256\302'\"\031\026\350*$\027\300=\266\221}\335"
 181      C2272219 
 181      16E82A24 
 181      17C03DB6 
 181      917DDD
 182 0442 19A73011 		.ascii	"\031\2470\021*\032\262\263\2248\203\001E\267[\217\252"
 182      2A1AB2B3 
 182      94388301 
 182      45B75B8F 
 182      AA
 183 0453 EDD6FC22 		.ascii	"\355\326\374\"H\262$Z\363\245\255i\265\233xa\216\361"
 183      48B2245A 
 183      F3A5AD69 
 183      B59B7861 
 183      8EF1
 184 0465 8E4CA566 		.ascii	"\216L\245fh\205R=\023I\265l\315\015\375\371\243\321"
 184      6885523D 
 184      1349B56C 
 184      CD0DFDF9 
 184      A3D1
 185 0477 AEB8840B 		.ascii	"\256\270\204\013q\253eD\211\353\030P\371\264<\307\011"
 185      71AB6544 
 185      89EB1850 
 185      F9B43CC7 
 185      09
 186 0488 B73060F5 		.ascii	"\2670`\365\354\361Qg;\361\236\303\264/D\323F\227U?w"
 186      ECF15167 
 186      3BF19EC3 
 186      B42F44D3 
 186      4697553F 
 187 049d C65718D1 		.ascii	"\306W\030\321r\366\254EiG\264fG\364<\265\270F$\353\272"
 187      72F6AC45 
 187      6947B466 
 187      47F43CB5 
 187      B84624EB 
 188 04b2 48D60D2E 		.ascii	"H\326\015.+\256-\254\356v\205\375a\027\337 \236\277"
 188      2BAE2DAC 
 188      EE7685FD 
 188      6117DF20 
 188      9EBF
 189 04c4 5DBCCED2 		.ascii	"]\274\316\322\006\250\203\236\002\337\020\271\344J\261"
 189      06A8839E 
 189      02DF10B9 
 189      E44AB1
 190 04d3 B9592148 		.ascii	"\271Y!HZ+\234\200\270\331\"\337\205\366\313\005q;[\254"
 190      5A2B9C80 
 190      B8D922DF 
 190      85F6CB05 
 190      713B5BAC 
 191 04e7 4CB43487 		.ascii	"L\2644\207)\311\354hU\232\2655\260N\034xX\345\202\327"
 191      29C9EC68 
 191      559AB535 
 191      B04E1C78 
 191      58E582D7 
 192 04fb 98D2B786 		.ascii	"\230\322\267\206\007G\260\273\364\214\241r\311\031Q"
ARM GAS  /tmp/ccj3yLPG.s 			page 15


 192      0747B0BB 
 192      F48CA172 
 192      C91951
 193 050a 98DC1D28 		.ascii	"\230\334\035(\243\2364D\272\011\315\020&\2322\\N\003"
 193      A39E3444 
 193      BA09CD10 
 193      269A325C 
 193      4E03
 194 051c 092E249D 		.ascii	"\011.$\235\346t}\3152\372N\200\206\373N\036s&\251\331"
 194      E6747DCD 
 194      32FA4E80 
 194      86FB4E1E 
 194      7326A9D9 
 195 0530 C229E1B9 		.ascii	"\302)\341\271\215\020\012\006\"0\212\220\323\254|?\342"
 195      8D100A06 
 195      22308A90 
 195      D3AC7C3F 
 195      E2
 196 0541 D23AAF5B 		.ascii	"\322:\257[^'i\375\305\371F\276\363\217\222\262\346\306"
 196      5E2769FD 
 196      C5F946BE 
 196      F38F92B2 
 196      E6C6
 197 0553 72C3AA2B 		.ascii	"r\303\252+>\250\240\211:\344\320\352 F\232\235\010\230"
 197      3EA8A089 
 197      3AE4D0EA 
 197      20469A9D 
 197      0898
 198 0565 219AFA2D 		.ascii	"!\232\372-Y\026\014k\345\235\235\350mP\350\020(t\230"
 198      59160C6B 
 198      E59D9DE8 
 198      6D50E810 
 198      287498
 199 0578 B03F22DF 		.ascii	"\260?\"\337\211\242\200\177\202EM\037$X\000\373\361"
 199      89A2807F 
 199      82454D1F 
 199      245800FB 
 199      F1
 200 0589 9FE93D30 		.ascii	"\237\351=0\2756\327\277\240\330\036\303\215\362\317"
 200      BD36D7BF 
 200      A0D81EC3 
 200      8DF2CF
 201 0598 883C4791 		.ascii	"\210<G\221@sPN$\214\226ogb\262{ \230ZxT\340\304\204"
 201      4073504E 
 201      248C966F 
 201      6762B27B 
 201      20985A78 
 202 05b0 FC058079 		.ascii	"\374\005\200ym1\235\032\207\012\306p\005\2172\005/\325"
 202      6D319D1A 
 202      870AC670 
 202      058F3205 
 202      2FD5
 203 05c2 44E7AA19 		.ascii	"D\347\252\031\355/\001\354\276\374bQ\301\024\\&\333"
 203      ED2F01EC 
 203      BEFC6251 
 203      C1145C26 
 203      DB
ARM GAS  /tmp/ccj3yLPG.s 			page 16


 204 05d3 DD72FBDD 		.ascii	"\335r\373\335O\267\212r\034D9FE9AD\211a\242\234\240"
 204      4FB78A72 
 204      1C443946 
 204      45394144 
 204      8961A29C 
 205 05e8 A22CD6CC 		.ascii	"\242,\326\314\364)\031\273\203Z\200;/L\256\363\312\351"
 205      F42919BB 
 205      835A803B 
 205      2F4CAEF3 
 205      CAE9
 206 05fa 1699AE35 		.ascii	"\026\231\2565\356t\20637\240\023\300\275\275\371\213"
 206      EE748633 
 206      37A013C0 
 206      BDBDF98B 
 207 060a BC8A3CE8 		.ascii	"\274\212<\350\002pA\335t<\337}-rR\200\014\0359\255\342"
 207      027041DD 
 207      743CDF7D 
 207      2D725280 
 207      0C1D39AD 
 208 061f DB2FA92B 		.ascii	"\333/\251+s\303\352\006\235q\02458j\036\215Z\301\014"
 208      73C3EA06 
 208      9D711435 
 208      386A1E8D 
 208      5AC10C
 209 0632 798378A3 		.ascii	"y\203x\243\277\367y\206\302\241\342\311\\\361$\246\370"
 209      BFF77986 
 209      C2A1E2C9 
 209      5CF124A6 
 209      F8
 210 0643 CCA1B538 		.ascii	"\314\241\2658\267\255\252%\200j\361T\265\024\242Z2U"
 210      B7ADAA25 
 210      806AF154 
 210      B514A25A 
 210      3255
 211 0655 8D547807 		.ascii	"\215Tx\007J\366\261\211\2525d\265\307TEp\255\372\310"
 211      4AF6B189 
 211      AA3564B5 
 211      C7544570 
 211      ADFAC8
 212 0668 EBDE478D 		.ascii	"\353\336G\215\341N\\J\242U\307\331\2244\025\216eR^9"
 212      E14E5C4A 
 212      A255C7D9 
 212      9434158E 
 212      65525E39 
 213 067c 3174C799 		.ascii	"1t\307\231!\377\224\204\374\306\314\204\216\201;\000"
 213      21FF9484 
 213      FCC6CC84 
 213      8E813B00 
 214 068c 9C6E4B9A 		.ascii	"\234nK\232\3242\322t\242\303\203c\335\265Z\234\304H"
 214      D432D274 
 214      A2C38363 
 214      DDB55A9C 
 214      C448
 215 069e 4F264EBE 		.ascii	"O&N\276\206s\025\2422\371\207\366e\362\017YAY\030y\355"
 215      867315A2 
 215      32F987F6 
 215      65F20F59 
ARM GAS  /tmp/ccj3yLPG.s 			page 17


 215      41591879 
 216 06b3 6B5CCCB0 		.ascii	"k\\\314\2603K\372\313\234\244\013\254|9\245 \313*\017"
 216      334BFACB 
 216      9CA40BAC 
 216      7C39A520 
 216      CB2A0F
 217 06c6 D4CD65E6 		.ascii	"\324\315e\346H\310]\353\203\244\301\250\333\216\206"
 217      48C85DEB 
 217      83A4C1A8 
 217      DB8E86
 218 06d5 1DD1E0F3 		.ascii	"\035\321\340\363\014\030\\\310\251v\221fU$\311\252a"
 218      0C185CC8 
 218      A9769166 
 218      5524C9AA 
 218      61
 219 06e6 A9FEA20E 		.ascii	"\251\376\242\016_f\324\017'\013\373\345\270\237\001"
 219      5F66D40F 
 219      270BFBE5 
 219      B89F01
 220 06f5 6107123A 		.ascii	"a\007\022:\345v9\256\004\270\224\312\2059\356\334F~"
 220      E57639AE 
 220      04B894CA 
 220      8539EEDC 
 220      467E
 221 0707 04C6A39C 		.ascii	"\004\306\243\234h1m\311\311\216\250\314\216\350T\341"
 221      68316DC9 
 221      C98EA8CC 
 221      8EE854E1 
 222 0717 E514B530 		.ascii	"\345\024\2650#\234\025e\204sr\236\304\313b\257l(\361"
 222      239C1565 
 222      8473729E 
 222      C4CB62AF 
 222      6C28F1
 223 072a 3463BE7C 		.ascii	"4c\276|;\373\262}\252.\007\346\025\"\346\275e\327Bt"
 223      3BFBB27D 
 223      AA2E07E6 
 223      1522E6BD 
 223      65D74274 
 224 073e 78991115 		.ascii	"x\231\021\025w\336\030\305vD\225vDek\325\375\242\034"
 224      77DE18C5 
 224      76449576 
 224      44656BD5 
 224      FDA21C
 225 0751 552592A8 		.ascii	"U%\222\250\332*Q\306\211\204\323\2568\322\2110W\306"
 225      DA2A51C6 
 225      8984D3AE 
 225      38D28930 
 225      57C6
 226 0763 3E9EEE91 		.ascii	">\236\356\221#R\020\355\332%J\214\331`\341,\2600\225"
 226      235210ED 
 226      DA254A8C 
 226      D960E12C 
 226      B03095
 227 0776 AE9627C6 		.ascii	"\256\226'\306\006H\214\2150\352a\324\301h\022\246\345"
 227      06488C8D 
 227      30EA61D4 
 227      C16812A6 
ARM GAS  /tmp/ccj3yLPG.s 			page 18


 227      E5
 228 0787 F6021C99 		.ascii	"\366\002\034\231\025\035eI\337\017\013\013\242;\207"
 228      151D6549 
 228      DF0F0B0B 
 228      A23B87
 229 0796 136EAD15 		.ascii	"\023n\255\025\0055\302j.\266d\277\215\212\001\273\320"
 229      0535C26A 
 229      2EB664BF 
 229      8D8A01BB 
 229      D0
 230 07a7 01B6A09A 		.ascii	"\001\266\240\232\312U\261\264\017\232\320\332\253Vz"
 230      CA55B1B4 
 230      0F9AD0DA 
 230      AB567A
 231 07b6 4761D80F 		.ascii	"Ga\330\017\030k\360\003:c\307zk\2552\022\277=\213\326"
 231      186BF003 
 231      3A63C77A 
 231      6BAD3212 
 231      BF3D8BD6 
 232 07ca 2A44EE1A 		.ascii	"*D\356\032;t"
 232      3B74
 233 07d0 5BA54656 		.ascii	"[\245FVcq\342>wiSU\376eS\221\034X\236<\256\303M\324"
 233      6371E23E 
 233      77695355 
 233      FE655391 
 233      1C589E3C 
 234 07e8 FEA8657A 		.ascii	"\376\250ez\342\240\006wR@\376$o\251A\276y\310\032I\330"
 234      E2A00677 
 234      5240FE24 
 234      6FA941BE 
 234      79C81A49 
 235 07fd C184B2EA 		.ascii	"\301\204\262\352\333\372\222\0354=\224\311\262\271X"
 235      DBFA921D 
 235      343D94C9 
 235      B2B958
 236 080c 2EC81901 		.ascii	".\310\031\001\221\245es\356\341\325\213\373\335p?\233"
 236      91A56573 
 236      EEE1D58B 
 236      FBDD703F 
 236      9B
 237 081d 3B2CE35C 		.ascii	";,\343\\\221\312]\232\374\242$\371h\326R5\302\367\030"
 237      91CA5D9A 
 237      FCA224F9 
 237      68D65235 
 237      C2F718
 238 0830 F9BDCC47 		.ascii	"\371\275\314G\337b\231\345\015\262\362\012\206\256\353"
 238      DF6299E5 
 238      0DB2F20A 
 238      86AEEB
 239 083f F043F6EA 		.ascii	"\360C\366\352L\321\363R\015\351\023\220\3127XA\263g"
 239      4CD1F352 
 239      0DE91390 
 239      CA375841 
 239      B367
 240 0851 79ED3957 		.ascii	"y\3559W\374\224\275\217\032\315.\262_\007\3350\347%"
 240      FC94BD8F 
 240      1ACD2EB2 
ARM GAS  /tmp/ccj3yLPG.s 			page 19


 240      5F07DD30 
 240      E725
 241 0863 5148373F 		.ascii	"QH7?\257\036v\305\341JJt\356`\375\250\253\035\321e;"
 241      AF1E76C5 
 241      E14A4A74 
 241      EE60FDA8 
 241      AB1DD165 
 242 0878 A2DE9BF5 		.ascii	"\242\336\233\365\327\235\205\353\240Gd\267^\353:\270"
 242      D79D85EB 
 242      A04764B7 
 242      5EEB3AB8 
 243 0888 5DD99DAB 		.ascii	"]\331\235\253\245B\302#\324%\247bF\\\214\251\3232\255"
 243      A542C223 
 243      D425A762 
 243      465C8CA9 
 243      D332AD
 244 089b E4823EC3 		.ascii	"\344\202>\303\016\326gH\356/\351R\177\373$u~\250e\233"
 244      0ED66748 
 244      EE2FE952 
 244      7FFB2475 
 244      7EA8659B 
 245 08af 1CF9BE8A 		.ascii	"\034\371\276\212\256\202\367\257\320$~M\376m\031\352"
 245      AE82F7AF 
 245      D0247E4D 
 245      FE6D19EA 
 246 08bf 033E947D 		.ascii	"\003>\224}\327\213\027\251\012\241\030\360Z \306u\230"
 246      D78B17A9 
 246      0AA118F0 
 246      5A20C675 
 246      98
 247 08d0 93CA4CB6 		.ascii	"\223\312L\266\320\252\330B\027|\222\251\371\254\247"
 247      D0AAD842 
 247      177C92A9 
 247      F9ACA7
 248 08df 7BCA211D 		.ascii	"{\312!\035\272\001\352\012Io\207\327\266\252q*#\355"
 248      BA01EA0A 
 248      496F87D7 
 248      B6AA712A 
 248      23ED
 249 08f1 1AAFFC02 		.ascii	"\032\257\374\002\347\262\373\311\263\241\371j\007G\302"
 249      E7B2FBC9 
 249      B3A1F96A 
 249      0747C2
 250 0900 01B9D491 		.ascii	"\001\271\324\221\260|8\257\316\005\3272\362\316\214"
 250      B07C38AF 
 250      CE05D732 
 250      F2CE8C
 251 090f 92592D6E 		.ascii	"\222Y-nc\300\315\276g\335\256\016\316\342\303r\251\263"
 251      63C0CDBE 
 251      67DDAE0E 
 251      CEE2C372 
 251      A9B3
 252 0921 7857DF93 		.ascii	"xW\337\223\307\326\236\005\331g\236\266\316C\355\331"
 252      C7D69E05 
 252      D9679EB6 
 252      CE43EDD9 
 253 0931 CFD815A7 		.ascii	"\317\330\025\247/\244`<\310\200\261\242\013\221J|\233"
ARM GAS  /tmp/ccj3yLPG.s 			page 20


 253      2FA4603C 
 253      C880B1A2 
 253      0B914A7C 
 253      9B
 254 0942 01F98BD1 		.ascii	"\001\371\213\321I|\177&\225T\355\215\356L\035\337\276"
 254      497C7F26 
 254      9554ED8D 
 254      EE4C1DDF 
 254      BE
 255 0953 C9EB4743 		.ascii	"\311\353GC\207\253\020\036g\270\351\027\306\336\304"
 255      87AB101E 
 255      67B8E917 
 255      C6DEC4
 256 0962 53EC3E62 		.ascii	"S\354>b\242x\015\343\031\006\264]\355\2042\177k\234"
 256      A2780DE3 
 256      1906B45D 
 256      ED84327F 
 256      6B9C
 257 0974 DC033927 		.ascii	"\334\0039'Eq\022\331x\306\017?\347\261\365\240\252\335"
 257      457112D9 
 257      78C60F3F 
 257      E7B1F5A0 
 257      AADD
 258 0986 BE1CBE6F 		.ascii	"\276\034\276oG3Z\361\"Qt\254\237\022\305\326\2645\266"
 258      47335AF1 
 258      225174AC 
 258      9F12C5D6 
 258      B435B6
 259 0999 A63A96EE 		.ascii	"\246:\226\356\251\361a\025e\276\324\031W\250\305\307"
 259      A9F16115 
 259      65BED419 
 259      57A8C5C7 
 260 09a9 1870E4F0 		.ascii	"\030p\344\360X\266Jz\177{(\265\277):R\307~A\316\343"
 260      58B64A7A 
 260      7F7B28B5 
 260      BF293A52 
 260      C77E41CE 
 261 09be BCB27EFE 		.ascii	"\274\262~\376\020\367\264DXb\316#2\033\232\000\232\271"
 261      10F7B444 
 261      5862CE23 
 261      321B9A00 
 261      9AB9
 262 09d0 97E6B6F5 		.ascii	"\227\346\266\365d\236\333\036An{`\207.u\252\204D0\016"
 262      649EDB1E 
 262      416E7B60 
 262      872E75AA 
 262      8444300E 
 263 09e4 028C919C 		.ascii	"\002\214\221\234v\217S\020\251\036C\036\233\2011+\252"
 263      768F5310 
 263      A91E431E 
 263      9B81312B 
 263      AA
 264 09f5 C693799A 		.ascii	"\306\223y\232\232\346iJB\034\236:\027\243\032n\273\272"
 264      9AE6694A 
 264      421C9E3A 
 264      17A31A6E 
 264      BBBA
ARM GAS  /tmp/ccj3yLPG.s 			page 21


 265 0a07 4BCF73DF 		.ascii	"K\317s\337\361<\244\252\251O\236\321\342\313\324\204"
 265      F13CA4AA 
 265      A94F9ED1 
 265      E2CBD484 
 266 0a17 4EA76756 		.ascii	"N\247gVW\020\022\234\342\357\257\342\264\254\253\026"
 266      5710129C 
 266      E2EFAFE2 
 266      B4ACAB16 
 267 0a27 BAF3CC03 		.ascii	"\272\363\314\003\217\273\300\353)\\\255\314\035\035"
 267      8FBBC0EB 
 267      295CADCC 
 267      1D1D
 268 0a35 376EC37B 		.ascii	"7n\303{r\312\245\231\347)\237|\001&^\202\261\010\343"
 268      72CAA599 
 268      E7299F7C 
 268      01265E82 
 268      B108E3
 269 0a48 9950D1F5 		.ascii	"\231P\321\365\304\035\331\326\323\374\035N\340\3404"
 269      C41DD9D6 
 269      D3FC1D4E 
 269      E0E034
 270 0a57 4FB277E2 		.ascii	"O\262w\342v\206\335\017f\031\265C\267\333\012\207v\262"
 270      7686DD0F 
 270      6619B543 
 270      B7DB0A87 
 270      76B2
 271 0a69 CD8D78E9 		.ascii	"\315\215x\351\211\003\356\326CMit\302\025\255\273\264"
 271      8903EED6 
 271      434D6974 
 271      C215ADBB 
 271      B4
 272 0a7a 2A975FAE 		.ascii	"*\227_\256\012P\237^KZ\320\34205\015\307\214\336\006"
 272      0A509F5E 
 272      4B5AD0E2 
 272      30350DC7 
 272      8CDE06
 273 0a8d 28C4A229 		.ascii	"(\304\242)\240\274\\~\363\260}1 <~\257\000\367\347\326"
 273      A0BC5C7E 
 273      F3B07D31 
 273      203C7EAF 
 273      00F7E7D6 
 274 0aa1 5312DE85 		.ascii	"S\022\336\205^\000\3475\030\353066\215\005.yv\310\351"
 274      5E00E735 
 274      18EB3036 
 274      368D052E 
 274      7976C8E9 
 275 0ab5 CCDD2E28 		.ascii	"\314\335.(\006\216\274\215n\001\301\020'\264\2653\266"
 275      068EBC8D 
 275      6E01C110 
 275      27B4B533 
 275      B6
 276 0ac6 B6172693 		.ascii	"\266\027&\223^\347\355\217A0\301M;\374\255\255\230\236"
 276      5EE7ED8F 
 276      4130C14D 
 276      3BFCADAD 
 276      989E
 277 0ad8 E4D73236 		.ascii	"\344\32726\015\334\311\321m\026\353\220o\355\334\330"
ARM GAS  /tmp/ccj3yLPG.s 			page 22


 277      0DDCC9D1 
 277      6D16EB90 
 277      6FEDDCD8 
 278 0ae8 7A31AB0E 		.ascii	"z1\253\016\260\255\356\000\371{\022_=n!\350\313\200"
 278      B0ADEE00 
 278      F97B125F 
 278      3D6E21E8 
 278      CB80
 279 0afa 37C2F1AD 		.ascii	"7\302\361\255F\026Guy\303z\205\033>\313\354yk\243\274"
 279      46164775 
 279      79C37A85 
 279      1B3ECBEC 
 279      796BA3BC 
 280 0b0e D251EF22 		.ascii	"\322Q\357\"\004\377E\343\221>\327\332j\233\03272vyY"
 280      04FF45E3 
 280      913ED7DA 
 280      6A9B1A37 
 280      32767959 
 281 0b22 0B4D583A 		.ascii	"\013MX:[\204b\211l\341TY\020\267\256\243\351\202\257"
 281      5B846289 
 281      6CE15459 
 281      10B7AEA3 
 281      E982AF
 282 0b35 8D9B894E 		.ascii	"\215\233\211N\267\317eGZ,\255!J\264\037\273\243vP\346"
 282      B7CF6547 
 282      5A2CAD21 
 282      4AB41FBB 
 282      A37650E6 
 283 0b49 005CAD62 		.ascii	"\000\\\255bm)\264\200d=\025\237\201\323d\244+j\006i"
 283      6D29B480 
 283      643D159F 
 283      81D364A4 
 283      2B6A0669 
 284 0b5d 4F737C6B 		.ascii	"Os|k\225#C\2316c\211\024M\007\2144\372\216\340\023\301"
 284      95234399 
 284      36638914 
 284      4D078C34 
 284      FA8EE013 
 285 0b72 0E8296E1 		.ascii	"\016\202\226\3410\"aD`\301ZjK\3015\345t\2120\314\232"
 285      30226144 
 285      60C15A6A 
 285      4BC135E5 
 285      748A30CC 
 286 0b87 498444BA 		.ascii	"I\204D\272\230#m\272T\\\304\320\333@\242\363\362\255"
 286      98236DBA 
 286      545CC4D0 
 286      DB40A2F3 
 286      F2AD
 287 0b99 E8997281 		.ascii	"\350\231r\201?\006,\323]\374P\227G\216O5\017\356\355"
 287      3F062CD3 
 287      5DFC5097 
 287      478E4F35 
 287      0FEEED
 288 0bac C5B3CC9E 		.ascii	"\305\263\314\236\341\361\013\025\316x\221\001\261\203"
 288      E1F10B15 
 288      CE789101 
 288      B183
ARM GAS  /tmp/ccj3yLPG.s 			page 23


 289 0bba 6DCD3ABB 		.ascii	"m\315:\273\244\177\004\354\032\205\205I\177.:<Ge\327"
 289      A47F04EC 
 289      1A858549 
 289      7F2E3A3C 
 289      4765D7
 290 0bcd D7B1C7CB 		.ascii	"\327\261\307\313\210?\334(\332\271\243EB\036\305|s\030"
 290      883FDC28 
 290      DAB9A345 
 290      421EC57C 
 290      7318
 291 0bdf 1B2F0993 		.ascii	"\033/\011\223\343\003\316T\210\272\326\360J->\305\200"
 291      E303CE54 
 291      88BAD6F0 
 291      4A2D3EC5 
 291      80
 292 0bf0 F4A4811A 		.ascii	"\364\244\201\032\215\235D\307`\246\343b\211ZRrT8\227"
 292      8D9D44C7 
 292      60A6E362 
 292      895A5272 
 292      543897
 293 0c03 11DD499B 		.ascii	"\021\335I\233\212\262\337\273N\330\021\225\237\255\210"
 293      8AB2DFBB 
 293      4ED81195 
 293      9FAD88
 294 0c12 11D545B1 		.ascii	"\021\325E\261\"\361Nr\361pt\334\332\2743\311\002\322"
 294      22F14E72 
 294      F17074DC 
 294      DABC33C9 
 294      02D2
 295 0c24 8D921860 		.ascii	"\215\222\030`|\212\3737\036\374\032'\362\3532o\315\000"
 295      7C8AFB37 
 295      1EFC1A27 
 295      F2EB326F 
 295      CD00
 296 0c36 37DA9A39 		.ascii	"7\332\2329e\357V\341\3364\367*K\222`\033\332$\222@\347"
 296      65EF56E1 
 296      DE34F72A 
 296      4B92601B 
 296      DA249240 
 297 0c4b 5E9D1BDC 		.ascii	"^\235\033\334\337\354\206\253\230\312M\375\347\356)"
 297      DFEC86AB 
 297      98CA4DFD 
 297      E7EE29
 298 0c5a 1D347212 		.ascii	"\0354r\022\244\345#\015\260\027\325\363\374,\034C\002"
 298      A4E5230D 
 298      B017D5F3 
 298      FC2C1C43 
 298      02
 299 0c6b E37EE7D3 		.ascii	"\343~\347\323\022g\334\306Xf_\253\035V\342+\024\300"
 299      1267DCC6 
 299      58665FAB 
 299      1D56E22B 
 299      14C0
 300 0c7d 3989FB1F 		.ascii	"9\211\373\037\271\360&\270\205\344ra\370A\355\202\322"
 300      B9F026B8 
 300      85E47261 
 300      F841ED82 
ARM GAS  /tmp/ccj3yLPG.s 			page 24


 300      D2
 301 0c8e 5F16AD6D 		.ascii	"_\026\255mI\302\365\223\314\321m\353\307Cb\371\010R"
 301      49C2F593 
 301      CCD16DEB 
 301      C74362F9 
 301      0852
 302 0ca0 B88CA213 		.ascii	"\270\214\242\023\361SA\374\264M\361\247\327K\356+\360"
 302      F15341FC 
 302      B44DF1A7 
 302      D74BEE2B 
 302      F0
 303 0cb1 80B3A819 		.ascii	"\200\263\250\031\361:oFX\017\347\257\263\303\371\325"
 303      F13A6F46 
 303      580FE7AF 
 303      B3C3F9D5 
 304 0cc1 81076972 		.ascii	"\201\007ir|\207\341>:T\230\300O\347\342\026Q6\246\004"
 304      7C87E13E 
 304      3A5498C0 
 304      4FE7E216 
 304      5136A604 
 305 0cd5 64AA2CBC 		.ascii	"d\252,\274\023ebZ\007\336N\231[P\340yF;p\247\255\023"
 305      1365625A 
 305      07DE4E99 
 305      5B50E079 
 305      463B70A7 
 306 0ceb E1670C38 		.ascii	"\341g\0148;r\250\003\253#(\243\026!\243\\`\224\207\325"
 306      3B72A803 
 306      AB2328A3 
 306      1621A35C 
 306      609487D5 
 307 0cff 34D884AC 		.ascii	"4\330\204\254BN\207\374\017\216`\"\305/@I(E\234\357"
 307      424E87FC 
 307      0F8E6022 
 307      C52F4049 
 307      28459CEF 
 308 0d13 80F849C2 		.ascii	"\200\370I\302\330\003\336\014;H\334\225\3317\220\256"
 308      D803DE0C 
 308      3B48DC95 
 308      D93790AE 
 309 0d23 C3718CDB 		.ascii	"\303q\214\333\301\211\305\006\027\253Na/k{\221\252m"
 309      C189C506 
 309      17AB4E61 
 309      2F6B7B91 
 309      AA6D
 310 0d35 F6420C16 		.ascii	"\366B\014\026F~1\026\266j\316X\027\346\376\361\312~"
 310      467E3116 
 310      B66ACE58 
 310      17E6FEF1 
 310      CA7E
 311 0d47 8453D90C 		.ascii	"\204S\331\014\231\007r\006\324\274\204\245m\227\265"
 311      99077206 
 311      D4BC84A5 
 311      6D97B5
 312 0d56 84EE4815 		.ascii	"\204\356H\025\316bo\255\215\224\355\274\221\322\363"
 312      CE626FAD 
 312      8D94EDBC 
 312      91D2F3
ARM GAS  /tmp/ccj3yLPG.s 			page 25


 313 0d65 F4E4829B 		.ascii	"\364\344\202\233\303f\3209\314\232Ag\231f#%\303\255"
 313      C366D039 
 313      CC9A4167 
 313      99662325 
 313      C3AD
 314 0d77 0A5CCC38 		.ascii	"\012\\\3148\365\314\204\037wqP\250\227c\251B\375\314"
 314      F5CC841F 
 314      777150A8 
 314      9763A942 
 314      FDCC
 315 0d89 B1E556AD 		.ascii	"\261\345V\255\255\227\364\032\252\000uJ\301p\205\230"
 315      AD97F41A 
 315      AA00754A 
 315      C1708598 
 316 0d99 4C5689B7 		.ascii	"LV\211\267\263\031\251N\355\261\263\025r\\\315\303\342"
 316      B319A94E 
 316      EDB1B315 
 316      725CCDC3 
 316      E2
 317 0daa 70E97DDE 		.ascii	"p\351}\336/\233\"\375\262\261\274\2360\336Ij\236%\010"
 317      2F9B22FD 
 317      B2B1BC9E 
 317      30DE496A 
 317      9E2508
 318 0dbd FD71977B 		.ascii	"\375q\227{t\370\002\303^\273\177\341\014o\364\015\320"
 318      74F802C3 
 318      5EBB7FE1 
 318      0C6FF40D 
 318      D0
 319 0dce EA3C2DAF 		.ascii	"\352<-\257U\213/\261\227\017{\233\317\271H\005U\275"
 319      558B2FB1 
 319      970F7B9B 
 319      CFB94805 
 319      55BD
 320 0de0 6450952E 		.ascii	"dP\225.]OU\340\353\2146\2440\266T\203\3570\240\376z"
 320      5D4F55E0 
 320      EB8C36A4 
 320      30B65483 
 320      EF30A0FE 
 321 0df5 ED518427 		.ascii	"\355Q\204'\031p\251\372\322]g<\313\200\361\334\210\373"
 321      1970A9FA 
 321      D25D673C 
 321      CB80F1DC 
 321      88FB
 322 0e07 F6BFB59D 		.ascii	"\366\277\265\235\007\376\027D\211-\256\362x\245\006"
 322      07FE1744 
 322      892DAEF2 
 322      78A506
 323 0e16 6F30A2F9 		.ascii	"o0\242\371\326\250N\205]\262n\261#*Z\033\217\325\010"
 323      D6A84E85 
 323      5DB26EB1 
 323      232A5A1B 
 323      8FD508
 324 0e29 63A255B4 		.ascii	"c\242U\264\244/Z\263a\363`\344\200\302a6\224\2416\276"
 324      A42F5AB3 
 324      61F360E4 
 324      80C26136 
ARM GAS  /tmp/ccj3yLPG.s 			page 26


 324      94A136BE 
 325 0e3d 56DB61AD 		.ascii	"V\333a\255v\010S\341z\003\356dI\003x\241f\020\240\355"
 325      760853E1 
 325      7A03EE64 
 325      490378A1 
 325      6610A0ED 
 326 0e51 654963B2 		.ascii	"eIc\262\021'1\364\337iP\2234\266\265\376\353N\352\013"
 326      112731F4 
 326      DF695093 
 326      34B6B5FE 
 326      EB4EEA0B 
 327 0e65 E1C7A40E 		.ascii	"\341\307\244\016z\326+9\372c|\334\205\246\256\343\255"
 327      7AD62B39 
 327      FA637CDC 
 327      85A6AEE3 
 327      AD
 328 0e76 F1618EB3 		.ascii	"\361a\216\2637\224\272\\\336\313 \357%\241\274\223\365"
 328      3794BA5C 
 328      DECB20EF 
 328      25A1BC93 
 328      F5
 329 0e87 B89A0960 		.ascii	"\270\232\011`\315\335\335/\315\335\263u\270\316\266"
 329      CDDDDD2F 
 329      CDDDB375 
 329      B8CEB6
 330 0e96 85776149 		.ascii	"\205waI|\236\274\255?ao\347?a\327\256$\034S\343d\027"
 330      7C9EBCAD 
 330      3F616FE7 
 330      3F61D7AE 
 330      241C53E3 
 331 0eac 7EF69AAB 		.ascii	"~\366\232\253E8\227\001\361\373\363\216\350\244\262"
 331      45389701 
 331      F1FBF38E 
 331      E8A4B2
 332 0ebb 0454A9E8 		.ascii	"\004T\251\350\212D\226Hl\212?\255\302U\214:\365nV\244"
 332      8A449648 
 332      6C8A3FAD 
 332      C2558C3A 
 332      F56E56A4 
 333 0ecf 428AFAAA 		.ascii	"B\212\372\252\003\352\250\376g\003\316\270\223Q_-/\213"
 333      03EAA8FE 
 333      6703CEB8 
 333      93515F2D 
 333      2F8B
 334 0ee1 D7E22B0C 		.ascii	"\327\342+\014\230\211z\262\256\302\003\014\030<\360"
 334      98897AB2 
 334      AEC2030C 
 334      183CF0
 335 0ef0 B4CB098F 		.ascii	"\264\313\011\217Q@\361\342\356\322\206\032\361\012\213"
 335      5140F1E2 
 335      EED2861A 
 335      F10A8B
 336 0eff 14A2D538 		.ascii	"\024\242\3258\225\357\016H\203\372a\246A\007\206\223"
 336      95EF0E48 
 336      83FA61A6 
 336      41078693 
 337 0f0f 3CF9C828 		.ascii	"<\371\310(:q\3110\270d\000\306\220\320-\017j0\333Q\011"
ARM GAS  /tmp/ccj3yLPG.s 			page 27


 337      3A71C930 
 337      B86400C6 
 337      90D02D0F 
 337      6A30DB51 
 338 0f24 F31B76CC 		.ascii	"\363\033v\314\2676\311\036\234\021\240\337\224\226\205"
 338      B736C91E 
 338      9C11A0DF 
 338      949685
 339 0f33 3B25BFAF 		.ascii	";%\277\257\246\205o\207\357\002\230\022\331\\\304{\345"
 339      A6856F87 
 339      EF029812 
 339      D95CC47B 
 339      E5
 340 0f44 E9A417BF 		.ascii	"\351\244\027\277\324\333\031\256\303\323\314\000\326"
 340      D4DB19AE 
 340      C3D3CC00 
 340      D6
 341 0f51 46F90EDE 		.ascii	"F\371\016\336(\357^<\264!\307s\354\345hB\366)\236UT"
 341      28EF5E3C 
 341      B421C773 
 341      ECE56842 
 341      F6299E55 
 342 0f66 0076BC88 		.ascii	"\000v\274\210?)w\230\012\307y*\034c\016\210\213*\274"
 342      3F297798 
 342      0AC7792A 
 342      1C630E88 
 342      8B2ABC
 343 0f79 2BAA9948 		.ascii	"+\252\231H_\334\206}\027\333Z\035\371C\023\343\330\226"
 343      5FDC867D 
 343      17DB5A1D 
 343      F94313E3 
 343      D896
 344 0f8b F614F4E5 		.ascii	"\366\024\364\345\035\360%;\031L\220\2647nM{\225\235"
 344      1DF0253B 
 344      194C90B4 
 344      376E4D7B 
 344      959D
 345 0f9d 71AD4E   		.ascii	"q\255N"
 346 0fa0 78C945D4 		.ascii	"x\311E\324\023\337\301z\3423\313O\037\352\360\032{W"
 346      13DFC17A 
 346      E233CB4F 
 346      1FEAF01A 
 346      7B57
 347 0fb2 D59B10C7 		.ascii	"\325\233\020\307\205W\222}uedJ\355P\370i.\374\024\337"
 347      8557927D 
 347      7565644A 
 347      ED50F869 
 347      2EFC14DF 
 348 0fc6 29CFF4DC 		.ascii	")\317\364\334v\332\332\324\237\304L9\031z@$\232\266"
 348      76DADAD4 
 348      9FC44C39 
 348      197A4024 
 348      9AB6
 349 0fd8 4AD4D753 		.ascii	"J\324\327S7\016\307.WvL8\262P\217p4\005\224\025+}O5"
 349      370EC72E 
 349      57764C38 
 349      B2508F70 
ARM GAS  /tmp/ccj3yLPG.s 			page 28


 349      34059415 
 350 0ff0 48F8B374 		.ascii	"H\370\263t[1Na\025\004h\205F\301\215s"
 350      5B314E61 
 350      15046885 
 350      46C18D73 
 351 1000 E0469BAE 		.ascii	"\340F\233\256\202\343 ?m\026\011c\360\036'\220:\235"
 351      82E3203F 
 351      6D160963 
 351      F01E2790 
 351      3A9D
 352 1012 8A4B0EE0 		.ascii	"\212K\016\340x\213\312:\307c\360\011\304\337c\030\363"
 352      788BCA3A 
 352      C763F009 
 352      C4DF6318 
 352      F3
 353 1023 306661CC 		.ascii	"0fa\314\010cq\265@\020\\\017\355&\021e\010\222\322\012"
 353      086371B5 
 353      40105C0F 
 353      ED261165 
 353      0892D20A 
 354 1037 71326801 		.ascii	"q2h\001':\260\004\272\317\361m\366\261k\360\026\010"
 354      273AB004 
 354      BACFF16D 
 354      F6B16BF0 
 354      1608
 355 1049 957824CD 		.ascii	"\225x$\315\237\005\257z|\240\341\274\222\376\230\317"
 355      9F05AF7A 
 355      7CA0E1BC 
 355      92FE98CF 
 356 1059 5B23E407 		.ascii	"[#\344\007\364F\034G\317l$u6\002\371\012\026\036 \323"
 356      F4461C47 
 356      CF6C2475 
 356      3602F90A 
 356      161E20D3 
 357 106d B69C0847 		.ascii	"\266\234\010GjqI)\025\357\032d\206^\216\317\022\206"
 357      6A714929 
 357      15EF1A64 
 357      865E8ECF 
 357      1286
 358 107f 0CF5E02D 		.ascii	"\014\365\340-\332\314\326s\356$\315e\310\267r\357\304"
 358      DACCD673 
 358      EE24CD65 
 358      C8B772EF 
 358      C4
 359 1090 5B8EA7F9 		.ascii	"[\216\247\371\370\2148\235\2568L\377D\367&\234\302\204"
 359      F88C389D 
 359      AE384CFF 
 359      44F7269C 
 359      C284
 360 10a2 69C0AC75 		.ascii	"i\300\254u.\024\246N\310\034dY\252\341\262\220\325}"
 360      2E14A64E 
 360      C81C6459 
 360      AAE1B290 
 360      D57D
 361 10b4 9D4B6E4B 		.ascii	"\235KnK(\266\343\220\310\333\247\000\341$}\265\302\275"
 361      28B6E390 
 361      C8DBA700 
ARM GAS  /tmp/ccj3yLPG.s 			page 29


 361      E1247DB5 
 361      C2BD
 362 10c6 BD041E5E 		.ascii	"\275\004\036^\205\261\014\343)\214E\030\0130\236a\301"
 362      85B10CE3 
 362      298C4518 
 362      0B309E61 
 362      C1
 363 10d7 51BEAB18 		.ascii	"Q\276\253\030\207P\257\023o\214\360\311l\221#\334\231"
 363      8750AF13 
 363      6F8CF0C9 
 363      6C9123DC 
 363      99
 364 10e8 5C5672BA 		.ascii	"\\Vr\272\252\264\334-\326x&\246>\212\323\2301\240\326"
 364      AAB4DC2D 
 364      D67826A6 
 364      3E8AD398 
 364      31A0D6
 365 10fb 4225C063 		.ascii	"B%\300c\277Bh\214\302-\372\365$\341\223T?R\011\223_"
 365      BF42688C 
 365      C22DFAF5 
 365      24E19354 
 365      3F520993 
 366 1110 0608BAAD 		.ascii	"\006\010\272\255>N\022\371\206X/\001\0273\353\235\006"
 366      3E4E12F9 
 366      86582F01 
 366      1733EB9D 
 366      06
 367 1121 EB6570FE 		.ascii	"\353ep\376V\3531\364wl\365y\032\341N:\015\007\270+\011"
 367      56EB31F4 
 367      776CF579 
 367      1AE14E3A 
 367      0D07B82B 
 368 1136 B6EDF49A 		.ascii	"\266\355\364\232*\027K3\324\304\015@\024\257\345\314"
 368      2A174B33 
 368      D4C40D40 
 368      14AFE5CC 
 369 1146 6DC68CDD 		.ascii	"m\306\214\335\202\276\024\215\3717%P\211\2412\216o\253"
 369      82BE148D 
 369      F9372550 
 369      89A1328E 
 369      6FAB
 370 1158 CFB678BE 		.ascii	"\317\266x\276-^h\233\"\007\266\261?m\327\000\303jx\207"
 370      2D5E689B 
 370      2207B6B1 
 370      3F6DD700 
 370      C36A7887 
 371 116c AA38096D 		.ascii	"\2528\011m+(v\241\347\340\300\020\270\206\303X#m\006"
 371      2B2876A1 
 371      E7E0C010 
 371      B886C358 
 371      236D06
 372 117f 186170BF 		.ascii	"\030ap\277\016\327P\270n\010\235\333\226\207\343\331"
 372      0ED750B8 
 372      6E089DDB 
 372      9687E3D9 
 373 118f 1A4D916F 		.ascii	"\032M\221oG\211\334\026\266\037&\343\266*\227\204\013"
 373      4789DC16 
ARM GAS  /tmp/ccj3yLPG.s 			page 30


 373      B61F26E3 
 373      B62A9784 
 373      0B
 374 11a0 58664A04 		.ascii	"XfJ\004c\034\346S\333\226\301\241\255\256\231\215\307"
 374      631CE653 
 374      DB96C1A1 
 374      ADAE998D 
 374      C7
 375 11b1 45CC3505 		.ascii	"E\3145\005\260\312r$]\3037\244\241\213\245\013\032|"
 375      B0CA7224 
 375      5DC337A4 
 375      A18BA50B 
 375      1A7C
 376 11c3 9265C8FA 		.ascii	"\222e\310\372\264\321\003\012wi\215#\024\377/\215\021"
 376      B4D1030A 
 376      77698D23 
 376      14FF2F8D 
 376      11
 377 11d4 3024456F 		.ascii	"0$Eo\341\245\004^\326.\223\"8\241l\356\241\026g\260"
 377      E1A5045E 
 377      D62E9322 
 377      38A16CEE 
 377      A11667B0 
 378 11e8 69ADDF63 		.ascii	"i\255\337c\355`\337c\025tt\014jq\016{\227UQ\234G\276"
 378      ED60DF63 
 378      1574740C 
 378      6A710E7B 
 378      9755519C 
 379 11fe 32FC01F9 		.ascii	"2\374\001\371M\024\013\016]?`\245g\353\352P\204\013"
 379      4D140B0E 
 379      5D3F60A5 
 379      67EBEA50 
 379      840B
 380 1210 3ECB9023 		.ascii	">\313\220#\213\257>vc\365qL\250\305\351\015\331\346"
 380      8BAF3E76 
 380      63F5714C 
 380      A8C5E90D 
 380      D9E6
 381 1222 0F05285A 		.ascii	"\017\005(ZAI\210\364Q\212\235\350\210\202n&Yg\306\363"
 381      414988F4 
 381      518A9DE8 
 381      88826E26 
 381      5967C6F3 
 382 1236 B4F822A3 		.ascii	"\264\370\"\243\276p4v\330\015\3670`\177\353\3203~rJ"
 382      BE703476 
 382      D80DF730 
 382      607FEBD0 
 382      337E724A 
 383 124a 6F113581 		.ascii	"o\0215\201d\350\270\202\0275\202\257\327\"\307\213\327"
 383      64E8B882 
 383      173582AF 
 383      D722C78B 
 383      D7
 384 125b 5DF17546 		.ascii	"]\361uF\234\334\2658\204$\211\321\011\220C\212\276/"
 384      9CDCB538 
 384      842489D1 
 384      0990438A 
ARM GAS  /tmp/ccj3yLPG.s 			page 31


 384      BE2F
 385 126d F7789B06 		.ascii	"\367x\233\006OPz\247\371k\355\015\266\206\0228t#E5{"
 385      4F507AA7 
 385      F96BED0D 
 385      B6861238 
 385      74234535 
 386 1282 B1FB8825 		.ascii	"\261\373\210%=\004\243\243\0128J\003\227xp\206\355w"
 386      3D04A3A3 
 386      0A384A03 
 386      97787086 
 386      ED77
 387 1294 10BB537E 		.ascii	"\020\273S~1\377p(\026&;\306\321\377\322\247 \266l\026"
 387      31FF7028 
 387      16263BC6 
 387      D1FFD2A7 
 387      20B66C16 
 388 12a8 CF3D1D07 		.ascii	"\317=\035\007\236<\005#\021F\202B\020\303K\325;\030"
 388      9E3C0523 
 388      11468242 
 388      10C34BD5 
 388      3B18
 389 12ba 7F723A3F 		.ascii	"\177r:?i\307\177\3536\263^\362\372\361PK\336\357\251"
 389      69C77FEB 
 389      36B35EF2 
 389      FAF1504B 
 389      DEEFA9
 390 12cd F487A5A5 		.ascii	"\364\207\245\245?\244`!y\361\364\271\363r|H\313\316"
 390      3FA46021 
 390      79F1F4B9 
 390      F3727C48 
 390      CBCE
 391 12df 9C2D2D31 		.ascii	"\234--1J\007\355\353$\316\307\201\240$\354\332;\"\324"
 391      4A07EDEB 
 391      24CEC781 
 391      A024ECDA 
 391      3B22D4
 392 12f2 3881B13A 		.ascii	"8\201\261:?;\177V\201\323\030\020\025\222\364\036\316"
 392      3F3B7F56 
 392      81D31810 
 392      1592F41E 
 392      CE
 393 1303 A4F77862 		.ascii	"\244\367xbp\362\241\352%\345{:\237#\003xg\012\215\260"
 393      70F2A1EA 
 393      25E57B3A 
 393      9F230378 
 393      670A8DB0 
 394 1317 51A43A1A 		.ascii	"Q\244:\032~\230\375\372J\354\220\006\002\245K\333\231"
 394      7E98FDFA 
 394      4AEC9006 
 394      02A54BDB 
 394      99
 395 1328 118CFF88 		.ascii	"\021\214\377\210\357\345\200\234*\215l=o\334\013;\034"
 395      EFE5809C 
 395      2A8D6C3D 
 395      6FDC0B3B 
 395      1C
 396 1339 EB865B99 		.ascii	"\353\206[\231\264\267\226\023\346\255\337P\350Hm\\5"
ARM GAS  /tmp/ccj3yLPG.s 			page 32


 396      B4B79613 
 396      E6ADDF50 
 396      E8486D5C 
 396      35
 397 134a 33613D43 		.ascii	"3a=C>\246\235\232\345C\363n\270\227b;5G\216DkYKY\264"
 397      3EA69D9A 
 397      E543F36E 
 397      B897623B 
 397      35478E44 
 398 1363 964F43E0 		.ascii	"\226OC\340g\203\221Q\026L\235\313\225\312\007\245\012"
 398      67839151 
 398      164C9DCB 
 398      95CA07A5 
 398      0A
 399 1374 61E4C128 		.ascii	"a\344\301(\020*7Y\360\235c<c\003j\012'\261\346\003\211"
 399      102A3759 
 399      F09D633C 
 399      63036A0A 
 399      27B1E603 
 400 1389 4FE9D25E 		.ascii	"O\351\322^?F\367\017\362\231N\016G\227\370\006\221c"
 400      3F46F70F 
 400      F2994E0E 
 400      4797F806 
 400      9163
 401 139b 17EE60BD 		.ascii	"\027\356`\275\336d\300\212\344\330\266\370;\250\330"
 401      DE64C08A 
 401      E4D8B6F8 
 401      3BA8D8
 402 13aa 829EAF61 		.ascii	"\202\236\257a\333\001\261\030\331\234\304\314m\341F"
 402      DB01B118 
 402      D99CC4CC 
 402      6DE146
 403 13b9 F4216DC1 		.ascii	"\364!m\301\333\243M\316c\350\016\"\337<#T\375\025\222"
 403      DBA34DCE 
 403      63E80E22 
 403      DF3C2354 
 403      FD1592
 404 13cc 91FFC83F 		.ascii	"\221\377\310?\354pJ\256\210\334#\376\2059\375C\344\217"
 404      EC704AAE 
 404      88DC23FE 
 404      8539FD43 
 404      E48F
 405 13de E3B10B41 		.ascii	"\343\261\013A`\317\330\305\372\017{&\347\\\254_V#F\303"
 405      60CFD8C5 
 405      FA0F7B26 
 405      E75CAC5F 
 405      562346C3 
 406 13f2 B85350C0 		.ascii	"\270SP\300\232\275G\374\275\225\011#`R\331\010\371#"
 406      9ABD47FC 
 406      BD950923 
 406      6052D908 
 406      F923
 407 1404 399F4E48 		.ascii	"9\237NH\201\354$\2661\224m2\265\376\361{rN[\213J\323"
 407      81EC24B6 
 407      31946D32 
 407      B5FEF17B 
 407      724E5B8B 
ARM GAS  /tmp/ccj3yLPG.s 			page 33


 408 141a 8DA3D110 		.ascii	"\215\243\321\020\260g\351\263\350\335?G\337\212\371"
 408      B067E9B3 
 408      E8DD3F47 
 408      DF8AF9
 409 1429 AE8C1D00 		.ascii	"\256\214\035\000#\262\227\235\361\234\326\321\357\310"
 409      23B2979D 
 409      F19CD6D1 
 409      EFC8
 410 1437 AD4B0DA7 		.ascii	"\255K\015\247\355\233\266\363v\037\340\366\244\\\254"
 410      ED9BB6F3 
 410      761FE0F6 
 410      A45CAC
 411 1446 970B0F16 		.ascii	"\227\013\017\026\245\242\370.S\360\236\317\201\320\210"
 411      A5A2F82E 
 411      53F09ECF 
 411      81D088
 412 1455 30059D02 		.ascii	"0\005\235\002\036\241\022\005\235\244\272\373\330\274"
 412      1EA11205 
 412      9DA4BAFB 
 412      D8BC
 413 1463 ABC3DF79 		.ascii	"\253\303\337y\317)\276-Cg\025\374w\336\363\005E\377"
 413      CF29BE2D 
 413      436715FC 
 413      77DEF305 
 413      45FF
 414 1475 F6BD74CB 		.ascii	"\366\275t\313\350\250\245\371Y\223\352p\313\264\305"
 414      E8A8A5F9 
 414      5993EA70 
 414      CBB4C5
 415 1484 A251101C 		.ascii	"\242Q\020\034t\006B\211\013D\356e\250X1\216P\221b\214"
 415      74064289 
 415      0B44EE65 
 415      A858318E 
 415      5091628C 
 416 1498 58A95CF1 		.ascii	"X\251\\\361= \236\272\322\236\214q\243\216j\273x>\271"
 416      3D209EBA 
 416      D29E8C71 
 416      A38E6ABB 
 416      783EB9
 417 14ab 8F7CE7A3 		.ascii	"\217|\347\243d\337\334\250h?\246\375'\354\011\221e\037"
 417      64DFDCA8 
 417      683FA6FD 
 417      27EC0991 
 417      651F
 418 14bd 3CB979E4 		.ascii	"<\271y\344\332\260\022w0\212\325\204\027e.\202\323\212"
 418      DAB01277 
 418      308AD584 
 418      17652E82 
 418      D38A
 419 14cf 20B9572B 		.ascii	" \271W+(\031YVU\260\326*\331&\2632]z\301\231j[\003\311"
 419      28195956 
 419      55B0D62A 
 419      D926B332 
 419      5D7AC199 
 420 14e7 8F59F451 		.ascii	"\217Y\364Q\370\365':\207\312\326\021ek\255\312\206\034"
 420      F8F5273A 
 420      87CAD611 
ARM GAS  /tmp/ccj3yLPG.s 			page 34


 420      656BADCA 
 420      861C
 421 14f9 B8D7E24A 		.ascii	"\270\327\342J\264%?\361\014\252\036FFDY2\020\305B\025"
 421      B4253FF1 
 421      0CAA1E46 
 421      46445932 
 421      10C54215 
 422 150d 0275E19E 		.ascii	"\002u\341\236\271\274\236\252\2311\223\322\247\305\353"
 422      B9BC9EAA 
 422      993193D2 
 422      A7C5EB
 423 151c 4CE8AECA 		.ascii	"L\350\256\312\023\365\354ww\332x\203'\303\341e\321v"
 423      13F5EC77 
 423      77DA7883 
 423      27C3E165 
 423      D176
 424 152e BFD8CA50 		.ascii	"\277\330\312P\223B\350\320\204\222\232sZ|\300\215\265"
 424      9342E8D0 
 424      84929A73 
 424      5A7CC08D 
 424      B5
 425 153f DFFA8B07 		.ascii	"\337\372\213\007\355[C\315 \201\230\250-\367\204\207"
 425      ED5B43CD 
 425      208198A8 
 425      2DF78487 
 426 154f 3008CE8B 		.ascii	"0\010\316\213\202\340\2025\010\216\205,\344\250\250"
 426      82E08235 
 426      088E852C 
 426      E4A8A8
 427 155e 48F00835 		.ascii	"H\360\0105\262 X?;\324\206\204v\371\235F`\227Vb\227"
 427      B220583F 
 427      3BD48684 
 427      76F99D46 
 427      60975662 
 428 1573 16AB5D66 		.ascii	"\026\253]f.u\017\313\271]\356?TM\365D4\377\206\342\240"
 428      2E750FCB 
 428      B95DEE3F 
 428      544DF544 
 428      34FF86E2 
 429 1588 0681551A 		.ascii	"\006\201U\032\254V\271H\2552s<!Q\207\373\230FQ\223\355"
 429      AC56B948 
 429      AD32733C 
 429      215187FB 
 429      98465193 
 430 159d BD6EF83A 		.ascii	"\275n\370:\003JG\307Nj\334\245\023f\373\313\023&\011"
 430      034A47C7 
 430      4E6ADCA5 
 430      1366FBCB 
 430      132609
 431 15b0 91968532 		.ascii	"\221\226\2052\371\367\263\2500\260-\334\312\355\266"
 431      F9F7B3A8 
 431      30B02DDC 
 431      CAEDB6
 432 15bf 58A0BCE9 		.ascii	"X\240\274\351\000\2426&\315&7\031yB$\352T|\237\234~"
 432      00A23626 
 432      CD263719 
 432      794224EA 
ARM GAS  /tmp/ccj3yLPG.s 			page 35


 432      547C9F9C 
 433 15d4 F357C655 		.ascii	"\363W\306UB{u\210\354\325E\355E.\200\373t\344F\264N"
 433      427B7588 
 433      ECD545ED 
 433      452E80FB 
 433      74E446B4 
 434 15e9 D4405308 		.ascii	"\324@S\010\277o\350f\270\335\024\367\331HB\205\223\020"
 434      BF6FE866 
 434      B8DD14F7 
 434      D9484285 
 434      9310
 435 15fb 37517416 		.ascii	"7Qt\026\272\304p/Q\334#\003\025\242\276\\4\324\2456"
 435      BAC4702F 
 435      51DC2303 
 435      15A2BE5C 
 435      34D4A536 
 436 160f D4CB0CF5 		.ascii	"\324\313\014\3652E\275e\271W\351\"\304=!\302\355a\270"
 436      3245BD65 
 436      B957E922 
 436      C43D21C2 
 436      ED61B8
 437 1622 3D14B7F4 		.ascii	"=\024\267\364\342t\262\350S\340:\221\270\275\014\267"
 437      E274B2E8 
 437      53E03A91 
 437      B8BD0CB7 
 438 1632 97E23E3C 		.ascii	"\227\342><\276\020!\372\350U\374\351r\037\303%\027\367"
 438      BE1021FA 
 438      E855FCE9 
 438      721FC325 
 438      17F7
 439 1644 8060FF0F 		.ascii	"\200`\377\017\215\346\367\003\003L\301\376z\243\351"
 439      8DE6F703 
 439      034CC1FE 
 439      7AA3E9
 440 1653 57FADDE6 		.ascii	"W\372\335\346_x\370\006\372\353=\202\014f\217\367>\373"
 440      5F78F806 
 440      FAEB3D82 
 440      0C668FF7 
 440      3EFB
 441 1665 C0F3D3F7 		.ascii	"\300\363\323\367\336\377\300\343\275\217\015\237\006"
 441      DEFFC0E3 
 441      BD8F0D9F 
 441      06
 442 1672 BEF95E50 		.ascii	"\276\371^P\220\311\303\337\340\343\343\247\377\312\313"
 442      90C9C3DF 
 442      E0E3E3A7 
 442      FFCACB
 443 1681 A8F708FE 		.ascii	"\250\367\010\376\364s\017\223\321\333#\330h\366\364"
 443      F4730F93 
 443      D1DB23D8 
 443      68F6F4
 444 1690 D79B4C5E 		.ascii	"\327\233L^{\364oy\253\377\375\327\377\365\335\367\177"
 444      7BF46F79 
 444      ABFFFDD7 
 444      FFF5DDF7 
 444      7F
 445 16a1 F63399D2 		.ascii	"\3663\231\322d\370\223\336\323\254 \027U\220\327\327"
ARM GAS  /tmp/ccj3yLPG.s 			page 36


 445      64F893DE 
 445      D3AC2017 
 445      5590D7D7 
 446 16b1 7E815E3E 		.ascii	"~\201^>\012\263\301_\257\365\0124y\222\033\223\331\313"
 446      0AB3C15F 
 446      AFF50A34 
 446      79921B93 
 446      D9CB
 447 16c3 3F481D6C 		.ascii	"?H\035l\0100\377\343\273\236\346\277}\353-\017\370\337"
 447      0830FFE3 
 447      BB9EE6BF 
 447      7DEB2D0F 
 447      F8DF
 448 16d5 3B10381B 		.ascii	";\0208\033\002\274=\254Xo\371\312\\\311\014\201\246"
 448      02BC3DAC 
 448      586FF9CA 
 448      5CC90C81 
 448      A6
 449 16e6 CF01F234 		.ascii	"\317\001\3624\313\015>n\202\031\015>0G\200~\237\331"
 449      CB0D3E6E 
 449      82190D3E 
 449      3047807E 
 449      9FD9
 450 16f8 45F0D039 		.ascii	"E\360\3209\310\030\270\333\340g\010\330\343\032l\206"
 450      C818B8DB 
 450      E06708D8 
 450      E31A6C86 
 451 1708 EB9FBCCC 		.ascii	"\353\237\274\314\006\320\361U\202\262\371\312;08\300"
 451      06D0F155 
 451      82B2F9CA 
 451      3B3038C0 
 452 1718 AC377A9A 		.ascii	"\2547z\232\377F@i{\355\343e\366\332\006\366\021\031"
 452      FF464069 
 452      7BEDE365 
 452      F6DA06F6 
 452      1119
 453 172a E7977F95 		.ascii	"\347\227\177\225q\210\032B\343\370\312v:\234\312\323"
 453      71881A42 
 453      E3F8CA76 
 453      3A9CCAD3 
 454 173a AC15BE33 		.ascii	"\254\025\2763\343\275\376f\355{\201\246O>3\033\365^"
 454      E3BDFE66 
 454      ED7B81A6 
 454      4F3E331B 
 454      F55E
 455 174c FEFFFDF1 		.ascii	"\376\377\375\361\347.\304\"\201&\012\252\274}\275\002"
 455      E72EC422 
 455      81260AAA 
 455      BC7DBD02 
 456 175c 02F47ED4 		.ascii	"\002\364~\324\226\206@\016\271\002\376G\237\274\317"
 456      9686400E 
 456      B902FE47 
 456      9FBCCF
 457 176b 80EF48D8 		.ascii	"\200\357H\330\323\300\311A\022\215\215\267\002\310\215"
 457      D3C0C941 
 457      128D8DB7 
 457      02C88D
ARM GAS  /tmp/ccj3yLPG.s 			page 37


 458 177a CA2F8277 		.ascii	"\312/\202w\357\326\033\225F\275\177\240Y\357\242\337"
 458      EFD61B95 
 458      46BD7FA0 
 458      59EFA2DF 
 459 178a 6BFE95C1 		.ascii	"k\376\225\301d\326\007\350\215N\273\375\274\366\230"
 459      64D607E8 
 459      8D4EBBFD 
 459      BCF698
 460 1799 5CF57BF5 		.ascii	"\\\365{\365\001fz\353iVR\300\344B/\376^\246/=\315j?"
 460      01667AEB 
 460      695652C0 
 460      E4422FFE 
 460      5EA62F3D 
 461 17b0 8EEEECED 		.ascii	"\216\356\354\355\353i\366\005\276>jv\3614\353(\236\247"
 461      EB69F605 
 461      BE3E6A76 
 461      F134EB28 
 461      9EA7
 462 17c2 15639B18 		.ascii	"\025c\233\030\004v_Q\276o1\211\277\324"
 462      04765F51 
 462      BE6F3189 
 462      BFD4
 463 17d0 1B417C8F 		.ascii	"\033A|\217\367}\015_\030>\371\314#\320\344a4\023\015"
 463      F77D0D5F 
 463      183EF9CC 
 463      23D0E461 
 463      34130D
 464 17e3 FC827DF4 		.ascii	"\374\202}\364\036\336\276lj\320\300\031d\374,0\330\350"
 464      1EDEBE6C 
 464      6AD0C019 
 464      64FC2C30 
 464      D8E8
 465 17f5 AD67B279 		.ascii	"\255g\262y\232(\240\023\002\236f'\022CF\265\267\227"
 465      9A28A013 
 465      029E6627 
 465      124346B5 
 465      B797
 466 1807 9FDF175E 		.ascii	"\237\337\027^\336_n\003\351\366\032\214\346`/?\032]"
 466      DE5F6E03 
 466      E9F61A8C 
 466      E6602F3F 
 466      1A5D
 467 1819 46371104 		.ascii	"F7\021\004z\3545\357\016\016\360\206\033\003\211\216"
 467      7AEC35EF 
 467      0E0EF086 
 467      1B03898E 
 468 1829 BD5E7EDB 		.ascii	"\275^~\333\211\345\374\002\003\366X\037x\232]\314F\303"
 468      89E5FC02 
 468      03F6581F 
 468      789A5DCC 
 468      46C3
 469 183b 9E3D7A23 		.ascii	"\236=z#\241q\023\2053\304\347^3\016\3622*\010\027'\037"
 469      A1711385 
 469      33C4E75E 
 469      330EF232 
 469      2A081727 
 470 1850 A2A422C8 		.ascii	"\242\244\"\310\250\337\253\205\211}\364~\340h\362\310"
ARM GAS  /tmp/ccj3yLPG.s 			page 38


 470      A8DFAB85 
 470      897DF47E 
 470      E068F2C8 
 471 1860 4D048194 		.ascii	"M\004\201\224\024\320\232\2766\331&y\363\033\231\203"
 471      14D09ABE 
 471      36D92679 
 471      F31B9983 
 472 1870 D0136B80 		.ascii	"\320\023k\200\343\310\012\363\370FD\201_\374A\357\315"
 472      E3C80AF3 
 472      F8464481 
 472      5FFC41EF 
 472      CD
 473 1881 8C6895DE 		.ascii	"\214h\225\336\250\362\376\002\304\366\362\337\351`\035"
 473      A8F2FE02 
 473      C4F6F2DF 
 473      E9601D
 474 1890 1A01DB65 		.ascii	"\032\001\333e\023\3604\273\223{\223\257\336\317\217"
 474      13F034BB 
 474      937B93AF 
 474      DECF8F
 475 189f 850C5988 		.ascii	"\205\014Y\210R\264\024\205\010\310B\357\025\210\273"
 475      52B41485 
 475      08C842EF 
 475      1588BB
 476 18ae CFC8A3CD 		.ascii	"\317\310\243\315\270\326\001\026Eb\010\3336\211xT\273"
 476      B8D60116 
 476      456208DB 
 476      36897854 
 476      BB
 477 18bf 59297860 		.ascii	"Y)x`\353\304\0344\201&k\244*\231\323\225\336\201\001"
 477      EBC41C34 
 477      81266BA4 
 477      2A99D395 
 477      DE8101
 478 18d2 BB0D7B5E 		.ascii	"\273\015{^\2611\2420X\031\\d\326\3536\237Sp\233\030"
 478      B131A230 
 478      58195C64 
 478      D6EB369F 
 478      53709B18 
 479 18e6 84688475 		.ascii	"\204h\204u\351\037\004I\305\313_\357\314C\370+/\215"
 479      E91F0449 
 479      C5CB5FEF 
 479      CC43F82B 
 479      2F8D
 480 18f8 C9FCA597 		.ascii	"\311\374\245\227\237aO\200\247\331y\223\30290Ho\244"
 480      9F614F80 
 480      A7D97993 
 480      C2393048 
 480      6FA4
 481 190a B94545D2 		.ascii	"\271EE\322\330O=\315\032\375>\2757a\024l\002\217\230"
 481      D84F3DCD 
 481      1AFD3EBD 
 481      3761146C 
 481      028F98
 482 191d C1912AEF 		.ascii	"\301\221*\357@\177\177\257\000\037\201^\354\301\366"
 482      407F7FAF 
 482      001F815E 
ARM GAS  /tmp/ccj3yLPG.s 			page 39


 482      ECC1F6
 483 192c AD0F80B3 		.ascii	"\255\017\200\263Q\377\307`\010$\275\217\306\317\013"
 483      51FFC760 
 483      0824BD8F 
 483      C6CF0B
 484 193b B87813D6 		.ascii	"\270x\023\326n\233x\014~e\013\354iV\371\202\001\002"
 484      6E9B780C 
 484      7E650BEC 
 484      6956F982 
 484      0102
 485 194d 8D5F2BF5 		.ascii	"\215_+\365>\006\240U\233\364~\340^\275\217\312;\330"
 485      3E06A055 
 485      9BF47EE0 
 485      5EBD8FCA 
 485      3BD8
 486 195f 6884C5E0 		.ascii	"h\204\305\340d\010\010\0126+\275\214{`\221+M\372?\372"
 486      6408080A 
 486      362BBD8C 
 486      7B60912B 
 486      4DFA3FFA 
 487 1973 E903C805 		.ascii	"\351\003\310\005 g@1\005\032\203\002MJx\270\307\354"
 487      20674031 
 487      051A8302 
 487      4D4A78B8 
 487      C7EC
 488 1985 EBB2C99D 		.ascii	"\353\262\311\235\344n\223)\310\305?\320'\030\370\221"
 488      E46E9329 
 488      C8C53FD0 
 488      2718F891 
 489 1995 6CC94486 		.ascii	"l\311D\206\207\354\031q\271\232\335~\344C\214\273\207"
 489      87EC1971 
 489      B99ADD7E 
 489      E4438CBB 
 489      87
 490 19a6 AD068241 		.ascii	"\255\006\202A!\260\207\351\353\000o\346\026\251\004"
 490      21B087E9 
 490      EB006FE6 
 490      16A904
 491 19b5 4F302136 		.ascii	"O0!6t\326{\226\011\235\350\374\362@\223bO\220!\360u"
 491      74D67B96 
 491      099DE8FC 
 491      F2409362 
 491      4F9021F0 
 492 19ca 29BAAFC1 		.ascii	")\272\257\301H4\215\331 \2655\273\311\337\225\251\275"
 492      48348DD9 
 492      20B535BB 
 492      C9DF95A9 
 492      BD
 493 19db 8CFE7B7F 		.ascii	"\214\376{\177\362\246\277L\003df\375\2767\375\337\221"
 493      F2A6BF4C 
 493      036466FD 
 493      BE37FDDF 
 493      91
 494 19ec E920BF7E 		.ascii	"\351 \277~\314\322\353G\001\206\2772\225\333\355s2\310"
 494      CCD2EB47 
 494      0186BF32 
 494      95DBED73 
ARM GAS  /tmp/ccj3yLPG.s 			page 40


 494      32C8
 495 19fe 739FFBFA 		.ascii	"s\237\373\372|\260\317`v\3627Ap}\263\225\307\342\211"
 495      7CB0CF60 
 495      76F23741 
 495      707DB395 
 495      C7E289
 496 1a11 AC3CB5B7 		.ascii	"\254<\265\267o\220\021\202f\367\216\177\3612\351?#\216"
 496      6F901182 
 496      66F78E7F 
 496      F132E93F 
 496      238E
 497 1a23 0F301BBC 		.ascii	"\0170\033\274xT\277\343\210\233\257\227\237\207\237"
 497      7854BFE3 
 497      889BAF97 
 497      9F879F
 498 1a32 E10B0FA6 		.ascii	"\341\013\017\246\252\311\303\312\0058b\260\205\253\315"
 498      AAC9C3CA 
 498      053862B0 
 498      85ABCD
 499 1a41 1E9EE6FF 		.ascii	"\036\236\346\377\003=;M&"
 499      033D3B4D 
 499      26
 500              		.text
 501              		.section	.gnu.lto_.symtab.a4441a6753fc7363,"e",%progbits
 502 0000 7572744D 		.ascii	"urtMessageInit\000"
 502      65737361 
 502      6765496E 
 502      697400
 503 000f 00       		.ascii	"\000"
 504 0010 00       		.ascii	"\000"
 505 0011 00       		.ascii	"\000"
 506 0012 00000000 		.ascii	"\000\000\000\000\000\000\000\000"
 506      00000000 
 507 001a 34020000 		.ascii	"4\002\000\000"
 508 001e 616F7300 		.ascii	"aos\000"
 509 0022 00       		.ascii	"\000"
 510 0023 02       		.ascii	"\002"
 511 0024 00       		.ascii	"\000"
 512 0025 00000000 		.ascii	"\000\000\000\000\000\000\000\000"
 512      00000000 
 513 002d 49020000 		.ascii	"I\002\000\000"
 514 0031 63685468 		.ascii	"chThdExit\000"
 514      64457869 
 514      7400
 515 003b 00       		.ascii	"\000"
 516 003c 02       		.ascii	"\002"
 517 003d 00       		.ascii	"\000"
 518 003e 00000000 		.ascii	"\000\000\000\000\000\000\000\000"
 518      00000000 
 519 0046 3C020000 		.ascii	"<\002\000\000"
 520 004a 63687072 		.ascii	"chprintf\000"
 520      696E7466 
 520      00
 521 0053 00       		.ascii	"\000"
 522 0054 02       		.ascii	"\002"
 523 0055 00       		.ascii	"\000"
 524 0056 00000000 		.ascii	"\000\000\000\000\000\000\000\000"
ARM GAS  /tmp/ccj3yLPG.s 			page 41


 524      00000000 
 525 005e 45020000 		.ascii	"E\002\000\000"
 526              		.text
 527              		.section	.gnu.lto_.opts,"e",%progbits
 528 0000 272D666E 		.ascii	"'-fno-openmp' '-fno-openacc' '-fno-pie' '-mcpu=cort"
 528      6F2D6F70 
 528      656E6D70 
 528      2720272D 
 528      666E6F2D 
 529 0033 65782D6D 		.ascii	"ex-m3' '-mthumb' '-mfloat-abi=soft' '-march=armv7-m"
 529      33272027 
 529      2D6D7468 
 529      756D6227 
 529      20272D6D 
 530 0066 2720272D 		.ascii	"' '-O2' '-fstack-usage' '-ffunction-sections' '-fda"
 530      4F322720 
 530      272D6673 
 530      7461636B 
 530      2D757361 
 531 0099 74612D73 		.ascii	"ta-sections' '-fno-common' '-flto' '-fshort-enums'\000"
 531      65637469 
 531      6F6E7327 
 531      20272D66 
 531      6E6F2D63 
 532              		.text
 533              		.comm	__gnu_lto_v1,1,1
 534              		.comm	__gnu_lto_slim,1,1
 535              		.ident	"GCC: (GNU Arm Embedded Toolchain 9-2020-q2-update) 9.3.1 20200408 (release)"
ARM GAS  /tmp/ccj3yLPG.s 			page 42


DEFINED SYMBOLS
                            *ABS*:0000000000000000 urt_message.c
                            *COM*:0000000000000001 __gnu_lto_v1
                            *COM*:0000000000000001 __gnu_lto_slim

NO UNDEFINED SYMBOLS
